          mysqld-767   [001] d...    60.737920: sched_switch: prev_comm=mysqld prev_pid=767 prev_prio=120 prev_state=S ==> next_comm=swapper/1 next_pid=0 next_prio=120
          <idle>-0     [001] d...    60.737939: sched_switch: prev_comm=swapper/1 prev_pid=0 prev_prio=120 prev_state=R ==> next_comm=mysqld next_pid=766 next_prio=120
          mysqld-766   [001] ....    60.737946: mutex_lock: [+][fastpath] mutex_lock[8be40012] start.. owner:0, current_process:ae524b00
          mysqld-766   [001] ....    60.737949: mutex_lock: [+][fastpath] mutex_lock[8be40012] start.. owner:ae524b00, current_process:ae524b00
          mysqld-766   [001] ....    60.737951: mutex_unlock <-aio_read_events
          mysqld-766   [001] ....    60.737966: <stack trace>
 => mutex_unlock
 => aio_read_events
 => do_io_getevents
 => sys_io_getevents
 => __sys_trace_return
 => 0x5604b900
          mysqld-766   [001] ....    60.737970: mutex_unlock: [-] mutex_unlock[8be40012] start.. owner:0xae524b00, current_process:ae524b00
          mysqld-766   [001] ....    60.737973: mutex_unlock: [-] mutex_unlock[8be40012] end.. owner:0x0, current_process:ae524b00
          mysqld-766   [001] ....    60.737986: mutex_lock: [+][fastpath] mutex_lock[8be40012] start.. owner:0, current_process:ae524b00
          mysqld-766   [001] ....    60.737989: mutex_lock: [+][fastpath] mutex_lock[8be40012] start.. owner:ae524b00, current_process:ae524b00
          mysqld-766   [001] ....    60.737991: mutex_unlock <-aio_read_events
          mysqld-766   [001] ....    60.738005: <stack trace>
 => mutex_unlock
 => aio_read_events
 => do_io_getevents
 => sys_io_getevents
 => __sys_trace_return
 => 0x5604b900
          mysqld-766   [001] ....    60.738042: mutex_unlock: [-] mutex_unlock[8be40012] start.. owner:0xae524b00, current_process:ae524b00
          mysqld-766   [001] ....    60.738045: mutex_unlock: [-] mutex_unlock[8be40012] end.. owner:0x0, current_process:ae524b00
          mysqld-766   [001] ....    60.738052: mutex_lock: [+][fastpath] mutex_lock[8be40012] start.. owner:0, current_process:ae524b00
          mysqld-766   [001] ....    60.738055: mutex_lock: [+][fastpath] mutex_lock[8be40012] start.. owner:ae524b00, current_process:ae524b00
          mysqld-766   [001] ....    60.738057: mutex_unlock <-aio_read_events
          mysqld-766   [001] ....    60.738073: <stack trace>
 => mutex_unlock
 => aio_read_events
 => do_io_getevents
 => sys_io_getevents
 => __sys_trace_return
 => 0x5604b900
          mysqld-766   [001] ....    60.738076: mutex_unlock: [-] mutex_unlock[8be40012] start.. owner:0xae524b00, current_process:ae524b00
          mysqld-766   [001] ....    60.738079: mutex_unlock: [-] mutex_unlock[8be40012] end.. owner:0x0, current_process:ae524b00
          mysqld-766   [001] d...    60.738088: sched_switch: prev_comm=mysqld prev_pid=766 prev_prio=120 prev_state=S ==> next_comm=swapper/1 next_pid=0 next_prio=120
          <idle>-0     [000] d...    60.756376: sched_switch: prev_comm=swapper/0 prev_pid=0 prev_prio=120 prev_state=R ==> next_comm=mysqld next_pid=759 next_prio=120
          mysqld-759   [000] ....    60.756384: mutex_lock: [+][fastpath] mutex_lock[b57efa43] start.. owner:0, current_process:ae56cb00
          mysqld-759   [000] ....    60.756388: mutex_lock: [+][fastpath] mutex_lock[b57efa43] start.. owner:ae56cb00, current_process:ae56cb00
          mysqld-759   [000] ....    60.756390: mutex_unlock <-aio_read_events
          mysqld-759   [000] ....    60.756407: <stack trace>
 => mutex_unlock
 => aio_read_events
 => do_io_getevents
 => sys_io_getevents
 => __sys_trace_return
 => 0x59051900
          mysqld-759   [000] ....    60.756411: mutex_unlock: [-] mutex_unlock[b57efa43] start.. owner:0xae56cb00, current_process:ae56cb00
          mysqld-759   [000] ....    60.756414: mutex_unlock: [-] mutex_unlock[b57efa43] end.. owner:0x0, current_process:ae56cb00
          mysqld-759   [000] ....    60.756429: mutex_lock: [+][fastpath] mutex_lock[b57efa43] start.. owner:0, current_process:ae56cb00
          mysqld-759   [000] ....    60.756433: mutex_lock: [+][fastpath] mutex_lock[b57efa43] start.. owner:ae56cb00, current_process:ae56cb00
          mysqld-759   [000] ....    60.756434: mutex_unlock <-aio_read_events
          mysqld-759   [000] ....    60.756449: <stack trace>
 => mutex_unlock
 => aio_read_events
 => do_io_getevents
 => sys_io_getevents
 => __sys_trace_return
 => 0x59051900
          mysqld-759   [000] ....    60.756453: mutex_unlock: [-] mutex_unlock[b57efa43] start.. owner:0xae56cb00, current_process:ae56cb00
          mysqld-759   [000] ....    60.756456: mutex_unlock: [-] mutex_unlock[b57efa43] end.. owner:0x0, current_process:ae56cb00
          mysqld-759   [000] ....    60.756462: mutex_lock: [+][fastpath] mutex_lock[b57efa43] start.. owner:0, current_process:ae56cb00
          mysqld-759   [000] ....    60.756466: mutex_lock: [+][fastpath] mutex_lock[b57efa43] start.. owner:ae56cb00, current_process:ae56cb00
          mysqld-759   [000] ....    60.756468: mutex_unlock <-aio_read_events
          mysqld-759   [000] ....    60.756481: <stack trace>
 => mutex_unlock
 => aio_read_events
 => do_io_getevents
 => sys_io_getevents
 => __sys_trace_return
 => 0x59051900
          mysqld-759   [000] ....    60.756486: mutex_unlock: [-] mutex_unlock[b57efa43] start.. owner:0xae56cb00, current_process:ae56cb00
          mysqld-759   [000] ....    60.756489: mutex_unlock: [-] mutex_unlock[b57efa43] end.. owner:0x0, current_process:ae56cb00
          mysqld-759   [000] d...    60.756498: sched_switch: prev_comm=mysqld prev_pid=759 prev_prio=120 prev_state=S ==> next_comm=swapper/0 next_pid=0 next_prio=120
          <idle>-0     [002] d...    60.796971: sched_switch: prev_comm=swapper/2 prev_pid=0 prev_prio=120 prev_state=R ==> next_comm=rngd next_pid=539 next_prio=120
            rngd-539   [002] d...    60.797001: sched_switch: prev_comm=rngd prev_pid=539 prev_prio=120 prev_state=S ==> next_comm=swapper/2 next_pid=0 next_prio=120
          <idle>-0     [001] d...    60.798048: sched_switch: prev_comm=swapper/1 prev_pid=0 prev_prio=120 prev_state=R ==> next_comm=kworker/1:2 next_pid=74 next_prio=120
     kworker/1:2-74    [001] ....    60.798056: worker_thread: [+] comm: kworker/1:2, pid: 74, global_func_exe_times: 24324 from (kthread+0x140/0x170) 
     kworker/1:2-74    [001] ....    60.798059: trace_function_dummy_call: [++] comm:kworker/1:2, pid:74, from(worker_thread+0x18c/0x60c) 
     kworker/1:2-74    [001] ....    60.798066: mutex_lock: [+][fastpath] mutex_lock[a0e16cf6] start.. owner:0, current_process:b920bc00
     kworker/1:2-74    [001] ....    60.798069: mutex_lock: [+][fastpath] mutex_lock[a0e16cf6] start.. owner:b920bc00, current_process:b920bc00
     kworker/1:2-74    [001] d...    60.798117: sched_switch: prev_comm=kworker/1:2 prev_pid=74 prev_prio=120 prev_state=D ==> next_comm=swapper/1 next_pid=0 next_prio=120
          <idle>-0     [001] d...    60.798185: sched_switch: prev_comm=swapper/1 prev_pid=0 prev_prio=120 prev_state=R ==> next_comm=kworker/1:2 next_pid=74 next_prio=120
     kworker/1:2-74    [001] d...    60.798218: sched_switch: prev_comm=kworker/1:2 prev_pid=74 prev_prio=120 prev_state=D ==> next_comm=swapper/1 next_pid=0 next_prio=120
          <idle>-0     [001] d...    60.798276: sched_switch: prev_comm=swapper/1 prev_pid=0 prev_prio=120 prev_state=R ==> next_comm=kworker/1:2 next_pid=74 next_prio=120
     kworker/1:2-74    [001] d...    60.798302: sched_switch: prev_comm=kworker/1:2 prev_pid=74 prev_prio=120 prev_state=D ==> next_comm=swapper/1 next_pid=0 next_prio=120
          <idle>-0     [001] d...    60.798362: sched_switch: prev_comm=swapper/1 prev_pid=0 prev_prio=120 prev_state=R ==> next_comm=kworker/1:2 next_pid=74 next_prio=120
     kworker/1:2-74    [001] d...    60.798389: sched_switch: prev_comm=kworker/1:2 prev_pid=74 prev_prio=120 prev_state=D ==> next_comm=swapper/1 next_pid=0 next_prio=120
          <idle>-0     [001] d...    60.798445: sched_switch: prev_comm=swapper/1 prev_pid=0 prev_prio=120 prev_state=R ==> next_comm=kworker/1:2 next_pid=74 next_prio=120
     kworker/1:2-74    [001] ....    60.798451: mutex_unlock <-__smsc95xx_mdio_read
     kworker/1:2-74    [001] ....    60.798474: <stack trace>
 => mutex_unlock
 => __smsc95xx_mdio_read
 => check_carrier
 => process_one_work
 => worker_thread
 => kthread
 => ret_from_fork
 => 0
     kworker/1:2-74    [001] ....    60.798479: mutex_unlock: [-] mutex_unlock[a0e16cf6] start.. owner:0xb920bc00, current_process:b920bc00
     kworker/1:2-74    [001] ....    60.798482: mutex_unlock: [-] mutex_unlock[a0e16cf6] end.. owner:0x0, current_process:b920bc00
     kworker/1:2-74    [001] d...    60.798490: worker_thread: [-] comm: kworker/1:2, pid: 74, global_func_exe_times: 24325 from (kthread+0x140/0x170) 
     kworker/1:2-74    [001] d...    60.798497: sched_switch: prev_comm=kworker/1:2 prev_pid=74 prev_prio=120 prev_state=I ==> next_comm=swapper/1 next_pid=0 next_prio=120
          <idle>-0     [002] d...    60.827952: sched_switch: prev_comm=swapper/2 prev_pid=0 prev_prio=120 prev_state=R ==> next_comm=mosquitto next_pid=465 next_prio=120
       mosquitto-465   [002] d...    60.827977: sched_switch: prev_comm=mosquitto prev_pid=465 prev_prio=120 prev_state=S ==> next_comm=kworker/2:2 next_pid=98 next_prio=120
     kworker/2:2-98    [002] ....    60.827983: worker_thread: [+] comm: kworker/2:2, pid: 98, global_func_exe_times: 24325 from (kthread+0x140/0x170) 
     kworker/2:2-98    [002] ....    60.827987: trace_function_dummy_call: [++] comm:kworker/2:2, pid:98, from(worker_thread+0x18c/0x60c) 
     kworker/2:2-98    [002] ....    60.827992: mutex_lock: [+][fastpath] mutex_lock[e97aa155] start.. owner:0, current_process:b91f5a00
     kworker/2:2-98    [002] ....    60.827995: mutex_lock: [+][fastpath] mutex_lock[e97aa155] start.. owner:b91f5a00, current_process:b91f5a00
     kworker/2:2-98    [002] ....    60.828041: mutex_unlock <-dbs_work_handler
     kworker/2:2-98    [002] ....    60.828058: <stack trace>
 => mutex_unlock
 => dbs_work_handler
 => process_one_work
 => worker_thread
 => kthread
 => ret_from_fork
 => 0
     kworker/2:2-98    [002] ....    60.828063: mutex_unlock: [-] mutex_unlock[e97aa155] start.. owner:0xb91f5a00, current_process:b91f5a00
     kworker/2:2-98    [002] ....    60.828066: mutex_unlock: [-] mutex_unlock[e97aa155] end.. owner:0x0, current_process:b91f5a00
     kworker/2:2-98    [002] d...    60.828077: worker_thread: [-] comm: kworker/2:2, pid: 98, global_func_exe_times: 24326 from (kthread+0x140/0x170) 
     kworker/2:2-98    [002] d...    60.828097: sched_switch: prev_comm=kworker/2:2 prev_pid=98 prev_prio=120 prev_state=I ==> next_comm=swapper/2 next_pid=0 next_prio=120
          <idle>-0     [003] d...    60.924111: sched_switch: prev_comm=swapper/3 prev_pid=0 prev_prio=120 prev_state=R ==> next_comm=mysqld next_pid=762 next_prio=120
          mysqld-762   [003] ....    60.924118: mutex_lock: [+][fastpath] mutex_lock[0dfbb106] start.. owner:0, current_process:ae520000
          mysqld-762   [003] ....    60.924122: mutex_lock: [+][fastpath] mutex_lock[0dfbb106] start.. owner:ae520000, current_process:ae520000
          mysqld-762   [003] ....    60.924124: mutex_unlock <-aio_read_events
          mysqld-762   [003] ....    60.924140: <stack trace>
 => mutex_unlock
 => aio_read_events
 => do_io_getevents
 => sys_io_getevents
 => __sys_trace_return
 => 0x5804f900
          mysqld-762   [003] ....    60.924143: mutex_unlock: [-] mutex_unlock[0dfbb106] start.. owner:0xae520000, current_process:ae520000
          mysqld-762   [003] ....    60.924146: mutex_unlock: [-] mutex_unlock[0dfbb106] end.. owner:0x0, current_process:ae520000
          mysqld-762   [003] ....    60.924159: mutex_lock: [+][fastpath] mutex_lock[0dfbb106] start.. owner:0, current_process:ae520000
          mysqld-762   [003] ....    60.924162: mutex_lock: [+][fastpath] mutex_lock[0dfbb106] start.. owner:ae520000, current_process:ae520000
          mysqld-762   [003] ....    60.924164: mutex_unlock <-aio_read_events
          mysqld-762   [003] ....    60.924179: <stack trace>
 => mutex_unlock
 => aio_read_events
 => do_io_getevents
 => sys_io_getevents
 => __sys_trace_return
 => 0x5804f900
          mysqld-762   [003] ....    60.924182: mutex_unlock: [-] mutex_unlock[0dfbb106] start.. owner:0xae520000, current_process:ae520000
          mysqld-762   [003] ....    60.924186: mutex_unlock: [-] mutex_unlock[0dfbb106] end.. owner:0x0, current_process:ae520000
          mysqld-762   [003] ....    60.924192: mutex_lock: [+][fastpath] mutex_lock[0dfbb106] start.. owner:0, current_process:ae520000
          mysqld-762   [003] ....    60.924195: mutex_lock: [+][fastpath] mutex_lock[0dfbb106] start.. owner:ae520000, current_process:ae520000
          mysqld-762   [003] ....    60.924197: mutex_unlock <-aio_read_events
          mysqld-762   [003] ....    60.924211: <stack trace>
 => mutex_unlock
 => aio_read_events
 => do_io_getevents
 => sys_io_getevents
 => __sys_trace_return
 => 0x5804f900
          mysqld-762   [003] ....    60.924215: mutex_unlock: [-] mutex_unlock[0dfbb106] start.. owner:0xae520000, current_process:ae520000
          mysqld-762   [003] ....    60.924218: mutex_unlock: [-] mutex_unlock[0dfbb106] end.. owner:0x0, current_process:ae520000
          mysqld-762   [003] d...    60.924240: sched_switch: prev_comm=mysqld prev_pid=762 prev_prio=120 prev_state=S ==> next_comm=swapper/3 next_pid=0 next_prio=120
          <idle>-0     [003] d...    60.924258: sched_switch: prev_comm=swapper/3 prev_pid=0 prev_prio=120 prev_state=R ==> next_comm=mysqld next_pid=763 next_prio=120
          mysqld-763   [003] ....    60.924265: mutex_lock: [+][fastpath] mutex_lock[a4ac83bf] start.. owner:0, current_process:ae520f00
          mysqld-763   [003] ....    60.924268: mutex_lock: [+][fastpath] mutex_lock[a4ac83bf] start.. owner:ae520f00, current_process:ae520f00
          mysqld-763   [003] ....    60.924270: mutex_unlock <-aio_read_events
          mysqld-763   [003] ....    60.924285: <stack trace>
 => mutex_unlock
 => aio_read_events
 => do_io_getevents
 => sys_io_getevents
 => __sys_trace_return
 => 0x5784e900
          mysqld-763   [003] ....    60.924289: mutex_unlock: [-] mutex_unlock[a4ac83bf] start.. owner:0xae520f00, current_process:ae520f00
          mysqld-763   [003] ....    60.924292: mutex_unlock: [-] mutex_unlock[a4ac83bf] end.. owner:0x0, current_process:ae520f00
          mysqld-763   [003] ....    60.924305: mutex_lock: [+][fastpath] mutex_lock[a4ac83bf] start.. owner:0, current_process:ae520f00
          mysqld-763   [003] ....    60.924308: mutex_lock: [+][fastpath] mutex_lock[a4ac83bf] start.. owner:ae520f00, current_process:ae520f00
          mysqld-763   [003] ....    60.924310: mutex_unlock <-aio_read_events
          mysqld-763   [003] ....    60.924324: <stack trace>
 => mutex_unlock
 => aio_read_events
 => do_io_getevents
 => sys_io_getevents
 => __sys_trace_return
 => 0x5784e900
          mysqld-763   [003] ....    60.924328: mutex_unlock: [-] mutex_unlock[a4ac83bf] start.. owner:0xae520f00, current_process:ae520f00
          mysqld-763   [003] ....    60.924331: mutex_unlock: [-] mutex_unlock[a4ac83bf] end.. owner:0x0, current_process:ae520f00
          mysqld-763   [003] ....    60.924338: mutex_lock: [+][fastpath] mutex_lock[a4ac83bf] start.. owner:0, current_process:ae520f00
          mysqld-763   [003] ....    60.924341: mutex_lock: [+][fastpath] mutex_lock[a4ac83bf] start.. owner:ae520f00, current_process:ae520f00
          mysqld-763   [003] ....    60.924343: mutex_unlock <-aio_read_events
          mysqld-763   [003] ....    60.924357: <stack trace>
 => mutex_unlock
 => aio_read_events
 => do_io_getevents
 => sys_io_getevents
 => __sys_trace_return
 => 0x5784e900
          mysqld-763   [003] ....    60.924360: mutex_unlock: [-] mutex_unlock[a4ac83bf] start.. owner:0xae520f00, current_process:ae520f00
          mysqld-763   [003] ....    60.924364: mutex_unlock: [-] mutex_unlock[a4ac83bf] end.. owner:0x0, current_process:ae520f00
          mysqld-763   [003] d...    60.924373: sched_switch: prev_comm=mysqld prev_pid=763 prev_prio=120 prev_state=S ==> next_comm=swapper/3 next_pid=0 next_prio=120
          <idle>-0     [003] d...    60.924411: sched_switch: prev_comm=swapper/3 prev_pid=0 prev_prio=120 prev_state=R ==> next_comm=mysqld next_pid=764 next_prio=120
          mysqld-764   [003] ....    60.924419: mutex_lock: [+][fastpath] mutex_lock[28cb6920] start.. owner:0, current_process:ae521e00
          mysqld-764   [003] ....    60.924422: mutex_lock: [+][fastpath] mutex_lock[28cb6920] start.. owner:ae521e00, current_process:ae521e00
          mysqld-764   [003] ....    60.924424: mutex_unlock <-aio_read_events
          mysqld-764   [003] ....    60.924440: <stack trace>
 => mutex_unlock
 => aio_read_events
 => do_io_getevents
 => sys_io_getevents
 => __sys_trace_return
 => 0x5704d900
          mysqld-764   [003] ....    60.924444: mutex_unlock: [-] mutex_unlock[28cb6920] start.. owner:0xae521e00, current_process:ae521e00
          mysqld-764   [003] ....    60.924447: mutex_unlock: [-] mutex_unlock[28cb6920] end.. owner:0x0, current_process:ae521e00
          mysqld-764   [003] ....    60.924459: mutex_lock: [+][fastpath] mutex_lock[28cb6920] start.. owner:0, current_process:ae521e00
          mysqld-764   [003] ....    60.924462: mutex_lock: [+][fastpath] mutex_lock[28cb6920] start.. owner:ae521e00, current_process:ae521e00
          mysqld-764   [003] ....    60.924464: mutex_unlock <-aio_read_events
          mysqld-764   [003] ....    60.924478: <stack trace>
 => mutex_unlock
 => aio_read_events
 => do_io_getevents
 => sys_io_getevents
 => __sys_trace_return
 => 0x5704d900
          mysqld-764   [003] ....    60.924482: mutex_unlock: [-] mutex_unlock[28cb6920] start.. owner:0xae521e00, current_process:ae521e00
          mysqld-764   [003] ....    60.924485: mutex_unlock: [-] mutex_unlock[28cb6920] end.. owner:0x0, current_process:ae521e00
          mysqld-764   [003] ....    60.924491: mutex_lock: [+][fastpath] mutex_lock[28cb6920] start.. owner:0, current_process:ae521e00
          mysqld-764   [003] ....    60.924495: mutex_lock: [+][fastpath] mutex_lock[28cb6920] start.. owner:ae521e00, current_process:ae521e00
          mysqld-764   [003] ....    60.924496: mutex_unlock <-aio_read_events
          mysqld-764   [003] ....    60.924510: <stack trace>
 => mutex_unlock
 => aio_read_events
 => do_io_getevents
 => sys_io_getevents
 => __sys_trace_return
 => 0x5704d900
          mysqld-764   [003] ....    60.924514: mutex_unlock: [-] mutex_unlock[28cb6920] start.. owner:0xae521e00, current_process:ae521e00
          mysqld-764   [003] ....    60.924531: mutex_unlock: [-] mutex_unlock[28cb6920] end.. owner:0x0, current_process:ae521e00
          mysqld-764   [003] d...    60.924541: sched_switch: prev_comm=mysqld prev_pid=764 prev_prio=120 prev_state=S ==> next_comm=mysqld next_pid=758 next_prio=120
          mysqld-758   [003] ....    60.924547: mutex_lock: [+][fastpath] mutex_lock[8883a612] start.. owner:0, current_process:ae56da00
          mysqld-758   [003] ....    60.924550: mutex_lock: [+][fastpath] mutex_lock[8883a612] start.. owner:ae56da00, current_process:ae56da00
          mysqld-758   [003] ....    60.924553: mutex_unlock <-aio_read_events
          mysqld-758   [003] ....    60.924567: <stack trace>
 => mutex_unlock
 => aio_read_events
 => do_io_getevents
 => sys_io_getevents
 => __sys_trace_return
 => 0x59852900
          mysqld-758   [003] ....    60.924571: mutex_unlock: [-] mutex_unlock[8883a612] start.. owner:0xae56da00, current_process:ae56da00
          mysqld-758   [003] ....    60.924574: mutex_unlock: [-] mutex_unlock[8883a612] end.. owner:0x0, current_process:ae56da00
          mysqld-758   [003] ....    60.924586: mutex_lock: [+][fastpath] mutex_lock[8883a612] start.. owner:0, current_process:ae56da00
          mysqld-758   [003] ....    60.924589: mutex_lock: [+][fastpath] mutex_lock[8883a612] start.. owner:ae56da00, current_process:ae56da00
          mysqld-758   [003] ....    60.924591: mutex_unlock <-aio_read_events
          mysqld-758   [003] ....    60.924605: <stack trace>
 => mutex_unlock
 => aio_read_events
 => do_io_getevents
 => sys_io_getevents
 => __sys_trace_return
 => 0x59852900
          mysqld-758   [003] ....    60.924608: mutex_unlock: [-] mutex_unlock[8883a612] start.. owner:0xae56da00, current_process:ae56da00
          mysqld-758   [003] ....    60.924611: mutex_unlock: [-] mutex_unlock[8883a612] end.. owner:0x0, current_process:ae56da00
          mysqld-758   [003] ....    60.924618: mutex_lock: [+][fastpath] mutex_lock[8883a612] start.. owner:0, current_process:ae56da00
          mysqld-758   [003] ....    60.924621: mutex_lock: [+][fastpath] mutex_lock[8883a612] start.. owner:ae56da00, current_process:ae56da00
          mysqld-758   [003] ....    60.924623: mutex_unlock <-aio_read_events
          mysqld-758   [003] ....    60.924637: <stack trace>
 => mutex_unlock
 => aio_read_events
 => do_io_getevents
 => sys_io_getevents
 => __sys_trace_return
 => 0x59852900
          mysqld-758   [003] ....    60.924640: mutex_unlock: [-] mutex_unlock[8883a612] start.. owner:0xae56da00, current_process:ae56da00
          mysqld-758   [003] ....    60.924643: mutex_unlock: [-] mutex_unlock[8883a612] end.. owner:0x0, current_process:ae56da00
          mysqld-758   [003] d...    60.924660: sched_switch: prev_comm=mysqld prev_pid=758 prev_prio=120 prev_state=S ==> next_comm=swapper/3 next_pid=0 next_prio=120
          <idle>-0     [002] d...    60.928102: sched_switch: prev_comm=swapper/2 prev_pid=0 prev_prio=120 prev_state=R ==> next_comm=mosquitto next_pid=465 next_prio=120
       mosquitto-465   [002] d...    60.928126: sched_switch: prev_comm=mosquitto prev_pid=465 prev_prio=120 prev_state=S ==> next_comm=kworker/2:2 next_pid=98 next_prio=120
     kworker/2:2-98    [002] ....    60.928132: worker_thread: [+] comm: kworker/2:2, pid: 98, global_func_exe_times: 24326 from (kthread+0x140/0x170) 
     kworker/2:2-98    [002] ....    60.928135: trace_function_dummy_call: [++] comm:kworker/2:2, pid:98, from(worker_thread+0x18c/0x60c) 
     kworker/2:2-98    [002] ....    60.928140: mutex_lock: [+][fastpath] mutex_lock[e97aa155] start.. owner:0, current_process:b91f5a00
     kworker/2:2-98    [002] ....    60.928144: mutex_lock: [+][fastpath] mutex_lock[e97aa155] start.. owner:b91f5a00, current_process:b91f5a00
     kworker/2:2-98    [002] ....    60.928152: mutex_unlock <-dbs_work_handler
     kworker/2:2-98    [002] ....    60.928168: <stack trace>
 => mutex_unlock
 => dbs_work_handler
 => process_one_work
 => worker_thread
 => kthread
 => ret_from_fork
 => 0
     kworker/2:2-98    [002] ....    60.928172: mutex_unlock: [-] mutex_unlock[e97aa155] start.. owner:0xb91f5a00, current_process:b91f5a00
     kworker/2:2-98    [002] ....    60.928176: mutex_unlock: [-] mutex_unlock[e97aa155] end.. owner:0x0, current_process:b91f5a00
     kworker/2:2-98    [002] d...    60.928180: worker_thread: [-] comm: kworker/2:2, pid: 98, global_func_exe_times: 24327 from (kthread+0x140/0x170) 
     kworker/2:2-98    [002] d...    60.928201: sched_switch: prev_comm=kworker/2:2 prev_pid=98 prev_prio=120 prev_state=I ==> next_comm=swapper/2 next_pid=0 next_prio=120
          <idle>-0     [000] d...    60.939301: sched_switch: prev_comm=swapper/0 prev_pid=0 prev_prio=120 prev_state=R ==> next_comm=mysqld next_pid=768 next_prio=120
          mysqld-768   [000] ....    60.939309: mutex_lock: [+][fastpath] mutex_lock[f60c562d] start.. owner:0, current_process:ae526900
          mysqld-768   [000] ....    60.939313: mutex_lock: [+][fastpath] mutex_lock[f60c562d] start.. owner:ae526900, current_process:ae526900
          mysqld-768   [000] ....    60.939316: mutex_unlock <-aio_read_events
          mysqld-768   [000] ....    60.939332: <stack trace>
 => mutex_unlock
 => aio_read_events
 => do_io_getevents
 => sys_io_getevents
 => __sys_trace_return
 => 0x55049900
          mysqld-768   [000] ....    60.939336: mutex_unlock: [-] mutex_unlock[f60c562d] start.. owner:0xae526900, current_process:ae526900
          mysqld-768   [000] ....    60.939339: mutex_unlock: [-] mutex_unlock[f60c562d] end.. owner:0x0, current_process:ae526900
          mysqld-768   [000] ....    60.939352: mutex_lock: [+][fastpath] mutex_lock[f60c562d] start.. owner:0, current_process:ae526900
          mysqld-768   [000] ....    60.939355: mutex_lock: [+][fastpath] mutex_lock[f60c562d] start.. owner:ae526900, current_process:ae526900
          mysqld-768   [000] ....    60.939357: mutex_unlock <-aio_read_events
          mysqld-768   [000] ....    60.939371: <stack trace>
 => mutex_unlock
 => aio_read_events
 => do_io_getevents
 => sys_io_getevents
 => __sys_trace_return
 => 0x55049900
          mysqld-768   [000] ....    60.939375: mutex_unlock: [-] mutex_unlock[f60c562d] start.. owner:0xae526900, current_process:ae526900
          mysqld-768   [000] ....    60.939379: mutex_unlock: [-] mutex_unlock[f60c562d] end.. owner:0x0, current_process:ae526900
          mysqld-768   [000] ....    60.939385: mutex_lock: [+][fastpath] mutex_lock[f60c562d] start.. owner:0, current_process:ae526900
          mysqld-768   [000] ....    60.939388: mutex_lock: [+][fastpath] mutex_lock[f60c562d] start.. owner:ae526900, current_process:ae526900
          mysqld-768   [000] ....    60.939390: mutex_unlock <-aio_read_events
          mysqld-768   [000] ....    60.939404: <stack trace>
 => mutex_unlock
 => aio_read_events
 => do_io_getevents
 => sys_io_getevents
 => __sys_trace_return
 => 0x55049900
          mysqld-768   [000] ....    60.939408: mutex_unlock: [-] mutex_unlock[f60c562d] start.. owner:0xae526900, current_process:ae526900
          mysqld-768   [000] ....    60.939426: mutex_unlock: [-] mutex_unlock[f60c562d] end.. owner:0x0, current_process:ae526900
          mysqld-768   [000] d...    60.939436: sched_switch: prev_comm=mysqld prev_pid=768 prev_prio=120 prev_state=S ==> next_comm=mysqld next_pid=761 next_prio=120
          mysqld-761   [000] ....    60.939442: mutex_lock: [+][fastpath] mutex_lock[af792c67] start.. owner:0, current_process:ae522d00
          mysqld-761   [000] ....    60.939446: mutex_lock: [+][fastpath] mutex_lock[af792c67] start.. owner:ae522d00, current_process:ae522d00
          mysqld-761   [000] ....    60.939448: mutex_unlock <-aio_read_events
          mysqld-761   [000] ....    60.939463: <stack trace>
 => mutex_unlock
 => aio_read_events
 => do_io_getevents
 => sys_io_getevents
 => __sys_trace_return
 => 0x58850900
          mysqld-761   [000] ....    60.939466: mutex_unlock: [-] mutex_unlock[af792c67] start.. owner:0xae522d00, current_process:ae522d00
          mysqld-761   [000] ....    60.939470: mutex_unlock: [-] mutex_unlock[af792c67] end.. owner:0x0, current_process:ae522d00
          mysqld-761   [000] ....    60.939484: mutex_lock: [+][fastpath] mutex_lock[af792c67] start.. owner:0, current_process:ae522d00
          mysqld-761   [000] ....    60.939487: mutex_lock: [+][fastpath] mutex_lock[af792c67] start.. owner:ae522d00, current_process:ae522d00
          mysqld-761   [000] ....    60.939489: mutex_unlock <-aio_read_events
          mysqld-761   [000] ....    60.939503: <stack trace>
 => mutex_unlock
 => aio_read_events
 => do_io_getevents
 => sys_io_getevents
 => __sys_trace_return
 => 0x58850900
          mysqld-761   [000] ....    60.939507: mutex_unlock: [-] mutex_unlock[af792c67] start.. owner:0xae522d00, current_process:ae522d00
          mysqld-761   [000] ....    60.939510: mutex_unlock: [-] mutex_unlock[af792c67] end.. owner:0x0, current_process:ae522d00
          mysqld-761   [000] ....    60.939517: mutex_lock: [+][fastpath] mutex_lock[af792c67] start.. owner:0, current_process:ae522d00
          mysqld-761   [000] ....    60.939520: mutex_lock: [+][fastpath] mutex_lock[af792c67] start.. owner:ae522d00, current_process:ae522d00
          mysqld-761   [000] ....    60.939522: mutex_unlock <-aio_read_events
          mysqld-761   [000] ....    60.939536: <stack trace>
 => mutex_unlock
 => aio_read_events
 => do_io_getevents
 => sys_io_getevents
 => __sys_trace_return
 => 0x58850900
          mysqld-761   [000] ....    60.939539: mutex_unlock: [-] mutex_unlock[af792c67] start.. owner:0xae522d00, current_process:ae522d00
          mysqld-761   [000] ....    60.939542: mutex_unlock: [-] mutex_unlock[af792c67] end.. owner:0x0, current_process:ae522d00
          mysqld-761   [000] d...    60.939570: sched_switch: prev_comm=mysqld prev_pid=761 prev_prio=120 prev_state=S ==> next_comm=swapper/0 next_pid=0 next_prio=120
          <idle>-0     [000] d...    60.948577: sched_switch: prev_comm=swapper/0 prev_pid=0 prev_prio=120 prev_state=R ==> next_comm=lxpanel next_pid=985 next_prio=120
         lxpanel-985   [000] ....    60.948628: mutex_lock: [+][fastpath] mutex_lock[59993138] start.. owner:0, current_process:a4915a00
         lxpanel-985   [000] ....    60.948632: mutex_lock: [+][fastpath] mutex_lock[59993138] start.. owner:a4915a00, current_process:a4915a00
         lxpanel-985   [000] ....    60.948635: mutex_unlock <-unix_stream_read_generic
         lxpanel-985   [000] ....    60.948656: <stack trace>
 => mutex_unlock
 => unix_stream_read_generic
 => unix_stream_recvmsg
 => sock_recvmsg
 => ___sys_recvmsg
 => __sys_recvmsg
 => sys_recvmsg
 => ret_fast_syscall
 => 0x7ee5e5a0
         lxpanel-985   [000] ....    60.948660: mutex_unlock: [-] mutex_unlock[59993138] start.. owner:0xa4915a00, current_process:a4915a00
         lxpanel-985   [000] ....    60.948663: mutex_unlock: [-] mutex_unlock[59993138] end.. owner:0x0, current_process:a4915a00
         lxpanel-985   [000] ....    60.948673: mutex_lock: [+][fastpath] mutex_lock[59993138] start.. owner:0, current_process:a4915a00
         lxpanel-985   [000] ....    60.948677: mutex_lock: [+][fastpath] mutex_lock[59993138] start.. owner:a4915a00, current_process:a4915a00
         lxpanel-985   [000] ....    60.948679: mutex_unlock <-unix_stream_read_generic
         lxpanel-985   [000] ....    60.948697: <stack trace>
 => mutex_unlock
 => unix_stream_read_generic
 => unix_stream_recvmsg
 => sock_recvmsg
 => ___sys_recvmsg
 => __sys_recvmsg
 => sys_recvmsg
 => ret_fast_syscall
 => 0x7ee5e5c0
         lxpanel-985   [000] ....    60.948701: mutex_unlock: [-] mutex_unlock[59993138] start.. owner:0xa4915a00, current_process:a4915a00
         lxpanel-985   [000] ....    60.948704: mutex_unlock: [-] mutex_unlock[59993138] end.. owner:0x0, current_process:a4915a00
         lxpanel-985   [000] d...    60.948737: sched_switch: prev_comm=lxpanel prev_pid=985 prev_prio=120 prev_state=S ==> next_comm=swapper/0 next_pid=0 next_prio=120
          <idle>-0     [002] d...    60.969297: sched_switch: prev_comm=swapper/2 prev_pid=0 prev_prio=120 prev_state=R ==> next_comm=systemd next_pid=1 next_prio=120
         systemd-1     [002] ....    60.969305: mutex_lock: [+][fastpath] mutex_lock[b7bb42ef] start.. owner:0, current_process:b9e80000
         systemd-1     [002] ....    60.969309: mutex_lock: [+][fastpath] mutex_lock[b7bb42ef] start.. owner:b9e80000, current_process:b9e80000
         systemd-1     [002] ....    60.969313: mutex_unlock <-ep_scan_ready_list.constprop.0
         systemd-1     [002] ....    60.969329: <stack trace>
 => mutex_unlock
 => ep_scan_ready_list.constprop.0
 => do_epoll_wait
 => sys_epoll_wait
 => ret_fast_syscall
 => 0x7ed042e0
         systemd-1     [002] ....    60.969333: mutex_unlock: [-] mutex_unlock[b7bb42ef] start.. owner:0xb9e80000, current_process:b9e80000
         systemd-1     [002] ....    60.969336: mutex_unlock: [-] mutex_unlock[b7bb42ef] end.. owner:0x0, current_process:b9e80000
         systemd-1     [002] ....    60.969456: mutex_lock: [+][fastpath] mutex_lock[b7bb42ef] start.. owner:0, current_process:b9e80000
         systemd-1     [002] ....    60.969460: mutex_lock: [+][fastpath] mutex_lock[b7bb42ef] start.. owner:b9e80000, current_process:b9e80000
         systemd-1     [002] ....    60.969464: mutex_unlock <-ep_scan_ready_list.constprop.0
         systemd-1     [002] ....    60.969479: <stack trace>
 => mutex_unlock
 => ep_scan_ready_list.constprop.0
 => do_epoll_wait
 => sys_epoll_wait
 => ret_fast_syscall
 => 0x7ed042e0
         systemd-1     [002] ....    60.969483: mutex_unlock: [-] mutex_unlock[b7bb42ef] start.. owner:0xb9e80000, current_process:b9e80000
         systemd-1     [002] ....    60.969486: mutex_unlock: [-] mutex_unlock[b7bb42ef] end.. owner:0x0, current_process:b9e80000
         systemd-1     [002] d...    60.969500: sched_switch: prev_comm=systemd prev_pid=1 prev_prio=120 prev_state=S ==> next_comm=swapper/2 next_pid=0 next_prio=120
          <idle>-0     [002] d...    60.997098: sched_switch: prev_comm=swapper/2 prev_pid=0 prev_prio=120 prev_state=R ==> next_comm=rngd next_pid=539 next_prio=120
          <idle>-0     [000] d...    60.997101: sched_switch: prev_comm=swapper/0 prev_pid=0 prev_prio=120 prev_state=R ==> next_comm=kworker/0:3 next_pid=467 next_prio=120
     kworker/0:3-467   [000] ....    60.997109: worker_thread: [+] comm: kworker/0:3, pid: 467, global_func_exe_times: 24327 from (kthread+0x140/0x170) 
     kworker/0:3-467   [000] ....    60.997113: trace_function_dummy_call: [++] comm:kworker/0:3, pid:467, from(worker_thread+0x18c/0x60c) 
            rngd-539   [002] d...    60.997123: sched_switch: prev_comm=rngd prev_pid=539 prev_prio=120 prev_state=S ==> next_comm=swapper/2 next_pid=0 next_prio=120
     kworker/0:3-467   [000] d...    60.997145: worker_thread: [-] comm: kworker/0:3, pid: 467, global_func_exe_times: 24328 from (kthread+0x140/0x170) 
     kworker/0:3-467   [000] d...    60.997153: sched_switch: prev_comm=kworker/0:3 prev_pid=467 prev_prio=120 prev_state=I ==> next_comm=swapper/0 next_pid=0 next_prio=120
          <idle>-0     [000] d...    61.014850: sched_switch: prev_comm=swapper/0 prev_pid=0 prev_prio=120 prev_state=R ==> next_comm=irq/86-mmc1 next_pid=80 next_prio=49
     irq/86-mmc1-80    [000] d...    61.014998: sched_switch: prev_comm=irq/86-mmc1 prev_pid=80 prev_prio=49 prev_state=S ==> next_comm=swapper/0 next_pid=0 next_prio=120
          <idle>-0     [003] d...    61.015002: sched_switch: prev_comm=swapper/3 prev_pid=0 prev_prio=120 prev_state=R ==> next_comm=kworker/u8:2 next_pid=130 next_prio=120
    kworker/u8:2-130   [003] ....    61.015010: worker_thread: [+] comm: kworker/u8:2, pid: 130, global_func_exe_times: 24328 from (kthread+0x140/0x170) 
    kworker/u8:2-130   [003] ....    61.015013: trace_function_dummy_call: [++] comm:kworker/u8:2, pid:130, from(worker_thread+0x18c/0x60c) 
    kworker/u8:2-130   [003] d...    61.015039: sched_switch: prev_comm=kworker/u8:2 prev_pid=130 prev_prio=120 prev_state=D ==> next_comm=swapper/3 next_pid=0 next_prio=120
          <idle>-0     [003] d...    61.015065: sched_switch: prev_comm=swapper/3 prev_pid=0 prev_prio=120 prev_state=R ==> next_comm=kworker/u8:2 next_pid=130 next_prio=120
    kworker/u8:2-130   [003] d...    61.015076: sched_switch: prev_comm=kworker/u8:2 prev_pid=130 prev_prio=120 prev_state=D ==> next_comm=swapper/3 next_pid=0 next_prio=120
          <idle>-0     [003] d...    61.018092: sched_switch: prev_comm=swapper/3 prev_pid=0 prev_prio=120 prev_state=R ==> next_comm=kworker/u8:2 next_pid=130 next_prio=120
    kworker/u8:2-130   [003] d...    61.018108: sched_switch: prev_comm=kworker/u8:2 prev_pid=130 prev_prio=120 prev_state=D ==> next_comm=swapper/3 next_pid=0 next_prio=120
          <idle>-0     [003] d...    61.018134: sched_switch: prev_comm=swapper/3 prev_pid=0 prev_prio=120 prev_state=R ==> next_comm=kworker/u8:2 next_pid=130 next_prio=120
    kworker/u8:2-130   [003] d...    61.018174: sched_switch: prev_comm=kworker/u8:2 prev_pid=130 prev_prio=120 prev_state=D ==> next_comm=swapper/3 next_pid=0 next_prio=120
          <idle>-0     [003] d...    61.018201: sched_switch: prev_comm=swapper/3 prev_pid=0 prev_prio=120 prev_state=R ==> next_comm=kworker/u8:2 next_pid=130 next_prio=120
    kworker/u8:2-130   [003] d...    61.018235: sched_switch: prev_comm=kworker/u8:2 prev_pid=130 prev_prio=120 prev_state=D ==> next_comm=swapper/3 next_pid=0 next_prio=120
          <idle>-0     [003] d...    61.018261: sched_switch: prev_comm=swapper/3 prev_pid=0 prev_prio=120 prev_state=R ==> next_comm=kworker/u8:2 next_pid=130 next_prio=120
    kworker/u8:2-130   [003] d...    61.018381: sched_switch: prev_comm=kworker/u8:2 prev_pid=130 prev_prio=120 prev_state=D ==> next_comm=sshd next_pid=1224 next_prio=120
            sshd-1224  [003] ....    61.018544: mutex_lock: [+][fastpath] mutex_lock[c907db2b] start.. owner:0, current_process:9ed28000
            sshd-1224  [003] ....    61.018548: mutex_lock: [+][fastpath] mutex_lock[c907db2b] start.. owner:9ed28000, current_process:9ed28000
            sshd-1224  [003] ....    61.018563: mutex_unlock <-n_tty_write
            sshd-1224  [003] ....    61.018587: <stack trace>
 => mutex_unlock
 => n_tty_write
 => tty_write
 => __vfs_write
 => vfs_write
 => ksys_write
 => sys_write
 => ret_fast_syscall
 => 0x7ee4c220
            sshd-1224  [003] ....    61.018591: mutex_unlock: [-] mutex_unlock[c907db2b] start.. owner:0x9ed28000, current_process:9ed28000
            sshd-1224  [003] ....    61.018594: mutex_unlock: [-] mutex_unlock[c907db2b] end.. owner:0x0, current_process:9ed28000
            sshd-1224  [003] ....    61.018598: mutex_unlock <-tty_write_unlock
            sshd-1224  [003] ....    61.018615: <stack trace>
 => mutex_unlock
 => tty_write_unlock
 => tty_write
 => __vfs_write
 => vfs_write
 => ksys_write
 => sys_write
 => ret_fast_syscall
 => 0x7ee4c220
            sshd-1224  [003] ....    61.018619: mutex_unlock: [-] mutex_unlock[304aee79] start.. owner:0x9ed28000, current_process:9ed28000
            sshd-1224  [003] ....    61.018622: mutex_unlock: [-] mutex_unlock[304aee79] end.. owner:0x0, current_process:9ed28000
            sshd-1224  [003] d...    61.018664: sched_switch: prev_comm=sshd prev_pid=1224 prev_prio=120 prev_state=S ==> next_comm=kworker/u8:0 next_pid=7 next_prio=120
    kworker/u8:0-7     [003] ....    61.018672: worker_thread: [+] comm: kworker/u8:0, pid: 7, global_func_exe_times: 24329 from (kthread+0x140/0x170) 
    kworker/u8:0-7     [003] ....    61.018676: trace_function_dummy_call: [++] comm:kworker/u8:0, pid:7, from(worker_thread+0x18c/0x60c) 
    kworker/u8:0-7     [003] ....    61.018681: mutex_lock: [+][fastpath] mutex_lock[1d5e8160] start.. owner:0, current_process:b9e85a00
    kworker/u8:0-7     [003] ....    61.018685: mutex_lock: [+][fastpath] mutex_lock[1d5e8160] start.. owner:b9e85a00, current_process:b9e85a00
    kworker/u8:0-7     [003] ....    61.018699: mutex_unlock <-flush_to_ldisc
    kworker/u8:0-7     [003] ....    61.018717: <stack trace>
 => mutex_unlock
 => flush_to_ldisc
 => process_one_work
 => worker_thread
 => kthread
 => ret_from_fork
 => 0
          <idle>-0     [002] d...    61.018717: sched_switch: prev_comm=swapper/2 prev_pid=0 prev_prio=120 prev_state=R ==> next_comm=bash next_pid=1248 next_prio=120
    kworker/u8:0-7     [003] ....    61.018721: mutex_unlock: [-] mutex_unlock[1d5e8160] start.. owner:0xb9e85a00, current_process:b9e85a00
    kworker/u8:0-7     [003] ....    61.018724: mutex_unlock: [-] mutex_unlock[1d5e8160] end.. owner:0x0, current_process:b9e85a00
    kworker/u8:0-7     [003] d...    61.018729: worker_thread: [-] comm: kworker/u8:0, pid: 7, global_func_exe_times: 24330 from (kthread+0x140/0x170) 
    kworker/u8:0-7     [003] d...    61.018738: sched_switch: prev_comm=kworker/u8:0 prev_pid=7 prev_prio=120 prev_state=I ==> next_comm=kworker/u8:2 next_pid=130 next_prio=120
            bash-1248  [002] ....    61.018747: mutex_unlock <-n_tty_read
    kworker/u8:2-130   [003] d...    61.018753: worker_thread: [-] comm: kworker/u8:2, pid: 130, global_func_exe_times: 24330 from (kthread+0x140/0x170) 
            bash-1248  [002] ....    61.018767: <stack trace>
 => mutex_unlock
 => n_tty_read
 => tty_read
 => __vfs_read
 => vfs_read
 => ksys_read
 => sys_read
 => ret_fast_syscall
 => 0x7e9b9180
            bash-1248  [002] ....    61.018772: mutex_unlock: [-] mutex_unlock[82aaf953] start.. owner:0xa0e98000, current_process:a0e98000
            bash-1248  [002] ....    61.018775: mutex_unlock: [-] mutex_unlock[82aaf953] end.. owner:0x0, current_process:a0e98000
    kworker/u8:2-130   [003] d...    61.018786: sched_switch: prev_comm=kworker/u8:2 prev_pid=130 prev_prio=120 prev_state=I ==> next_comm=swapper/3 next_pid=0 next_prio=120
            bash-1248  [002] ....    61.018833: mutex_lock: [+][fastpath] mutex_lock[e49fa59d] start.. owner:0, current_process:a0e98000
            bash-1248  [002] ....    61.018836: mutex_lock: [+][fastpath] mutex_lock[e49fa59d] start.. owner:a0e98000, current_process:a0e98000
            bash-1248  [002] ....    61.018844: mutex_unlock <-n_tty_write
          <idle>-0     [003] d...    61.018859: sched_switch: prev_comm=swapper/3 prev_pid=0 prev_prio=120 prev_state=R ==> next_comm=kworker/u8:2 next_pid=130 next_prio=120
            bash-1248  [002] ....    61.018863: <stack trace>
 => mutex_unlock
 => n_tty_write
 => tty_write
 => __vfs_write
 => vfs_write
 => ksys_write
 => sys_write
 => ret_fast_syscall
 => 0x7e9b9168
    kworker/u8:2-130   [003] ....    61.018865: worker_thread: [+] comm: kworker/u8:2, pid: 130, global_func_exe_times: 24330 from (kthread+0x140/0x170) 
            bash-1248  [002] ....    61.018866: mutex_unlock: [-] mutex_unlock[e49fa59d] start.. owner:0xa0e98000, current_process:a0e98000
    kworker/u8:2-130   [003] ....    61.018868: trace_function_dummy_call: [++] comm:kworker/u8:2, pid:130, from(worker_thread+0x18c/0x60c) 
            bash-1248  [002] ....    61.018870: mutex_unlock: [-] mutex_unlock[e49fa59d] end.. owner:0x0, current_process:a0e98000
            bash-1248  [002] ....    61.018873: mutex_unlock <-tty_write_unlock
    kworker/u8:2-130   [003] ....    61.018873: mutex_lock: [+][fastpath] mutex_lock[cf9667cb] start.. owner:0, current_process:b8280000
    kworker/u8:2-130   [003] ....    61.018876: mutex_lock: [+][fastpath] mutex_lock[cf9667cb] start.. owner:b8280000, current_process:b8280000
    kworker/u8:2-130   [003] ....    61.018890: mutex_unlock <-flush_to_ldisc
            bash-1248  [002] ....    61.018890: <stack trace>
 => mutex_unlock
 => tty_write_unlock
 => tty_write
 => __vfs_write
 => vfs_write
 => ksys_write
 => sys_write
 => ret_fast_syscall
 => 0x7e9b9168
            bash-1248  [002] ....    61.018893: mutex_unlock: [-] mutex_unlock[38105917] start.. owner:0xa0e98000, current_process:a0e98000
            bash-1248  [002] ....    61.018897: mutex_unlock: [-] mutex_unlock[38105917] end.. owner:0x0, current_process:a0e98000
    kworker/u8:2-130   [003] ....    61.018907: <stack trace>
 => mutex_unlock
 => flush_to_ldisc
 => process_one_work
 => worker_thread
 => kthread
 => ret_from_fork
 => 0
    kworker/u8:2-130   [003] ....    61.018911: mutex_unlock: [-] mutex_unlock[cf9667cb] start.. owner:0xb8280000, current_process:b8280000
    kworker/u8:2-130   [003] ....    61.018914: mutex_unlock: [-] mutex_unlock[cf9667cb] end.. owner:0x0, current_process:b8280000
    kworker/u8:2-130   [003] d...    61.018919: worker_thread: [-] comm: kworker/u8:2, pid: 130, global_func_exe_times: 24331 from (kthread+0x140/0x170) 
    kworker/u8:2-130   [003] d...    61.018928: sched_switch: prev_comm=kworker/u8:2 prev_pid=130 prev_prio=120 prev_state=I ==> next_comm=sshd next_pid=1224 next_prio=120
            bash-1248  [002] d...    61.018936: sched_switch: prev_comm=bash prev_pid=1248 prev_prio=120 prev_state=S ==> next_comm=swapper/2 next_pid=0 next_prio=120
            sshd-1224  [003] ....    61.018954: mutex_unlock <-n_tty_read
            sshd-1224  [003] ....    61.018973: <stack trace>
 => mutex_unlock
 => n_tty_read
 => tty_read
 => __vfs_read
 => vfs_read
 => ksys_read
 => sys_read
 => ret_fast_syscall
 => 0x7ee48200
            sshd-1224  [003] ....    61.018977: mutex_unlock: [-] mutex_unlock[136d9518] start.. owner:0x9ed28000, current_process:9ed28000
            sshd-1224  [003] ....    61.018981: mutex_unlock: [-] mutex_unlock[136d9518] end.. owner:0x0, current_process:9ed28000
            sshd-1224  [003] d...    61.019158: sched_switch: prev_comm=sshd prev_pid=1224 prev_prio=120 prev_state=S ==> next_comm=kworker/u8:2 next_pid=130 next_prio=120
    kworker/u8:2-130   [003] ....    61.019165: worker_thread: [+] comm: kworker/u8:2, pid: 130, global_func_exe_times: 24331 from (kthread+0x140/0x170) 
    kworker/u8:2-130   [003] ....    61.019168: trace_function_dummy_call: [++] comm:kworker/u8:2, pid:130, from(worker_thread+0x18c/0x60c) 
    kworker/u8:2-130   [003] d...    61.019219: sched_switch: prev_comm=kworker/u8:2 prev_pid=130 prev_prio=120 prev_state=D ==> next_comm=swapper/3 next_pid=0 next_prio=120
          <idle>-0     [003] d...    61.019249: sched_switch: prev_comm=swapper/3 prev_pid=0 prev_prio=120 prev_state=R ==> next_comm=kworker/u8:2 next_pid=130 next_prio=120
    kworker/u8:2-130   [003] d...    61.019265: worker_thread: [-] comm: kworker/u8:2, pid: 130, global_func_exe_times: 24332 from (kthread+0x140/0x170) 
    kworker/u8:2-130   [003] d...    61.019273: sched_switch: prev_comm=kworker/u8:2 prev_pid=130 prev_prio=120 prev_state=I ==> next_comm=swapper/3 next_pid=0 next_prio=120
          <idle>-0     [002] d...    61.028261: sched_switch: prev_comm=swapper/2 prev_pid=0 prev_prio=120 prev_state=R ==> next_comm=mosquitto next_pid=465 next_prio=120
       mosquitto-465   [002] d...    61.028296: sched_switch: prev_comm=mosquitto prev_pid=465 prev_prio=120 prev_state=S ==> next_comm=kworker/2:2 next_pid=98 next_prio=120
     kworker/2:2-98    [002] ....    61.028305: worker_thread: [+] comm: kworker/2:2, pid: 98, global_func_exe_times: 24332 from (kthread+0x140/0x170) 
     kworker/2:2-98    [002] ....    61.028308: trace_function_dummy_call: [++] comm:kworker/2:2, pid:98, from(worker_thread+0x18c/0x60c) 
     kworker/2:2-98    [002] ....    61.028313: mutex_lock: [+][fastpath] mutex_lock[e97aa155] start.. owner:0, current_process:b91f5a00
     kworker/2:2-98    [002] ....    61.028317: mutex_lock: [+][fastpath] mutex_lock[e97aa155] start.. owner:b91f5a00, current_process:b91f5a00
     kworker/2:2-98    [002] ....    61.028328: mutex_unlock <-dbs_work_handler
     kworker/2:2-98    [002] ....    61.028345: <stack trace>
 => mutex_unlock
 => dbs_work_handler
 => process_one_work
 => worker_thread
 => kthread
 => ret_from_fork
 => 0
     kworker/2:2-98    [002] ....    61.028349: mutex_unlock: [-] mutex_unlock[e97aa155] start.. owner:0xb91f5a00, current_process:b91f5a00
     kworker/2:2-98    [002] ....    61.028353: mutex_unlock: [-] mutex_unlock[e97aa155] end.. owner:0x0, current_process:b91f5a00
     kworker/2:2-98    [002] d...    61.028357: worker_thread: [-] comm: kworker/2:2, pid: 98, global_func_exe_times: 24333 from (kthread+0x140/0x170) 
     kworker/2:2-98    [002] d...    61.028387: sched_switch: prev_comm=kworker/2:2 prev_pid=98 prev_prio=120 prev_state=I ==> next_comm=swapper/2 next_pid=0 next_prio=120
          <idle>-0     [000] d...    61.031943: sched_switch: prev_comm=swapper/0 prev_pid=0 prev_prio=120 prev_state=R ==> next_comm=irq/86-mmc1 next_pid=80 next_prio=49
     irq/86-mmc1-80    [000] d...    61.032065: sched_switch: prev_comm=irq/86-mmc1 prev_pid=80 prev_prio=49 prev_state=S ==> next_comm=swapper/0 next_pid=0 next_prio=120
          <idle>-0     [003] d...    61.032070: sched_switch: prev_comm=swapper/3 prev_pid=0 prev_prio=120 prev_state=R ==> next_comm=kworker/u8:2 next_pid=130 next_prio=120
    kworker/u8:2-130   [003] ....    61.032076: worker_thread: [+] comm: kworker/u8:2, pid: 130, global_func_exe_times: 24333 from (kthread+0x140/0x170) 
    kworker/u8:2-130   [003] ....    61.032079: trace_function_dummy_call: [++] comm:kworker/u8:2, pid:130, from(worker_thread+0x18c/0x60c) 
    kworker/u8:2-130   [003] d...    61.032114: sched_switch: prev_comm=kworker/u8:2 prev_pid=130 prev_prio=120 prev_state=D ==> next_comm=swapper/3 next_pid=0 next_prio=120
          <idle>-0     [003] d...    61.032141: sched_switch: prev_comm=swapper/3 prev_pid=0 prev_prio=120 prev_state=R ==> next_comm=kworker/u8:2 next_pid=130 next_prio=120
    kworker/u8:2-130   [003] d...    61.032169: sched_switch: prev_comm=kworker/u8:2 prev_pid=130 prev_prio=120 prev_state=D ==> next_comm=swapper/3 next_pid=0 next_prio=120
          <idle>-0     [003] d...    61.032196: sched_switch: prev_comm=swapper/3 prev_pid=0 prev_prio=120 prev_state=R ==> next_comm=kworker/u8:2 next_pid=130 next_prio=120
    kworker/u8:2-130   [003] d...    61.032278: sched_switch: prev_comm=kworker/u8:2 prev_pid=130 prev_prio=120 prev_state=D ==> next_comm=swapper/3 next_pid=0 next_prio=120
          <idle>-0     [003] d...    61.032306: sched_switch: prev_comm=swapper/3 prev_pid=0 prev_prio=120 prev_state=R ==> next_comm=kworker/u8:2 next_pid=130 next_prio=120
    kworker/u8:2-130   [003] d...    61.032319: worker_thread: [-] comm: kworker/u8:2, pid: 130, global_func_exe_times: 24334 from (kthread+0x140/0x170) 
    kworker/u8:2-130   [003] d...    61.032326: sched_switch: prev_comm=kworker/u8:2 prev_pid=130 prev_prio=120 prev_state=I ==> next_comm=swapper/3 next_pid=0 next_prio=120
          <idle>-0     [003] d...    61.048059: sched_switch: prev_comm=swapper/3 prev_pid=0 prev_prio=120 prev_state=R ==> next_comm=brcmf_wdog/mmc1 next_pid=266 next_prio=120
 brcmf_wdog/mmc1-266   [003] d...    61.048071: sched_switch: prev_comm=brcmf_wdog/mmc1 prev_pid=266 prev_prio=120 prev_state=S ==> next_comm=swapper/3 next_pid=0 next_prio=120
