          mysqld-765   [003] ....    61.224106: mutex_unlock: [-] mutex_unlock[68319f49] end.. owner:0x0, current_process:ae523c00
          mysqld-765   [003] ....    61.224114: mutex_lock: [+][fastpath] mutex_lock[68319f49] start.. owner:0, current_process:ae523c00
          mysqld-765   [003] ....    61.224117: mutex_lock: [+][fastpath] mutex_lock[68319f49] start.. owner:ae523c00, current_process:ae523c00
          mysqld-765   [003] ....    61.224119: mutex_unlock <-aio_read_events
          mysqld-765   [003] ....    61.224133: <stack trace>
 => mutex_unlock
 => aio_read_events
 => do_io_getevents
 => sys_io_getevents
 => __sys_trace_return
 => 0x5684c900
          mysqld-765   [003] ....    61.224137: mutex_unlock: [-] mutex_unlock[68319f49] start.. owner:0xae523c00, current_process:ae523c00
          mysqld-765   [003] ....    61.224140: mutex_unlock: [-] mutex_unlock[68319f49] end.. owner:0x0, current_process:ae523c00
          mysqld-765   [003] d...    61.224150: sched_switch: prev_comm=mysqld prev_pid=765 prev_prio=120 prev_state=S ==> next_comm=swapper/3 next_pid=0 next_prio=120
          <idle>-0     [000] d...    61.225601: sched_switch: prev_comm=swapper/0 prev_pid=0 prev_prio=120 prev_state=R ==> next_comm=mysqld next_pid=791 next_prio=120
          mysqld-791   [000] d...    61.225701: sched_switch: prev_comm=mysqld prev_pid=791 prev_prio=120 prev_state=S ==> next_comm=swapper/0 next_pid=0 next_prio=120
          <idle>-0     [002] d...    61.227275: sched_switch: prev_comm=swapper/2 prev_pid=0 prev_prio=120 prev_state=R ==> next_comm=mysqld next_pid=790 next_prio=120
          mysqld-790   [002] d...    61.227310: sched_switch: prev_comm=mysqld prev_pid=790 prev_prio=120 prev_state=S ==> next_comm=swapper/2 next_pid=0 next_prio=120
          <idle>-0     [002] d...    61.228590: sched_switch: prev_comm=swapper/2 prev_pid=0 prev_prio=120 prev_state=R ==> next_comm=mosquitto next_pid=465 next_prio=120
       mosquitto-465   [002] d...    61.228629: sched_switch: prev_comm=mosquitto prev_pid=465 prev_prio=120 prev_state=S ==> next_comm=kworker/2:2 next_pid=98 next_prio=120
     kworker/2:2-98    [002] ....    61.228637: worker_thread: [+] comm: kworker/2:2, pid: 98, global_func_exe_times: 24352 from (kthread+0x140/0x170) 
     kworker/2:2-98    [002] ....    61.228640: trace_function_dummy_call: [++] comm:kworker/2:2, pid:98, from(worker_thread+0x18c/0x60c) 
     kworker/2:2-98    [002] ....    61.228646: mutex_lock: [+][fastpath] mutex_lock[e97aa155] start.. owner:0, current_process:b91f5a00
     kworker/2:2-98    [002] ....    61.228649: mutex_lock: [+][fastpath] mutex_lock[e97aa155] start.. owner:b91f5a00, current_process:b91f5a00
     kworker/2:2-98    [002] ....    61.228660: mutex_unlock <-dbs_work_handler
     kworker/2:2-98    [002] ....    61.228678: <stack trace>
 => mutex_unlock
 => dbs_work_handler
 => process_one_work
 => worker_thread
 => kthread
 => ret_from_fork
 => 0
     kworker/2:2-98    [002] ....    61.228682: mutex_unlock: [-] mutex_unlock[e97aa155] start.. owner:0xb91f5a00, current_process:b91f5a00
     kworker/2:2-98    [002] ....    61.228685: mutex_unlock: [-] mutex_unlock[e97aa155] end.. owner:0x0, current_process:b91f5a00
     kworker/2:2-98    [002] d...    61.228690: worker_thread: [-] comm: kworker/2:2, pid: 98, global_func_exe_times: 24353 from (kthread+0x140/0x170) 
     kworker/2:2-98    [002] d...    61.228721: sched_switch: prev_comm=kworker/2:2 prev_pid=98 prev_prio=120 prev_state=I ==> next_comm=swapper/2 next_pid=0 next_prio=120
          <idle>-0     [001] d...    61.237968: sched_switch: prev_comm=swapper/1 prev_pid=0 prev_prio=120 prev_state=R ==> next_comm=mysqld next_pid=767 next_prio=120
          mysqld-767   [001] ....    61.237976: mutex_lock: [+][fastpath] mutex_lock[61739ec8] start.. owner:0, current_process:ae525a00
          mysqld-767   [001] ....    61.237980: mutex_lock: [+][fastpath] mutex_lock[61739ec8] start.. owner:ae525a00, current_process:ae525a00
          mysqld-767   [001] ....    61.237983: mutex_unlock <-aio_read_events
          mysqld-767   [001] ....    61.237999: <stack trace>
 => mutex_unlock
 => aio_read_events
 => do_io_getevents
 => sys_io_getevents
 => __sys_trace_return
 => 0x5584a900
          mysqld-767   [001] ....    61.238003: mutex_unlock: [-] mutex_unlock[61739ec8] start.. owner:0xae525a00, current_process:ae525a00
          mysqld-767   [001] ....    61.238043: mutex_unlock: [-] mutex_unlock[61739ec8] end.. owner:0x0, current_process:ae525a00
          mysqld-767   [001] ....    61.238059: mutex_lock: [+][fastpath] mutex_lock[61739ec8] start.. owner:0, current_process:ae525a00
          mysqld-767   [001] ....    61.238064: mutex_lock: [+][fastpath] mutex_lock[61739ec8] start.. owner:ae525a00, current_process:ae525a00
          mysqld-767   [001] ....    61.238067: mutex_unlock <-aio_read_events
          mysqld-767   [001] ....    61.238082: <stack trace>
 => mutex_unlock
 => aio_read_events
 => do_io_getevents
 => sys_io_getevents
 => __sys_trace_return
 => 0x5584a900
          mysqld-767   [001] ....    61.238086: mutex_unlock: [-] mutex_unlock[61739ec8] start.. owner:0xae525a00, current_process:ae525a00
          mysqld-767   [001] ....    61.238089: mutex_unlock: [-] mutex_unlock[61739ec8] end.. owner:0x0, current_process:ae525a00
          mysqld-767   [001] ....    61.238096: mutex_lock: [+][fastpath] mutex_lock[61739ec8] start.. owner:0, current_process:ae525a00
          mysqld-767   [001] ....    61.238099: mutex_lock: [+][fastpath] mutex_lock[61739ec8] start.. owner:ae525a00, current_process:ae525a00
          mysqld-767   [001] ....    61.238101: mutex_unlock <-aio_read_events
          mysqld-767   [001] ....    61.238115: <stack trace>
 => mutex_unlock
 => aio_read_events
 => do_io_getevents
 => sys_io_getevents
 => __sys_trace_return
 => 0x5584a900
          mysqld-767   [001] ....    61.238134: mutex_unlock: [-] mutex_unlock[61739ec8] start.. owner:0xae525a00, current_process:ae525a00
          mysqld-767   [001] ....    61.238137: mutex_unlock: [-] mutex_unlock[61739ec8] end.. owner:0x0, current_process:ae525a00
          mysqld-767   [001] d...    61.238147: sched_switch: prev_comm=mysqld prev_pid=767 prev_prio=120 prev_state=S ==> next_comm=mysqld next_pid=766 next_prio=120
          mysqld-766   [001] ....    61.238155: mutex_lock: [+][fastpath] mutex_lock[8be40012] start.. owner:0, current_process:ae524b00
          mysqld-766   [001] ....    61.238158: mutex_lock: [+][fastpath] mutex_lock[8be40012] start.. owner:ae524b00, current_process:ae524b00
          mysqld-766   [001] ....    61.238160: mutex_unlock <-aio_read_events
          mysqld-766   [001] ....    61.238175: <stack trace>
 => mutex_unlock
 => aio_read_events
 => do_io_getevents
 => sys_io_getevents
 => __sys_trace_return
 => 0x5604b900
          mysqld-766   [001] ....    61.238179: mutex_unlock: [-] mutex_unlock[8be40012] start.. owner:0xae524b00, current_process:ae524b00
          mysqld-766   [001] ....    61.238182: mutex_unlock: [-] mutex_unlock[8be40012] end.. owner:0x0, current_process:ae524b00
          mysqld-766   [001] ....    61.238197: mutex_lock: [+][fastpath] mutex_lock[8be40012] start.. owner:0, current_process:ae524b00
          mysqld-766   [001] ....    61.238201: mutex_lock: [+][fastpath] mutex_lock[8be40012] start.. owner:ae524b00, current_process:ae524b00
          mysqld-766   [001] ....    61.238203: mutex_unlock <-aio_read_events
          mysqld-766   [001] ....    61.238217: <stack trace>
 => mutex_unlock
 => aio_read_events
 => do_io_getevents
 => sys_io_getevents
 => __sys_trace_return
 => 0x5604b900
          mysqld-766   [001] ....    61.238221: mutex_unlock: [-] mutex_unlock[8be40012] start.. owner:0xae524b00, current_process:ae524b00
          mysqld-766   [001] ....    61.238224: mutex_unlock: [-] mutex_unlock[8be40012] end.. owner:0x0, current_process:ae524b00
          mysqld-766   [001] ....    61.238230: mutex_lock: [+][fastpath] mutex_lock[8be40012] start.. owner:0, current_process:ae524b00
          mysqld-766   [001] ....    61.238234: mutex_lock: [+][fastpath] mutex_lock[8be40012] start.. owner:ae524b00, current_process:ae524b00
          mysqld-766   [001] ....    61.238235: mutex_unlock <-aio_read_events
          mysqld-766   [001] ....    61.238249: <stack trace>
 => mutex_unlock
 => aio_read_events
 => do_io_getevents
 => sys_io_getevents
 => __sys_trace_return
 => 0x5604b900
          mysqld-766   [001] ....    61.238253: mutex_unlock: [-] mutex_unlock[8be40012] start.. owner:0xae524b00, current_process:ae524b00
          mysqld-766   [001] ....    61.238256: mutex_unlock: [-] mutex_unlock[8be40012] end.. owner:0x0, current_process:ae524b00
          mysqld-766   [001] d...    61.238288: sched_switch: prev_comm=mysqld prev_pid=766 prev_prio=120 prev_state=S ==> next_comm=swapper/1 next_pid=0 next_prio=120
          <idle>-0     [000] d...    61.256542: sched_switch: prev_comm=swapper/0 prev_pid=0 prev_prio=120 prev_state=R ==> next_comm=mysqld next_pid=759 next_prio=120
          mysqld-759   [000] ....    61.256551: mutex_lock: [+][fastpath] mutex_lock[b57efa43] start.. owner:0, current_process:ae56cb00
          mysqld-759   [000] ....    61.256555: mutex_lock: [+][fastpath] mutex_lock[b57efa43] start.. owner:ae56cb00, current_process:ae56cb00
          mysqld-759   [000] ....    61.256558: mutex_unlock <-aio_read_events
          mysqld-759   [000] ....    61.256576: <stack trace>
 => mutex_unlock
 => aio_read_events
 => do_io_getevents
 => sys_io_getevents
 => __sys_trace_return
 => 0x59051900
          mysqld-759   [000] ....    61.256580: mutex_unlock: [-] mutex_unlock[b57efa43] start.. owner:0xae56cb00, current_process:ae56cb00
          mysqld-759   [000] ....    61.256583: mutex_unlock: [-] mutex_unlock[b57efa43] end.. owner:0x0, current_process:ae56cb00
          mysqld-759   [000] ....    61.256599: mutex_lock: [+][fastpath] mutex_lock[b57efa43] start.. owner:0, current_process:ae56cb00
          mysqld-759   [000] ....    61.256602: mutex_lock: [+][fastpath] mutex_lock[b57efa43] start.. owner:ae56cb00, current_process:ae56cb00
          mysqld-759   [000] ....    61.256604: mutex_unlock <-aio_read_events
          mysqld-759   [000] ....    61.256619: <stack trace>
 => mutex_unlock
 => aio_read_events
 => do_io_getevents
 => sys_io_getevents
 => __sys_trace_return
 => 0x59051900
          mysqld-759   [000] ....    61.256623: mutex_unlock: [-] mutex_unlock[b57efa43] start.. owner:0xae56cb00, current_process:ae56cb00
          mysqld-759   [000] ....    61.256626: mutex_unlock: [-] mutex_unlock[b57efa43] end.. owner:0x0, current_process:ae56cb00
          mysqld-759   [000] ....    61.256632: mutex_lock: [+][fastpath] mutex_lock[b57efa43] start.. owner:0, current_process:ae56cb00
          mysqld-759   [000] ....    61.256636: mutex_lock: [+][fastpath] mutex_lock[b57efa43] start.. owner:ae56cb00, current_process:ae56cb00
          mysqld-759   [000] ....    61.256638: mutex_unlock <-aio_read_events
          mysqld-759   [000] ....    61.256651: <stack trace>
 => mutex_unlock
 => aio_read_events
 => do_io_getevents
 => sys_io_getevents
 => __sys_trace_return
 => 0x59051900
          mysqld-759   [000] ....    61.256655: mutex_unlock: [-] mutex_unlock[b57efa43] start.. owner:0xae56cb00, current_process:ae56cb00
          mysqld-759   [000] ....    61.256659: mutex_unlock: [-] mutex_unlock[b57efa43] end.. owner:0x0, current_process:ae56cb00
          mysqld-759   [000] d...    61.256668: sched_switch: prev_comm=mysqld prev_pid=759 prev_prio=120 prev_state=S ==> next_comm=swapper/0 next_pid=0 next_prio=120
          <idle>-0     [000] d...    61.320819: sched_switch: prev_comm=swapper/0 prev_pid=0 prev_prio=120 prev_state=R ==> next_comm=irq/86-mmc1 next_pid=80 next_prio=49
          <idle>-0     [003] d...    61.320954: sched_switch: prev_comm=swapper/3 prev_pid=0 prev_prio=120 prev_state=R ==> next_comm=kworker/u8:2 next_pid=130 next_prio=120
    kworker/u8:2-130   [003] ....    61.320961: worker_thread: [+] comm: kworker/u8:2, pid: 130, global_func_exe_times: 24353 from (kthread+0x140/0x170) 
     irq/86-mmc1-80    [000] d...    61.320964: sched_switch: prev_comm=irq/86-mmc1 prev_pid=80 prev_prio=49 prev_state=S ==> next_comm=swapper/0 next_pid=0 next_prio=120
    kworker/u8:2-130   [003] ....    61.320964: trace_function_dummy_call: [++] comm:kworker/u8:2, pid:130, from(worker_thread+0x18c/0x60c) 
    kworker/u8:2-130   [003] d...    61.320985: sched_switch: prev_comm=kworker/u8:2 prev_pid=130 prev_prio=120 prev_state=D ==> next_comm=swapper/3 next_pid=0 next_prio=120
          <idle>-0     [003] d...    61.321012: sched_switch: prev_comm=swapper/3 prev_pid=0 prev_prio=120 prev_state=R ==> next_comm=kworker/u8:2 next_pid=130 next_prio=120
    kworker/u8:2-130   [003] d...    61.321024: sched_switch: prev_comm=kworker/u8:2 prev_pid=130 prev_prio=120 prev_state=D ==> next_comm=swapper/3 next_pid=0 next_prio=120
          <idle>-0     [003] d...    61.324037: sched_switch: prev_comm=swapper/3 prev_pid=0 prev_prio=120 prev_state=R ==> next_comm=kworker/u8:2 next_pid=130 next_prio=120
    kworker/u8:2-130   [003] d...    61.324053: sched_switch: prev_comm=kworker/u8:2 prev_pid=130 prev_prio=120 prev_state=D ==> next_comm=swapper/3 next_pid=0 next_prio=120
          <idle>-0     [003] d...    61.324078: sched_switch: prev_comm=swapper/3 prev_pid=0 prev_prio=120 prev_state=R ==> next_comm=kworker/u8:2 next_pid=130 next_prio=120
    kworker/u8:2-130   [003] d...    61.324113: sched_switch: prev_comm=kworker/u8:2 prev_pid=130 prev_prio=120 prev_state=D ==> next_comm=swapper/3 next_pid=0 next_prio=120
          <idle>-0     [003] d...    61.324139: sched_switch: prev_comm=swapper/3 prev_pid=0 prev_prio=120 prev_state=R ==> next_comm=kworker/u8:2 next_pid=130 next_prio=120
    kworker/u8:2-130   [003] d...    61.324169: sched_switch: prev_comm=kworker/u8:2 prev_pid=130 prev_prio=120 prev_state=D ==> next_comm=swapper/3 next_pid=0 next_prio=120
          <idle>-0     [003] d...    61.324194: sched_switch: prev_comm=swapper/3 prev_pid=0 prev_prio=120 prev_state=R ==> next_comm=kworker/u8:2 next_pid=130 next_prio=120
    kworker/u8:2-130   [003] d...    61.324283: sched_switch: prev_comm=kworker/u8:2 prev_pid=130 prev_prio=120 prev_state=D ==> next_comm=sshd next_pid=1224 next_prio=120
            sshd-1224  [003] ....    61.324421: mutex_lock: [+][fastpath] mutex_lock[c907db2b] start.. owner:0, current_process:9ed28000
            sshd-1224  [003] ....    61.324426: mutex_lock: [+][fastpath] mutex_lock[c907db2b] start.. owner:9ed28000, current_process:9ed28000
            sshd-1224  [003] ....    61.324440: mutex_unlock <-n_tty_write
            sshd-1224  [003] ....    61.324461: <stack trace>
 => mutex_unlock
 => n_tty_write
 => tty_write
 => __vfs_write
 => vfs_write
 => ksys_write
 => sys_write
 => ret_fast_syscall
 => 0x7ee4c220
            sshd-1224  [003] ....    61.324465: mutex_unlock: [-] mutex_unlock[c907db2b] start.. owner:0x9ed28000, current_process:9ed28000
            sshd-1224  [003] ....    61.324469: mutex_unlock: [-] mutex_unlock[c907db2b] end.. owner:0x0, current_process:9ed28000
            sshd-1224  [003] ....    61.324472: mutex_unlock <-tty_write_unlock
            sshd-1224  [003] ....    61.324490: <stack trace>
 => mutex_unlock
 => tty_write_unlock
 => tty_write
 => __vfs_write
 => vfs_write
 => ksys_write
 => sys_write
 => ret_fast_syscall
 => 0x7ee4c220
            sshd-1224  [003] ....    61.324494: mutex_unlock: [-] mutex_unlock[304aee79] start.. owner:0x9ed28000, current_process:9ed28000
            sshd-1224  [003] ....    61.324497: mutex_unlock: [-] mutex_unlock[304aee79] end.. owner:0x0, current_process:9ed28000
            sshd-1224  [003] d...    61.324535: sched_switch: prev_comm=sshd prev_pid=1224 prev_prio=120 prev_state=S ==> next_comm=kworker/u8:0 next_pid=7 next_prio=120
    kworker/u8:0-7     [003] ....    61.324542: worker_thread: [+] comm: kworker/u8:0, pid: 7, global_func_exe_times: 24354 from (kthread+0x140/0x170) 
    kworker/u8:0-7     [003] ....    61.324545: trace_function_dummy_call: [++] comm:kworker/u8:0, pid:7, from(worker_thread+0x18c/0x60c) 
    kworker/u8:0-7     [003] ....    61.324550: mutex_lock: [+][fastpath] mutex_lock[1d5e8160] start.. owner:0, current_process:b9e85a00
    kworker/u8:0-7     [003] ....    61.324554: mutex_lock: [+][fastpath] mutex_lock[1d5e8160] start.. owner:b9e85a00, current_process:b9e85a00
    kworker/u8:0-7     [003] ....    61.324564: mutex_unlock <-flush_to_ldisc
          <idle>-0     [002] d...    61.324581: sched_switch: prev_comm=swapper/2 prev_pid=0 prev_prio=120 prev_state=R ==> next_comm=bash next_pid=1248 next_prio=120
    kworker/u8:0-7     [003] ....    61.324582: <stack trace>
 => mutex_unlock
 => flush_to_ldisc
 => process_one_work
 => worker_thread
 => kthread
 => ret_from_fork
 => 0
    kworker/u8:0-7     [003] ....    61.324586: mutex_unlock: [-] mutex_unlock[1d5e8160] start.. owner:0xb9e85a00, current_process:b9e85a00
    kworker/u8:0-7     [003] ....    61.324589: mutex_unlock: [-] mutex_unlock[1d5e8160] end.. owner:0x0, current_process:b9e85a00
    kworker/u8:0-7     [003] d...    61.324596: worker_thread: [-] comm: kworker/u8:0, pid: 7, global_func_exe_times: 24355 from (kthread+0x140/0x170) 
            bash-1248  [002] ....    61.324603: mutex_unlock <-n_tty_read
    kworker/u8:0-7     [003] d...    61.324606: sched_switch: prev_comm=kworker/u8:0 prev_pid=7 prev_prio=120 prev_state=I ==> next_comm=kworker/u8:2 next_pid=130 next_prio=120
    kworker/u8:2-130   [003] d...    61.324620: worker_thread: [-] comm: kworker/u8:2, pid: 130, global_func_exe_times: 24355 from (kthread+0x140/0x170) 
            bash-1248  [002] ....    61.324623: <stack trace>
 => mutex_unlock
 => n_tty_read
 => tty_read
 => __vfs_read
 => vfs_read
 => ksys_read
 => sys_read
 => ret_fast_syscall
 => 0x7e9b9180
            bash-1248  [002] ....    61.324628: mutex_unlock: [-] mutex_unlock[82aaf953] start.. owner:0xa0e98000, current_process:a0e98000
            bash-1248  [002] ....    61.324631: mutex_unlock: [-] mutex_unlock[82aaf953] end.. owner:0x0, current_process:a0e98000
    kworker/u8:2-130   [003] d...    61.324642: sched_switch: prev_comm=kworker/u8:2 prev_pid=130 prev_prio=120 prev_state=I ==> next_comm=swapper/3 next_pid=0 next_prio=120
            bash-1248  [002] ....    61.324670: mutex_lock: [+][fastpath] mutex_lock[e49fa59d] start.. owner:0, current_process:a0e98000
            bash-1248  [002] ....    61.324674: mutex_lock: [+][fastpath] mutex_lock[e49fa59d] start.. owner:a0e98000, current_process:a0e98000
            bash-1248  [002] ....    61.324682: mutex_unlock <-n_tty_write
          <idle>-0     [003] d...    61.324697: sched_switch: prev_comm=swapper/3 prev_pid=0 prev_prio=120 prev_state=R ==> next_comm=kworker/u8:2 next_pid=130 next_prio=120
            bash-1248  [002] ....    61.324700: <stack trace>
 => mutex_unlock
 => n_tty_write
 => tty_write
 => __vfs_write
 => vfs_write
 => ksys_write
 => sys_write
 => ret_fast_syscall
 => 0x7e9b9168
    kworker/u8:2-130   [003] ....    61.324703: worker_thread: [+] comm: kworker/u8:2, pid: 130, global_func_exe_times: 24355 from (kthread+0x140/0x170) 
            bash-1248  [002] ....    61.324704: mutex_unlock: [-] mutex_unlock[e49fa59d] start.. owner:0xa0e98000, current_process:a0e98000
    kworker/u8:2-130   [003] ....    61.324706: trace_function_dummy_call: [++] comm:kworker/u8:2, pid:130, from(worker_thread+0x18c/0x60c) 
            bash-1248  [002] ....    61.324707: mutex_unlock: [-] mutex_unlock[e49fa59d] end.. owner:0x0, current_process:a0e98000
            bash-1248  [002] ....    61.324710: mutex_unlock <-tty_write_unlock
    kworker/u8:2-130   [003] ....    61.324711: mutex_lock: [+][fastpath] mutex_lock[cf9667cb] start.. owner:0, current_process:b8280000
    kworker/u8:2-130   [003] ....    61.324715: mutex_lock: [+][fastpath] mutex_lock[cf9667cb] start.. owner:b8280000, current_process:b8280000
    kworker/u8:2-130   [003] ....    61.324727: mutex_unlock <-flush_to_ldisc
            bash-1248  [002] ....    61.324729: <stack trace>
 => mutex_unlock
 => tty_write_unlock
 => tty_write
 => __vfs_write
 => vfs_write
 => ksys_write
 => sys_write
 => ret_fast_syscall
 => 0x7e9b9168
            bash-1248  [002] ....    61.324733: mutex_unlock: [-] mutex_unlock[38105917] start.. owner:0xa0e98000, current_process:a0e98000
            bash-1248  [002] ....    61.324736: mutex_unlock: [-] mutex_unlock[38105917] end.. owner:0x0, current_process:a0e98000
    kworker/u8:2-130   [003] ....    61.324744: <stack trace>
 => mutex_unlock
 => flush_to_ldisc
 => process_one_work
 => worker_thread
 => kthread
 => ret_from_fork
 => 0
    kworker/u8:2-130   [003] ....    61.324748: mutex_unlock: [-] mutex_unlock[cf9667cb] start.. owner:0xb8280000, current_process:b8280000
    kworker/u8:2-130   [003] ....    61.324752: mutex_unlock: [-] mutex_unlock[cf9667cb] end.. owner:0x0, current_process:b8280000
    kworker/u8:2-130   [003] d...    61.324756: worker_thread: [-] comm: kworker/u8:2, pid: 130, global_func_exe_times: 24356 from (kthread+0x140/0x170) 
    kworker/u8:2-130   [003] d...    61.324765: sched_switch: prev_comm=kworker/u8:2 prev_pid=130 prev_prio=120 prev_state=I ==> next_comm=sshd next_pid=1224 next_prio=120
            bash-1248  [002] d...    61.324772: sched_switch: prev_comm=bash prev_pid=1248 prev_prio=120 prev_state=S ==> next_comm=swapper/2 next_pid=0 next_prio=120
            sshd-1224  [003] ....    61.324791: mutex_unlock <-n_tty_read
            sshd-1224  [003] ....    61.324810: <stack trace>
 => mutex_unlock
 => n_tty_read
 => tty_read
 => __vfs_read
 => vfs_read
 => ksys_read
 => sys_read
 => ret_fast_syscall
 => 0x7ee48200
            sshd-1224  [003] ....    61.324814: mutex_unlock: [-] mutex_unlock[136d9518] start.. owner:0x9ed28000, current_process:9ed28000
            sshd-1224  [003] ....    61.324818: mutex_unlock: [-] mutex_unlock[136d9518] end.. owner:0x0, current_process:9ed28000
            sshd-1224  [003] d...    61.324969: sched_switch: prev_comm=sshd prev_pid=1224 prev_prio=120 prev_state=S ==> next_comm=kworker/u8:2 next_pid=130 next_prio=120
    kworker/u8:2-130   [003] ....    61.324976: worker_thread: [+] comm: kworker/u8:2, pid: 130, global_func_exe_times: 24356 from (kthread+0x140/0x170) 
    kworker/u8:2-130   [003] ....    61.324979: trace_function_dummy_call: [++] comm:kworker/u8:2, pid:130, from(worker_thread+0x18c/0x60c) 
    kworker/u8:2-130   [003] d...    61.325031: sched_switch: prev_comm=kworker/u8:2 prev_pid=130 prev_prio=120 prev_state=D ==> next_comm=swapper/3 next_pid=0 next_prio=120
          <idle>-0     [003] d...    61.325060: sched_switch: prev_comm=swapper/3 prev_pid=0 prev_prio=120 prev_state=R ==> next_comm=kworker/u8:2 next_pid=130 next_prio=120
    kworker/u8:2-130   [003] d...    61.325077: worker_thread: [-] comm: kworker/u8:2, pid: 130, global_func_exe_times: 24357 from (kthread+0x140/0x170) 
    kworker/u8:2-130   [003] d...    61.325084: sched_switch: prev_comm=kworker/u8:2 prev_pid=130 prev_prio=120 prev_state=I ==> next_comm=swapper/3 next_pid=0 next_prio=120
          <idle>-0     [002] d...    61.328757: sched_switch: prev_comm=swapper/2 prev_pid=0 prev_prio=120 prev_state=R ==> next_comm=mosquitto next_pid=465 next_prio=120
       mosquitto-465   [002] d...    61.328790: sched_switch: prev_comm=mosquitto prev_pid=465 prev_prio=120 prev_state=S ==> next_comm=kworker/2:2 next_pid=98 next_prio=120
     kworker/2:2-98    [002] ....    61.328797: worker_thread: [+] comm: kworker/2:2, pid: 98, global_func_exe_times: 24357 from (kthread+0x140/0x170) 
     kworker/2:2-98    [002] ....    61.328800: trace_function_dummy_call: [++] comm:kworker/2:2, pid:98, from(worker_thread+0x18c/0x60c) 
     kworker/2:2-98    [002] ....    61.328805: mutex_lock: [+][fastpath] mutex_lock[e97aa155] start.. owner:0, current_process:b91f5a00
     kworker/2:2-98    [002] ....    61.328809: mutex_lock: [+][fastpath] mutex_lock[e97aa155] start.. owner:b91f5a00, current_process:b91f5a00
     kworker/2:2-98    [002] ....    61.328819: mutex_unlock <-dbs_work_handler
     kworker/2:2-98    [002] ....    61.328836: <stack trace>
 => mutex_unlock
 => dbs_work_handler
 => process_one_work
 => worker_thread
 => kthread
 => ret_from_fork
 => 0
     kworker/2:2-98    [002] ....    61.328840: mutex_unlock: [-] mutex_unlock[e97aa155] start.. owner:0xb91f5a00, current_process:b91f5a00
     kworker/2:2-98    [002] ....    61.328843: mutex_unlock: [-] mutex_unlock[e97aa155] end.. owner:0x0, current_process:b91f5a00
     kworker/2:2-98    [002] d...    61.328847: worker_thread: [-] comm: kworker/2:2, pid: 98, global_func_exe_times: 24358 from (kthread+0x140/0x170) 
     kworker/2:2-98    [002] d...    61.328878: sched_switch: prev_comm=kworker/2:2 prev_pid=98 prev_prio=120 prev_state=I ==> next_comm=swapper/2 next_pid=0 next_prio=120
          <idle>-0     [000] d...    61.333866: sched_switch: prev_comm=swapper/0 prev_pid=0 prev_prio=120 prev_state=R ==> next_comm=irq/86-mmc1 next_pid=80 next_prio=49
     irq/86-mmc1-80    [000] d...    61.333985: sched_switch: prev_comm=irq/86-mmc1 prev_pid=80 prev_prio=49 prev_state=S ==> next_comm=swapper/0 next_pid=0 next_prio=120
          <idle>-0     [003] d...    61.333991: sched_switch: prev_comm=swapper/3 prev_pid=0 prev_prio=120 prev_state=R ==> next_comm=kworker/u8:2 next_pid=130 next_prio=120
    kworker/u8:2-130   [003] ....    61.333996: worker_thread: [+] comm: kworker/u8:2, pid: 130, global_func_exe_times: 24358 from (kthread+0x140/0x170) 
    kworker/u8:2-130   [003] ....    61.333999: trace_function_dummy_call: [++] comm:kworker/u8:2, pid:130, from(worker_thread+0x18c/0x60c) 
    kworker/u8:2-130   [003] d...    61.334034: sched_switch: prev_comm=kworker/u8:2 prev_pid=130 prev_prio=120 prev_state=D ==> next_comm=swapper/3 next_pid=0 next_prio=120
          <idle>-0     [003] d...    61.334061: sched_switch: prev_comm=swapper/3 prev_pid=0 prev_prio=120 prev_state=R ==> next_comm=kworker/u8:2 next_pid=130 next_prio=120
    kworker/u8:2-130   [003] d...    61.334089: sched_switch: prev_comm=kworker/u8:2 prev_pid=130 prev_prio=120 prev_state=D ==> next_comm=swapper/3 next_pid=0 next_prio=120
          <idle>-0     [003] d...    61.334115: sched_switch: prev_comm=swapper/3 prev_pid=0 prev_prio=120 prev_state=R ==> next_comm=kworker/u8:2 next_pid=130 next_prio=120
    kworker/u8:2-130   [003] d...    61.334189: sched_switch: prev_comm=kworker/u8:2 prev_pid=130 prev_prio=120 prev_state=D ==> next_comm=swapper/3 next_pid=0 next_prio=120
          <idle>-0     [003] d...    61.334216: sched_switch: prev_comm=swapper/3 prev_pid=0 prev_prio=120 prev_state=R ==> next_comm=kworker/u8:2 next_pid=130 next_prio=120
    kworker/u8:2-130   [003] d...    61.334228: worker_thread: [-] comm: kworker/u8:2, pid: 130, global_func_exe_times: 24359 from (kthread+0x140/0x170) 
    kworker/u8:2-130   [003] d...    61.334235: sched_switch: prev_comm=kworker/u8:2 prev_pid=130 prev_prio=120 prev_state=I ==> next_comm=swapper/3 next_pid=0 next_prio=120
          <idle>-0     [003] d...    61.348059: sched_switch: prev_comm=swapper/3 prev_pid=0 prev_prio=120 prev_state=R ==> next_comm=brcmf_wdog/mmc1 next_pid=266 next_prio=120
 brcmf_wdog/mmc1-266   [003] d...    61.348070: sched_switch: prev_comm=brcmf_wdog/mmc1 prev_pid=266 prev_prio=120 prev_state=S ==> next_comm=swapper/3 next_pid=0 next_prio=120
          <idle>-0     [000] d...    61.349428: sched_switch: prev_comm=swapper/0 prev_pid=0 prev_prio=120 prev_state=R ==> next_comm=irq/86-mmc1 next_pid=80 next_prio=49
          <idle>-0     [002] d...    61.349437: sched_switch: prev_comm=swapper/2 prev_pid=0 prev_prio=120 prev_state=R ==> next_comm=rngd next_pid=539 next_prio=120
            rngd-539   [002] d...    61.349453: sched_switch: prev_comm=rngd prev_pid=539 prev_prio=120 prev_state=S ==> next_comm=swapper/2 next_pid=0 next_prio=120
          <idle>-0     [003] d...    61.349542: sched_switch: prev_comm=swapper/3 prev_pid=0 prev_prio=120 prev_state=R ==> next_comm=kworker/u8:2 next_pid=130 next_prio=120
     irq/86-mmc1-80    [000] d...    61.349543: sched_switch: prev_comm=irq/86-mmc1 prev_pid=80 prev_prio=49 prev_state=S ==> next_comm=swapper/0 next_pid=0 next_prio=120
    kworker/u8:2-130   [003] ....    61.349548: worker_thread: [+] comm: kworker/u8:2, pid: 130, global_func_exe_times: 24359 from (kthread+0x140/0x170) 
    kworker/u8:2-130   [003] ....    61.349551: trace_function_dummy_call: [++] comm:kworker/u8:2, pid:130, from(worker_thread+0x18c/0x60c) 
    kworker/u8:2-130   [003] d...    61.349586: sched_switch: prev_comm=kworker/u8:2 prev_pid=130 prev_prio=120 prev_state=D ==> next_comm=swapper/3 next_pid=0 next_prio=120
          <idle>-0     [003] d...    61.349608: sched_switch: prev_comm=swapper/3 prev_pid=0 prev_prio=120 prev_state=R ==> next_comm=kworker/u8:2 next_pid=130 next_prio=120
    kworker/u8:2-130   [003] d...    61.349635: sched_switch: prev_comm=kworker/u8:2 prev_pid=130 prev_prio=120 prev_state=D ==> next_comm=swapper/3 next_pid=0 next_prio=120
          <idle>-0     [003] d...    61.349656: sched_switch: prev_comm=swapper/3 prev_pid=0 prev_prio=120 prev_state=R ==> next_comm=kworker/u8:2 next_pid=130 next_prio=120
    kworker/u8:2-130   [003] d...    61.349724: sched_switch: prev_comm=kworker/u8:2 prev_pid=130 prev_prio=120 prev_state=D ==> next_comm=sshd next_pid=1224 next_prio=120
            sshd-1224  [003] ....    61.349822: mutex_lock: [+][fastpath] mutex_lock[c907db2b] start.. owner:0, current_process:9ed28000
            sshd-1224  [003] ....    61.349827: mutex_lock: [+][fastpath] mutex_lock[c907db2b] start.. owner:9ed28000, current_process:9ed28000
            sshd-1224  [003] ....    61.349839: mutex_unlock <-n_tty_write
            sshd-1224  [003] ....    61.349859: <stack trace>
 => mutex_unlock
 => n_tty_write
 => tty_write
 => __vfs_write
 => vfs_write
 => ksys_write
 => sys_write
 => ret_fast_syscall
 => 0x7ee4c220
            sshd-1224  [003] ....    61.349863: mutex_unlock: [-] mutex_unlock[c907db2b] start.. owner:0x9ed28000, current_process:9ed28000
            sshd-1224  [003] ....    61.349867: mutex_unlock: [-] mutex_unlock[c907db2b] end.. owner:0x0, current_process:9ed28000
            sshd-1224  [003] ....    61.349870: mutex_unlock <-tty_write_unlock
            sshd-1224  [003] ....    61.349887: <stack trace>
 => mutex_unlock
 => tty_write_unlock
 => tty_write
 => __vfs_write
 => vfs_write
 => ksys_write
 => sys_write
 => ret_fast_syscall
 => 0x7ee4c220
            sshd-1224  [003] ....    61.349891: mutex_unlock: [-] mutex_unlock[304aee79] start.. owner:0x9ed28000, current_process:9ed28000
            sshd-1224  [003] ....    61.349894: mutex_unlock: [-] mutex_unlock[304aee79] end.. owner:0x0, current_process:9ed28000
            sshd-1224  [003] d...    61.349923: sched_switch: prev_comm=sshd prev_pid=1224 prev_prio=120 prev_state=S ==> next_comm=kworker/u8:0 next_pid=7 next_prio=120
    kworker/u8:0-7     [003] ....    61.349930: worker_thread: [+] comm: kworker/u8:0, pid: 7, global_func_exe_times: 24360 from (kthread+0x140/0x170) 
    kworker/u8:0-7     [003] ....    61.349933: trace_function_dummy_call: [++] comm:kworker/u8:0, pid:7, from(worker_thread+0x18c/0x60c) 
    kworker/u8:0-7     [003] ....    61.349938: mutex_lock: [+][fastpath] mutex_lock[1d5e8160] start.. owner:0, current_process:b9e85a00
    kworker/u8:0-7     [003] ....    61.349941: mutex_lock: [+][fastpath] mutex_lock[1d5e8160] start.. owner:b9e85a00, current_process:b9e85a00
    kworker/u8:0-7     [003] ....    61.349950: mutex_unlock <-flush_to_ldisc
          <idle>-0     [002] d...    61.349964: sched_switch: prev_comm=swapper/2 prev_pid=0 prev_prio=120 prev_state=R ==> next_comm=bash next_pid=1248 next_prio=120
    kworker/u8:0-7     [003] ....    61.349966: <stack trace>
 => mutex_unlock
 => flush_to_ldisc
 => process_one_work
 => worker_thread
 => kthread
 => ret_from_fork
 => 0
    kworker/u8:0-7     [003] ....    61.349970: mutex_unlock: [-] mutex_unlock[1d5e8160] start.. owner:0xb9e85a00, current_process:b9e85a00
    kworker/u8:0-7     [003] ....    61.349974: mutex_unlock: [-] mutex_unlock[1d5e8160] end.. owner:0x0, current_process:b9e85a00
    kworker/u8:0-7     [003] d...    61.349978: worker_thread: [-] comm: kworker/u8:0, pid: 7, global_func_exe_times: 24361 from (kthread+0x140/0x170) 
            bash-1248  [002] ....    61.349981: mutex_unlock <-n_tty_read
    kworker/u8:0-7     [003] d...    61.349986: sched_switch: prev_comm=kworker/u8:0 prev_pid=7 prev_prio=120 prev_state=I ==> next_comm=kworker/u8:2 next_pid=130 next_prio=120
    kworker/u8:2-130   [003] d...    61.349999: worker_thread: [-] comm: kworker/u8:2, pid: 130, global_func_exe_times: 24361 from (kthread+0x140/0x170) 
            bash-1248  [002] ....    61.350000: <stack trace>
 => mutex_unlock
 => n_tty_read
 => tty_read
 => __vfs_read
 => vfs_read
 => ksys_read
 => sys_read
 => ret_fast_syscall
 => 0x7e9b9180
            bash-1248  [002] ....    61.350005: mutex_unlock: [-] mutex_unlock[82aaf953] start.. owner:0xa0e98000, current_process:a0e98000
            bash-1248  [002] ....    61.350008: mutex_unlock: [-] mutex_unlock[82aaf953] end.. owner:0x0, current_process:a0e98000
            bash-1248  [002] ....    61.350023: mutex_lock: [+][fastpath] mutex_lock[e49fa59d] start.. owner:0, current_process:a0e98000
            bash-1248  [002] ....    61.350026: mutex_lock: [+][fastpath] mutex_lock[e49fa59d] start.. owner:a0e98000, current_process:a0e98000
            bash-1248  [002] ....    61.350028: mutex_unlock <-n_tty_write
    kworker/u8:2-130   [003] d...    61.350030: sched_switch: prev_comm=kworker/u8:2 prev_pid=130 prev_prio=120 prev_state=I ==> next_comm=swapper/3 next_pid=0 next_prio=120
            bash-1248  [002] ....    61.350046: <stack trace>
 => mutex_unlock
 => n_tty_write
 => tty_write
 => __vfs_write
 => vfs_write
 => ksys_write
 => sys_write
 => ret_fast_syscall
 => 0x7e9b91a8
            bash-1248  [002] ....    61.350050: mutex_unlock: [-] mutex_unlock[e49fa59d] start.. owner:0xa0e98000, current_process:a0e98000
            bash-1248  [002] ....    61.350053: mutex_unlock: [-] mutex_unlock[e49fa59d] end.. owner:0x0, current_process:a0e98000
            bash-1248  [002] ....    61.350056: mutex_lock: [+][fastpath] mutex_lock[e49fa59d] start.. owner:0, current_process:a0e98000
            bash-1248  [002] ....    61.350060: mutex_lock: [+][fastpath] mutex_lock[e49fa59d] start.. owner:a0e98000, current_process:a0e98000
            bash-1248  [002] ....    61.350068: mutex_unlock <-n_tty_write
          <idle>-0     [003] d...    61.350078: sched_switch: prev_comm=swapper/3 prev_pid=0 prev_prio=120 prev_state=R ==> next_comm=kworker/u8:2 next_pid=130 next_prio=120
    kworker/u8:2-130   [003] ....    61.350084: worker_thread: [+] comm: kworker/u8:2, pid: 130, global_func_exe_times: 24361 from (kthread+0x140/0x170) 
            bash-1248  [002] ....    61.350085: <stack trace>
 => mutex_unlock
 => n_tty_write
 => tty_write
 => __vfs_write
 => vfs_write
 => ksys_write
 => sys_write
 => ret_fast_syscall
 => 0x7e9b91a8
    kworker/u8:2-130   [003] ....    61.350087: trace_function_dummy_call: [++] comm:kworker/u8:2, pid:130, from(worker_thread+0x18c/0x60c) 
            bash-1248  [002] ....    61.350089: mutex_unlock: [-] mutex_unlock[e49fa59d] start.. owner:0xa0e98000, current_process:a0e98000
            bash-1248  [002] ....    61.350092: mutex_unlock: [-] mutex_unlock[e49fa59d] end.. owner:0x0, current_process:a0e98000
    kworker/u8:2-130   [003] ....    61.350092: mutex_lock: [+][fastpath] mutex_lock[cf9667cb] start.. owner:0, current_process:b8280000
            bash-1248  [002] ....    61.350095: mutex_unlock <-tty_write_unlock
    kworker/u8:2-130   [003] ....    61.350096: mutex_lock: [+][fastpath] mutex_lock[cf9667cb] start.. owner:b8280000, current_process:b8280000
    kworker/u8:2-130   [003] ....    61.350110: mutex_unlock <-flush_to_ldisc
            bash-1248  [002] ....    61.350112: <stack trace>
 => mutex_unlock
 => tty_write_unlock
 => tty_write
 => __vfs_write
 => vfs_write
 => ksys_write
 => sys_write
 => ret_fast_syscall
 => 0x7e9b91a8
            bash-1248  [002] ....    61.350115: mutex_unlock: [-] mutex_unlock[38105917] start.. owner:0xa0e98000, current_process:a0e98000
            bash-1248  [002] ....    61.350119: mutex_unlock: [-] mutex_unlock[38105917] end.. owner:0x0, current_process:a0e98000
    kworker/u8:2-130   [003] ....    61.350126: <stack trace>
 => mutex_unlock
 => flush_to_ldisc
 => process_one_work
 => worker_thread
 => kthread
 => ret_from_fork
 => 0
    kworker/u8:2-130   [003] ....    61.350130: mutex_unlock: [-] mutex_unlock[cf9667cb] start.. owner:0xb8280000, current_process:b8280000
    kworker/u8:2-130   [003] ....    61.350133: mutex_unlock: [-] mutex_unlock[cf9667cb] end.. owner:0x0, current_process:b8280000
    kworker/u8:2-130   [003] d...    61.350138: worker_thread: [-] comm: kworker/u8:2, pid: 130, global_func_exe_times: 24362 from (kthread+0x140/0x170) 
    kworker/u8:2-130   [003] d...    61.350147: sched_switch: prev_comm=kworker/u8:2 prev_pid=130 prev_prio=120 prev_state=I ==> next_comm=sshd next_pid=1224 next_prio=120
            sshd-1224  [003] ....    61.350173: mutex_unlock <-n_tty_read
            sshd-1224  [003] ....    61.350192: <stack trace>
 => mutex_unlock
 => n_tty_read
 => tty_read
 => __vfs_read
 => vfs_read
 => ksys_read
 => sys_read
 => ret_fast_syscall
 => 0x7ee48200
            sshd-1224  [003] ....    61.350196: mutex_unlock: [-] mutex_unlock[136d9518] start.. owner:0x9ed28000, current_process:9ed28000
            sshd-1224  [003] ....    61.350199: mutex_unlock: [-] mutex_unlock[136d9518] end.. owner:0x0, current_process:9ed28000
            sshd-1224  [003] d...    61.350337: sched_switch: prev_comm=sshd prev_pid=1224 prev_prio=120 prev_state=S ==> next_comm=kworker/u8:2 next_pid=130 next_prio=120
    kworker/u8:2-130   [003] ....    61.350347: worker_thread: [+] comm: kworker/u8:2, pid: 130, global_func_exe_times: 24362 from (kthread+0x140/0x170) 
    kworker/u8:2-130   [003] ....    61.350351: trace_function_dummy_call: [++] comm:kworker/u8:2, pid:130, from(worker_thread+0x18c/0x60c) 
    kworker/u8:2-130   [003] d...    61.350404: sched_switch: prev_comm=kworker/u8:2 prev_pid=130 prev_prio=120 prev_state=D ==> next_comm=swapper/3 next_pid=0 next_prio=120
          <idle>-0     [003] d...    61.350429: sched_switch: prev_comm=swapper/3 prev_pid=0 prev_prio=120 prev_state=R ==> next_comm=kworker/u8:2 next_pid=130 next_prio=120
    kworker/u8:2-130   [003] d...    61.350446: worker_thread: [-] comm: kworker/u8:2, pid: 130, global_func_exe_times: 24363 from (kthread+0x140/0x170) 
    kworker/u8:2-130   [003] d...    61.350453: sched_switch: prev_comm=kworker/u8:2 prev_pid=130 prev_prio=120 prev_state=I ==> next_comm=swapper/3 next_pid=0 next_prio=120
            bash-1248  [002] ....    61.350699: mutex_lock: [+][fastpath] mutex_lock[f36ab86d] start.. owner:0, current_process:a0e98000
            bash-1248  [002] ....    61.350704: mutex_lock: [+][fastpath] mutex_lock[f36ab86d] start.. owner:a0e98000, current_process:a0e98000
            bash-1248  [002] ....    61.350706: mutex_unlock <-tty_ioctl
            bash-1248  [002] ....    61.350725: <stack trace>
 => mutex_unlock
 => tty_ioctl
 => do_vfs_ioctl
 => ksys_ioctl
 => sys_ioctl
 => ret_fast_syscall
 => 0x7e9b91ec
            bash-1248  [002] ....    61.350730: mutex_unlock: [-] mutex_unlock[f36ab86d] start.. owner:0xa0e98000, current_process:a0e98000
            bash-1248  [002] ....    61.350733: mutex_unlock: [-] mutex_unlock[f36ab86d] end.. owner:0x0, current_process:a0e98000
            bash-1248  [002] ....    61.350739: mutex_lock: [+][fastpath] mutex_lock[f36ab86d] start.. owner:0, current_process:a0e98000
            bash-1248  [002] ....    61.350742: mutex_lock: [+][fastpath] mutex_lock[f36ab86d] start.. owner:a0e98000, current_process:a0e98000
            bash-1248  [002] ....    61.350745: mutex_unlock <-tty_do_resize
            bash-1248  [002] ....    61.350761: <stack trace>
 => mutex_unlock
 => tty_do_resize
 => tty_ioctl
 => do_vfs_ioctl
 => ksys_ioctl
 => sys_ioctl
 => ret_fast_syscall
 => 0x7e9b91ec
            bash-1248  [002] ....    61.350765: mutex_unlock: [-] mutex_unlock[f36ab86d] start.. owner:0xa0e98000, current_process:a0e98000
            bash-1248  [002] ....    61.350768: mutex_unlock: [-] mutex_unlock[f36ab86d] end.. owner:0x0, current_process:a0e98000
            bash-1248  [002] ....    61.350850: mutex_lock: [+][fastpath] mutex_lock[e49fa59d] start.. owner:0, current_process:a0e98000
            bash-1248  [002] ....    61.350854: mutex_lock: [+][fastpath] mutex_lock[e49fa59d] start.. owner:a0e98000, current_process:a0e98000
            bash-1248  [002] ....    61.350866: mutex_unlock <-n_tty_write
          <idle>-0     [003] d...    61.350875: sched_switch: prev_comm=swapper/3 prev_pid=0 prev_prio=120 prev_state=R ==> next_comm=kworker/u8:2 next_pid=130 next_prio=120
    kworker/u8:2-130   [003] ....    61.350880: worker_thread: [+] comm: kworker/u8:2, pid: 130, global_func_exe_times: 24363 from (kthread+0x140/0x170) 
    kworker/u8:2-130   [003] ....    61.350884: trace_function_dummy_call: [++] comm:kworker/u8:2, pid:130, from(worker_thread+0x18c/0x60c) 
            bash-1248  [002] ....    61.350885: <stack trace>
 => mutex_unlock
 => n_tty_write
 => tty_write
 => __vfs_write
 => vfs_write
 => ksys_write
 => sys_write
 => ret_fast_syscall
 => 0x7e9b9180
            bash-1248  [002] ....    61.350889: mutex_unlock: [-] mutex_unlock[e49fa59d] start.. owner:0xa0e98000, current_process:a0e98000
    kworker/u8:2-130   [003] ....    61.350889: mutex_lock: [+][fastpath] mutex_lock[cf9667cb] start.. owner:0, current_process:b8280000
            bash-1248  [002] ....    61.350892: mutex_unlock: [-] mutex_unlock[e49fa59d] end.. owner:0x0, current_process:a0e98000
    kworker/u8:2-130   [003] ....    61.350892: mutex_lock: [+][fastpath] mutex_lock[cf9667cb] start.. owner:b8280000, current_process:b8280000
            bash-1248  [002] ....    61.350895: mutex_unlock <-tty_write_unlock
    kworker/u8:2-130   [003] ....    61.350906: mutex_unlock <-flush_to_ldisc
            bash-1248  [002] ....    61.350913: <stack trace>
 => mutex_unlock
 => tty_write_unlock
 => tty_write
 => __vfs_write
 => vfs_write
 => ksys_write
 => sys_write
 => ret_fast_syscall
 => 0x7e9b9180
            bash-1248  [002] ....    61.350916: mutex_unlock: [-] mutex_unlock[38105917] start.. owner:0xa0e98000, current_process:a0e98000
            bash-1248  [002] ....    61.350919: mutex_unlock: [-] mutex_unlock[38105917] end.. owner:0x0, current_process:a0e98000
    kworker/u8:2-130   [003] ....    61.350924: <stack trace>
 => mutex_unlock
 => flush_to_ldisc
 => process_one_work
 => worker_thread
 => kthread
 => ret_from_fork
 => 0
    kworker/u8:2-130   [003] ....    61.350928: mutex_unlock: [-] mutex_unlock[cf9667cb] start.. owner:0xb8280000, current_process:b8280000
    kworker/u8:2-130   [003] ....    61.350932: mutex_unlock: [-] mutex_unlock[cf9667cb] end.. owner:0x0, current_process:b8280000
    kworker/u8:2-130   [003] d...    61.350936: worker_thread: [-] comm: kworker/u8:2, pid: 130, global_func_exe_times: 24364 from (kthread+0x140/0x170) 
    kworker/u8:2-130   [003] d...    61.350945: sched_switch: prev_comm=kworker/u8:2 prev_pid=130 prev_prio=120 prev_state=I ==> next_comm=sshd next_pid=1224 next_prio=120
            bash-1248  [002] d...    61.350967: sched_switch: prev_comm=bash prev_pid=1248 prev_prio=120 prev_state=S ==> next_comm=swapper/2 next_pid=0 next_prio=120
            sshd-1224  [003] ....    61.350974: mutex_unlock <-n_tty_read
            sshd-1224  [003] ....    61.350993: <stack trace>
 => mutex_unlock
 => n_tty_read
 => tty_read
 => __vfs_read
 => vfs_read
 => ksys_read
 => sys_read
 => ret_fast_syscall
 => 0x7ee48200
            sshd-1224  [003] ....    61.350997: mutex_unlock: [-] mutex_unlock[136d9518] start.. owner:0x9ed28000, current_process:9ed28000
            sshd-1224  [003] ....    61.351001: mutex_unlock: [-] mutex_unlock[136d9518] end.. owner:0x0, current_process:9ed28000
            sshd-1224  [003] d...    61.351147: sched_switch: prev_comm=sshd prev_pid=1224 prev_prio=120 prev_state=S ==> next_comm=kworker/u8:2 next_pid=130 next_prio=120
    kworker/u8:2-130   [003] ....    61.351154: worker_thread: [+] comm: kworker/u8:2, pid: 130, global_func_exe_times: 24364 from (kthread+0x140/0x170) 
    kworker/u8:2-130   [003] ....    61.351157: trace_function_dummy_call: [++] comm:kworker/u8:2, pid:130, from(worker_thread+0x18c/0x60c) 
    kworker/u8:2-130   [003] d...    61.351206: sched_switch: prev_comm=kworker/u8:2 prev_pid=130 prev_prio=120 prev_state=D ==> next_comm=swapper/3 next_pid=0 next_prio=120
          <idle>-0     [003] d...    61.351233: sched_switch: prev_comm=swapper/3 prev_pid=0 prev_prio=120 prev_state=R ==> next_comm=kworker/u8:2 next_pid=130 next_prio=120
    kworker/u8:2-130   [003] d...    61.351249: worker_thread: [-] comm: kworker/u8:2, pid: 130, global_func_exe_times: 24365 from (kthread+0x140/0x170) 
    kworker/u8:2-130   [003] d...    61.351256: sched_switch: prev_comm=kworker/u8:2 prev_pid=130 prev_prio=120 prev_state=I ==> next_comm=swapper/3 next_pid=0 next_prio=120
          <idle>-0     [003] d...    61.358065: sched_switch: prev_comm=swapper/3 prev_pid=0 prev_prio=120 prev_state=R ==> next_comm=kworker/3:2 next_pid=150 next_prio=120
     kworker/3:2-150   [003] ....    61.358072: worker_thread: [+] comm: kworker/3:2, pid: 150, global_func_exe_times: 24365 from (kthread+0x140/0x170) 
     kworker/3:2-150   [003] ....    61.358076: trace_function_dummy_call: [++] comm:kworker/3:2, pid:150, from(worker_thread+0x18c/0x60c) 
     kworker/3:2-150   [003] ....    61.358094: mutex_lock: [+][fastpath] mutex_lock[2827bf1c] start.. owner:0, current_process:b8280f00
     kworker/3:2-150   [003] ....    61.358098: mutex_lock: [+][fastpath] mutex_lock[2827bf1c] start.. owner:b8280f00, current_process:b8280f00
     kworker/3:2-150   [003] d...    61.358131: sched_switch: prev_comm=kworker/3:2 prev_pid=150 prev_prio=120 prev_state=D ==> next_comm=swapper/3 next_pid=0 next_prio=120
          <idle>-0     [003] d...    61.358151: sched_switch: prev_comm=swapper/3 prev_pid=0 prev_prio=120 prev_state=R ==> next_comm=kworker/3:2 next_pid=150 next_prio=120
     kworker/3:2-150   [003] ....    61.358155: mutex_unlock <-rpi_firmware_transaction
     kworker/3:2-150   [003] ....    61.358180: <stack trace>
 => mutex_unlock
 => rpi_firmware_transaction
 => rpi_firmware_property_list
 => rpi_firmware_property
 => get_values_poll
 => process_one_work
 => worker_thread
 => kthread
 => ret_from_fork
 => 0
     kworker/3:2-150   [003] ....    61.358185: mutex_unlock: [-] mutex_unlock[2827bf1c] start.. owner:0xb8280f00, current_process:b8280f00
     kworker/3:2-150   [003] ....    61.358188: mutex_unlock: [-] mutex_unlock[2827bf1c] end.. owner:0x0, current_process:b8280f00
     kworker/3:2-150   [003] d...    61.358203: worker_thread: [-] comm: kworker/3:2, pid: 150, global_func_exe_times: 24366 from (kthread+0x140/0x170) 
     kworker/3:2-150   [003] d...    61.358210: sched_switch: prev_comm=kworker/3:2 prev_pid=150 prev_prio=120 prev_state=I ==> next_comm=swapper/3 next_pid=0 next_prio=120
          <idle>-0     [000] d...    61.362350: sched_switch: prev_comm=swapper/0 prev_pid=0 prev_prio=120 prev_state=R ==> next_comm=irq/86-mmc1 next_pid=80 next_prio=49
          <idle>-0     [003] d...    61.362470: sched_switch: prev_comm=swapper/3 prev_pid=0 prev_prio=120 prev_state=R ==> next_comm=kworker/u8:2 next_pid=130 next_prio=120
     irq/86-mmc1-80    [000] d...    61.362471: sched_switch: prev_comm=irq/86-mmc1 prev_pid=80 prev_prio=49 prev_state=S ==> next_comm=swapper/0 next_pid=0 next_prio=120
    kworker/u8:2-130   [003] ....    61.362475: worker_thread: [+] comm: kworker/u8:2, pid: 130, global_func_exe_times: 24366 from (kthread+0x140/0x170) 
    kworker/u8:2-130   [003] ....    61.362478: trace_function_dummy_call: [++] comm:kworker/u8:2, pid:130, from(worker_thread+0x18c/0x60c) 
    kworker/u8:2-130   [003] d...    61.362516: sched_switch: prev_comm=kworker/u8:2 prev_pid=130 prev_prio=120 prev_state=D ==> next_comm=swapper/3 next_pid=0 next_prio=120
          <idle>-0     [003] d...    61.362544: sched_switch: prev_comm=swapper/3 prev_pid=0 prev_prio=120 prev_state=R ==> next_comm=kworker/u8:2 next_pid=130 next_prio=120
    kworker/u8:2-130   [003] d...    61.362573: sched_switch: prev_comm=kworker/u8:2 prev_pid=130 prev_prio=120 prev_state=D ==> next_comm=swapper/3 next_pid=0 next_prio=120
          <idle>-0     [003] d...    61.362599: sched_switch: prev_comm=swapper/3 prev_pid=0 prev_prio=120 prev_state=R ==> next_comm=kworker/u8:2 next_pid=130 next_prio=120
    kworker/u8:2-130   [003] d...    61.362688: sched_switch: prev_comm=kworker/u8:2 prev_pid=130 prev_prio=120 prev_state=D ==> next_comm=swapper/3 next_pid=0 next_prio=120
          <idle>-0     [003] d...    61.362716: sched_switch: prev_comm=swapper/3 prev_pid=0 prev_prio=120 prev_state=R ==> next_comm=kworker/u8:2 next_pid=130 next_prio=120
    kworker/u8:2-130   [003] d...    61.362729: worker_thread: [-] comm: kworker/u8:2, pid: 130, global_func_exe_times: 24367 from (kthread+0x140/0x170) 
    kworker/u8:2-130   [003] d...    61.362736: sched_switch: prev_comm=kworker/u8:2 prev_pid=130 prev_prio=120 prev_state=I ==> next_comm=swapper/3 next_pid=0 next_prio=120
          <idle>-0     [003] d...    61.378053: sched_switch: prev_comm=swapper/3 prev_pid=0 prev_prio=120 prev_state=R ==> next_comm=brcmf_wdog/mmc1 next_pid=266 next_prio=120
