# tracer: function
#
# entries-in-buffer/entries-written: 4933/4933   #P:4
#
#                              _-----=> irqs-off
#                             / _----=> need-resched
#                            | / _---=> hardirq/softirq
#                            || / _--=> preempt-depth
#                            ||| /     delay
#           TASK-PID   CPU#  ||||    TIMESTAMP  FUNCTION
#              | |       |   ||||       |         |
 rpi_mutex_debug-1271  [002] ....    58.958033: mutex_unlock <-rb_simple_write
 rpi_mutex_debug-1271  [002] ....    58.958058: <stack trace>
 => mutex_unlock
 => rb_simple_write
 => __vfs_write
 => vfs_write
 => ksys_write
 => sys_write
 => ret_fast_syscall
 => 0x7e8a7828
 rpi_mutex_debug-1271  [002] ....    58.958063: mutex_unlock: [-] mutex_unlock[27083695] start.. owner:0x9ed73c00, current_process:9ed73c00
 rpi_mutex_debug-1271  [002] ....    58.958067: mutex_unlock: [-] mutex_unlock[27083695] end.. owner:0x0, current_process:9ed73c00
 rpi_mutex_debug-1271  [002] ....    58.958094: mutex_lock: [+][fastpath] mutex_lock[27083695] start.. owner:0, current_process:9ed73c00
 rpi_mutex_debug-1271  [002] ....    58.958097: mutex_lock: [+][fastpath] mutex_lock[27083695] start.. owner:9ed73c00, current_process:9ed73c00
 rpi_mutex_debug-1271  [002] ....    58.958099: mutex_unlock <-trace_array_put
 rpi_mutex_debug-1271  [002] ....    58.958121: <stack trace>
 => mutex_unlock
 => trace_array_put
 => tracing_release_generic_tr
 => __fput
 => ____fput
 => task_work_run
 => do_work_pending
 => slow_work_pending
 => 0x76ec077c
 rpi_mutex_debug-1271  [002] ....    58.958125: mutex_unlock: [-] mutex_unlock[27083695] start.. owner:0x9ed73c00, current_process:9ed73c00
 rpi_mutex_debug-1271  [002] ....    58.958128: mutex_unlock: [-] mutex_unlock[27083695] end.. owner:0x0, current_process:9ed73c00
 rpi_mutex_debug-1271  [002] ....    58.958325: mutex_lock: [+][fastpath] mutex_lock[e49fa59d] start.. owner:0, current_process:9ed73c00
 rpi_mutex_debug-1271  [002] ....    58.958329: mutex_lock: [+][fastpath] mutex_lock[e49fa59d] start.. owner:9ed73c00, current_process:9ed73c00
 rpi_mutex_debug-1271  [002] ....    58.958340: mutex_unlock <-n_tty_write
          <idle>-0     [003] d...    58.958359: sched_switch: prev_comm=swapper/3 prev_pid=0 prev_prio=120 prev_state=R ==> next_comm=kworker/u8:0 next_pid=7 next_prio=120
 rpi_mutex_debug-1271  [002] ....    58.958361: <stack trace>
 => mutex_unlock
 => n_tty_write
 => tty_write
 => __vfs_write
 => vfs_write
 => ksys_write
 => sys_write
 => ret_fast_syscall
 => 0x7e8a7828
 rpi_mutex_debug-1271  [002] ....    58.958365: mutex_unlock: [-] mutex_unlock[e49fa59d] start.. owner:0x9ed73c00, current_process:9ed73c00
    kworker/u8:0-7     [003] ....    58.958368: worker_thread: [+] comm: kworker/u8:0, pid: 7, global_func_exe_times: 24288 from (kthread+0x140/0x170) 
 rpi_mutex_debug-1271  [002] ....    58.958369: mutex_unlock: [-] mutex_unlock[e49fa59d] end.. owner:0x0, current_process:9ed73c00
 rpi_mutex_debug-1271  [002] ....    58.958372: mutex_lock: [+][fastpath] mutex_lock[e49fa59d] start.. owner:0, current_process:9ed73c00
    kworker/u8:0-7     [003] ....    58.958373: trace_function_dummy_call: [++] comm:kworker/u8:0, pid:7, from(worker_thread+0x18c/0x60c) 
 rpi_mutex_debug-1271  [002] ....    58.958375: mutex_lock: [+][fastpath] mutex_lock[e49fa59d] start.. owner:9ed73c00, current_process:9ed73c00
    kworker/u8:0-7     [003] ....    58.958378: mutex_lock: [+][fastpath] mutex_lock[cf9667cb] start.. owner:0, current_process:b9e85a00
    kworker/u8:0-7     [003] ....    58.958382: mutex_lock: [+][fastpath] mutex_lock[cf9667cb] start.. owner:b9e85a00, current_process:b9e85a00
 rpi_mutex_debug-1271  [002] ....    58.958383: mutex_unlock <-n_tty_write
 rpi_mutex_debug-1271  [002] ....    58.958401: <stack trace>
 => mutex_unlock
 => n_tty_write
 => tty_write
 => __vfs_write
 => vfs_write
 => ksys_write
 => sys_write
 => ret_fast_syscall
 => 0x7e8a7828
 rpi_mutex_debug-1271  [002] ....    58.958405: mutex_unlock: [-] mutex_unlock[e49fa59d] start.. owner:0x9ed73c00, current_process:9ed73c00
 rpi_mutex_debug-1271  [002] ....    58.958408: mutex_unlock: [-] mutex_unlock[e49fa59d] end.. owner:0x0, current_process:9ed73c00
    kworker/u8:0-7     [003] ....    58.958408: mutex_unlock <-flush_to_ldisc
 rpi_mutex_debug-1271  [002] ....    58.958411: mutex_unlock <-tty_write_unlock
    kworker/u8:0-7     [003] ....    58.958427: <stack trace>
 => mutex_unlock
 => flush_to_ldisc
 => process_one_work
 => worker_thread
 => kthread
 => ret_from_fork
 => 0
 rpi_mutex_debug-1271  [002] ....    58.958429: <stack trace>
 => mutex_unlock
 => tty_write_unlock
 => tty_write
 => __vfs_write
 => vfs_write
 => ksys_write
 => sys_write
 => ret_fast_syscall
 => 0x7e8a7828
    kworker/u8:0-7     [003] ....    58.958431: mutex_unlock: [-] mutex_unlock[cf9667cb] start.. owner:0xb9e85a00, current_process:b9e85a00
 rpi_mutex_debug-1271  [002] ....    58.958432: mutex_unlock: [-] mutex_unlock[38105917] start.. owner:0x9ed73c00, current_process:9ed73c00
    kworker/u8:0-7     [003] ....    58.958434: mutex_unlock: [-] mutex_unlock[cf9667cb] end.. owner:0x0, current_process:b9e85a00
 rpi_mutex_debug-1271  [002] ....    58.958436: mutex_unlock: [-] mutex_unlock[38105917] end.. owner:0x0, current_process:9ed73c00
    kworker/u8:0-7     [003] ....    58.958439: mutex_lock: [+][fastpath] mutex_lock[cf9667cb] start.. owner:0, current_process:b9e85a00
    kworker/u8:0-7     [003] ....    58.958442: mutex_lock: [+][fastpath] mutex_lock[cf9667cb] start.. owner:b9e85a00, current_process:b9e85a00
    kworker/u8:0-7     [003] ....    58.958444: mutex_unlock <-flush_to_ldisc
    kworker/u8:0-7     [003] ....    58.958459: <stack trace>
 => mutex_unlock
 => flush_to_ldisc
 => process_one_work
 => worker_thread
 => kthread
 => ret_from_fork
 => 0
    kworker/u8:0-7     [003] ....    58.958462: mutex_unlock: [-] mutex_unlock[cf9667cb] start.. owner:0xb9e85a00, current_process:b9e85a00
    kworker/u8:0-7     [003] ....    58.958466: mutex_unlock: [-] mutex_unlock[cf9667cb] end.. owner:0x0, current_process:b9e85a00
    kworker/u8:0-7     [003] d...    58.958470: worker_thread: [-] comm: kworker/u8:0, pid: 7, global_func_exe_times: 24289 from (kthread+0x140/0x170) 
    kworker/u8:0-7     [003] d...    58.958479: sched_switch: prev_comm=kworker/u8:0 prev_pid=7 prev_prio=120 prev_state=I ==> next_comm=kworker/u8:2 next_pid=130 next_prio=120
    kworker/u8:2-130   [003] ....    58.958486: worker_thread: [+] comm: kworker/u8:2, pid: 130, global_func_exe_times: 24289 from (kthread+0x140/0x170) 
    kworker/u8:2-130   [003] ....    58.958489: trace_function_dummy_call: [++] comm:kworker/u8:2, pid:130, from(worker_thread+0x18c/0x60c) 
    kworker/u8:2-130   [003] d...    58.958499: sched_switch: prev_comm=kworker/u8:2 prev_pid=130 prev_prio=120 prev_state=I ==> next_comm=sshd next_pid=1224 next_prio=120
            sshd-1224  [003] ....    58.958548: mutex_unlock <-n_tty_read
            sshd-1224  [003] ....    58.958567: <stack trace>
 => mutex_unlock
 => n_tty_read
 => tty_read
 => __vfs_read
 => vfs_read
 => ksys_read
 => sys_read
 => ret_fast_syscall
 => 0x7ee48200
            sshd-1224  [003] ....    58.958572: mutex_unlock: [-] mutex_unlock[136d9518] start.. owner:0x9ed28000, current_process:9ed28000
            sshd-1224  [003] ....    58.958575: mutex_unlock: [-] mutex_unlock[136d9518] end.. owner:0x0, current_process:9ed28000
 rpi_mutex_debug-1271  [002] ....    58.958623: do_exit: [+] comm: rpi_mutex_debug, pid: 1271, global_func_exe_times: 948
 rpi_mutex_debug-1271  [002] ....    58.958627: trace_function_dummy_call: [++] comm:rpi_mutex_debug, pid:1271, from(do_exit+0x80/0xc44) 
 rpi_mutex_debug-1271  [002] ....    58.958634: do_exit: [-] comm: rpi_mutex_debug, pid: 1271, global_func_exe_times: 949
            sshd-1224  [003] d...    58.958798: sched_switch: prev_comm=sshd prev_pid=1224 prev_prio=120 prev_state=S ==> next_comm=kworker/u8:2 next_pid=130 next_prio=120
    kworker/u8:2-130   [003] ....    58.958806: worker_thread: [+] comm: kworker/u8:2, pid: 130, global_func_exe_times: 24290 from (kthread+0x140/0x170) 
    kworker/u8:2-130   [003] ....    58.958809: trace_function_dummy_call: [++] comm:kworker/u8:2, pid:130, from(worker_thread+0x18c/0x60c) 
    kworker/u8:2-130   [003] d...    58.958864: sched_switch: prev_comm=kworker/u8:2 prev_pid=130 prev_prio=120 prev_state=D ==> next_comm=swapper/3 next_pid=0 next_prio=120
          <idle>-0     [003] d...    58.958898: sched_switch: prev_comm=swapper/3 prev_pid=0 prev_prio=120 prev_state=R ==> next_comm=kworker/u8:2 next_pid=130 next_prio=120
    kworker/u8:2-130   [003] d...    58.958911: sched_switch: prev_comm=kworker/u8:2 prev_pid=130 prev_prio=120 prev_state=D ==> next_comm=swapper/3 next_pid=0 next_prio=120
 rpi_mutex_debug-1271  [002] ....    58.959406: mutex_lock: [+][fastpath] mutex_lock[b4b39e93] start.. owner:0, current_process:9ed73c00
 rpi_mutex_debug-1271  [002] ....    58.959411: mutex_lock: [+][fastpath] mutex_lock[b4b39e93] start.. owner:9ed73c00, current_process:9ed73c00
 rpi_mutex_debug-1271  [002] ....    58.959413: mutex_unlock <-perf_event_exit_task
 rpi_mutex_debug-1271  [002] ....    58.959432: <stack trace>
 => mutex_unlock
 => perf_event_exit_task
 => do_exit
 => do_group_exit
 => __wake_up_parent
 => ret_fast_syscall
 => 0x7e8a7a58
 rpi_mutex_debug-1271  [002] ....    58.959436: mutex_unlock: [-] mutex_unlock[b4b39e93] start.. owner:0x9ed73c00, current_process:9ed73c00
 rpi_mutex_debug-1271  [002] ....    58.959439: mutex_unlock: [-] mutex_unlock[b4b39e93] end.. owner:0x0, current_process:9ed73c00
 rpi_mutex_debug-1271  [002] d...    58.959507: sched_switch: prev_comm=rpi_mutex_debug prev_pid=1271 prev_prio=120 prev_state=Z ==> next_comm=bash next_pid=1248 next_prio=120
            bash-1248  [002] ....    58.959646: mutex_lock: [+][fastpath] mutex_lock[f36ab86d] start.. owner:0, current_process:a0e98000
            bash-1248  [002] ....    58.959650: mutex_lock: [+][fastpath] mutex_lock[f36ab86d] start.. owner:a0e98000, current_process:a0e98000
            bash-1248  [002] ....    58.959653: mutex_unlock <-tty_ioctl
            bash-1248  [002] ....    58.959671: <stack trace>
 => mutex_unlock
 => tty_ioctl
 => do_vfs_ioctl
 => ksys_ioctl
 => sys_ioctl
 => ret_fast_syscall
 => 0x7e9b996c
            bash-1248  [002] ....    58.959675: mutex_unlock: [-] mutex_unlock[f36ab86d] start.. owner:0xa0e98000, current_process:a0e98000
            bash-1248  [002] ....    58.959679: mutex_unlock: [-] mutex_unlock[f36ab86d] end.. owner:0x0, current_process:a0e98000
            bash-1248  [002] ....    58.959969: mutex_lock: [+][fastpath] mutex_lock[f36ab86d] start.. owner:0, current_process:a0e98000
            bash-1248  [002] ....    58.959973: mutex_lock: [+][fastpath] mutex_lock[f36ab86d] start.. owner:a0e98000, current_process:a0e98000
            bash-1248  [002] ....    58.959976: mutex_unlock <-tty_ioctl
            bash-1248  [002] ....    58.959993: <stack trace>
 => mutex_unlock
 => tty_ioctl
 => do_vfs_ioctl
 => ksys_ioctl
 => sys_ioctl
 => ret_fast_syscall
 => 0x7e9b91ec
            bash-1248  [002] ....    58.959997: mutex_unlock: [-] mutex_unlock[f36ab86d] start.. owner:0xa0e98000, current_process:a0e98000
            bash-1248  [002] ....    58.960000: mutex_unlock: [-] mutex_unlock[f36ab86d] end.. owner:0x0, current_process:a0e98000
            bash-1248  [002] ....    58.960006: mutex_lock: [+][fastpath] mutex_lock[f36ab86d] start.. owner:0, current_process:a0e98000
            bash-1248  [002] ....    58.960010: mutex_lock: [+][fastpath] mutex_lock[f36ab86d] start.. owner:a0e98000, current_process:a0e98000
            bash-1248  [002] ....    58.960012: mutex_unlock <-tty_do_resize
            bash-1248  [002] ....    58.960029: <stack trace>
 => mutex_unlock
 => tty_do_resize
 => tty_ioctl
 => do_vfs_ioctl
 => ksys_ioctl
 => sys_ioctl
 => ret_fast_syscall
 => 0x7e9b91ec
            bash-1248  [002] ....    58.960032: mutex_unlock: [-] mutex_unlock[f36ab86d] start.. owner:0xa0e98000, current_process:a0e98000
            bash-1248  [002] ....    58.960036: mutex_unlock: [-] mutex_unlock[f36ab86d] end.. owner:0x0, current_process:a0e98000
            bash-1248  [002] ....    58.960153: mutex_lock: [+][fastpath] mutex_lock[e49fa59d] start.. owner:0, current_process:a0e98000
            bash-1248  [002] ....    58.960157: mutex_lock: [+][fastpath] mutex_lock[e49fa59d] start.. owner:a0e98000, current_process:a0e98000
            bash-1248  [002] ....    58.960171: mutex_unlock <-n_tty_write
          <idle>-0     [003] d...    58.960185: sched_switch: prev_comm=swapper/3 prev_pid=0 prev_prio=120 prev_state=R ==> next_comm=kworker/u8:0 next_pid=7 next_prio=120
            bash-1248  [002] ....    58.960191: <stack trace>
 => mutex_unlock
 => n_tty_write
 => tty_write
 => __vfs_write
 => vfs_write
 => ksys_write
 => sys_write
 => ret_fast_syscall
 => 0x7e9b9180
    kworker/u8:0-7     [003] ....    58.960192: worker_thread: [+] comm: kworker/u8:0, pid: 7, global_func_exe_times: 24291 from (kthread+0x140/0x170) 
            bash-1248  [002] ....    58.960195: mutex_unlock: [-] mutex_unlock[e49fa59d] start.. owner:0xa0e98000, current_process:a0e98000
    kworker/u8:0-7     [003] ....    58.960196: trace_function_dummy_call: [++] comm:kworker/u8:0, pid:7, from(worker_thread+0x18c/0x60c) 
            bash-1248  [002] ....    58.960198: mutex_unlock: [-] mutex_unlock[e49fa59d] end.. owner:0x0, current_process:a0e98000
    kworker/u8:0-7     [003] ....    58.960201: mutex_lock: [+][fastpath] mutex_lock[cf9667cb] start.. owner:0, current_process:b9e85a00
            bash-1248  [002] ....    58.960201: mutex_unlock <-tty_write_unlock
    kworker/u8:0-7     [003] ....    58.960204: mutex_lock: [+][fastpath] mutex_lock[cf9667cb] start.. owner:b9e85a00, current_process:b9e85a00
            bash-1248  [002] ....    58.960219: <stack trace>
 => mutex_unlock
 => tty_write_unlock
 => tty_write
 => __vfs_write
 => vfs_write
 => ksys_write
 => sys_write
 => ret_fast_syscall
 => 0x7e9b9180
    kworker/u8:0-7     [003] ....    58.960223: mutex_unlock <-flush_to_ldisc
            bash-1248  [002] ....    58.960223: mutex_unlock: [-] mutex_unlock[38105917] start.. owner:0xa0e98000, current_process:a0e98000
            bash-1248  [002] ....    58.960226: mutex_unlock: [-] mutex_unlock[38105917] end.. owner:0x0, current_process:a0e98000
    kworker/u8:0-7     [003] ....    58.960243: <stack trace>
 => mutex_unlock
 => flush_to_ldisc
 => process_one_work
 => worker_thread
 => kthread
 => ret_from_fork
 => 0
    kworker/u8:0-7     [003] ....    58.960247: mutex_unlock: [-] mutex_unlock[cf9667cb] start.. owner:0xb9e85a00, current_process:b9e85a00
    kworker/u8:0-7     [003] ....    58.960250: mutex_unlock: [-] mutex_unlock[cf9667cb] end.. owner:0x0, current_process:b9e85a00
    kworker/u8:0-7     [003] d...    58.960255: worker_thread: [-] comm: kworker/u8:0, pid: 7, global_func_exe_times: 24292 from (kthread+0x140/0x170) 
    kworker/u8:0-7     [003] d...    58.960265: sched_switch: prev_comm=kworker/u8:0 prev_pid=7 prev_prio=120 prev_state=I ==> next_comm=sshd next_pid=1224 next_prio=120
            bash-1248  [002] d...    58.960277: sched_switch: prev_comm=bash prev_pid=1248 prev_prio=120 prev_state=S ==> next_comm=swapper/2 next_pid=0 next_prio=120
            sshd-1224  [003] ....    58.960302: mutex_unlock <-n_tty_read
            sshd-1224  [003] ....    58.960320: <stack trace>
 => mutex_unlock
 => n_tty_read
 => tty_read
 => __vfs_read
 => vfs_read
 => ksys_read
 => sys_read
 => ret_fast_syscall
 => 0x7ee48200
            sshd-1224  [003] ....    58.960325: mutex_unlock: [-] mutex_unlock[136d9518] start.. owner:0x9ed28000, current_process:9ed28000
            sshd-1224  [003] ....    58.960328: mutex_unlock: [-] mutex_unlock[136d9518] end.. owner:0x0, current_process:9ed28000
            sshd-1224  [003] d...    58.960444: sched_switch: prev_comm=sshd prev_pid=1224 prev_prio=120 prev_state=S ==> next_comm=swapper/3 next_pid=0 next_prio=120
          <idle>-0     [003] d...    58.961931: sched_switch: prev_comm=swapper/3 prev_pid=0 prev_prio=120 prev_state=R ==> next_comm=kworker/u8:2 next_pid=130 next_prio=120
    kworker/u8:2-130   [003] d...    58.961952: sched_switch: prev_comm=kworker/u8:2 prev_pid=130 prev_prio=120 prev_state=D ==> next_comm=swapper/3 next_pid=0 next_prio=120
          <idle>-0     [003] d...    58.961978: sched_switch: prev_comm=swapper/3 prev_pid=0 prev_prio=120 prev_state=R ==> next_comm=kworker/u8:2 next_pid=130 next_prio=120
    kworker/u8:2-130   [003] d...    58.962028: sched_switch: prev_comm=kworker/u8:2 prev_pid=130 prev_prio=120 prev_state=D ==> next_comm=swapper/3 next_pid=0 next_prio=120
          <idle>-0     [003] d...    58.962068: sched_switch: prev_comm=swapper/3 prev_pid=0 prev_prio=120 prev_state=R ==> next_comm=kworker/u8:2 next_pid=130 next_prio=120
    kworker/u8:2-130   [003] d...    58.962205: sched_switch: prev_comm=kworker/u8:2 prev_pid=130 prev_prio=120 prev_state=D ==> next_comm=ksoftirqd/3 next_pid=26 next_prio=120
     ksoftirqd/3-26    [003] d...    58.962217: sched_switch: prev_comm=ksoftirqd/3 prev_pid=26 prev_prio=120 prev_state=S ==> next_comm=kworker/u8:0 next_pid=7 next_prio=120
    kworker/u8:0-7     [003] ....    58.962223: worker_thread: [+] comm: kworker/u8:0, pid: 7, global_func_exe_times: 24292 from (kthread+0x140/0x170) 
    kworker/u8:0-7     [003] ....    58.962227: trace_function_dummy_call: [++] comm:kworker/u8:0, pid:7, from(worker_thread+0x18c/0x60c) 
    kworker/u8:0-7     [003] d...    58.962245: sched_switch: prev_comm=kworker/u8:0 prev_pid=7 prev_prio=120 prev_state=I ==> next_comm=swapper/3 next_pid=0 next_prio=120
          <idle>-0     [003] d...    58.962257: sched_switch: prev_comm=swapper/3 prev_pid=0 prev_prio=120 prev_state=R ==> next_comm=kworker/u8:2 next_pid=130 next_prio=120
    kworker/u8:2-130   [003] d...    58.962275: worker_thread: [-] comm: kworker/u8:2, pid: 130, global_func_exe_times: 24293 from (kthread+0x140/0x170) 
    kworker/u8:2-130   [003] d...    58.962282: sched_switch: prev_comm=kworker/u8:2 prev_pid=130 prev_prio=120 prev_state=I ==> next_comm=swapper/3 next_pid=0 next_prio=120
          <idle>-0     [002] d...    58.968030: sched_switch: prev_comm=swapper/2 prev_pid=0 prev_prio=120 prev_state=R ==> next_comm=rcu_sched next_pid=10 next_prio=120
       rcu_sched-10    [002] d...    58.968063: sched_switch: prev_comm=rcu_sched prev_pid=10 prev_prio=120 prev_state=I ==> next_comm=swapper/2 next_pid=0 next_prio=120
          <idle>-0     [002] d...    58.969261: sched_switch: prev_comm=swapper/2 prev_pid=0 prev_prio=120 prev_state=R ==> next_comm=systemd next_pid=1 next_prio=120
         systemd-1     [002] ....    58.969272: mutex_lock: [+][fastpath] mutex_lock[b7bb42ef] start.. owner:0, current_process:b9e80000
         systemd-1     [002] ....    58.969275: mutex_lock: [+][fastpath] mutex_lock[b7bb42ef] start.. owner:b9e80000, current_process:b9e80000
         systemd-1     [002] ....    58.969282: mutex_unlock <-ep_scan_ready_list.constprop.0
         systemd-1     [002] ....    58.969299: <stack trace>
 => mutex_unlock
 => ep_scan_ready_list.constprop.0
 => do_epoll_wait
 => sys_epoll_wait
 => ret_fast_syscall
 => 0x7ed042e0
         systemd-1     [002] ....    58.969303: mutex_unlock: [-] mutex_unlock[b7bb42ef] start.. owner:0xb9e80000, current_process:b9e80000
         systemd-1     [002] ....    58.969307: mutex_unlock: [-] mutex_unlock[b7bb42ef] end.. owner:0x0, current_process:b9e80000
         systemd-1     [002] ....    58.969483: mutex_lock: [+][fastpath] mutex_lock[b7bb42ef] start.. owner:0, current_process:b9e80000
         systemd-1     [002] ....    58.969487: mutex_lock: [+][fastpath] mutex_lock[b7bb42ef] start.. owner:b9e80000, current_process:b9e80000
         systemd-1     [002] ....    58.969491: mutex_unlock <-ep_scan_ready_list.constprop.0
         systemd-1     [002] ....    58.969507: <stack trace>
 => mutex_unlock
 => ep_scan_ready_list.constprop.0
 => do_epoll_wait
 => sys_epoll_wait
 => ret_fast_syscall
 => 0x7ed042e0
         systemd-1     [002] ....    58.969511: mutex_unlock: [-] mutex_unlock[b7bb42ef] start.. owner:0xb9e80000, current_process:b9e80000
         systemd-1     [002] ....    58.969515: mutex_unlock: [-] mutex_unlock[b7bb42ef] end.. owner:0x0, current_process:b9e80000
         systemd-1     [002] d...    58.969527: sched_switch: prev_comm=systemd prev_pid=1 prev_prio=120 prev_state=S ==> next_comm=swapper/2 next_pid=0 next_prio=120
          <idle>-0     [000] d...    58.970213: sched_switch: prev_comm=swapper/0 prev_pid=0 prev_prio=120 prev_state=R ==> next_comm=irq/86-mmc1 next_pid=80 next_prio=49
     irq/86-mmc1-80    [000] d...    58.970343: sched_switch: prev_comm=irq/86-mmc1 prev_pid=80 prev_prio=49 prev_state=S ==> next_comm=swapper/0 next_pid=0 next_prio=120
          <idle>-0     [003] d...    58.970348: sched_switch: prev_comm=swapper/3 prev_pid=0 prev_prio=120 prev_state=R ==> next_comm=kworker/u8:2 next_pid=130 next_prio=120
    kworker/u8:2-130   [003] ....    58.970354: worker_thread: [+] comm: kworker/u8:2, pid: 130, global_func_exe_times: 24293 from (kthread+0x140/0x170) 
    kworker/u8:2-130   [003] ....    58.970357: trace_function_dummy_call: [++] comm:kworker/u8:2, pid:130, from(worker_thread+0x18c/0x60c) 
    kworker/u8:2-130   [003] d...    58.970396: sched_switch: prev_comm=kworker/u8:2 prev_pid=130 prev_prio=120 prev_state=D ==> next_comm=swapper/3 next_pid=0 next_prio=120
          <idle>-0     [003] d...    58.970423: sched_switch: prev_comm=swapper/3 prev_pid=0 prev_prio=120 prev_state=R ==> next_comm=kworker/u8:2 next_pid=130 next_prio=120
    kworker/u8:2-130   [003] d...    58.970452: sched_switch: prev_comm=kworker/u8:2 prev_pid=130 prev_prio=120 prev_state=D ==> next_comm=swapper/3 next_pid=0 next_prio=120
          <idle>-0     [003] d...    58.970478: sched_switch: prev_comm=swapper/3 prev_pid=0 prev_prio=120 prev_state=R ==> next_comm=kworker/u8:2 next_pid=130 next_prio=120
    kworker/u8:2-130   [003] d...    58.970579: sched_switch: prev_comm=kworker/u8:2 prev_pid=130 prev_prio=120 prev_state=D ==> next_comm=swapper/3 next_pid=0 next_prio=120
          <idle>-0     [003] d...    58.970607: sched_switch: prev_comm=swapper/3 prev_pid=0 prev_prio=120 prev_state=R ==> next_comm=kworker/u8:2 next_pid=130 next_prio=120
    kworker/u8:2-130   [003] d...    58.970620: worker_thread: [-] comm: kworker/u8:2, pid: 130, global_func_exe_times: 24294 from (kthread+0x140/0x170) 
    kworker/u8:2-130   [003] d...    58.970626: sched_switch: prev_comm=kworker/u8:2 prev_pid=130 prev_prio=120 prev_state=I ==> next_comm=swapper/3 next_pid=0 next_prio=120
          <idle>-0     [002] d...    58.988006: sched_switch: prev_comm=swapper/2 prev_pid=0 prev_prio=120 prev_state=R ==> next_comm=rcu_sched next_pid=10 next_prio=120
       rcu_sched-10    [002] d...    58.988023: sched_switch: prev_comm=rcu_sched prev_pid=10 prev_prio=120 prev_state=I ==> next_comm=swapper/2 next_pid=0 next_prio=120
          <idle>-0     [003] d...    58.988024: sched_switch: prev_comm=swapper/3 prev_pid=0 prev_prio=120 prev_state=R ==> next_comm=brcmf_wdog/mmc1 next_pid=266 next_prio=120
 brcmf_wdog/mmc1-266   [003] d...    58.988036: sched_switch: prev_comm=brcmf_wdog/mmc1 prev_pid=266 prev_prio=120 prev_state=S ==> next_comm=swapper/3 next_pid=0 next_prio=120
          <idle>-0     [002] d...    59.008002: sched_switch: prev_comm=swapper/2 prev_pid=0 prev_prio=120 prev_state=R ==> next_comm=rcu_sched next_pid=10 next_prio=120
          <idle>-0     [003] d...    59.008018: sched_switch: prev_comm=swapper/3 prev_pid=0 prev_prio=120 prev_state=R ==> next_comm=brcmf_wdog/mmc1 next_pid=266 next_prio=120
       rcu_sched-10    [002] d...    59.008032: sched_switch: prev_comm=rcu_sched prev_pid=10 prev_prio=120 prev_state=I ==> next_comm=swapper/2 next_pid=0 next_prio=120
 brcmf_wdog/mmc1-266   [003] d...    59.008040: sched_switch: prev_comm=brcmf_wdog/mmc1 prev_pid=266 prev_prio=120 prev_state=D ==> next_comm=swapper/3 next_pid=0 next_prio=120
          <idle>-0     [003] d...    59.008066: sched_switch: prev_comm=swapper/3 prev_pid=0 prev_prio=120 prev_state=R ==> next_comm=brcmf_wdog/mmc1 next_pid=266 next_prio=120
 brcmf_wdog/mmc1-266   [003] d...    59.008082: sched_switch: prev_comm=brcmf_wdog/mmc1 prev_pid=266 prev_prio=120 prev_state=D ==> next_comm=swapper/3 next_pid=0 next_prio=120
          <idle>-0     [003] d...    59.008108: sched_switch: prev_comm=swapper/3 prev_pid=0 prev_prio=120 prev_state=R ==> next_comm=brcmf_wdog/mmc1 next_pid=266 next_prio=120
 brcmf_wdog/mmc1-266   [003] d...    59.008123: sched_switch: prev_comm=brcmf_wdog/mmc1 prev_pid=266 prev_prio=120 prev_state=D ==> next_comm=swapper/3 next_pid=0 next_prio=120
          <idle>-0     [003] d...    59.008148: sched_switch: prev_comm=swapper/3 prev_pid=0 prev_prio=120 prev_state=R ==> next_comm=brcmf_wdog/mmc1 next_pid=266 next_prio=120
 brcmf_wdog/mmc1-266   [003] d...    59.008159: sched_switch: prev_comm=brcmf_wdog/mmc1 prev_pid=266 prev_prio=120 prev_state=S ==> next_comm=swapper/3 next_pid=0 next_prio=120
          <idle>-0     [002] d...    59.025243: sched_switch: prev_comm=swapper/2 prev_pid=0 prev_prio=120 prev_state=R ==> next_comm=mosquitto next_pid=465 next_prio=120
       mosquitto-465   [002] d...    59.025288: sched_switch: prev_comm=mosquitto prev_pid=465 prev_prio=120 prev_state=S ==> next_comm=kworker/2:2 next_pid=98 next_prio=120
     kworker/2:2-98    [002] ....    59.025297: worker_thread: [+] comm: kworker/2:2, pid: 98, global_func_exe_times: 24294 from (kthread+0x140/0x170) 
     kworker/2:2-98    [002] ....    59.025301: trace_function_dummy_call: [++] comm:kworker/2:2, pid:98, from(worker_thread+0x18c/0x60c) 
     kworker/2:2-98    [002] ....    59.025306: mutex_lock: [+][fastpath] mutex_lock[e97aa155] start.. owner:0, current_process:b91f5a00
     kworker/2:2-98    [002] ....    59.025310: mutex_lock: [+][fastpath] mutex_lock[e97aa155] start.. owner:b91f5a00, current_process:b91f5a00
     kworker/2:2-98    [002] ....    59.025321: mutex_unlock <-dbs_work_handler
     kworker/2:2-98    [002] ....    59.025341: <stack trace>
 => mutex_unlock
 => dbs_work_handler
 => process_one_work
 => worker_thread
 => kthread
 => ret_from_fork
 => 0
     kworker/2:2-98    [002] ....    59.025345: mutex_unlock: [-] mutex_unlock[e97aa155] start.. owner:0xb91f5a00, current_process:b91f5a00
     kworker/2:2-98    [002] ....    59.025348: mutex_unlock: [-] mutex_unlock[e97aa155] end.. owner:0x0, current_process:b91f5a00
     kworker/2:2-98    [002] d...    59.025353: worker_thread: [-] comm: kworker/2:2, pid: 98, global_func_exe_times: 24295 from (kthread+0x140/0x170) 
     kworker/2:2-98    [002] d...    59.025382: sched_switch: prev_comm=kworker/2:2 prev_pid=98 prev_prio=120 prev_state=I ==> next_comm=swapper/2 next_pid=0 next_prio=120
          <idle>-0     [002] d...    59.028010: sched_switch: prev_comm=swapper/2 prev_pid=0 prev_prio=120 prev_state=R ==> next_comm=rcu_sched next_pid=10 next_prio=120
       rcu_sched-10    [002] d...    59.028031: sched_switch: prev_comm=rcu_sched prev_pid=10 prev_prio=120 prev_state=I ==> next_comm=swapper/2 next_pid=0 next_prio=120
          <idle>-0     [002] d...    59.036969: sched_switch: prev_comm=swapper/2 prev_pid=0 prev_prio=120 prev_state=R ==> next_comm=rngd next_pid=539 next_prio=120
            rngd-539   [002] d...    59.036988: sched_switch: prev_comm=rngd prev_pid=539 prev_prio=120 prev_state=S ==> next_comm=swapper/2 next_pid=0 next_prio=120
          <idle>-0     [002] d...    59.038014: sched_switch: prev_comm=swapper/2 prev_pid=0 prev_prio=120 prev_state=R ==> next_comm=kworker/2:2 next_pid=98 next_prio=120
          <idle>-0     [001] d...    59.038019: sched_switch: prev_comm=swapper/1 prev_pid=0 prev_prio=120 prev_state=R ==> next_comm=kworker/1:2 next_pid=74 next_prio=120
     kworker/2:2-98    [002] ....    59.038021: worker_thread: [+] comm: kworker/2:2, pid: 98, global_func_exe_times: 24295 from (kthread+0x140/0x170) 
     kworker/2:2-98    [002] ....    59.038027: trace_function_dummy_call: [++] comm:kworker/2:2, pid:98, from(worker_thread+0x18c/0x60c) 
     kworker/1:2-74    [001] ....    59.038028: worker_thread: [+] comm: kworker/1:2, pid: 74, global_func_exe_times: 24296 from (kthread+0x140/0x170) 
     kworker/1:2-74    [001] ....    59.038032: trace_function_dummy_call: [++] comm:kworker/1:2, pid:74, from(worker_thread+0x18c/0x60c) 
     kworker/2:2-98    [002] d...    59.038043: worker_thread: [-] comm: kworker/2:2, pid: 98, global_func_exe_times: 24297 from (kthread+0x140/0x170) 
     kworker/2:2-98    [002] d...    59.038050: sched_switch: prev_comm=kworker/2:2 prev_pid=98 prev_prio=120 prev_state=I ==> next_comm=swapper/2 next_pid=0 next_prio=120
     kworker/1:2-74    [001] d...    59.038086: sched_switch: prev_comm=kworker/1:2 prev_pid=74 prev_prio=120 prev_state=D ==> next_comm=ksoftirqd/1 next_pid=16 next_prio=120
     ksoftirqd/1-16    [001] d...    59.038110: sched_switch: prev_comm=ksoftirqd/1 prev_pid=16 prev_prio=120 prev_state=S ==> next_comm=kworker/1:1 next_pid=32 next_prio=120
     kworker/1:1-32    [001] ....    59.038117: worker_thread: [+] comm: kworker/1:1, pid: 32, global_func_exe_times: 24297 from (kthread+0x140/0x170) 
     kworker/1:1-32    [001] ....    59.038120: trace_function_dummy_call: [++] comm:kworker/1:1, pid:32, from(worker_thread+0x18c/0x60c) 
     kworker/1:1-32    [001] d...    59.038129: sched_switch: prev_comm=kworker/1:1 prev_pid=32 prev_prio=120 prev_state=I ==> next_comm=kworker/1:2 next_pid=74 next_prio=120
     kworker/1:2-74    [001] d...    59.038151: worker_thread: [-] comm: kworker/1:2, pid: 74, global_func_exe_times: 24298 from (kthread+0x140/0x170) 
     kworker/1:2-74    [001] d...    59.038176: sched_switch: prev_comm=kworker/1:2 prev_pid=74 prev_prio=120 prev_state=I ==> next_comm=swapper/1 next_pid=0 next_prio=120
          <idle>-0     [002] d...    59.048009: sched_switch: prev_comm=swapper/2 prev_pid=0 prev_prio=120 prev_state=R ==> next_comm=rcu_sched next_pid=10 next_prio=120
       rcu_sched-10    [002] d...    59.048028: sched_switch: prev_comm=rcu_sched prev_pid=10 prev_prio=120 prev_state=I ==> next_comm=swapper/2 next_pid=0 next_prio=120
          <idle>-0     [002] d...    59.068006: sched_switch: prev_comm=swapper/2 prev_pid=0 prev_prio=120 prev_state=R ==> next_comm=rcu_sched next_pid=10 next_prio=120
       rcu_sched-10    [002] d...    59.068022: sched_switch: prev_comm=rcu_sched prev_pid=10 prev_prio=120 prev_state=I ==> next_comm=swapper/2 next_pid=0 next_prio=120
          <idle>-0     [002] d...    59.125408: sched_switch: prev_comm=swapper/2 prev_pid=0 prev_prio=120 prev_state=R ==> next_comm=mosquitto next_pid=465 next_prio=120
       mosquitto-465   [002] d...    59.125436: sched_switch: prev_comm=mosquitto prev_pid=465 prev_prio=120 prev_state=S ==> next_comm=kworker/2:2 next_pid=98 next_prio=120
     kworker/2:2-98    [002] ....    59.125442: worker_thread: [+] comm: kworker/2:2, pid: 98, global_func_exe_times: 24298 from (kthread+0x140/0x170) 
     kworker/2:2-98    [002] ....    59.125446: trace_function_dummy_call: [++] comm:kworker/2:2, pid:98, from(worker_thread+0x18c/0x60c) 
     kworker/2:2-98    [002] ....    59.125451: mutex_lock: [+][fastpath] mutex_lock[e97aa155] start.. owner:0, current_process:b91f5a00
     kworker/2:2-98    [002] ....    59.125454: mutex_lock: [+][fastpath] mutex_lock[e97aa155] start.. owner:b91f5a00, current_process:b91f5a00
     kworker/2:2-98    [002] ....    59.125462: mutex_unlock <-dbs_work_handler
     kworker/2:2-98    [002] ....    59.125480: <stack trace>
 => mutex_unlock
 => dbs_work_handler
 => process_one_work
 => worker_thread
 => kthread
 => ret_from_fork
 => 0
     kworker/2:2-98    [002] ....    59.125485: mutex_unlock: [-] mutex_unlock[e97aa155] start.. owner:0xb91f5a00, current_process:b91f5a00
     kworker/2:2-98    [002] ....    59.125488: mutex_unlock: [-] mutex_unlock[e97aa155] end.. owner:0x0, current_process:b91f5a00
     kworker/2:2-98    [002] d...    59.125493: worker_thread: [-] comm: kworker/2:2, pid: 98, global_func_exe_times: 24299 from (kthread+0x140/0x170) 
     kworker/2:2-98    [002] d...    59.125518: sched_switch: prev_comm=kworker/2:2 prev_pid=98 prev_prio=120 prev_state=I ==> next_comm=swapper/2 next_pid=0 next_prio=120
          <idle>-0     [000] d...    59.146158: sched_switch: prev_comm=swapper/0 prev_pid=0 prev_prio=120 prev_state=R ==> next_comm=lxpanel next_pid=985 next_prio=120
         lxpanel-985   [000] ....    59.146245: mutex_lock: [+][fastpath] mutex_lock[59993138] start.. owner:0, current_process:a4915a00
         lxpanel-985   [000] ....    59.146249: mutex_lock: [+][fastpath] mutex_lock[59993138] start.. owner:a4915a00, current_process:a4915a00
         lxpanel-985   [000] ....    59.146253: mutex_unlock <-unix_stream_read_generic
         lxpanel-985   [000] ....    59.146276: <stack trace>
 => mutex_unlock
 => unix_stream_read_generic
 => unix_stream_recvmsg
 => sock_recvmsg
 => ___sys_recvmsg
 => __sys_recvmsg
 => sys_recvmsg
 => ret_fast_syscall
 => 0x7ee5e5a0
         lxpanel-985   [000] ....    59.146281: mutex_unlock: [-] mutex_unlock[59993138] start.. owner:0xa4915a00, current_process:a4915a00
         lxpanel-985   [000] ....    59.146284: mutex_unlock: [-] mutex_unlock[59993138] end.. owner:0x0, current_process:a4915a00
         lxpanel-985   [000] ....    59.146297: mutex_lock: [+][fastpath] mutex_lock[59993138] start.. owner:0, current_process:a4915a00
         lxpanel-985   [000] ....    59.146300: mutex_lock: [+][fastpath] mutex_lock[59993138] start.. owner:a4915a00, current_process:a4915a00
         lxpanel-985   [000] ....    59.146302: mutex_unlock <-unix_stream_read_generic
         lxpanel-985   [000] ....    59.146320: <stack trace>
 => mutex_unlock
 => unix_stream_read_generic
 => unix_stream_recvmsg
 => sock_recvmsg
 => ___sys_recvmsg
 => __sys_recvmsg
 => sys_recvmsg
 => ret_fast_syscall
 => 0x7ee5e5c0
         lxpanel-985   [000] ....    59.146324: mutex_unlock: [-] mutex_unlock[59993138] start.. owner:0xa4915a00, current_process:a4915a00
         lxpanel-985   [000] ....    59.146327: mutex_unlock: [-] mutex_unlock[59993138] end.. owner:0x0, current_process:a4915a00
         lxpanel-985   [000] d...    59.146365: sched_switch: prev_comm=lxpanel prev_pid=985 prev_prio=120 prev_state=S ==> next_comm=swapper/0 next_pid=0 next_prio=120
          <idle>-0     [000] d...    59.209131: sched_switch: prev_comm=swapper/0 prev_pid=0 prev_prio=120 prev_state=R ==> next_comm=mysqld next_pid=807 next_prio=120
          mysqld-807   [000] d...    59.209178: sched_switch: prev_comm=mysqld prev_pid=807 prev_prio=120 prev_state=S ==> next_comm=swapper/0 next_pid=0 next_prio=120
          <idle>-0     [001] d...    59.213515: sched_switch: prev_comm=swapper/1 prev_pid=0 prev_prio=120 prev_state=R ==> next_comm=mysqld next_pid=797 next_prio=120
          mysqld-797   [001] d...    59.213600: sched_switch: prev_comm=mysqld prev_pid=797 prev_prio=120 prev_state=S ==> next_comm=mysqld next_pid=769 next_prio=120
          mysqld-769   [001] d...    59.213668: sched_switch: prev_comm=mysqld prev_pid=769 prev_prio=120 prev_state=S ==> next_comm=swapper/1 next_pid=0 next_prio=120
          <idle>-0     [003] d...    59.223361: sched_switch: prev_comm=swapper/3 prev_pid=0 prev_prio=120 prev_state=R ==> next_comm=mysqld next_pid=765 next_prio=120
          mysqld-765   [003] ....    59.223372: mutex_lock: [+][fastpath] mutex_lock[68319f49] start.. owner:0, current_process:ae523c00
          mysqld-765   [003] ....    59.223375: mutex_lock: [+][fastpath] mutex_lock[68319f49] start.. owner:ae523c00, current_process:ae523c00
          mysqld-765   [003] ....    59.223378: mutex_unlock <-aio_read_events
          mysqld-765   [003] ....    59.223396: <stack trace>
 => mutex_unlock
 => aio_read_events
 => do_io_getevents
 => sys_io_getevents
 => __sys_trace_return
 => 0x5684c900
          mysqld-765   [003] ....    59.223400: mutex_unlock: [-] mutex_unlock[68319f49] start.. owner:0xae523c00, current_process:ae523c00
          mysqld-765   [003] ....    59.223404: mutex_unlock: [-] mutex_unlock[68319f49] end.. owner:0x0, current_process:ae523c00
          mysqld-765   [003] ....    59.223423: mutex_lock: [+][fastpath] mutex_lock[68319f49] start.. owner:0, current_process:ae523c00
          mysqld-765   [003] ....    59.223427: mutex_lock: [+][fastpath] mutex_lock[68319f49] start.. owner:ae523c00, current_process:ae523c00
          mysqld-765   [003] ....    59.223429: mutex_unlock <-aio_read_events
          mysqld-765   [003] ....    59.223443: <stack trace>
 => mutex_unlock
 => aio_read_events
 => do_io_getevents
 => sys_io_getevents
 => __sys_trace_return
 => 0x5684c900
          mysqld-765   [003] ....    59.223447: mutex_unlock: [-] mutex_unlock[68319f49] start.. owner:0xae523c00, current_process:ae523c00
          mysqld-765   [003] ....    59.223450: mutex_unlock: [-] mutex_unlock[68319f49] end.. owner:0x0, current_process:ae523c00
          mysqld-765   [003] ....    59.223458: mutex_lock: [+][fastpath] mutex_lock[68319f49] start.. owner:0, current_process:ae523c00
          mysqld-765   [003] ....    59.223461: mutex_lock: [+][fastpath] mutex_lock[68319f49] start.. owner:ae523c00, current_process:ae523c00
          mysqld-765   [003] ....    59.223463: mutex_unlock <-aio_read_events
          mysqld-765   [003] ....    59.223477: <stack trace>
 => mutex_unlock
 => aio_read_events
 => do_io_getevents
 => sys_io_getevents
 => __sys_trace_return
 => 0x5684c900
          mysqld-765   [003] ....    59.223481: mutex_unlock: [-] mutex_unlock[68319f49] start.. owner:0xae523c00, current_process:ae523c00
          mysqld-765   [003] ....    59.223484: mutex_unlock: [-] mutex_unlock[68319f49] end.. owner:0x0, current_process:ae523c00
          mysqld-765   [003] d...    59.223494: sched_switch: prev_comm=mysqld prev_pid=765 prev_prio=120 prev_state=S ==> next_comm=swapper/3 next_pid=0 next_prio=120
          <idle>-0     [000] d...    59.225249: sched_switch: prev_comm=swapper/0 prev_pid=0 prev_prio=120 prev_state=R ==> next_comm=mysqld next_pid=791 next_prio=120
          mysqld-791   [000] d...    59.225353: sched_switch: prev_comm=mysqld prev_pid=791 prev_prio=120 prev_state=S ==> next_comm=swapper/0 next_pid=0 next_prio=120
          <idle>-0     [002] d...    59.225559: sched_switch: prev_comm=swapper/2 prev_pid=0 prev_prio=120 prev_state=R ==> next_comm=mosquitto next_pid=465 next_prio=120
       mosquitto-465   [002] d...    59.225585: sched_switch: prev_comm=mosquitto prev_pid=465 prev_prio=120 prev_state=S ==> next_comm=kworker/2:2 next_pid=98 next_prio=120
     kworker/2:2-98    [002] ....    59.225592: worker_thread: [+] comm: kworker/2:2, pid: 98, global_func_exe_times: 24299 from (kthread+0x140/0x170) 
     kworker/2:2-98    [002] ....    59.225595: trace_function_dummy_call: [++] comm:kworker/2:2, pid:98, from(worker_thread+0x18c/0x60c) 
     kworker/2:2-98    [002] ....    59.225600: mutex_lock: [+][fastpath] mutex_lock[e97aa155] start.. owner:0, current_process:b91f5a00
     kworker/2:2-98    [002] ....    59.225603: mutex_lock: [+][fastpath] mutex_lock[e97aa155] start.. owner:b91f5a00, current_process:b91f5a00
     kworker/2:2-98    [002] ....    59.225612: mutex_unlock <-dbs_work_handler
     kworker/2:2-98    [002] ....    59.225629: <stack trace>
 => mutex_unlock
 => dbs_work_handler
 => process_one_work
 => worker_thread
 => kthread
 => ret_from_fork
 => 0
     kworker/2:2-98    [002] ....    59.225633: mutex_unlock: [-] mutex_unlock[e97aa155] start.. owner:0xb91f5a00, current_process:b91f5a00
     kworker/2:2-98    [002] ....    59.225636: mutex_unlock: [-] mutex_unlock[e97aa155] end.. owner:0x0, current_process:b91f5a00
     kworker/2:2-98    [002] d...    59.225640: worker_thread: [-] comm: kworker/2:2, pid: 98, global_func_exe_times: 24300 from (kthread+0x140/0x170) 
     kworker/2:2-98    [002] d...    59.225667: sched_switch: prev_comm=kworker/2:2 prev_pid=98 prev_prio=120 prev_state=I ==> next_comm=swapper/2 next_pid=0 next_prio=120
          <idle>-0     [002] d...    59.227004: sched_switch: prev_comm=swapper/2 prev_pid=0 prev_prio=120 prev_state=R ==> next_comm=mysqld next_pid=790 next_prio=120
          mysqld-790   [002] d...    59.227041: sched_switch: prev_comm=mysqld prev_pid=790 prev_prio=120 prev_state=S ==> next_comm=swapper/2 next_pid=0 next_prio=120
          <idle>-0     [001] d...    59.237287: sched_switch: prev_comm=swapper/1 prev_pid=0 prev_prio=120 prev_state=R ==> next_comm=mysqld next_pid=767 next_prio=120
          mysqld-767   [001] ....    59.237296: mutex_lock: [+][fastpath] mutex_lock[61739ec8] start.. owner:0, current_process:ae525a00
          mysqld-767   [001] ....    59.237300: mutex_lock: [+][fastpath] mutex_lock[61739ec8] start.. owner:ae525a00, current_process:ae525a00
          mysqld-767   [001] ....    59.237302: mutex_unlock <-aio_read_events
          mysqld-767   [001] ....    59.237321: <stack trace>
 => mutex_unlock
 => aio_read_events
 => do_io_getevents
 => sys_io_getevents
 => __sys_trace_return
 => 0x5584a900
          mysqld-767   [001] ....    59.237325: mutex_unlock: [-] mutex_unlock[61739ec8] start.. owner:0xae525a00, current_process:ae525a00
          mysqld-767   [001] ....    59.237343: mutex_unlock: [-] mutex_unlock[61739ec8] end.. owner:0x0, current_process:ae525a00
          mysqld-767   [001] ....    59.237360: mutex_lock: [+][fastpath] mutex_lock[61739ec8] start.. owner:0, current_process:ae525a00
          mysqld-767   [001] ....    59.237364: mutex_lock: [+][fastpath] mutex_lock[61739ec8] start.. owner:ae525a00, current_process:ae525a00
          mysqld-767   [001] ....    59.237366: mutex_unlock <-aio_read_events
          mysqld-767   [001] ....    59.237381: <stack trace>
 => mutex_unlock
 => aio_read_events
 => do_io_getevents
 => sys_io_getevents
 => __sys_trace_return
 => 0x5584a900
          mysqld-767   [001] ....    59.237385: mutex_unlock: [-] mutex_unlock[61739ec8] start.. owner:0xae525a00, current_process:ae525a00
          mysqld-767   [001] ....    59.237388: mutex_unlock: [-] mutex_unlock[61739ec8] end.. owner:0x0, current_process:ae525a00
          mysqld-767   [001] ....    59.237394: mutex_lock: [+][fastpath] mutex_lock[61739ec8] start.. owner:0, current_process:ae525a00
          mysqld-767   [001] ....    59.237398: mutex_lock: [+][fastpath] mutex_lock[61739ec8] start.. owner:ae525a00, current_process:ae525a00
          mysqld-767   [001] ....    59.237399: mutex_unlock <-aio_read_events
          mysqld-767   [001] ....    59.237414: <stack trace>
 => mutex_unlock
 => aio_read_events
 => do_io_getevents
 => sys_io_getevents
 => __sys_trace_return
 => 0x5584a900
          mysqld-767   [001] ....    59.237417: mutex_unlock: [-] mutex_unlock[61739ec8] start.. owner:0xae525a00, current_process:ae525a00
          mysqld-767   [001] ....    59.237420: mutex_unlock: [-] mutex_unlock[61739ec8] end.. owner:0x0, current_process:ae525a00
          mysqld-767   [001] d...    59.237431: sched_switch: prev_comm=mysqld prev_pid=767 prev_prio=120 prev_state=S ==> next_comm=mysqld next_pid=766 next_prio=120
          mysqld-766   [001] ....    59.237439: mutex_lock: [+][fastpath] mutex_lock[8be40012] start.. owner:0, current_process:ae524b00
          mysqld-766   [001] ....    59.237443: mutex_lock: [+][fastpath] mutex_lock[8be40012] start.. owner:ae524b00, current_process:ae524b00
          mysqld-766   [001] ....    59.237445: mutex_unlock <-aio_read_events
          mysqld-766   [001] ....    59.237460: <stack trace>
 => mutex_unlock
 => aio_read_events
 => do_io_getevents
 => sys_io_getevents
 => __sys_trace_return
 => 0x5604b900
          mysqld-766   [001] ....    59.237464: mutex_unlock: [-] mutex_unlock[8be40012] start.. owner:0xae524b00, current_process:ae524b00
          mysqld-766   [001] ....    59.237467: mutex_unlock: [-] mutex_unlock[8be40012] end.. owner:0x0, current_process:ae524b00
          mysqld-766   [001] ....    59.237480: mutex_lock: [+][fastpath] mutex_lock[8be40012] start.. owner:0, current_process:ae524b00
          mysqld-766   [001] ....    59.237484: mutex_lock: [+][fastpath] mutex_lock[8be40012] start.. owner:ae524b00, current_process:ae524b00
          mysqld-766   [001] ....    59.237486: mutex_unlock <-aio_read_events
          mysqld-766   [001] ....    59.237500: <stack trace>
 => mutex_unlock
 => aio_read_events
 => do_io_getevents
 => sys_io_getevents
 => __sys_trace_return
 => 0x5604b900
          mysqld-766   [001] ....    59.237504: mutex_unlock: [-] mutex_unlock[8be40012] start.. owner:0xae524b00, current_process:ae524b00
          mysqld-766   [001] ....    59.237507: mutex_unlock: [-] mutex_unlock[8be40012] end.. owner:0x0, current_process:ae524b00
          mysqld-766   [001] ....    59.237514: mutex_lock: [+][fastpath] mutex_lock[8be40012] start.. owner:0, current_process:ae524b00
          mysqld-766   [001] ....    59.237517: mutex_lock: [+][fastpath] mutex_lock[8be40012] start.. owner:ae524b00, current_process:ae524b00
          mysqld-766   [001] ....    59.237519: mutex_unlock <-aio_read_events
          mysqld-766   [001] ....    59.237533: <stack trace>
 => mutex_unlock
 => aio_read_events
 => do_io_getevents
 => sys_io_getevents
 => __sys_trace_return
 => 0x5604b900
          mysqld-766   [001] ....    59.237536: mutex_unlock: [-] mutex_unlock[8be40012] start.. owner:0xae524b00, current_process:ae524b00
          mysqld-766   [001] ....    59.237539: mutex_unlock: [-] mutex_unlock[8be40012] end.. owner:0x0, current_process:ae524b00
          mysqld-766   [001] d...    59.237572: sched_switch: prev_comm=mysqld prev_pid=766 prev_prio=120 prev_state=S ==> next_comm=swapper/1 next_pid=0 next_prio=120
          <idle>-0     [000] d...    59.255871: sched_switch: prev_comm=swapper/0 prev_pid=0 prev_prio=120 prev_state=R ==> next_comm=mysqld next_pid=759 next_prio=120
          mysqld-759   [000] ....    59.255880: mutex_lock: [+][fastpath] mutex_lock[b57efa43] start.. owner:0, current_process:ae56cb00
          mysqld-759   [000] ....    59.255884: mutex_lock: [+][fastpath] mutex_lock[b57efa43] start.. owner:ae56cb00, current_process:ae56cb00
          mysqld-759   [000] ....    59.255887: mutex_unlock <-aio_read_events
          mysqld-759   [000] ....    59.255904: <stack trace>
 => mutex_unlock
 => aio_read_events
 => do_io_getevents
 => sys_io_getevents
 => __sys_trace_return
 => 0x59051900
          mysqld-759   [000] ....    59.255908: mutex_unlock: [-] mutex_unlock[b57efa43] start.. owner:0xae56cb00, current_process:ae56cb00
          mysqld-759   [000] ....    59.255911: mutex_unlock: [-] mutex_unlock[b57efa43] end.. owner:0x0, current_process:ae56cb00
          mysqld-759   [000] ....    59.255927: mutex_lock: [+][fastpath] mutex_lock[b57efa43] start.. owner:0, current_process:ae56cb00
          mysqld-759   [000] ....    59.255930: mutex_lock: [+][fastpath] mutex_lock[b57efa43] start.. owner:ae56cb00, current_process:ae56cb00
          mysqld-759   [000] ....    59.255932: mutex_unlock <-aio_read_events
          mysqld-759   [000] ....    59.255946: <stack trace>
 => mutex_unlock
 => aio_read_events
 => do_io_getevents
 => sys_io_getevents
 => __sys_trace_return
 => 0x59051900
          mysqld-759   [000] ....    59.255950: mutex_unlock: [-] mutex_unlock[b57efa43] start.. owner:0xae56cb00, current_process:ae56cb00
          mysqld-759   [000] ....    59.255954: mutex_unlock: [-] mutex_unlock[b57efa43] end.. owner:0x0, current_process:ae56cb00
          mysqld-759   [000] ....    59.255960: mutex_lock: [+][fastpath] mutex_lock[b57efa43] start.. owner:0, current_process:ae56cb00
          mysqld-759   [000] ....    59.255964: mutex_lock: [+][fastpath] mutex_lock[b57efa43] start.. owner:ae56cb00, current_process:ae56cb00
          mysqld-759   [000] ....    59.255965: mutex_unlock <-aio_read_events
          mysqld-759   [000] ....    59.255979: <stack trace>
 => mutex_unlock
 => aio_read_events
 => do_io_getevents
 => sys_io_getevents
 => __sys_trace_return
 => 0x59051900
          mysqld-759   [000] ....    59.255983: mutex_unlock: [-] mutex_unlock[b57efa43] start.. owner:0xae56cb00, current_process:ae56cb00
          mysqld-759   [000] ....    59.255986: mutex_unlock: [-] mutex_unlock[b57efa43] end.. owner:0x0, current_process:ae56cb00
          mysqld-759   [000] d...    59.255996: sched_switch: prev_comm=mysqld prev_pid=759 prev_prio=120 prev_state=S ==> next_comm=swapper/0 next_pid=0 next_prio=120
          <idle>-0     [003] d...    59.278023: sched_switch: prev_comm=swapper/3 prev_pid=0 prev_prio=120 prev_state=R ==> next_comm=kworker/3:2 next_pid=150 next_prio=120
     kworker/3:2-150   [003] ....    59.278031: worker_thread: [+] comm: kworker/3:2, pid: 150, global_func_exe_times: 24300 from (kthread+0x140/0x170) 
     kworker/3:2-150   [003] ....    59.278035: trace_function_dummy_call: [++] comm:kworker/3:2, pid:150, from(worker_thread+0x18c/0x60c) 
     kworker/3:2-150   [003] ....    59.278056: mutex_lock: [+][fastpath] mutex_lock[2827bf1c] start.. owner:0, current_process:b8280f00
     kworker/3:2-150   [003] ....    59.278060: mutex_lock: [+][fastpath] mutex_lock[2827bf1c] start.. owner:b8280f00, current_process:b8280f00
     kworker/3:2-150   [003] d...    59.278113: sched_switch: prev_comm=kworker/3:2 prev_pid=150 prev_prio=120 prev_state=D ==> next_comm=swapper/3 next_pid=0 next_prio=120
          <idle>-0     [003] d...    59.278128: sched_switch: prev_comm=swapper/3 prev_pid=0 prev_prio=120 prev_state=R ==> next_comm=kworker/3:2 next_pid=150 next_prio=120
