 brcmf_wdog/mmc1-266   [003] d...    61.378064: sched_switch: prev_comm=brcmf_wdog/mmc1 prev_pid=266 prev_prio=120 prev_state=S ==> next_comm=swapper/3 next_pid=0 next_prio=120
          <idle>-0     [003] d...    61.398053: sched_switch: prev_comm=swapper/3 prev_pid=0 prev_prio=120 prev_state=R ==> next_comm=brcmf_wdog/mmc1 next_pid=266 next_prio=120
 brcmf_wdog/mmc1-266   [003] d...    61.398095: sched_switch: prev_comm=brcmf_wdog/mmc1 prev_pid=266 prev_prio=120 prev_state=D ==> next_comm=swapper/3 next_pid=0 next_prio=120
          <idle>-0     [003] d...    61.398122: sched_switch: prev_comm=swapper/3 prev_pid=0 prev_prio=120 prev_state=R ==> next_comm=brcmf_wdog/mmc1 next_pid=266 next_prio=120
 brcmf_wdog/mmc1-266   [003] d...    61.398139: sched_switch: prev_comm=brcmf_wdog/mmc1 prev_pid=266 prev_prio=120 prev_state=D ==> next_comm=swapper/3 next_pid=0 next_prio=120
          <idle>-0     [003] d...    61.398164: sched_switch: prev_comm=swapper/3 prev_pid=0 prev_prio=120 prev_state=R ==> next_comm=brcmf_wdog/mmc1 next_pid=266 next_prio=120
 brcmf_wdog/mmc1-266   [003] d...    61.398180: sched_switch: prev_comm=brcmf_wdog/mmc1 prev_pid=266 prev_prio=120 prev_state=D ==> next_comm=swapper/3 next_pid=0 next_prio=120
          <idle>-0     [003] d...    61.398204: sched_switch: prev_comm=swapper/3 prev_pid=0 prev_prio=120 prev_state=R ==> next_comm=brcmf_wdog/mmc1 next_pid=266 next_prio=120
 brcmf_wdog/mmc1-266   [003] d...    61.398215: sched_switch: prev_comm=brcmf_wdog/mmc1 prev_pid=266 prev_prio=120 prev_state=S ==> next_comm=swapper/3 next_pid=0 next_prio=120
          <idle>-0     [003] d...    61.424271: sched_switch: prev_comm=swapper/3 prev_pid=0 prev_prio=120 prev_state=R ==> next_comm=mysqld next_pid=762 next_prio=120
          mysqld-762   [003] ....    61.424282: mutex_lock: [+][fastpath] mutex_lock[0dfbb106] start.. owner:0, current_process:ae520000
          mysqld-762   [003] ....    61.424286: mutex_lock: [+][fastpath] mutex_lock[0dfbb106] start.. owner:ae520000, current_process:ae520000
          mysqld-762   [003] ....    61.424288: mutex_unlock <-aio_read_events
          mysqld-762   [003] ....    61.424305: <stack trace>
 => mutex_unlock
 => aio_read_events
 => do_io_getevents
 => sys_io_getevents
 => __sys_trace_return
 => 0x5804f900
          mysqld-762   [003] ....    61.424309: mutex_unlock: [-] mutex_unlock[0dfbb106] start.. owner:0xae520000, current_process:ae520000
          mysqld-762   [003] ....    61.424313: mutex_unlock: [-] mutex_unlock[0dfbb106] end.. owner:0x0, current_process:ae520000
          mysqld-762   [003] ....    61.424335: mutex_lock: [+][fastpath] mutex_lock[0dfbb106] start.. owner:0, current_process:ae520000
          mysqld-762   [003] ....    61.424338: mutex_lock: [+][fastpath] mutex_lock[0dfbb106] start.. owner:ae520000, current_process:ae520000
          mysqld-762   [003] ....    61.424340: mutex_unlock <-aio_read_events
          mysqld-762   [003] ....    61.424355: <stack trace>
 => mutex_unlock
 => aio_read_events
 => do_io_getevents
 => sys_io_getevents
 => __sys_trace_return
 => 0x5804f900
          mysqld-762   [003] ....    61.424359: mutex_unlock: [-] mutex_unlock[0dfbb106] start.. owner:0xae520000, current_process:ae520000
          mysqld-762   [003] ....    61.424362: mutex_unlock: [-] mutex_unlock[0dfbb106] end.. owner:0x0, current_process:ae520000
          mysqld-762   [003] ....    61.424369: mutex_lock: [+][fastpath] mutex_lock[0dfbb106] start.. owner:0, current_process:ae520000
          mysqld-762   [003] ....    61.424373: mutex_lock: [+][fastpath] mutex_lock[0dfbb106] start.. owner:ae520000, current_process:ae520000
          mysqld-762   [003] ....    61.424375: mutex_unlock <-aio_read_events
          mysqld-762   [003] ....    61.424389: <stack trace>
 => mutex_unlock
 => aio_read_events
 => do_io_getevents
 => sys_io_getevents
 => __sys_trace_return
 => 0x5804f900
          mysqld-762   [003] ....    61.424409: mutex_unlock: [-] mutex_unlock[0dfbb106] start.. owner:0xae520000, current_process:ae520000
          mysqld-762   [003] ....    61.424413: mutex_unlock: [-] mutex_unlock[0dfbb106] end.. owner:0x0, current_process:ae520000
          mysqld-762   [003] d...    61.424424: sched_switch: prev_comm=mysqld prev_pid=762 prev_prio=120 prev_state=S ==> next_comm=mysqld next_pid=763 next_prio=120
          mysqld-763   [003] ....    61.424431: mutex_lock: [+][fastpath] mutex_lock[a4ac83bf] start.. owner:0, current_process:ae520f00
          mysqld-763   [003] ....    61.424434: mutex_lock: [+][fastpath] mutex_lock[a4ac83bf] start.. owner:ae520f00, current_process:ae520f00
          mysqld-763   [003] ....    61.424437: mutex_unlock <-aio_read_events
          mysqld-763   [003] ....    61.424453: <stack trace>
 => mutex_unlock
 => aio_read_events
 => do_io_getevents
 => sys_io_getevents
 => __sys_trace_return
 => 0x5784e900
          mysqld-763   [003] ....    61.424459: mutex_unlock: [-] mutex_unlock[a4ac83bf] start.. owner:0xae520f00, current_process:ae520f00
          mysqld-763   [003] ....    61.424462: mutex_unlock: [-] mutex_unlock[a4ac83bf] end.. owner:0x0, current_process:ae520f00
          mysqld-763   [003] ....    61.424476: mutex_lock: [+][fastpath] mutex_lock[a4ac83bf] start.. owner:0, current_process:ae520f00
          mysqld-763   [003] ....    61.424479: mutex_lock: [+][fastpath] mutex_lock[a4ac83bf] start.. owner:ae520f00, current_process:ae520f00
          mysqld-763   [003] ....    61.424481: mutex_unlock <-aio_read_events
          mysqld-763   [003] ....    61.424495: <stack trace>
 => mutex_unlock
 => aio_read_events
 => do_io_getevents
 => sys_io_getevents
 => __sys_trace_return
 => 0x5784e900
          mysqld-763   [003] ....    61.424499: mutex_unlock: [-] mutex_unlock[a4ac83bf] start.. owner:0xae520f00, current_process:ae520f00
          mysqld-763   [003] ....    61.424502: mutex_unlock: [-] mutex_unlock[a4ac83bf] end.. owner:0x0, current_process:ae520f00
          mysqld-763   [003] ....    61.424509: mutex_lock: [+][fastpath] mutex_lock[a4ac83bf] start.. owner:0, current_process:ae520f00
          mysqld-763   [003] ....    61.424512: mutex_lock: [+][fastpath] mutex_lock[a4ac83bf] start.. owner:ae520f00, current_process:ae520f00
          mysqld-763   [003] ....    61.424514: mutex_unlock <-aio_read_events
          mysqld-763   [003] ....    61.424528: <stack trace>
 => mutex_unlock
 => aio_read_events
 => do_io_getevents
 => sys_io_getevents
 => __sys_trace_return
 => 0x5784e900
          mysqld-763   [003] ....    61.424531: mutex_unlock: [-] mutex_unlock[a4ac83bf] start.. owner:0xae520f00, current_process:ae520f00
          mysqld-763   [003] ....    61.424534: mutex_unlock: [-] mutex_unlock[a4ac83bf] end.. owner:0x0, current_process:ae520f00
          mysqld-763   [003] d...    61.424564: sched_switch: prev_comm=mysqld prev_pid=763 prev_prio=120 prev_state=S ==> next_comm=swapper/3 next_pid=0 next_prio=120
          <idle>-0     [003] d...    61.424584: sched_switch: prev_comm=swapper/3 prev_pid=0 prev_prio=120 prev_state=R ==> next_comm=mysqld next_pid=764 next_prio=120
          mysqld-764   [003] ....    61.424592: mutex_lock: [+][fastpath] mutex_lock[28cb6920] start.. owner:0, current_process:ae521e00
          mysqld-764   [003] ....    61.424595: mutex_lock: [+][fastpath] mutex_lock[28cb6920] start.. owner:ae521e00, current_process:ae521e00
          mysqld-764   [003] ....    61.424598: mutex_unlock <-aio_read_events
          mysqld-764   [003] ....    61.424613: <stack trace>
 => mutex_unlock
 => aio_read_events
 => do_io_getevents
 => sys_io_getevents
 => __sys_trace_return
 => 0x5704d900
          mysqld-764   [003] ....    61.424617: mutex_unlock: [-] mutex_unlock[28cb6920] start.. owner:0xae521e00, current_process:ae521e00
          mysqld-764   [003] ....    61.424620: mutex_unlock: [-] mutex_unlock[28cb6920] end.. owner:0x0, current_process:ae521e00
          mysqld-764   [003] ....    61.424634: mutex_lock: [+][fastpath] mutex_lock[28cb6920] start.. owner:0, current_process:ae521e00
          mysqld-764   [003] ....    61.424637: mutex_lock: [+][fastpath] mutex_lock[28cb6920] start.. owner:ae521e00, current_process:ae521e00
          mysqld-764   [003] ....    61.424639: mutex_unlock <-aio_read_events
          mysqld-764   [003] ....    61.424653: <stack trace>
 => mutex_unlock
 => aio_read_events
 => do_io_getevents
 => sys_io_getevents
 => __sys_trace_return
 => 0x5704d900
          mysqld-764   [003] ....    61.424657: mutex_unlock: [-] mutex_unlock[28cb6920] start.. owner:0xae521e00, current_process:ae521e00
          mysqld-764   [003] ....    61.424660: mutex_unlock: [-] mutex_unlock[28cb6920] end.. owner:0x0, current_process:ae521e00
          mysqld-764   [003] ....    61.424667: mutex_lock: [+][fastpath] mutex_lock[28cb6920] start.. owner:0, current_process:ae521e00
          mysqld-764   [003] ....    61.424670: mutex_lock: [+][fastpath] mutex_lock[28cb6920] start.. owner:ae521e00, current_process:ae521e00
          mysqld-764   [003] ....    61.424687: mutex_unlock <-aio_read_events
          mysqld-764   [003] ....    61.424701: <stack trace>
 => mutex_unlock
 => aio_read_events
 => do_io_getevents
 => sys_io_getevents
 => __sys_trace_return
 => 0x5704d900
          mysqld-764   [003] ....    61.424705: mutex_unlock: [-] mutex_unlock[28cb6920] start.. owner:0xae521e00, current_process:ae521e00
          mysqld-764   [003] ....    61.424708: mutex_unlock: [-] mutex_unlock[28cb6920] end.. owner:0x0, current_process:ae521e00
          mysqld-764   [003] d...    61.424718: sched_switch: prev_comm=mysqld prev_pid=764 prev_prio=120 prev_state=S ==> next_comm=mysqld next_pid=758 next_prio=120
          mysqld-758   [003] ....    61.424726: mutex_lock: [+][fastpath] mutex_lock[8883a612] start.. owner:0, current_process:ae56da00
          mysqld-758   [003] ....    61.424729: mutex_lock: [+][fastpath] mutex_lock[8883a612] start.. owner:ae56da00, current_process:ae56da00
          mysqld-758   [003] ....    61.424732: mutex_unlock <-aio_read_events
          mysqld-758   [003] ....    61.424746: <stack trace>
 => mutex_unlock
 => aio_read_events
 => do_io_getevents
 => sys_io_getevents
 => __sys_trace_return
 => 0x59852900
          mysqld-758   [003] ....    61.424750: mutex_unlock: [-] mutex_unlock[8883a612] start.. owner:0xae56da00, current_process:ae56da00
          mysqld-758   [003] ....    61.424753: mutex_unlock: [-] mutex_unlock[8883a612] end.. owner:0x0, current_process:ae56da00
          mysqld-758   [003] ....    61.424767: mutex_lock: [+][fastpath] mutex_lock[8883a612] start.. owner:0, current_process:ae56da00
          mysqld-758   [003] ....    61.424771: mutex_lock: [+][fastpath] mutex_lock[8883a612] start.. owner:ae56da00, current_process:ae56da00
          mysqld-758   [003] ....    61.424773: mutex_unlock <-aio_read_events
          mysqld-758   [003] ....    61.424787: <stack trace>
 => mutex_unlock
 => aio_read_events
 => do_io_getevents
 => sys_io_getevents
 => __sys_trace_return
 => 0x59852900
          mysqld-758   [003] ....    61.424790: mutex_unlock: [-] mutex_unlock[8883a612] start.. owner:0xae56da00, current_process:ae56da00
          mysqld-758   [003] ....    61.424794: mutex_unlock: [-] mutex_unlock[8883a612] end.. owner:0x0, current_process:ae56da00
          mysqld-758   [003] ....    61.424800: mutex_lock: [+][fastpath] mutex_lock[8883a612] start.. owner:0, current_process:ae56da00
          mysqld-758   [003] ....    61.424803: mutex_lock: [+][fastpath] mutex_lock[8883a612] start.. owner:ae56da00, current_process:ae56da00
          mysqld-758   [003] ....    61.424805: mutex_unlock <-aio_read_events
          mysqld-758   [003] ....    61.424819: <stack trace>
 => mutex_unlock
 => aio_read_events
 => do_io_getevents
 => sys_io_getevents
 => __sys_trace_return
 => 0x59852900
          mysqld-758   [003] ....    61.424823: mutex_unlock: [-] mutex_unlock[8883a612] start.. owner:0xae56da00, current_process:ae56da00
          mysqld-758   [003] ....    61.424826: mutex_unlock: [-] mutex_unlock[8883a612] end.. owner:0x0, current_process:ae56da00
          mysqld-758   [003] d...    61.424843: sched_switch: prev_comm=mysqld prev_pid=758 prev_prio=120 prev_state=S ==> next_comm=swapper/3 next_pid=0 next_prio=120
          <idle>-0     [002] d...    61.428923: sched_switch: prev_comm=swapper/2 prev_pid=0 prev_prio=120 prev_state=R ==> next_comm=mosquitto next_pid=465 next_prio=120
       mosquitto-465   [002] d...    61.428969: sched_switch: prev_comm=mosquitto prev_pid=465 prev_prio=120 prev_state=S ==> next_comm=kworker/2:2 next_pid=98 next_prio=120
     kworker/2:2-98    [002] ....    61.428976: worker_thread: [+] comm: kworker/2:2, pid: 98, global_func_exe_times: 24367 from (kthread+0x140/0x170) 
     kworker/2:2-98    [002] ....    61.428980: trace_function_dummy_call: [++] comm:kworker/2:2, pid:98, from(worker_thread+0x18c/0x60c) 
     kworker/2:2-98    [002] ....    61.428985: mutex_lock: [+][fastpath] mutex_lock[e97aa155] start.. owner:0, current_process:b91f5a00
     kworker/2:2-98    [002] ....    61.428989: mutex_lock: [+][fastpath] mutex_lock[e97aa155] start.. owner:b91f5a00, current_process:b91f5a00
     kworker/2:2-98    [002] ....    61.429000: mutex_unlock <-dbs_work_handler
     kworker/2:2-98    [002] ....    61.429018: <stack trace>
 => mutex_unlock
 => dbs_work_handler
 => process_one_work
 => worker_thread
 => kthread
 => ret_from_fork
 => 0
     kworker/2:2-98    [002] ....    61.429022: mutex_unlock: [-] mutex_unlock[e97aa155] start.. owner:0xb91f5a00, current_process:b91f5a00
     kworker/2:2-98    [002] ....    61.429025: mutex_unlock: [-] mutex_unlock[e97aa155] end.. owner:0x0, current_process:b91f5a00
     kworker/2:2-98    [002] d...    61.429031: worker_thread: [-] comm: kworker/2:2, pid: 98, global_func_exe_times: 24368 from (kthread+0x140/0x170) 
     kworker/2:2-98    [002] d...    61.429060: sched_switch: prev_comm=kworker/2:2 prev_pid=98 prev_prio=120 prev_state=I ==> next_comm=swapper/2 next_pid=0 next_prio=120
          <idle>-0     [000] d...    61.439469: sched_switch: prev_comm=swapper/0 prev_pid=0 prev_prio=120 prev_state=R ==> next_comm=mysqld next_pid=768 next_prio=120
          mysqld-768   [000] ....    61.439477: mutex_lock: [+][fastpath] mutex_lock[f60c562d] start.. owner:0, current_process:ae526900
          mysqld-768   [000] ....    61.439481: mutex_lock: [+][fastpath] mutex_lock[f60c562d] start.. owner:ae526900, current_process:ae526900
          mysqld-768   [000] ....    61.439484: mutex_unlock <-aio_read_events
          mysqld-768   [000] ....    61.439501: <stack trace>
 => mutex_unlock
 => aio_read_events
 => do_io_getevents
 => sys_io_getevents
 => __sys_trace_return
 => 0x55049900
          mysqld-768   [000] ....    61.439505: mutex_unlock: [-] mutex_unlock[f60c562d] start.. owner:0xae526900, current_process:ae526900
          mysqld-768   [000] ....    61.439508: mutex_unlock: [-] mutex_unlock[f60c562d] end.. owner:0x0, current_process:ae526900
          mysqld-768   [000] ....    61.439525: mutex_lock: [+][fastpath] mutex_lock[f60c562d] start.. owner:0, current_process:ae526900
          mysqld-768   [000] ....    61.439529: mutex_lock: [+][fastpath] mutex_lock[f60c562d] start.. owner:ae526900, current_process:ae526900
          mysqld-768   [000] ....    61.439532: mutex_unlock <-aio_read_events
          mysqld-768   [000] ....    61.439547: <stack trace>
 => mutex_unlock
 => aio_read_events
 => do_io_getevents
 => sys_io_getevents
 => __sys_trace_return
 => 0x55049900
          mysqld-768   [000] ....    61.439551: mutex_unlock: [-] mutex_unlock[f60c562d] start.. owner:0xae526900, current_process:ae526900
          mysqld-768   [000] ....    61.439554: mutex_unlock: [-] mutex_unlock[f60c562d] end.. owner:0x0, current_process:ae526900
          mysqld-768   [000] ....    61.439561: mutex_lock: [+][fastpath] mutex_lock[f60c562d] start.. owner:0, current_process:ae526900
          mysqld-768   [000] ....    61.439564: mutex_lock: [+][fastpath] mutex_lock[f60c562d] start.. owner:ae526900, current_process:ae526900
          mysqld-768   [000] ....    61.439566: mutex_unlock <-aio_read_events
          mysqld-768   [000] ....    61.439580: <stack trace>
 => mutex_unlock
 => aio_read_events
 => do_io_getevents
 => sys_io_getevents
 => __sys_trace_return
 => 0x55049900
          mysqld-768   [000] ....    61.439600: mutex_unlock: [-] mutex_unlock[f60c562d] start.. owner:0xae526900, current_process:ae526900
          mysqld-768   [000] ....    61.439604: mutex_unlock: [-] mutex_unlock[f60c562d] end.. owner:0x0, current_process:ae526900
          mysqld-768   [000] d...    61.439614: sched_switch: prev_comm=mysqld prev_pid=768 prev_prio=120 prev_state=S ==> next_comm=mysqld next_pid=761 next_prio=120
          mysqld-761   [000] ....    61.439622: mutex_lock: [+][fastpath] mutex_lock[af792c67] start.. owner:0, current_process:ae522d00
          mysqld-761   [000] ....    61.439625: mutex_lock: [+][fastpath] mutex_lock[af792c67] start.. owner:ae522d00, current_process:ae522d00
          mysqld-761   [000] ....    61.439628: mutex_unlock <-aio_read_events
          mysqld-761   [000] ....    61.439643: <stack trace>
 => mutex_unlock
 => aio_read_events
 => do_io_getevents
 => sys_io_getevents
 => __sys_trace_return
 => 0x58850900
          mysqld-761   [000] ....    61.439646: mutex_unlock: [-] mutex_unlock[af792c67] start.. owner:0xae522d00, current_process:ae522d00
          mysqld-761   [000] ....    61.439650: mutex_unlock: [-] mutex_unlock[af792c67] end.. owner:0x0, current_process:ae522d00
          mysqld-761   [000] ....    61.439663: mutex_lock: [+][fastpath] mutex_lock[af792c67] start.. owner:0, current_process:ae522d00
          mysqld-761   [000] ....    61.439667: mutex_lock: [+][fastpath] mutex_lock[af792c67] start.. owner:ae522d00, current_process:ae522d00
          mysqld-761   [000] ....    61.439669: mutex_unlock <-aio_read_events
          mysqld-761   [000] ....    61.439683: <stack trace>
 => mutex_unlock
 => aio_read_events
 => do_io_getevents
 => sys_io_getevents
 => __sys_trace_return
 => 0x58850900
          mysqld-761   [000] ....    61.439686: mutex_unlock: [-] mutex_unlock[af792c67] start.. owner:0xae522d00, current_process:ae522d00
          mysqld-761   [000] ....    61.439690: mutex_unlock: [-] mutex_unlock[af792c67] end.. owner:0x0, current_process:ae522d00
          mysqld-761   [000] ....    61.439696: mutex_lock: [+][fastpath] mutex_lock[af792c67] start.. owner:0, current_process:ae522d00
          mysqld-761   [000] ....    61.439699: mutex_lock: [+][fastpath] mutex_lock[af792c67] start.. owner:ae522d00, current_process:ae522d00
          mysqld-761   [000] ....    61.439701: mutex_unlock <-aio_read_events
          mysqld-761   [000] ....    61.439715: <stack trace>
 => mutex_unlock
 => aio_read_events
 => do_io_getevents
 => sys_io_getevents
 => __sys_trace_return
 => 0x58850900
          mysqld-761   [000] ....    61.439718: mutex_unlock: [-] mutex_unlock[af792c67] start.. owner:0xae522d00, current_process:ae522d00
          mysqld-761   [000] ....    61.439722: mutex_unlock: [-] mutex_unlock[af792c67] end.. owner:0x0, current_process:ae522d00
          mysqld-761   [000] d...    61.439752: sched_switch: prev_comm=mysqld prev_pid=761 prev_prio=120 prev_state=S ==> next_comm=swapper/0 next_pid=0 next_prio=120
          <idle>-0     [002] d...    61.469306: sched_switch: prev_comm=swapper/2 prev_pid=0 prev_prio=120 prev_state=R ==> next_comm=systemd next_pid=1 next_prio=120
         systemd-1     [002] ....    61.469315: mutex_lock: [+][fastpath] mutex_lock[b7bb42ef] start.. owner:0, current_process:b9e80000
         systemd-1     [002] ....    61.469319: mutex_lock: [+][fastpath] mutex_lock[b7bb42ef] start.. owner:b9e80000, current_process:b9e80000
         systemd-1     [002] ....    61.469325: mutex_unlock <-ep_scan_ready_list.constprop.0
         systemd-1     [002] ....    61.469342: <stack trace>
 => mutex_unlock
 => ep_scan_ready_list.constprop.0
 => do_epoll_wait
 => sys_epoll_wait
 => ret_fast_syscall
 => 0x7ed042e0
         systemd-1     [002] ....    61.469346: mutex_unlock: [-] mutex_unlock[b7bb42ef] start.. owner:0xb9e80000, current_process:b9e80000
         systemd-1     [002] ....    61.469350: mutex_unlock: [-] mutex_unlock[b7bb42ef] end.. owner:0x0, current_process:b9e80000
         systemd-1     [002] ....    61.469520: mutex_lock: [+][fastpath] mutex_lock[b7bb42ef] start.. owner:0, current_process:b9e80000
         systemd-1     [002] ....    61.469524: mutex_lock: [+][fastpath] mutex_lock[b7bb42ef] start.. owner:b9e80000, current_process:b9e80000
         systemd-1     [002] ....    61.469528: mutex_unlock <-ep_scan_ready_list.constprop.0
         systemd-1     [002] ....    61.469543: <stack trace>
 => mutex_unlock
 => ep_scan_ready_list.constprop.0
 => do_epoll_wait
 => sys_epoll_wait
 => ret_fast_syscall
 => 0x7ed042e0
         systemd-1     [002] ....    61.469547: mutex_unlock: [-] mutex_unlock[b7bb42ef] start.. owner:0xb9e80000, current_process:b9e80000
         systemd-1     [002] ....    61.469551: mutex_unlock: [-] mutex_unlock[b7bb42ef] end.. owner:0x0, current_process:b9e80000
         systemd-1     [002] d...    61.469563: sched_switch: prev_comm=systemd prev_pid=1 prev_prio=120 prev_state=S ==> next_comm=swapper/2 next_pid=0 next_prio=120
          <idle>-0     [002] d...    61.509103: sched_switch: prev_comm=swapper/2 prev_pid=0 prev_prio=120 prev_state=R ==> next_comm=rngd next_pid=539 next_prio=120
            rngd-539   [002] d...    61.509140: sched_switch: prev_comm=rngd prev_pid=539 prev_prio=120 prev_state=S ==> next_comm=swapper/2 next_pid=0 next_prio=120
          <idle>-0     [002] d...    61.529093: sched_switch: prev_comm=swapper/2 prev_pid=0 prev_prio=120 prev_state=R ==> next_comm=mosquitto next_pid=465 next_prio=120
       mosquitto-465   [002] d...    61.529123: sched_switch: prev_comm=mosquitto prev_pid=465 prev_prio=120 prev_state=S ==> next_comm=kworker/2:2 next_pid=98 next_prio=120
     kworker/2:2-98    [002] ....    61.529129: worker_thread: [+] comm: kworker/2:2, pid: 98, global_func_exe_times: 24368 from (kthread+0x140/0x170) 
     kworker/2:2-98    [002] ....    61.529132: trace_function_dummy_call: [++] comm:kworker/2:2, pid:98, from(worker_thread+0x18c/0x60c) 
     kworker/2:2-98    [002] ....    61.529137: mutex_lock: [+][fastpath] mutex_lock[e97aa155] start.. owner:0, current_process:b91f5a00
     kworker/2:2-98    [002] ....    61.529141: mutex_lock: [+][fastpath] mutex_lock[e97aa155] start.. owner:b91f5a00, current_process:b91f5a00
     kworker/2:2-98    [002] ....    61.529150: mutex_unlock <-dbs_work_handler
     kworker/2:2-98    [002] ....    61.529167: <stack trace>
 => mutex_unlock
 => dbs_work_handler
 => process_one_work
 => worker_thread
 => kthread
 => ret_from_fork
 => 0
     kworker/2:2-98    [002] ....    61.529171: mutex_unlock: [-] mutex_unlock[e97aa155] start.. owner:0xb91f5a00, current_process:b91f5a00
     kworker/2:2-98    [002] ....    61.529174: mutex_unlock: [-] mutex_unlock[e97aa155] end.. owner:0x0, current_process:b91f5a00
     kworker/2:2-98    [002] d...    61.529179: worker_thread: [-] comm: kworker/2:2, pid: 98, global_func_exe_times: 24369 from (kthread+0x140/0x170) 
     kworker/2:2-98    [002] d...    61.529206: sched_switch: prev_comm=kworker/2:2 prev_pid=98 prev_prio=120 prev_state=I ==> next_comm=swapper/2 next_pid=0 next_prio=120
          <idle>-0     [000] d...    61.549353: sched_switch: prev_comm=swapper/0 prev_pid=0 prev_prio=120 prev_state=R ==> next_comm=lxpanel next_pid=985 next_prio=120
         lxpanel-985   [000] ....    61.549429: mutex_lock: [+][fastpath] mutex_lock[59993138] start.. owner:0, current_process:a4915a00
         lxpanel-985   [000] ....    61.549433: mutex_lock: [+][fastpath] mutex_lock[59993138] start.. owner:a4915a00, current_process:a4915a00
         lxpanel-985   [000] ....    61.549436: mutex_unlock <-unix_stream_read_generic
         lxpanel-985   [000] ....    61.549459: <stack trace>
 => mutex_unlock
 => unix_stream_read_generic
 => unix_stream_recvmsg
 => sock_recvmsg
 => ___sys_recvmsg
 => __sys_recvmsg
 => sys_recvmsg
 => ret_fast_syscall
 => 0x7ee5e5a0
         lxpanel-985   [000] ....    61.549463: mutex_unlock: [-] mutex_unlock[59993138] start.. owner:0xa4915a00, current_process:a4915a00
         lxpanel-985   [000] ....    61.549467: mutex_unlock: [-] mutex_unlock[59993138] end.. owner:0x0, current_process:a4915a00
         lxpanel-985   [000] ....    61.549479: mutex_lock: [+][fastpath] mutex_lock[59993138] start.. owner:0, current_process:a4915a00
         lxpanel-985   [000] ....    61.549483: mutex_lock: [+][fastpath] mutex_lock[59993138] start.. owner:a4915a00, current_process:a4915a00
         lxpanel-985   [000] ....    61.549485: mutex_unlock <-unix_stream_read_generic
         lxpanel-985   [000] ....    61.549502: <stack trace>
 => mutex_unlock
 => unix_stream_read_generic
 => unix_stream_recvmsg
 => sock_recvmsg
 => ___sys_recvmsg
 => __sys_recvmsg
 => sys_recvmsg
 => ret_fast_syscall
 => 0x7ee5e5c0
         lxpanel-985   [000] ....    61.549506: mutex_unlock: [-] mutex_unlock[59993138] start.. owner:0xa4915a00, current_process:a4915a00
         lxpanel-985   [000] ....    61.549510: mutex_unlock: [-] mutex_unlock[59993138] end.. owner:0x0, current_process:a4915a00
         lxpanel-985   [000] d...    61.549547: sched_switch: prev_comm=lxpanel prev_pid=985 prev_prio=120 prev_state=S ==> next_comm=swapper/0 next_pid=0 next_prio=120
          <idle>-0     [000] d...    61.618712: sched_switch: prev_comm=swapper/0 prev_pid=0 prev_prio=120 prev_state=R ==> next_comm=irq/86-mmc1 next_pid=80 next_prio=49
          <idle>-0     [003] d...    61.618843: sched_switch: prev_comm=swapper/3 prev_pid=0 prev_prio=120 prev_state=R ==> next_comm=kworker/u8:2 next_pid=130 next_prio=120
     irq/86-mmc1-80    [000] d...    61.618849: sched_switch: prev_comm=irq/86-mmc1 prev_pid=80 prev_prio=49 prev_state=S ==> next_comm=swapper/0 next_pid=0 next_prio=120
    kworker/u8:2-130   [003] ....    61.618851: worker_thread: [+] comm: kworker/u8:2, pid: 130, global_func_exe_times: 24369 from (kthread+0x140/0x170) 
    kworker/u8:2-130   [003] ....    61.618854: trace_function_dummy_call: [++] comm:kworker/u8:2, pid:130, from(worker_thread+0x18c/0x60c) 
    kworker/u8:2-130   [003] d...    61.618876: sched_switch: prev_comm=kworker/u8:2 prev_pid=130 prev_prio=120 prev_state=D ==> next_comm=swapper/3 next_pid=0 next_prio=120
          <idle>-0     [003] d...    61.618902: sched_switch: prev_comm=swapper/3 prev_pid=0 prev_prio=120 prev_state=R ==> next_comm=kworker/u8:2 next_pid=130 next_prio=120
    kworker/u8:2-130   [003] d...    61.618914: sched_switch: prev_comm=kworker/u8:2 prev_pid=130 prev_prio=120 prev_state=D ==> next_comm=swapper/3 next_pid=0 next_prio=120
          <idle>-0     [003] d...    61.621926: sched_switch: prev_comm=swapper/3 prev_pid=0 prev_prio=120 prev_state=R ==> next_comm=kworker/u8:2 next_pid=130 next_prio=120
    kworker/u8:2-130   [003] d...    61.621942: sched_switch: prev_comm=kworker/u8:2 prev_pid=130 prev_prio=120 prev_state=D ==> next_comm=swapper/3 next_pid=0 next_prio=120
          <idle>-0     [003] d...    61.621966: sched_switch: prev_comm=swapper/3 prev_pid=0 prev_prio=120 prev_state=R ==> next_comm=kworker/u8:2 next_pid=130 next_prio=120
    kworker/u8:2-130   [003] d...    61.622003: sched_switch: prev_comm=kworker/u8:2 prev_pid=130 prev_prio=120 prev_state=D ==> next_comm=swapper/3 next_pid=0 next_prio=120
          <idle>-0     [003] d...    61.622029: sched_switch: prev_comm=swapper/3 prev_pid=0 prev_prio=120 prev_state=R ==> next_comm=kworker/u8:2 next_pid=130 next_prio=120
    kworker/u8:2-130   [003] d...    61.622059: sched_switch: prev_comm=kworker/u8:2 prev_pid=130 prev_prio=120 prev_state=D ==> next_comm=swapper/3 next_pid=0 next_prio=120
          <idle>-0     [003] d...    61.622085: sched_switch: prev_comm=swapper/3 prev_pid=0 prev_prio=120 prev_state=R ==> next_comm=kworker/u8:2 next_pid=130 next_prio=120
    kworker/u8:2-130   [003] d...    61.622182: sched_switch: prev_comm=kworker/u8:2 prev_pid=130 prev_prio=120 prev_state=D ==> next_comm=sshd next_pid=1224 next_prio=120
            sshd-1224  [003] ....    61.622330: mutex_lock: [+][fastpath] mutex_lock[c907db2b] start.. owner:0, current_process:9ed28000
            sshd-1224  [003] ....    61.622334: mutex_lock: [+][fastpath] mutex_lock[c907db2b] start.. owner:9ed28000, current_process:9ed28000
            sshd-1224  [003] ....    61.622348: mutex_unlock <-n_tty_write
            sshd-1224  [003] ....    61.622369: <stack trace>
 => mutex_unlock
 => n_tty_write
 => tty_write
 => __vfs_write
 => vfs_write
 => ksys_write
 => sys_write
 => ret_fast_syscall
 => 0x7ee4c220
            sshd-1224  [003] ....    61.622374: mutex_unlock: [-] mutex_unlock[c907db2b] start.. owner:0x9ed28000, current_process:9ed28000
            sshd-1224  [003] ....    61.622377: mutex_unlock: [-] mutex_unlock[c907db2b] end.. owner:0x0, current_process:9ed28000
            sshd-1224  [003] ....    61.622381: mutex_unlock <-tty_write_unlock
            sshd-1224  [003] ....    61.622398: <stack trace>
 => mutex_unlock
 => tty_write_unlock
 => tty_write
 => __vfs_write
 => vfs_write
 => ksys_write
 => sys_write
 => ret_fast_syscall
 => 0x7ee4c220
            sshd-1224  [003] ....    61.622402: mutex_unlock: [-] mutex_unlock[304aee79] start.. owner:0x9ed28000, current_process:9ed28000
            sshd-1224  [003] ....    61.622406: mutex_unlock: [-] mutex_unlock[304aee79] end.. owner:0x0, current_process:9ed28000
            sshd-1224  [003] d...    61.622445: sched_switch: prev_comm=sshd prev_pid=1224 prev_prio=120 prev_state=S ==> next_comm=kworker/u8:0 next_pid=7 next_prio=120
    kworker/u8:0-7     [003] ....    61.622453: worker_thread: [+] comm: kworker/u8:0, pid: 7, global_func_exe_times: 24370 from (kthread+0x140/0x170) 
    kworker/u8:0-7     [003] ....    61.622456: trace_function_dummy_call: [++] comm:kworker/u8:0, pid:7, from(worker_thread+0x18c/0x60c) 
    kworker/u8:0-7     [003] ....    61.622462: mutex_lock: [+][fastpath] mutex_lock[1d5e8160] start.. owner:0, current_process:b9e85a00
    kworker/u8:0-7     [003] ....    61.622465: mutex_lock: [+][fastpath] mutex_lock[1d5e8160] start.. owner:b9e85a00, current_process:b9e85a00
    kworker/u8:0-7     [003] ....    61.622477: mutex_unlock <-flush_to_ldisc
    kworker/u8:0-7     [003] ....    61.622496: <stack trace>
 => mutex_unlock
 => flush_to_ldisc
 => process_one_work
 => worker_thread
 => kthread
 => ret_from_fork
 => 0
          <idle>-0     [002] d...    61.622496: sched_switch: prev_comm=swapper/2 prev_pid=0 prev_prio=120 prev_state=R ==> next_comm=bash next_pid=1248 next_prio=120
    kworker/u8:0-7     [003] ....    61.622500: mutex_unlock: [-] mutex_unlock[1d5e8160] start.. owner:0xb9e85a00, current_process:b9e85a00
    kworker/u8:0-7     [003] ....    61.622503: mutex_unlock: [-] mutex_unlock[1d5e8160] end.. owner:0x0, current_process:b9e85a00
    kworker/u8:0-7     [003] d...    61.622508: worker_thread: [-] comm: kworker/u8:0, pid: 7, global_func_exe_times: 24371 from (kthread+0x140/0x170) 
    kworker/u8:0-7     [003] d...    61.622517: sched_switch: prev_comm=kworker/u8:0 prev_pid=7 prev_prio=120 prev_state=I ==> next_comm=kworker/u8:2 next_pid=130 next_prio=120
            bash-1248  [002] ....    61.622521: mutex_unlock <-n_tty_read
    kworker/u8:2-130   [003] d...    61.622531: worker_thread: [-] comm: kworker/u8:2, pid: 130, global_func_exe_times: 24371 from (kthread+0x140/0x170) 
            bash-1248  [002] ....    61.622541: <stack trace>
 => mutex_unlock
 => n_tty_read
 => tty_read
 => __vfs_read
 => vfs_read
 => ksys_read
 => sys_read
 => ret_fast_syscall
 => 0x7e9b9180
            bash-1248  [002] ....    61.622546: mutex_unlock: [-] mutex_unlock[82aaf953] start.. owner:0xa0e98000, current_process:a0e98000
            bash-1248  [002] ....    61.622549: mutex_unlock: [-] mutex_unlock[82aaf953] end.. owner:0x0, current_process:a0e98000
    kworker/u8:2-130   [003] d...    61.622554: sched_switch: prev_comm=kworker/u8:2 prev_pid=130 prev_prio=120 prev_state=I ==> next_comm=swapper/3 next_pid=0 next_prio=120
            bash-1248  [002] ....    61.622599: mutex_lock: [+][fastpath] mutex_lock[e49fa59d] start.. owner:0, current_process:a0e98000
            bash-1248  [002] ....    61.622603: mutex_lock: [+][fastpath] mutex_lock[e49fa59d] start.. owner:a0e98000, current_process:a0e98000
            bash-1248  [002] ....    61.622611: mutex_unlock <-n_tty_write
          <idle>-0     [003] d...    61.622626: sched_switch: prev_comm=swapper/3 prev_pid=0 prev_prio=120 prev_state=R ==> next_comm=kworker/u8:2 next_pid=130 next_prio=120
            bash-1248  [002] ....    61.622629: <stack trace>
 => mutex_unlock
 => n_tty_write
 => tty_write
 => __vfs_write
 => vfs_write
 => ksys_write
 => sys_write
 => ret_fast_syscall
 => 0x7e9b9168
    kworker/u8:2-130   [003] ....    61.622632: worker_thread: [+] comm: kworker/u8:2, pid: 130, global_func_exe_times: 24371 from (kthread+0x140/0x170) 
            bash-1248  [002] ....    61.622633: mutex_unlock: [-] mutex_unlock[e49fa59d] start.. owner:0xa0e98000, current_process:a0e98000
    kworker/u8:2-130   [003] ....    61.622635: trace_function_dummy_call: [++] comm:kworker/u8:2, pid:130, from(worker_thread+0x18c/0x60c) 
            bash-1248  [002] ....    61.622636: mutex_unlock: [-] mutex_unlock[e49fa59d] end.. owner:0x0, current_process:a0e98000
            bash-1248  [002] ....    61.622639: mutex_unlock <-tty_write_unlock
    kworker/u8:2-130   [003] ....    61.622640: mutex_lock: [+][fastpath] mutex_lock[cf9667cb] start.. owner:0, current_process:b8280000
    kworker/u8:2-130   [003] ....    61.622643: mutex_lock: [+][fastpath] mutex_lock[cf9667cb] start.. owner:b8280000, current_process:b8280000
            bash-1248  [002] ....    61.622656: <stack trace>
 => mutex_unlock
 => tty_write_unlock
 => tty_write
 => __vfs_write
 => vfs_write
 => ksys_write
 => sys_write
 => ret_fast_syscall
 => 0x7e9b9168
    kworker/u8:2-130   [003] ....    61.622656: mutex_unlock <-flush_to_ldisc
            bash-1248  [002] ....    61.622660: mutex_unlock: [-] mutex_unlock[38105917] start.. owner:0xa0e98000, current_process:a0e98000
            bash-1248  [002] ....    61.622663: mutex_unlock: [-] mutex_unlock[38105917] end.. owner:0x0, current_process:a0e98000
    kworker/u8:2-130   [003] ....    61.622673: <stack trace>
 => mutex_unlock
 => flush_to_ldisc
 => process_one_work
 => worker_thread
 => kthread
 => ret_from_fork
 => 0
    kworker/u8:2-130   [003] ....    61.622677: mutex_unlock: [-] mutex_unlock[cf9667cb] start.. owner:0xb8280000, current_process:b8280000
    kworker/u8:2-130   [003] ....    61.622680: mutex_unlock: [-] mutex_unlock[cf9667cb] end.. owner:0x0, current_process:b8280000
    kworker/u8:2-130   [003] d...    61.622685: worker_thread: [-] comm: kworker/u8:2, pid: 130, global_func_exe_times: 24372 from (kthread+0x140/0x170) 
    kworker/u8:2-130   [003] d...    61.622695: sched_switch: prev_comm=kworker/u8:2 prev_pid=130 prev_prio=120 prev_state=I ==> next_comm=sshd next_pid=1224 next_prio=120
            bash-1248  [002] d...    61.622701: sched_switch: prev_comm=bash prev_pid=1248 prev_prio=120 prev_state=S ==> next_comm=swapper/2 next_pid=0 next_prio=120
            sshd-1224  [003] ....    61.622722: mutex_unlock <-n_tty_read
            sshd-1224  [003] ....    61.622740: <stack trace>
 => mutex_unlock
 => n_tty_read
 => tty_read
 => __vfs_read
 => vfs_read
 => ksys_read
 => sys_read
 => ret_fast_syscall
 => 0x7ee48200
            sshd-1224  [003] ....    61.622745: mutex_unlock: [-] mutex_unlock[136d9518] start.. owner:0x9ed28000, current_process:9ed28000
            sshd-1224  [003] ....    61.622748: mutex_unlock: [-] mutex_unlock[136d9518] end.. owner:0x0, current_process:9ed28000
            sshd-1224  [003] d...    61.622910: sched_switch: prev_comm=sshd prev_pid=1224 prev_prio=120 prev_state=S ==> next_comm=kworker/u8:2 next_pid=130 next_prio=120
    kworker/u8:2-130   [003] ....    61.622917: worker_thread: [+] comm: kworker/u8:2, pid: 130, global_func_exe_times: 24372 from (kthread+0x140/0x170) 
    kworker/u8:2-130   [003] ....    61.622921: trace_function_dummy_call: [++] comm:kworker/u8:2, pid:130, from(worker_thread+0x18c/0x60c) 
    kworker/u8:2-130   [003] d...    61.622974: sched_switch: prev_comm=kworker/u8:2 prev_pid=130 prev_prio=120 prev_state=D ==> next_comm=swapper/3 next_pid=0 next_prio=120
          <idle>-0     [003] d...    61.623004: sched_switch: prev_comm=swapper/3 prev_pid=0 prev_prio=120 prev_state=R ==> next_comm=kworker/u8:2 next_pid=130 next_prio=120
    kworker/u8:2-130   [003] d...    61.623020: worker_thread: [-] comm: kworker/u8:2, pid: 130, global_func_exe_times: 24373 from (kthread+0x140/0x170) 
    kworker/u8:2-130   [003] d...    61.623027: sched_switch: prev_comm=kworker/u8:2 prev_pid=130 prev_prio=120 prev_state=I ==> next_comm=swapper/3 next_pid=0 next_prio=120
          <idle>-0     [002] d...    61.629247: sched_switch: prev_comm=swapper/2 prev_pid=0 prev_prio=120 prev_state=R ==> next_comm=mosquitto next_pid=465 next_prio=120
       mosquitto-465   [002] d...    61.629277: sched_switch: prev_comm=mosquitto prev_pid=465 prev_prio=120 prev_state=S ==> next_comm=kworker/2:2 next_pid=98 next_prio=120
     kworker/2:2-98    [002] ....    61.629283: worker_thread: [+] comm: kworker/2:2, pid: 98, global_func_exe_times: 24373 from (kthread+0x140/0x170) 
     kworker/2:2-98    [002] ....    61.629286: trace_function_dummy_call: [++] comm:kworker/2:2, pid:98, from(worker_thread+0x18c/0x60c) 
     kworker/2:2-98    [002] ....    61.629293: mutex_lock: [+][fastpath] mutex_lock[e97aa155] start.. owner:0, current_process:b91f5a00
     kworker/2:2-98    [002] ....    61.629296: mutex_lock: [+][fastpath] mutex_lock[e97aa155] start.. owner:b91f5a00, current_process:b91f5a00
     kworker/2:2-98    [002] ....    61.629306: mutex_unlock <-dbs_work_handler
     kworker/2:2-98    [002] ....    61.629323: <stack trace>
 => mutex_unlock
 => dbs_work_handler
 => process_one_work
 => worker_thread
 => kthread
 => ret_from_fork
 => 0
     kworker/2:2-98    [002] ....    61.629326: mutex_unlock: [-] mutex_unlock[e97aa155] start.. owner:0xb91f5a00, current_process:b91f5a00
     kworker/2:2-98    [002] ....    61.629330: mutex_unlock: [-] mutex_unlock[e97aa155] end.. owner:0x0, current_process:b91f5a00
     kworker/2:2-98    [002] d...    61.629334: worker_thread: [-] comm: kworker/2:2, pid: 98, global_func_exe_times: 24374 from (kthread+0x140/0x170) 
     kworker/2:2-98    [002] d...    61.629360: sched_switch: prev_comm=kworker/2:2 prev_pid=98 prev_prio=120 prev_state=I ==> next_comm=swapper/2 next_pid=0 next_prio=120
          <idle>-0     [000] d...    61.631792: sched_switch: prev_comm=swapper/0 prev_pid=0 prev_prio=120 prev_state=R ==> next_comm=irq/86-mmc1 next_pid=80 next_prio=49
     irq/86-mmc1-80    [000] d...    61.631910: sched_switch: prev_comm=irq/86-mmc1 prev_pid=80 prev_prio=49 prev_state=S ==> next_comm=swapper/0 next_pid=0 next_prio=120
          <idle>-0     [003] d...    61.631915: sched_switch: prev_comm=swapper/3 prev_pid=0 prev_prio=120 prev_state=R ==> next_comm=kworker/u8:2 next_pid=130 next_prio=120
    kworker/u8:2-130   [003] ....    61.631921: worker_thread: [+] comm: kworker/u8:2, pid: 130, global_func_exe_times: 24374 from (kthread+0x140/0x170) 
    kworker/u8:2-130   [003] ....    61.631924: trace_function_dummy_call: [++] comm:kworker/u8:2, pid:130, from(worker_thread+0x18c/0x60c) 
    kworker/u8:2-130   [003] d...    61.631960: sched_switch: prev_comm=kworker/u8:2 prev_pid=130 prev_prio=120 prev_state=D ==> next_comm=swapper/3 next_pid=0 next_prio=120
          <idle>-0     [003] d...    61.631987: sched_switch: prev_comm=swapper/3 prev_pid=0 prev_prio=120 prev_state=R ==> next_comm=kworker/u8:2 next_pid=130 next_prio=120
    kworker/u8:2-130   [003] d...    61.632016: sched_switch: prev_comm=kworker/u8:2 prev_pid=130 prev_prio=120 prev_state=D ==> next_comm=swapper/3 next_pid=0 next_prio=120
          <idle>-0     [003] d...    61.632042: sched_switch: prev_comm=swapper/3 prev_pid=0 prev_prio=120 prev_state=R ==> next_comm=kworker/u8:2 next_pid=130 next_prio=120
    kworker/u8:2-130   [003] d...    61.632120: sched_switch: prev_comm=kworker/u8:2 prev_pid=130 prev_prio=120 prev_state=D ==> next_comm=swapper/3 next_pid=0 next_prio=120
          <idle>-0     [003] d...    61.632147: sched_switch: prev_comm=swapper/3 prev_pid=0 prev_prio=120 prev_state=R ==> next_comm=kworker/u8:2 next_pid=130 next_prio=120
    kworker/u8:2-130   [003] d...    61.632160: worker_thread: [-] comm: kworker/u8:2, pid: 130, global_func_exe_times: 24375 from (kthread+0x140/0x170) 
    kworker/u8:2-130   [003] d...    61.632168: sched_switch: prev_comm=kworker/u8:2 prev_pid=130 prev_prio=120 prev_state=I ==> next_comm=swapper/3 next_pid=0 next_prio=120
          <idle>-0     [003] d...    61.648062: sched_switch: prev_comm=swapper/3 prev_pid=0 prev_prio=120 prev_state=R ==> next_comm=brcmf_wdog/mmc1 next_pid=266 next_prio=120
 brcmf_wdog/mmc1-266   [003] d...    61.648073: sched_switch: prev_comm=brcmf_wdog/mmc1 prev_pid=266 prev_prio=120 prev_state=S ==> next_comm=swapper/3 next_pid=0 next_prio=120
          <idle>-0     [000] d...    61.657238: sched_switch: prev_comm=swapper/0 prev_pid=0 prev_prio=120 prev_state=R ==> next_comm=irq/86-mmc1 next_pid=80 next_prio=49
     irq/86-mmc1-80    [000] d...    61.657352: sched_switch: prev_comm=irq/86-mmc1 prev_pid=80 prev_prio=49 prev_state=S ==> next_comm=swapper/0 next_pid=0 next_prio=120
          <idle>-0     [003] d...    61.657356: sched_switch: prev_comm=swapper/3 prev_pid=0 prev_prio=120 prev_state=R ==> next_comm=kworker/u8:2 next_pid=130 next_prio=120
    kworker/u8:2-130   [003] ....    61.657362: worker_thread: [+] comm: kworker/u8:2, pid: 130, global_func_exe_times: 24375 from (kthread+0x140/0x170) 
    kworker/u8:2-130   [003] ....    61.657365: trace_function_dummy_call: [++] comm:kworker/u8:2, pid:130, from(worker_thread+0x18c/0x60c) 
    kworker/u8:2-130   [003] d...    61.657399: sched_switch: prev_comm=kworker/u8:2 prev_pid=130 prev_prio=120 prev_state=D ==> next_comm=swapper/3 next_pid=0 next_prio=120
          <idle>-0     [003] d...    61.657425: sched_switch: prev_comm=swapper/3 prev_pid=0 prev_prio=120 prev_state=R ==> next_comm=kworker/u8:2 next_pid=130 next_prio=120
    kworker/u8:2-130   [003] d...    61.657453: sched_switch: prev_comm=kworker/u8:2 prev_pid=130 prev_prio=120 prev_state=D ==> next_comm=swapper/3 next_pid=0 next_prio=120
          <idle>-0     [003] d...    61.657479: sched_switch: prev_comm=swapper/3 prev_pid=0 prev_prio=120 prev_state=R ==> next_comm=kworker/u8:2 next_pid=130 next_prio=120
    kworker/u8:2-130   [003] d...    61.657547: sched_switch: prev_comm=kworker/u8:2 prev_pid=130 prev_prio=120 prev_state=D ==> next_comm=sshd next_pid=1224 next_prio=120
          <idle>-0     [002] d...    61.657578: sched_switch: prev_comm=swapper/2 prev_pid=0 prev_prio=120 prev_state=R ==> next_comm=rngd next_pid=539 next_prio=120
            rngd-539   [002] d...    61.657612: sched_switch: prev_comm=rngd prev_pid=539 prev_prio=120 prev_state=S ==> next_comm=swapper/2 next_pid=0 next_prio=120
            sshd-1224  [003] ....    61.657648: mutex_lock: [+][fastpath] mutex_lock[c907db2b] start.. owner:0, current_process:9ed28000
            sshd-1224  [003] ....    61.657652: mutex_lock: [+][fastpath] mutex_lock[c907db2b] start.. owner:9ed28000, current_process:9ed28000
            sshd-1224  [003] ....    61.657664: mutex_unlock <-n_tty_write
            sshd-1224  [003] ....    61.657685: <stack trace>
 => mutex_unlock
 => n_tty_write
 => tty_write
 => __vfs_write
 => vfs_write
 => ksys_write
 => sys_write
 => ret_fast_syscall
 => 0x7ee4c220
            sshd-1224  [003] ....    61.657689: mutex_unlock: [-] mutex_unlock[c907db2b] start.. owner:0x9ed28000, current_process:9ed28000
            sshd-1224  [003] ....    61.657693: mutex_unlock: [-] mutex_unlock[c907db2b] end.. owner:0x0, current_process:9ed28000
            sshd-1224  [003] ....    61.657696: mutex_unlock <-tty_write_unlock
            sshd-1224  [003] ....    61.657713: <stack trace>
 => mutex_unlock
 => tty_write_unlock
 => tty_write
 => __vfs_write
 => vfs_write
 => ksys_write
 => sys_write
 => ret_fast_syscall
 => 0x7ee4c220
            sshd-1224  [003] ....    61.657717: mutex_unlock: [-] mutex_unlock[304aee79] start.. owner:0x9ed28000, current_process:9ed28000
            sshd-1224  [003] ....    61.657720: mutex_unlock: [-] mutex_unlock[304aee79] end.. owner:0x0, current_process:9ed28000
            sshd-1224  [003] d...    61.657749: sched_switch: prev_comm=sshd prev_pid=1224 prev_prio=120 prev_state=S ==> next_comm=kworker/u8:0 next_pid=7 next_prio=120
    kworker/u8:0-7     [003] ....    61.657756: worker_thread: [+] comm: kworker/u8:0, pid: 7, global_func_exe_times: 24376 from (kthread+0x140/0x170) 
    kworker/u8:0-7     [003] ....    61.657759: trace_function_dummy_call: [++] comm:kworker/u8:0, pid:7, from(worker_thread+0x18c/0x60c) 
    kworker/u8:0-7     [003] ....    61.657764: mutex_lock: [+][fastpath] mutex_lock[1d5e8160] start.. owner:0, current_process:b9e85a00
    kworker/u8:0-7     [003] ....    61.657767: mutex_lock: [+][fastpath] mutex_lock[1d5e8160] start.. owner:b9e85a00, current_process:b9e85a00
    kworker/u8:0-7     [003] ....    61.657776: mutex_unlock <-flush_to_ldisc
          <idle>-0     [002] d...    61.657791: sched_switch: prev_comm=swapper/2 prev_pid=0 prev_prio=120 prev_state=R ==> next_comm=bash next_pid=1248 next_prio=120
    kworker/u8:0-7     [003] ....    61.657793: <stack trace>
 => mutex_unlock
 => flush_to_ldisc
 => process_one_work
 => worker_thread
 => kthread
 => ret_from_fork
 => 0
    kworker/u8:0-7     [003] ....    61.657797: mutex_unlock: [-] mutex_unlock[1d5e8160] start.. owner:0xb9e85a00, current_process:b9e85a00
    kworker/u8:0-7     [003] ....    61.657800: mutex_unlock: [-] mutex_unlock[1d5e8160] end.. owner:0x0, current_process:b9e85a00
    kworker/u8:0-7     [003] d...    61.657805: worker_thread: [-] comm: kworker/u8:0, pid: 7, global_func_exe_times: 24377 from (kthread+0x140/0x170) 
            bash-1248  [002] ....    61.657808: mutex_unlock <-n_tty_read
    kworker/u8:0-7     [003] d...    61.657813: sched_switch: prev_comm=kworker/u8:0 prev_pid=7 prev_prio=120 prev_state=I ==> next_comm=kworker/u8:2 next_pid=130 next_prio=120
    kworker/u8:2-130   [003] d...    61.657826: worker_thread: [-] comm: kworker/u8:2, pid: 130, global_func_exe_times: 24377 from (kthread+0x140/0x170) 
            bash-1248  [002] ....    61.657828: <stack trace>
 => mutex_unlock
 => n_tty_read
 => tty_read
 => __vfs_read
 => vfs_read
 => ksys_read
 => sys_read
 => ret_fast_syscall
 => 0x7e9b9180
            bash-1248  [002] ....    61.657833: mutex_unlock: [-] mutex_unlock[82aaf953] start.. owner:0xa0e98000, current_process:a0e98000
            bash-1248  [002] ....    61.657836: mutex_unlock: [-] mutex_unlock[82aaf953] end.. owner:0x0, current_process:a0e98000
    kworker/u8:2-130   [003] d...    61.657843: sched_switch: prev_comm=kworker/u8:2 prev_pid=130 prev_prio=120 prev_state=I ==> next_comm=swapper/3 next_pid=0 next_prio=120
            bash-1248  [002] ....    61.657851: mutex_lock: [+][fastpath] mutex_lock[e49fa59d] start.. owner:0, current_process:a0e98000
            bash-1248  [002] ....    61.657855: mutex_lock: [+][fastpath] mutex_lock[e49fa59d] start.. owner:a0e98000, current_process:a0e98000
            bash-1248  [002] ....    61.657857: mutex_unlock <-n_tty_write
            bash-1248  [002] ....    61.657875: <stack trace>
 => mutex_unlock
 => n_tty_write
 => tty_write
 => __vfs_write
 => vfs_write
 => ksys_write
 => sys_write
 => ret_fast_syscall
 => 0x7e9b91a8
            bash-1248  [002] ....    61.657878: mutex_unlock: [-] mutex_unlock[e49fa59d] start.. owner:0xa0e98000, current_process:a0e98000
            bash-1248  [002] ....    61.657882: mutex_unlock: [-] mutex_unlock[e49fa59d] end.. owner:0x0, current_process:a0e98000
            bash-1248  [002] ....    61.657885: mutex_lock: [+][fastpath] mutex_lock[e49fa59d] start.. owner:0, current_process:a0e98000
            bash-1248  [002] ....    61.657889: mutex_lock: [+][fastpath] mutex_lock[e49fa59d] start.. owner:a0e98000, current_process:a0e98000
            bash-1248  [002] ....    61.657898: mutex_unlock <-n_tty_write
          <idle>-0     [003] d...    61.657912: sched_switch: prev_comm=swapper/3 prev_pid=0 prev_prio=120 prev_state=R ==> next_comm=kworker/u8:2 next_pid=130 next_prio=120
            bash-1248  [002] ....    61.657915: <stack trace>
 => mutex_unlock
 => n_tty_write
 => tty_write
 => __vfs_write
 => vfs_write
 => ksys_write
 => sys_write
 => ret_fast_syscall
 => 0x7e9b91a8
    kworker/u8:2-130   [003] ....    61.657918: worker_thread: [+] comm: kworker/u8:2, pid: 130, global_func_exe_times: 24377 from (kthread+0x140/0x170) 
            bash-1248  [002] ....    61.657919: mutex_unlock: [-] mutex_unlock[e49fa59d] start.. owner:0xa0e98000, current_process:a0e98000
    kworker/u8:2-130   [003] ....    61.657921: trace_function_dummy_call: [++] comm:kworker/u8:2, pid:130, from(worker_thread+0x18c/0x60c) 
            bash-1248  [002] ....    61.657922: mutex_unlock: [-] mutex_unlock[e49fa59d] end.. owner:0x0, current_process:a0e98000
            bash-1248  [002] ....    61.657925: mutex_unlock <-tty_write_unlock
    kworker/u8:2-130   [003] ....    61.657926: mutex_lock: [+][fastpath] mutex_lock[cf9667cb] start.. owner:0, current_process:b8280000
