         apache2-678   [003] d...   465.056696: sched_switch: prev_comm=apache2 prev_pid=678 prev_prio=120 prev_state=S ==> next_comm=swapper/3 next_pid=0 next_prio=120
          <idle>-0     [003] d...   465.120830: sched_switch: prev_comm=swapper/3 prev_pid=0 prev_prio=120 prev_state=R ==> next_comm=mysqld next_pid=773 next_prio=120
          mysqld-773   [003] d...   465.120855: sched_switch: prev_comm=mysqld prev_pid=773 prev_prio=120 prev_state=S ==> next_comm=mysqld next_pid=777 next_prio=120
          mysqld-777   [003] d...   465.120877: sched_switch: prev_comm=mysqld prev_pid=777 prev_prio=120 prev_state=S ==> next_comm=mysqld next_pid=770 next_prio=120
          mysqld-770   [003] d...   465.120914: sched_switch: prev_comm=mysqld prev_pid=770 prev_prio=120 prev_state=S ==> next_comm=swapper/3 next_pid=0 next_prio=120
          <idle>-0     [000] d...   465.120936: sched_switch: prev_comm=swapper/0 prev_pid=0 prev_prio=120 prev_state=R ==> next_comm=mysqld next_pid=768 next_prio=120
          mysqld-768   [000] d...   465.120965: sched_switch: prev_comm=mysqld prev_pid=768 prev_prio=120 prev_state=S ==> next_comm=mysqld next_pid=771 next_prio=120
          mysqld-771   [000] d...   465.121002: sched_switch: prev_comm=mysqld prev_pid=771 prev_prio=120 prev_state=S ==> next_comm=mysqld next_pid=772 next_prio=120
          mysqld-772   [000] d...   465.121033: sched_switch: prev_comm=mysqld prev_pid=772 prev_prio=120 prev_state=S ==> next_comm=swapper/0 next_pid=0 next_prio=120
          <idle>-0     [000] d...   465.121085: sched_switch: prev_comm=swapper/0 prev_pid=0 prev_prio=120 prev_state=R ==> next_comm=mysqld next_pid=802 next_prio=120
          mysqld-802   [000] d...   465.121124: sched_switch: prev_comm=mysqld prev_pid=802 prev_prio=120 prev_state=S ==> next_comm=swapper/0 next_pid=0 next_prio=120
          <idle>-0     [001] d...   465.122278: sched_switch: prev_comm=swapper/1 prev_pid=0 prev_prio=120 prev_state=R ==> next_comm=kworker/1:0 next_pid=2013 next_prio=120
     kworker/1:0-2013  [001] ....   465.122285: worker_thread: [+] comm: kworker/1:0, pid: 2013, global_func_exe_times: 79651 from (kthread+0x140/0x170) 
     kworker/1:0-2013  [001] ....   465.122288: trace_function_dummy_call: [++] comm:kworker/1:0, pid:2013, from(worker_thread+0x18c/0x60c) 
     kworker/1:0-2013  [001] ....   465.122294: __kmalloc: [+] comm: kworker/1:0, pid: 2013, kmalloc_times: 474 from (rpi_firmware_property+0x38/0x120) 
     kworker/1:0-2013  [001] ....   465.122299: __kmalloc: [-] comm: kworker/1:0, pid: 2013, kmalloc_times: 475 from (rpi_firmware_property+0x38/0x120) 
     kworker/1:0-2013  [001] d...   465.122340: sched_switch: prev_comm=kworker/1:0 prev_pid=2013 prev_prio=120 prev_state=D ==> next_comm=swapper/1 next_pid=0 next_prio=120
          <idle>-0     [001] d...   465.122367: sched_switch: prev_comm=swapper/1 prev_pid=0 prev_prio=120 prev_state=R ==> next_comm=kworker/1:0 next_pid=2013 next_prio=120
     kworker/1:0-2013  [001] d...   465.122384: worker_thread: [-] comm: kworker/1:0, pid: 2013, global_func_exe_times: 79652 from (kthread+0x140/0x170) 
     kworker/1:0-2013  [001] d...   465.122390: sched_switch: prev_comm=kworker/1:0 prev_pid=2013 prev_prio=120 prev_state=I ==> next_comm=swapper/1 next_pid=0 next_prio=120
          <idle>-0     [000] d...   465.143328: sched_switch: prev_comm=swapper/0 prev_pid=0 prev_prio=120 prev_state=R ==> next_comm=mosquitto next_pid=465 next_prio=120
       mosquitto-465   [000] d...   465.143355: sched_switch: prev_comm=mosquitto prev_pid=465 prev_prio=120 prev_state=S ==> next_comm=kworker/0:2 next_pid=336 next_prio=120
     kworker/0:2-336   [000] ....   465.143361: worker_thread: [+] comm: kworker/0:2, pid: 336, global_func_exe_times: 79652 from (kthread+0x140/0x170) 
     kworker/0:2-336   [000] ....   465.143365: trace_function_dummy_call: [++] comm:kworker/0:2, pid:336, from(worker_thread+0x18c/0x60c) 
     kworker/0:2-336   [000] d...   465.143377: worker_thread: [-] comm: kworker/0:2, pid: 336, global_func_exe_times: 79653 from (kthread+0x140/0x170) 
     kworker/0:2-336   [000] d...   465.143400: sched_switch: prev_comm=kworker/0:2 prev_pid=336 prev_prio=120 prev_state=I ==> next_comm=swapper/0 next_pid=0 next_prio=120
          <idle>-0     [000] d...   465.149009: sched_switch: prev_comm=swapper/0 prev_pid=0 prev_prio=120 prev_state=R ==> next_comm=mysqld next_pid=803 next_prio=120
          mysqld-803   [000] d...   465.149117: sched_switch: prev_comm=mysqld prev_pid=803 prev_prio=120 prev_state=S ==> next_comm=swapper/0 next_pid=0 next_prio=120
          <idle>-0     [000] d...   465.220483: sched_switch: prev_comm=swapper/0 prev_pid=0 prev_prio=120 prev_state=R ==> next_comm=rngd next_pid=555 next_prio=120
            rngd-555   [000] d...   465.220511: sched_switch: prev_comm=rngd prev_pid=555 prev_prio=120 prev_state=S ==> next_comm=swapper/0 next_pid=0 next_prio=120
          <idle>-0     [000] d...   465.243480: sched_switch: prev_comm=swapper/0 prev_pid=0 prev_prio=120 prev_state=R ==> next_comm=mosquitto next_pid=465 next_prio=120
       mosquitto-465   [000] d...   465.243506: sched_switch: prev_comm=mosquitto prev_pid=465 prev_prio=120 prev_state=S ==> next_comm=kworker/0:2 next_pid=336 next_prio=120
     kworker/0:2-336   [000] ....   465.243513: worker_thread: [+] comm: kworker/0:2, pid: 336, global_func_exe_times: 79653 from (kthread+0x140/0x170) 
     kworker/0:2-336   [000] ....   465.243516: trace_function_dummy_call: [++] comm:kworker/0:2, pid:336, from(worker_thread+0x18c/0x60c) 
     kworker/0:2-336   [000] d...   465.243528: worker_thread: [-] comm: kworker/0:2, pid: 336, global_func_exe_times: 79654 from (kthread+0x140/0x170) 
     kworker/0:2-336   [000] d...   465.243546: sched_switch: prev_comm=kworker/0:2 prev_pid=336 prev_prio=120 prev_state=I ==> next_comm=swapper/0 next_pid=0 next_prio=120
          <idle>-0     [000] d...   465.343632: sched_switch: prev_comm=swapper/0 prev_pid=0 prev_prio=120 prev_state=R ==> next_comm=mosquitto next_pid=465 next_prio=120
       mosquitto-465   [000] d...   465.343657: sched_switch: prev_comm=mosquitto prev_pid=465 prev_prio=120 prev_state=S ==> next_comm=kworker/0:2 next_pid=336 next_prio=120
     kworker/0:2-336   [000] ....   465.343663: worker_thread: [+] comm: kworker/0:2, pid: 336, global_func_exe_times: 79654 from (kthread+0x140/0x170) 
     kworker/0:2-336   [000] ....   465.343666: trace_function_dummy_call: [++] comm:kworker/0:2, pid:336, from(worker_thread+0x18c/0x60c) 
     kworker/0:2-336   [000] d...   465.343677: worker_thread: [-] comm: kworker/0:2, pid: 336, global_func_exe_times: 79655 from (kthread+0x140/0x170) 
     kworker/0:2-336   [000] d...   465.343694: sched_switch: prev_comm=kworker/0:2 prev_pid=336 prev_prio=120 prev_state=I ==> next_comm=swapper/0 next_pid=0 next_prio=120
          <idle>-0     [000] d...   465.355811: sched_switch: prev_comm=swapper/0 prev_pid=0 prev_prio=120 prev_state=R ==> next_comm=lxpanel next_pid=995 next_prio=120
         lxpanel-995   [000] d...   465.355901: sched_switch: prev_comm=lxpanel prev_pid=995 prev_prio=120 prev_state=S ==> next_comm=swapper/0 next_pid=0 next_prio=120
          <idle>-0     [003] d...   465.394479: sched_switch: prev_comm=swapper/3 prev_pid=0 prev_prio=120 prev_state=R ==> next_comm=mysqld next_pid=778 next_prio=120
          mysqld-778   [003] d...   465.394527: sched_switch: prev_comm=mysqld prev_pid=778 prev_prio=120 prev_state=S ==> next_comm=mysqld next_pid=807 next_prio=120
          mysqld-807   [003] d...   465.394592: sched_switch: prev_comm=mysqld prev_pid=807 prev_prio=120 prev_state=S ==> next_comm=mysqld next_pid=778 next_prio=120
          mysqld-778   [003] d...   465.394633: sched_switch: prev_comm=mysqld prev_pid=778 prev_prio=120 prev_state=S ==> next_comm=swapper/3 next_pid=0 next_prio=120
          <idle>-0     [003] d...   465.394947: sched_switch: prev_comm=swapper/3 prev_pid=0 prev_prio=120 prev_state=R ==> next_comm=mysqld next_pid=817 next_prio=120
          mysqld-817   [003] d...   465.394966: sched_switch: prev_comm=mysqld prev_pid=817 prev_prio=120 prev_state=S ==> next_comm=swapper/3 next_pid=0 next_prio=120
          <idle>-0     [000] d...   465.443784: sched_switch: prev_comm=swapper/0 prev_pid=0 prev_prio=120 prev_state=R ==> next_comm=mosquitto next_pid=465 next_prio=120
       mosquitto-465   [000] d...   465.443810: sched_switch: prev_comm=mosquitto prev_pid=465 prev_prio=120 prev_state=S ==> next_comm=kworker/0:2 next_pid=336 next_prio=120
     kworker/0:2-336   [000] ....   465.443817: worker_thread: [+] comm: kworker/0:2, pid: 336, global_func_exe_times: 79655 from (kthread+0x140/0x170) 
     kworker/0:2-336   [000] ....   465.443820: trace_function_dummy_call: [++] comm:kworker/0:2, pid:336, from(worker_thread+0x18c/0x60c) 
     kworker/0:2-336   [000] d...   465.443832: worker_thread: [-] comm: kworker/0:2, pid: 336, global_func_exe_times: 79656 from (kthread+0x140/0x170) 
     kworker/0:2-336   [000] d...   465.443854: sched_switch: prev_comm=kworker/0:2 prev_pid=336 prev_prio=120 prev_state=I ==> next_comm=swapper/0 next_pid=0 next_prio=120
          <idle>-0     [003] d...   465.450768: sched_switch: prev_comm=swapper/3 prev_pid=0 prev_prio=120 prev_state=R ==> next_comm=mysqld next_pid=775 next_prio=120
          mysqld-775   [003] d...   465.450794: sched_switch: prev_comm=mysqld prev_pid=775 prev_prio=120 prev_state=S ==> next_comm=mysqld next_pid=774 next_prio=120
          mysqld-774   [003] d...   465.450832: sched_switch: prev_comm=mysqld prev_pid=774 prev_prio=120 prev_state=S ==> next_comm=mysqld next_pid=776 next_prio=120
          mysqld-776   [003] d...   465.450862: sched_switch: prev_comm=mysqld prev_pid=776 prev_prio=120 prev_state=S ==> next_comm=swapper/3 next_pid=0 next_prio=120
          <idle>-0     [002] d...   465.462691: sched_switch: prev_comm=swapper/2 prev_pid=0 prev_prio=120 prev_state=R ==> next_comm=ssh-agent next_pid=937 next_prio=120
       ssh-agent-937   [002] d...   465.462740: sched_switch: prev_comm=ssh-agent prev_pid=937 prev_prio=120 prev_state=S ==> next_comm=rtkit-daemon next_pid=1037 next_prio=120
          <idle>-0     [000] d...   465.462804: sched_switch: prev_comm=swapper/0 prev_pid=0 prev_prio=120 prev_state=R ==> next_comm=rtkit-daemon next_pid=1038 next_prio=0
    rtkit-daemon-1037  [002] d...   465.462804: sched_switch: prev_comm=rtkit-daemon prev_pid=1037 prev_prio=120 prev_state=S ==> next_comm=swapper/2 next_pid=0 next_prio=120
    rtkit-daemon-1038  [000] d...   465.462840: sched_switch: prev_comm=rtkit-daemon prev_pid=1038 prev_prio=0 prev_state=S ==> next_comm=swapper/0 next_pid=0 next_prio=120
          <idle>-0     [000] d...   465.468481: sched_switch: prev_comm=swapper/0 prev_pid=0 prev_prio=120 prev_state=R ==> next_comm=rngd next_pid=555 next_prio=120
            rngd-555   [000] d...   465.468496: sched_switch: prev_comm=rngd prev_pid=555 prev_prio=120 prev_state=S ==> next_comm=swapper/0 next_pid=0 next_prio=120
          <idle>-0     [003] d...   465.536661: sched_switch: prev_comm=swapper/3 prev_pid=0 prev_prio=120 prev_state=R ==> next_comm=mysqld next_pid=769 next_prio=120
          mysqld-769   [003] d...   465.536703: sched_switch: prev_comm=mysqld prev_pid=769 prev_prio=120 prev_state=S ==> next_comm=swapper/3 next_pid=0 next_prio=120
          <idle>-0     [000] d...   465.543935: sched_switch: prev_comm=swapper/0 prev_pid=0 prev_prio=120 prev_state=R ==> next_comm=mosquitto next_pid=465 next_prio=120
       mosquitto-465   [000] d...   465.543961: sched_switch: prev_comm=mosquitto prev_pid=465 prev_prio=120 prev_state=S ==> next_comm=kworker/0:2 next_pid=336 next_prio=120
     kworker/0:2-336   [000] ....   465.543968: worker_thread: [+] comm: kworker/0:2, pid: 336, global_func_exe_times: 79656 from (kthread+0x140/0x170) 
     kworker/0:2-336   [000] ....   465.543971: trace_function_dummy_call: [++] comm:kworker/0:2, pid:336, from(worker_thread+0x18c/0x60c) 
     kworker/0:2-336   [000] d...   465.543983: worker_thread: [-] comm: kworker/0:2, pid: 336, global_func_exe_times: 79657 from (kthread+0x140/0x170) 
     kworker/0:2-336   [000] d...   465.544004: sched_switch: prev_comm=kworker/0:2 prev_pid=336 prev_prio=120 prev_state=I ==> next_comm=swapper/0 next_pid=0 next_prio=120
          <idle>-0     [003] d...   465.620933: sched_switch: prev_comm=swapper/3 prev_pid=0 prev_prio=120 prev_state=R ==> next_comm=mysqld next_pid=773 next_prio=120
          mysqld-773   [003] d...   465.620959: sched_switch: prev_comm=mysqld prev_pid=773 prev_prio=120 prev_state=S ==> next_comm=mysqld next_pid=777 next_prio=120
          mysqld-777   [003] d...   465.620981: sched_switch: prev_comm=mysqld prev_pid=777 prev_prio=120 prev_state=S ==> next_comm=mysqld next_pid=770 next_prio=120
          mysqld-770   [003] d...   465.621018: sched_switch: prev_comm=mysqld prev_pid=770 prev_prio=120 prev_state=S ==> next_comm=swapper/3 next_pid=0 next_prio=120
          <idle>-0     [000] d...   465.621038: sched_switch: prev_comm=swapper/0 prev_pid=0 prev_prio=120 prev_state=R ==> next_comm=mysqld next_pid=768 next_prio=120
          mysqld-768   [000] d...   465.621067: sched_switch: prev_comm=mysqld prev_pid=768 prev_prio=120 prev_state=S ==> next_comm=mysqld next_pid=771 next_prio=120
          mysqld-771   [000] d...   465.621105: sched_switch: prev_comm=mysqld prev_pid=771 prev_prio=120 prev_state=S ==> next_comm=mysqld next_pid=772 next_prio=120
          mysqld-772   [000] d...   465.621137: sched_switch: prev_comm=mysqld prev_pid=772 prev_prio=120 prev_state=S ==> next_comm=swapper/0 next_pid=0 next_prio=120
          <idle>-0     [000] d...   465.644086: sched_switch: prev_comm=swapper/0 prev_pid=0 prev_prio=120 prev_state=R ==> next_comm=mosquitto next_pid=465 next_prio=120
       mosquitto-465   [000] d...   465.644112: sched_switch: prev_comm=mosquitto prev_pid=465 prev_prio=120 prev_state=S ==> next_comm=kworker/0:2 next_pid=336 next_prio=120
     kworker/0:2-336   [000] ....   465.644119: worker_thread: [+] comm: kworker/0:2, pid: 336, global_func_exe_times: 79657 from (kthread+0x140/0x170) 
     kworker/0:2-336   [000] ....   465.644122: trace_function_dummy_call: [++] comm:kworker/0:2, pid:336, from(worker_thread+0x18c/0x60c) 
     kworker/0:2-336   [000] d...   465.644134: worker_thread: [-] comm: kworker/0:2, pid: 336, global_func_exe_times: 79658 from (kthread+0x140/0x170) 
     kworker/0:2-336   [000] d...   465.644154: sched_switch: prev_comm=kworker/0:2 prev_pid=336 prev_prio=120 prev_state=I ==> next_comm=swapper/0 next_pid=0 next_prio=120
          <idle>-0     [000] d...   465.723860: sched_switch: prev_comm=swapper/0 prev_pid=0 prev_prio=120 prev_state=R ==> next_comm=rngd next_pid=555 next_prio=120
            rngd-555   [000] d...   465.723884: sched_switch: prev_comm=rngd prev_pid=555 prev_prio=120 prev_state=S ==> next_comm=swapper/0 next_pid=0 next_prio=120
          <idle>-0     [000] d...   465.744238: sched_switch: prev_comm=swapper/0 prev_pid=0 prev_prio=120 prev_state=R ==> next_comm=mosquitto next_pid=465 next_prio=120
       mosquitto-465   [000] d...   465.744263: sched_switch: prev_comm=mosquitto prev_pid=465 prev_prio=120 prev_state=S ==> next_comm=kworker/0:2 next_pid=336 next_prio=120
     kworker/0:2-336   [000] ....   465.744269: worker_thread: [+] comm: kworker/0:2, pid: 336, global_func_exe_times: 79658 from (kthread+0x140/0x170) 
     kworker/0:2-336   [000] ....   465.744273: trace_function_dummy_call: [++] comm:kworker/0:2, pid:336, from(worker_thread+0x18c/0x60c) 
     kworker/0:2-336   [000] d...   465.744284: worker_thread: [-] comm: kworker/0:2, pid: 336, global_func_exe_times: 79659 from (kthread+0x140/0x170) 
     kworker/0:2-336   [000] d...   465.744301: sched_switch: prev_comm=kworker/0:2 prev_pid=336 prev_prio=120 prev_state=I ==> next_comm=swapper/0 next_pid=0 next_prio=120
          <idle>-0     [000] d...   465.844388: sched_switch: prev_comm=swapper/0 prev_pid=0 prev_prio=120 prev_state=R ==> next_comm=mosquitto next_pid=465 next_prio=120
       mosquitto-465   [000] d...   465.844413: sched_switch: prev_comm=mosquitto prev_pid=465 prev_prio=120 prev_state=S ==> next_comm=kworker/0:2 next_pid=336 next_prio=120
     kworker/0:2-336   [000] ....   465.844419: worker_thread: [+] comm: kworker/0:2, pid: 336, global_func_exe_times: 79659 from (kthread+0x140/0x170) 
     kworker/0:2-336   [000] ....   465.844423: trace_function_dummy_call: [++] comm:kworker/0:2, pid:336, from(worker_thread+0x18c/0x60c) 
     kworker/0:2-336   [000] d...   465.844434: worker_thread: [-] comm: kworker/0:2, pid: 336, global_func_exe_times: 79660 from (kthread+0x140/0x170) 
     kworker/0:2-336   [000] d...   465.844451: sched_switch: prev_comm=kworker/0:2 prev_pid=336 prev_prio=120 prev_state=I ==> next_comm=swapper/0 next_pid=0 next_prio=120
          <idle>-0     [000] d...   465.944539: sched_switch: prev_comm=swapper/0 prev_pid=0 prev_prio=120 prev_state=R ==> next_comm=mosquitto next_pid=465 next_prio=120
       mosquitto-465   [000] d...   465.944563: sched_switch: prev_comm=mosquitto prev_pid=465 prev_prio=120 prev_state=S ==> next_comm=kworker/0:2 next_pid=336 next_prio=120
     kworker/0:2-336   [000] ....   465.944570: worker_thread: [+] comm: kworker/0:2, pid: 336, global_func_exe_times: 79660 from (kthread+0x140/0x170) 
     kworker/0:2-336   [000] ....   465.944573: trace_function_dummy_call: [++] comm:kworker/0:2, pid:336, from(worker_thread+0x18c/0x60c) 
     kworker/0:2-336   [000] d...   465.944585: worker_thread: [-] comm: kworker/0:2, pid: 336, global_func_exe_times: 79661 from (kthread+0x140/0x170) 
     kworker/0:2-336   [000] d...   465.944601: sched_switch: prev_comm=kworker/0:2 prev_pid=336 prev_prio=120 prev_state=I ==> next_comm=swapper/0 next_pid=0 next_prio=120
          <idle>-0     [003] d...   465.950865: sched_switch: prev_comm=swapper/3 prev_pid=0 prev_prio=120 prev_state=R ==> next_comm=mysqld next_pid=775 next_prio=120
          mysqld-775   [003] d...   465.950890: sched_switch: prev_comm=mysqld prev_pid=775 prev_prio=120 prev_state=S ==> next_comm=mysqld next_pid=774 next_prio=120
          mysqld-774   [003] d...   465.950925: sched_switch: prev_comm=mysqld prev_pid=774 prev_prio=120 prev_state=S ==> next_comm=mysqld next_pid=776 next_prio=120
          mysqld-776   [003] d...   465.950953: sched_switch: prev_comm=mysqld prev_pid=776 prev_prio=120 prev_state=S ==> next_comm=swapper/3 next_pid=0 next_prio=120
          <idle>-0     [003] d...   465.951036: sched_switch: prev_comm=swapper/3 prev_pid=0 prev_prio=120 prev_state=R ==> next_comm=irq/86-mmc1 next_pid=80 next_prio=49
     irq/86-mmc1-80    [003] d...   465.951069: sched_switch: prev_comm=irq/86-mmc1 prev_pid=80 prev_prio=49 prev_state=D ==> next_comm=swapper/3 next_pid=0 next_prio=120
          <idle>-0     [003] d...   465.951095: sched_switch: prev_comm=swapper/3 prev_pid=0 prev_prio=120 prev_state=R ==> next_comm=irq/86-mmc1 next_pid=80 next_prio=49
     irq/86-mmc1-80    [003] d...   465.951127: sched_switch: prev_comm=irq/86-mmc1 prev_pid=80 prev_prio=49 prev_state=D ==> next_comm=swapper/3 next_pid=0 next_prio=120
          <idle>-0     [003] d...   465.951152: sched_switch: prev_comm=swapper/3 prev_pid=0 prev_prio=120 prev_state=R ==> next_comm=irq/86-mmc1 next_pid=80 next_prio=49
     irq/86-mmc1-80    [003] d...   465.951176: sched_switch: prev_comm=irq/86-mmc1 prev_pid=80 prev_prio=49 prev_state=D ==> next_comm=swapper/3 next_pid=0 next_prio=120
          <idle>-0     [000] d...   465.951209: sched_switch: prev_comm=swapper/0 prev_pid=0 prev_prio=120 prev_state=R ==> next_comm=rngd next_pid=555 next_prio=120
          <idle>-0     [003] d...   465.951211: sched_switch: prev_comm=swapper/3 prev_pid=0 prev_prio=120 prev_state=R ==> next_comm=irq/86-mmc1 next_pid=80 next_prio=49
            rngd-555   [000] d...   465.951225: sched_switch: prev_comm=rngd prev_pid=555 prev_prio=120 prev_state=S ==> next_comm=swapper/0 next_pid=0 next_prio=120
     irq/86-mmc1-80    [003] d...   465.951235: sched_switch: prev_comm=irq/86-mmc1 prev_pid=80 prev_prio=49 prev_state=S ==> next_comm=swapper/3 next_pid=0 next_prio=120
          <idle>-0     [001] d...   465.951241: sched_switch: prev_comm=swapper/1 prev_pid=0 prev_prio=120 prev_state=R ==> next_comm=kworker/u8:1 next_pid=44 next_prio=120
    kworker/u8:1-44    [001] ....   465.951249: worker_thread: [+] comm: kworker/u8:1, pid: 44, global_func_exe_times: 79661 from (kthread+0x140/0x170) 
    kworker/u8:1-44    [001] ....   465.951252: trace_function_dummy_call: [++] comm:kworker/u8:1, pid:44, from(worker_thread+0x18c/0x60c) 
    kworker/u8:1-44    [001] d...   465.951276: sched_switch: prev_comm=kworker/u8:1 prev_pid=44 prev_prio=120 prev_state=D ==> next_comm=swapper/1 next_pid=0 next_prio=120
          <idle>-0     [003] d...   465.951293: sched_switch: prev_comm=swapper/3 prev_pid=0 prev_prio=120 prev_state=R ==> next_comm=irq/86-mmc1 next_pid=80 next_prio=49
          <idle>-0     [001] d...   465.951302: sched_switch: prev_comm=swapper/1 prev_pid=0 prev_prio=120 prev_state=R ==> next_comm=kworker/u8:1 next_pid=44 next_prio=120
     irq/86-mmc1-80    [003] d...   465.951302: sched_switch: prev_comm=irq/86-mmc1 prev_pid=80 prev_prio=49 prev_state=D ==> next_comm=swapper/3 next_pid=0 next_prio=120
    kworker/u8:1-44    [001] d...   465.951313: sched_switch: prev_comm=kworker/u8:1 prev_pid=44 prev_prio=120 prev_state=D ==> next_comm=swapper/1 next_pid=0 next_prio=120
          <idle>-0     [001] d...   465.954333: sched_switch: prev_comm=swapper/1 prev_pid=0 prev_prio=120 prev_state=R ==> next_comm=kworker/u8:1 next_pid=44 next_prio=120
    kworker/u8:1-44    [001] d...   465.954349: sched_switch: prev_comm=kworker/u8:1 prev_pid=44 prev_prio=120 prev_state=D ==> next_comm=swapper/1 next_pid=0 next_prio=120
          <idle>-0     [001] d...   465.954374: sched_switch: prev_comm=swapper/1 prev_pid=0 prev_prio=120 prev_state=R ==> next_comm=kworker/u8:1 next_pid=44 next_prio=120
          <idle>-0     [003] d...   465.954399: sched_switch: prev_comm=swapper/3 prev_pid=0 prev_prio=120 prev_state=R ==> next_comm=irq/86-mmc1 next_pid=80 next_prio=49
     irq/86-mmc1-80    [003] d...   465.954407: sched_switch: prev_comm=irq/86-mmc1 prev_pid=80 prev_prio=49 prev_state=D ==> next_comm=swapper/3 next_pid=0 next_prio=120
    kworker/u8:1-44    [001] d...   465.954415: sched_switch: prev_comm=kworker/u8:1 prev_pid=44 prev_prio=120 prev_state=D ==> next_comm=swapper/1 next_pid=0 next_prio=120
          <idle>-0     [001] d...   465.954442: sched_switch: prev_comm=swapper/1 prev_pid=0 prev_prio=120 prev_state=R ==> next_comm=kworker/u8:1 next_pid=44 next_prio=120
    kworker/u8:1-44    [001] d...   465.954475: sched_switch: prev_comm=kworker/u8:1 prev_pid=44 prev_prio=120 prev_state=D ==> next_comm=swapper/1 next_pid=0 next_prio=120
          <idle>-0     [001] d...   465.954500: sched_switch: prev_comm=swapper/1 prev_pid=0 prev_prio=120 prev_state=R ==> next_comm=kworker/u8:1 next_pid=44 next_prio=120
          <idle>-0     [003] d...   465.954520: sched_switch: prev_comm=swapper/3 prev_pid=0 prev_prio=120 prev_state=R ==> next_comm=irq/86-mmc1 next_pid=80 next_prio=49
     irq/86-mmc1-80    [003] d...   465.954538: sched_switch: prev_comm=irq/86-mmc1 prev_pid=80 prev_prio=49 prev_state=D ==> next_comm=swapper/3 next_pid=0 next_prio=120
          <idle>-0     [003] d...   465.954562: sched_switch: prev_comm=swapper/3 prev_pid=0 prev_prio=120 prev_state=R ==> next_comm=irq/86-mmc1 next_pid=80 next_prio=49
     irq/86-mmc1-80    [003] d...   465.954599: sched_switch: prev_comm=irq/86-mmc1 prev_pid=80 prev_prio=49 prev_state=D ==> next_comm=sshd next_pid=1778 next_prio=120
    kworker/u8:1-44    [001] d...   465.954615: sched_switch: prev_comm=kworker/u8:1 prev_pid=44 prev_prio=120 prev_state=D ==> next_comm=swapper/1 next_pid=0 next_prio=120
            sshd-1778  [003] d...   465.954626: sched_switch: prev_comm=sshd prev_pid=1778 prev_prio=120 prev_state=R+ ==> next_comm=irq/86-mmc1 next_pid=80 next_prio=49
     irq/86-mmc1-80    [003] d...   465.954652: sched_switch: prev_comm=irq/86-mmc1 prev_pid=80 prev_prio=49 prev_state=D ==> next_comm=sshd next_pid=1778 next_prio=120
            sshd-1778  [003] d...   465.954672: sched_switch: prev_comm=sshd prev_pid=1778 prev_prio=120 prev_state=R+ ==> next_comm=irq/86-mmc1 next_pid=80 next_prio=49
     irq/86-mmc1-80    [003] d...   465.954701: sched_switch: prev_comm=irq/86-mmc1 prev_pid=80 prev_prio=49 prev_state=S ==> next_comm=sshd next_pid=1778 next_prio=120
          <idle>-0     [001] d...   465.954706: sched_switch: prev_comm=swapper/1 prev_pid=0 prev_prio=120 prev_state=R ==> next_comm=kworker/u8:1 next_pid=44 next_prio=120
    kworker/u8:1-44    [001] d...   465.954741: sched_switch: prev_comm=kworker/u8:1 prev_pid=44 prev_prio=120 prev_state=D ==> next_comm=swapper/1 next_pid=0 next_prio=120
          <idle>-0     [001] d...   465.954768: sched_switch: prev_comm=swapper/1 prev_pid=0 prev_prio=120 prev_state=R ==> next_comm=kworker/u8:1 next_pid=44 next_prio=120
    kworker/u8:1-44    [001] d...   465.954802: sched_switch: prev_comm=kworker/u8:1 prev_pid=44 prev_prio=120 prev_state=D ==> next_comm=swapper/1 next_pid=0 next_prio=120
          <idle>-0     [001] d...   465.954830: sched_switch: prev_comm=swapper/1 prev_pid=0 prev_prio=120 prev_state=R ==> next_comm=kworker/u8:1 next_pid=44 next_prio=120
    kworker/u8:1-44    [001] d...   465.954887: sched_switch: prev_comm=kworker/u8:1 prev_pid=44 prev_prio=120 prev_state=D ==> next_comm=swapper/1 next_pid=0 next_prio=120
          <idle>-0     [001] d...   465.954915: sched_switch: prev_comm=swapper/1 prev_pid=0 prev_prio=120 prev_state=R ==> next_comm=kworker/u8:1 next_pid=44 next_prio=120
    kworker/u8:1-44    [001] d...   465.954943: sched_switch: prev_comm=kworker/u8:1 prev_pid=44 prev_prio=120 prev_state=D ==> next_comm=swapper/1 next_pid=0 next_prio=120
          <idle>-0     [001] d...   465.954971: sched_switch: prev_comm=swapper/1 prev_pid=0 prev_prio=120 prev_state=R ==> next_comm=kworker/u8:1 next_pid=44 next_prio=120
            sshd-1778  [003] d...   465.955035: sched_switch: prev_comm=sshd prev_pid=1778 prev_prio=120 prev_state=S ==> next_comm=kworker/u8:2 next_pid=2067 next_prio=120
    kworker/u8:2-2067  [003] ....   465.955044: worker_thread: [+] comm: kworker/u8:2, pid: 2067, global_func_exe_times: 79662 from (kthread+0x140/0x170) 
    kworker/u8:1-44    [001] d...   465.955048: sched_switch: prev_comm=kworker/u8:1 prev_pid=44 prev_prio=120 prev_state=D ==> next_comm=swapper/1 next_pid=0 next_prio=120
    kworker/u8:2-2067  [003] ....   465.955048: trace_function_dummy_call: [++] comm:kworker/u8:2, pid:2067, from(worker_thread+0x18c/0x60c) 
    kworker/u8:2-2067  [003] d...   465.955070: worker_thread: [-] comm: kworker/u8:2, pid: 2067, global_func_exe_times: 79663 from (kthread+0x140/0x170) 
          <idle>-0     [001] d...   465.955078: sched_switch: prev_comm=swapper/1 prev_pid=0 prev_prio=120 prev_state=R ==> next_comm=kworker/u8:1 next_pid=44 next_prio=120
          <idle>-0     [002] d...   465.955088: sched_switch: prev_comm=swapper/2 prev_pid=0 prev_prio=120 prev_state=R ==> next_comm=bash next_pid=1802 next_prio=120
    kworker/u8:2-2067  [003] d...   465.955090: sched_switch: prev_comm=kworker/u8:2 prev_pid=2067 prev_prio=120 prev_state=I ==> next_comm=swapper/3 next_pid=0 next_prio=120
    kworker/u8:1-44    [001] d...   465.955107: sched_switch: prev_comm=kworker/u8:1 prev_pid=44 prev_prio=120 prev_state=D ==> next_comm=swapper/1 next_pid=0 next_prio=120
          <idle>-0     [001] d...   465.955133: sched_switch: prev_comm=swapper/1 prev_pid=0 prev_prio=120 prev_state=R ==> next_comm=kworker/u8:1 next_pid=44 next_prio=120
          <idle>-0     [003] d...   465.955197: sched_switch: prev_comm=swapper/3 prev_pid=0 prev_prio=120 prev_state=R ==> next_comm=sshd next_pid=1778 next_prio=120
    kworker/u8:1-44    [001] d...   465.955210: sched_switch: prev_comm=kworker/u8:1 prev_pid=44 prev_prio=120 prev_state=D ==> next_comm=swapper/1 next_pid=0 next_prio=120
          <idle>-0     [001] d...   465.955238: sched_switch: prev_comm=swapper/1 prev_pid=0 prev_prio=120 prev_state=R ==> next_comm=kworker/u8:1 next_pid=44 next_prio=120
            bash-1802  [002] d...   465.955251: sched_switch: prev_comm=bash prev_pid=1802 prev_prio=120 prev_state=S ==> next_comm=kworker/u8:2 next_pid=2067 next_prio=120
    kworker/u8:2-2067  [002] ....   465.955259: worker_thread: [+] comm: kworker/u8:2, pid: 2067, global_func_exe_times: 79663 from (kthread+0x140/0x170) 
    kworker/u8:2-2067  [002] ....   465.955262: trace_function_dummy_call: [++] comm:kworker/u8:2, pid:2067, from(worker_thread+0x18c/0x60c) 
    kworker/u8:1-44    [001] d...   465.955266: sched_switch: prev_comm=kworker/u8:1 prev_pid=44 prev_prio=120 prev_state=D ==> next_comm=swapper/1 next_pid=0 next_prio=120
            sshd-1778  [003] d...   465.955282: sched_switch: prev_comm=sshd prev_pid=1778 prev_prio=120 prev_state=D ==> next_comm=swapper/3 next_pid=0 next_prio=120
    kworker/u8:2-2067  [002] d...   465.955291: worker_thread: [-] comm: kworker/u8:2, pid: 2067, global_func_exe_times: 79664 from (kthread+0x140/0x170) 
          <idle>-0     [001] d...   465.955292: sched_switch: prev_comm=swapper/1 prev_pid=0 prev_prio=120 prev_state=R ==> next_comm=kworker/u8:1 next_pid=44 next_prio=120
    kworker/u8:2-2067  [002] d...   465.955299: sched_switch: prev_comm=kworker/u8:2 prev_pid=2067 prev_prio=120 prev_state=I ==> next_comm=swapper/2 next_pid=0 next_prio=120
          <idle>-0     [003] d...   465.955313: sched_switch: prev_comm=swapper/3 prev_pid=0 prev_prio=120 prev_state=R ==> next_comm=sshd next_pid=1778 next_prio=120
    kworker/u8:1-44    [001] d...   465.955362: sched_switch: prev_comm=kworker/u8:1 prev_pid=44 prev_prio=120 prev_state=D ==> next_comm=swapper/1 next_pid=0 next_prio=120
          <idle>-0     [002] d...   465.955363: sched_switch: prev_comm=swapper/2 prev_pid=0 prev_prio=120 prev_state=R ==> next_comm=kworker/u8:2 next_pid=2067 next_prio=120
    kworker/u8:2-2067  [002] ....   465.955369: worker_thread: [+] comm: kworker/u8:2, pid: 2067, global_func_exe_times: 79664 from (kthread+0x140/0x170) 
    kworker/u8:2-2067  [002] ....   465.955372: trace_function_dummy_call: [++] comm:kworker/u8:2, pid:2067, from(worker_thread+0x18c/0x60c) 
    kworker/u8:2-2067  [002] d...   465.955389: worker_thread: [-] comm: kworker/u8:2, pid: 2067, global_func_exe_times: 79665 from (kthread+0x140/0x170) 
          <idle>-0     [001] d...   465.955389: sched_switch: prev_comm=swapper/1 prev_pid=0 prev_prio=120 prev_state=R ==> next_comm=kworker/u8:1 next_pid=44 next_prio=120
    kworker/u8:2-2067  [002] d...   465.955398: sched_switch: prev_comm=kworker/u8:2 prev_pid=2067 prev_prio=120 prev_state=I ==> next_comm=bash next_pid=1802 next_prio=120
    kworker/u8:1-44    [001] d...   465.955417: sched_switch: prev_comm=kworker/u8:1 prev_pid=44 prev_prio=120 prev_state=D ==> next_comm=swapper/1 next_pid=0 next_prio=120
          <idle>-0     [001] d...   465.955444: sched_switch: prev_comm=swapper/1 prev_pid=0 prev_prio=120 prev_state=R ==> next_comm=kworker/u8:1 next_pid=44 next_prio=120
            bash-1802  [002] d...   465.955462: sched_switch: prev_comm=bash prev_pid=1802 prev_prio=120 prev_state=S ==> next_comm=kworker/u8:2 next_pid=2067 next_prio=120
    kworker/u8:2-2067  [002] ....   465.955469: worker_thread: [+] comm: kworker/u8:2, pid: 2067, global_func_exe_times: 79665 from (kthread+0x140/0x170) 
    kworker/u8:2-2067  [002] ....   465.955472: trace_function_dummy_call: [++] comm:kworker/u8:2, pid:2067, from(worker_thread+0x18c/0x60c) 
    kworker/u8:2-2067  [002] d...   465.955481: worker_thread: [-] comm: kworker/u8:2, pid: 2067, global_func_exe_times: 79666 from (kthread+0x140/0x170) 
    kworker/u8:1-44    [001] d...   465.955493: sched_switch: prev_comm=kworker/u8:1 prev_pid=44 prev_prio=120 prev_state=D ==> next_comm=swapper/1 next_pid=0 next_prio=120
    kworker/u8:2-2067  [002] d...   465.955500: sched_switch: prev_comm=kworker/u8:2 prev_pid=2067 prev_prio=120 prev_state=I ==> next_comm=swapper/2 next_pid=0 next_prio=120
          <idle>-0     [001] d...   465.955520: sched_switch: prev_comm=swapper/1 prev_pid=0 prev_prio=120 prev_state=R ==> next_comm=kworker/u8:1 next_pid=44 next_prio=120
          <idle>-0     [002] d...   465.955545: sched_switch: prev_comm=swapper/2 prev_pid=0 prev_prio=120 prev_state=R ==> next_comm=kworker/u8:2 next_pid=2067 next_prio=120
    kworker/u8:2-2067  [002] ....   465.955551: worker_thread: [+] comm: kworker/u8:2, pid: 2067, global_func_exe_times: 79666 from (kthread+0x140/0x170) 
    kworker/u8:2-2067  [002] ....   465.955554: trace_function_dummy_call: [++] comm:kworker/u8:2, pid:2067, from(worker_thread+0x18c/0x60c) 
    kworker/u8:1-44    [001] d...   465.955561: sched_switch: prev_comm=kworker/u8:1 prev_pid=44 prev_prio=120 prev_state=D ==> next_comm=swapper/1 next_pid=0 next_prio=120
    kworker/u8:2-2067  [002] d...   465.955570: worker_thread: [-] comm: kworker/u8:2, pid: 2067, global_func_exe_times: 79667 from (kthread+0x140/0x170) 
    kworker/u8:2-2067  [002] d...   465.955579: sched_switch: prev_comm=kworker/u8:2 prev_pid=2067 prev_prio=120 prev_state=I ==> next_comm=bash next_pid=1802 next_prio=120
          <idle>-0     [001] d...   465.955640: sched_switch: prev_comm=swapper/1 prev_pid=0 prev_prio=120 prev_state=R ==> next_comm=kworker/u8:1 next_pid=44 next_prio=120
            bash-1802  [002] d...   465.955643: sched_switch: prev_comm=bash prev_pid=1802 prev_prio=120 prev_state=D ==> next_comm=kworker/u8:2 next_pid=2067 next_prio=120
    kworker/u8:2-2067  [002] ....   465.955649: worker_thread: [+] comm: kworker/u8:2, pid: 2067, global_func_exe_times: 79667 from (kthread+0x140/0x170) 
    kworker/u8:2-2067  [002] ....   465.955653: trace_function_dummy_call: [++] comm:kworker/u8:2, pid:2067, from(worker_thread+0x18c/0x60c) 
            sshd-1778  [003] d...   465.955662: sched_switch: prev_comm=sshd prev_pid=1778 prev_prio=120 prev_state=D ==> next_comm=swapper/3 next_pid=0 next_prio=120
    kworker/u8:2-2067  [002] d...   465.955667: sched_switch: prev_comm=kworker/u8:2 prev_pid=2067 prev_prio=120 prev_state=R+ ==> next_comm=kworker/u8:3 next_pid=142 next_prio=120
    kworker/u8:3-142   [002] ....   465.955674: worker_thread: [+] comm: kworker/u8:3, pid: 142, global_func_exe_times: 79668 from (kthread+0x140/0x170) 
    kworker/u8:3-142   [002] ....   465.955677: trace_function_dummy_call: [++] comm:kworker/u8:3, pid:142, from(worker_thread+0x18c/0x60c) 
    kworker/u8:3-142   [002] d...   465.955691: worker_thread: [-] comm: kworker/u8:3, pid: 142, global_func_exe_times: 79669 from (kthread+0x140/0x170) 
    kworker/u8:3-142   [002] d...   465.955699: sched_switch: prev_comm=kworker/u8:3 prev_pid=142 prev_prio=120 prev_state=I ==> next_comm=kworker/u8:2 next_pid=2067 next_prio=120
          <idle>-0     [003] d...   465.955706: sched_switch: prev_comm=swapper/3 prev_pid=0 prev_prio=120 prev_state=R ==> next_comm=sshd next_pid=1778 next_prio=120
    kworker/u8:2-2067  [002] d...   465.955717: worker_thread: [-] comm: kworker/u8:2, pid: 2067, global_func_exe_times: 79669 from (kthread+0x140/0x170) 
    kworker/u8:2-2067  [002] d...   465.955727: sched_switch: prev_comm=kworker/u8:2 prev_pid=2067 prev_prio=120 prev_state=I ==> next_comm=bash next_pid=1802 next_prio=120
            bash-1802  [002] d...   465.955788: sched_switch: prev_comm=bash prev_pid=1802 prev_prio=120 prev_state=S ==> next_comm=kworker/u8:2 next_pid=2067 next_prio=120
    kworker/u8:1-44    [001] d...   465.955789: sched_switch: prev_comm=kworker/u8:1 prev_pid=44 prev_prio=120 prev_state=D ==> next_comm=swapper/1 next_pid=0 next_prio=120
    kworker/u8:2-2067  [002] ....   465.955795: worker_thread: [+] comm: kworker/u8:2, pid: 2067, global_func_exe_times: 79669 from (kthread+0x140/0x170) 
    kworker/u8:2-2067  [002] ....   465.955798: trace_function_dummy_call: [++] comm:kworker/u8:2, pid:2067, from(worker_thread+0x18c/0x60c) 
            sshd-1778  [003] d...   465.955803: sched_switch: prev_comm=sshd prev_pid=1778 prev_prio=120 prev_state=D ==> next_comm=swapper/3 next_pid=0 next_prio=120
    kworker/u8:2-2067  [002] d...   465.955812: worker_thread: [-] comm: kworker/u8:2, pid: 2067, global_func_exe_times: 79670 from (kthread+0x140/0x170) 
          <idle>-0     [001] d...   465.955818: sched_switch: prev_comm=swapper/1 prev_pid=0 prev_prio=120 prev_state=R ==> next_comm=kworker/u8:1 next_pid=44 next_prio=120
    kworker/u8:2-2067  [002] d...   465.955829: sched_switch: prev_comm=kworker/u8:2 prev_pid=2067 prev_prio=120 prev_state=I ==> next_comm=swapper/2 next_pid=0 next_prio=120
          <idle>-0     [003] d...   465.955836: sched_switch: prev_comm=swapper/3 prev_pid=0 prev_prio=120 prev_state=R ==> next_comm=sshd next_pid=1778 next_prio=120
    kworker/u8:1-44    [001] d...   465.955874: sched_switch: prev_comm=kworker/u8:1 prev_pid=44 prev_prio=120 prev_state=D ==> next_comm=swapper/1 next_pid=0 next_prio=120
            sshd-1778  [003] d...   465.955926: sched_switch: prev_comm=sshd prev_pid=1778 prev_prio=120 prev_state=S ==> next_comm=swapper/3 next_pid=0 next_prio=120
          <idle>-0     [001] d...   465.955958: sched_switch: prev_comm=swapper/1 prev_pid=0 prev_prio=120 prev_state=R ==> next_comm=kworker/u8:1 next_pid=44 next_prio=120
    kworker/u8:1-44    [001] d...   465.956030: sched_switch: prev_comm=kworker/u8:1 prev_pid=44 prev_prio=120 prev_state=R+ ==> next_comm=ksoftirqd/1 next_pid=16 next_prio=120
     ksoftirqd/1-16    [001] d...   465.956046: sched_switch: prev_comm=ksoftirqd/1 prev_pid=16 prev_prio=120 prev_state=S ==> next_comm=kworker/u8:1 next_pid=44 next_prio=120
    kworker/u8:1-44    [001] d...   465.956081: sched_switch: prev_comm=kworker/u8:1 prev_pid=44 prev_prio=120 prev_state=D ==> next_comm=swapper/1 next_pid=0 next_prio=120
          <idle>-0     [001] d...   465.956108: sched_switch: prev_comm=swapper/1 prev_pid=0 prev_prio=120 prev_state=R ==> next_comm=kworker/u8:1 next_pid=44 next_prio=120
    kworker/u8:1-44    [001] d...   465.956142: sched_switch: prev_comm=kworker/u8:1 prev_pid=44 prev_prio=120 prev_state=D ==> next_comm=swapper/1 next_pid=0 next_prio=120
          <idle>-0     [001] d...   465.956179: sched_switch: prev_comm=swapper/1 prev_pid=0 prev_prio=120 prev_state=R ==> next_comm=kworker/u8:1 next_pid=44 next_prio=120
    kworker/u8:1-44    [001] d...   465.956197: worker_thread: [-] comm: kworker/u8:1, pid: 44, global_func_exe_times: 79670 from (kthread+0x140/0x170) 
    kworker/u8:1-44    [001] d...   465.956205: sched_switch: prev_comm=kworker/u8:1 prev_pid=44 prev_prio=120 prev_state=I ==> next_comm=swapper/1 next_pid=0 next_prio=120
          <idle>-0     [000] d...   465.956506: sched_switch: prev_comm=swapper/0 prev_pid=0 prev_prio=120 prev_state=R ==> next_comm=lxpanel next_pid=995 next_prio=120
         lxpanel-995   [000] d...   465.956644: sched_switch: prev_comm=lxpanel prev_pid=995 prev_prio=120 prev_state=S ==> next_comm=swapper/0 next_pid=0 next_prio=120
          <idle>-0     [003] d...   465.957843: sched_switch: prev_comm=swapper/3 prev_pid=0 prev_prio=120 prev_state=R ==> next_comm=irq/86-mmc1 next_pid=80 next_prio=49
     irq/86-mmc1-80    [003] d...   465.957869: sched_switch: prev_comm=irq/86-mmc1 prev_pid=80 prev_prio=49 prev_state=D ==> next_comm=swapper/3 next_pid=0 next_prio=120
          <idle>-0     [003] d...   465.957895: sched_switch: prev_comm=swapper/3 prev_pid=0 prev_prio=120 prev_state=R ==> next_comm=irq/86-mmc1 next_pid=80 next_prio=49
     irq/86-mmc1-80    [003] d...   465.957922: sched_switch: prev_comm=irq/86-mmc1 prev_pid=80 prev_prio=49 prev_state=D ==> next_comm=swapper/3 next_pid=0 next_prio=120
          <idle>-0     [003] d...   465.957947: sched_switch: prev_comm=swapper/3 prev_pid=0 prev_prio=120 prev_state=R ==> next_comm=irq/86-mmc1 next_pid=80 next_prio=49
     irq/86-mmc1-80    [003] d...   465.957971: sched_switch: prev_comm=irq/86-mmc1 prev_pid=80 prev_prio=49 prev_state=D ==> next_comm=swapper/3 next_pid=0 next_prio=120
          <idle>-0     [003] d...   465.957995: sched_switch: prev_comm=swapper/3 prev_pid=0 prev_prio=120 prev_state=R ==> next_comm=irq/86-mmc1 next_pid=80 next_prio=49
     irq/86-mmc1-80    [003] d...   465.958015: sched_switch: prev_comm=irq/86-mmc1 prev_pid=80 prev_prio=49 prev_state=S ==> next_comm=swapper/3 next_pid=0 next_prio=120
          <idle>-0     [001] d...   465.958019: sched_switch: prev_comm=swapper/1 prev_pid=0 prev_prio=120 prev_state=R ==> next_comm=kworker/u8:1 next_pid=44 next_prio=120
    kworker/u8:1-44    [001] ....   465.958025: worker_thread: [+] comm: kworker/u8:1, pid: 44, global_func_exe_times: 79670 from (kthread+0x140/0x170) 
    kworker/u8:1-44    [001] ....   465.958028: trace_function_dummy_call: [++] comm:kworker/u8:1, pid:44, from(worker_thread+0x18c/0x60c) 
    kworker/u8:1-44    [001] d...   465.958062: sched_switch: prev_comm=kworker/u8:1 prev_pid=44 prev_prio=120 prev_state=D ==> next_comm=swapper/1 next_pid=0 next_prio=120
          <idle>-0     [001] d...   465.958089: sched_switch: prev_comm=swapper/1 prev_pid=0 prev_prio=120 prev_state=R ==> next_comm=kworker/u8:1 next_pid=44 next_prio=120
          <idle>-0     [003] d...   465.958114: sched_switch: prev_comm=swapper/3 prev_pid=0 prev_prio=120 prev_state=R ==> next_comm=irq/86-mmc1 next_pid=80 next_prio=49
    kworker/u8:1-44    [001] d...   465.958116: sched_switch: prev_comm=kworker/u8:1 prev_pid=44 prev_prio=120 prev_state=D ==> next_comm=swapper/1 next_pid=0 next_prio=120
     irq/86-mmc1-80    [003] d...   465.958128: sched_switch: prev_comm=irq/86-mmc1 prev_pid=80 prev_prio=49 prev_state=D ==> next_comm=swapper/3 next_pid=0 next_prio=120
          <idle>-0     [001] d...   465.958142: sched_switch: prev_comm=swapper/1 prev_pid=0 prev_prio=120 prev_state=R ==> next_comm=kworker/u8:1 next_pid=44 next_prio=120
          <idle>-0     [003] d...   465.958162: sched_switch: prev_comm=swapper/3 prev_pid=0 prev_prio=120 prev_state=R ==> next_comm=irq/86-mmc1 next_pid=80 next_prio=49
     irq/86-mmc1-80    [003] d...   465.958179: sched_switch: prev_comm=irq/86-mmc1 prev_pid=80 prev_prio=49 prev_state=D ==> next_comm=swapper/3 next_pid=0 next_prio=120
    kworker/u8:1-44    [001] d...   465.958190: sched_switch: prev_comm=kworker/u8:1 prev_pid=44 prev_prio=120 prev_state=D ==> next_comm=swapper/1 next_pid=0 next_prio=120
          <idle>-0     [003] d...   465.958198: sched_switch: prev_comm=swapper/3 prev_pid=0 prev_prio=120 prev_state=R ==> next_comm=irq/86-mmc1 next_pid=80 next_prio=49
     irq/86-mmc1-80    [003] d...   465.958225: sched_switch: prev_comm=irq/86-mmc1 prev_pid=80 prev_prio=49 prev_state=D ==> next_comm=sshd next_pid=1778 next_prio=120
            sshd-1778  [003] d...   465.958241: sched_switch: prev_comm=sshd prev_pid=1778 prev_prio=120 prev_state=R+ ==> next_comm=irq/86-mmc1 next_pid=80 next_prio=49
     irq/86-mmc1-80    [003] d...   465.958266: sched_switch: prev_comm=irq/86-mmc1 prev_pid=80 prev_prio=49 prev_state=D ==> next_comm=sshd next_pid=1778 next_prio=120
            sshd-1778  [003] d...   465.958285: sched_switch: prev_comm=sshd prev_pid=1778 prev_prio=120 prev_state=R ==> next_comm=irq/86-mmc1 next_pid=80 next_prio=49
     irq/86-mmc1-80    [003] d...   465.958308: sched_switch: prev_comm=irq/86-mmc1 prev_pid=80 prev_prio=49 prev_state=S ==> next_comm=sshd next_pid=1778 next_prio=120
          <idle>-0     [002] d...   465.958309: sched_switch: prev_comm=swapper/2 prev_pid=0 prev_prio=120 prev_state=R ==> next_comm=kworker/u8:2 next_pid=2067 next_prio=120
          <idle>-0     [001] d...   465.958311: sched_switch: prev_comm=swapper/1 prev_pid=0 prev_prio=120 prev_state=R ==> next_comm=kworker/u8:1 next_pid=44 next_prio=120
    kworker/u8:2-2067  [002] ....   465.958315: worker_thread: [+] comm: kworker/u8:2, pid: 2067, global_func_exe_times: 79671 from (kthread+0x140/0x170) 
    kworker/u8:2-2067  [002] ....   465.958318: trace_function_dummy_call: [++] comm:kworker/u8:2, pid:2067, from(worker_thread+0x18c/0x60c) 
    kworker/u8:2-2067  [002] d...   465.958336: sched_switch: prev_comm=kworker/u8:2 prev_pid=2067 prev_prio=120 prev_state=I ==> next_comm=swapper/2 next_pid=0 next_prio=120
    kworker/u8:1-44    [001] d...   465.958339: sched_switch: prev_comm=kworker/u8:1 prev_pid=44 prev_prio=120 prev_state=D ==> next_comm=swapper/1 next_pid=0 next_prio=120
          <idle>-0     [001] d...   465.958365: sched_switch: prev_comm=swapper/1 prev_pid=0 prev_prio=120 prev_state=R ==> next_comm=kworker/u8:1 next_pid=44 next_prio=120
    kworker/u8:1-44    [001] d...   465.958392: sched_switch: prev_comm=kworker/u8:1 prev_pid=44 prev_prio=120 prev_state=D ==> next_comm=swapper/1 next_pid=0 next_prio=120
          <idle>-0     [002] d...   465.958404: sched_switch: prev_comm=swapper/2 prev_pid=0 prev_prio=120 prev_state=R ==> next_comm=kworker/u8:2 next_pid=2067 next_prio=120
    kworker/u8:2-2067  [002] ....   465.958409: worker_thread: [+] comm: kworker/u8:2, pid: 2067, global_func_exe_times: 79672 from (kthread+0x140/0x170) 
    kworker/u8:2-2067  [002] ....   465.958413: trace_function_dummy_call: [++] comm:kworker/u8:2, pid:2067, from(worker_thread+0x18c/0x60c) 
          <idle>-0     [001] d...   465.958417: sched_switch: prev_comm=swapper/1 prev_pid=0 prev_prio=120 prev_state=R ==> next_comm=kworker/u8:1 next_pid=44 next_prio=120
            sshd-1778  [003] d...   465.958419: sched_switch: prev_comm=sshd prev_pid=1778 prev_prio=120 prev_state=S ==> next_comm=swapper/3 next_pid=0 next_prio=120
    kworker/u8:2-2067  [002] d...   465.958430: worker_thread: [-] comm: kworker/u8:2, pid: 2067, global_func_exe_times: 79673 from (kthread+0x140/0x170) 
    kworker/u8:2-2067  [002] d...   465.958438: sched_switch: prev_comm=kworker/u8:2 prev_pid=2067 prev_prio=120 prev_state=I ==> next_comm=bash next_pid=1802 next_prio=120
    kworker/u8:1-44    [001] d...   465.958479: sched_switch: prev_comm=kworker/u8:1 prev_pid=44 prev_prio=120 prev_state=D ==> next_comm=swapper/1 next_pid=0 next_prio=120
          <idle>-0     [001] d...   465.958508: sched_switch: prev_comm=swapper/1 prev_pid=0 prev_prio=120 prev_state=R ==> next_comm=kworker/u8:1 next_pid=44 next_prio=120
    kworker/u8:1-44    [001] d...   465.958535: sched_switch: prev_comm=kworker/u8:1 prev_pid=44 prev_prio=120 prev_state=D ==> next_comm=swapper/1 next_pid=0 next_prio=120
          <idle>-0     [001] d...   465.958562: sched_switch: prev_comm=swapper/1 prev_pid=0 prev_prio=120 prev_state=R ==> next_comm=kworker/u8:1 next_pid=44 next_prio=120
    kworker/u8:1-44    [001] d...   465.958621: sched_switch: prev_comm=kworker/u8:1 prev_pid=44 prev_prio=120 prev_state=D ==> next_comm=swapper/1 next_pid=0 next_prio=120
          <idle>-0     [001] d...   465.958649: sched_switch: prev_comm=swapper/1 prev_pid=0 prev_prio=120 prev_state=R ==> next_comm=kworker/u8:1 next_pid=44 next_prio=120
            bash-1802  [002] ....   465.958670: __kmalloc: [+] comm: bash, pid: 1802, kmalloc_times: 475 from (ext4_htree_store_dirent+0x3c/0x12c) 
    kworker/u8:1-44    [001] d...   465.958676: sched_switch: prev_comm=kworker/u8:1 prev_pid=44 prev_prio=120 prev_state=D ==> next_comm=swapper/1 next_pid=0 next_prio=120
            bash-1802  [002] ....   465.958677: __kmalloc: [-] comm: bash, pid: 1802, kmalloc_times: 476 from (ext4_htree_store_dirent+0x3c/0x12c) 
            bash-1802  [002] ....   465.958682: __kmalloc: [+] comm: bash, pid: 1802, kmalloc_times: 476 from (ext4_htree_store_dirent+0x3c/0x12c) 
            bash-1802  [002] ....   465.958686: __kmalloc: [-] comm: bash, pid: 1802, kmalloc_times: 477 from (ext4_htree_store_dirent+0x3c/0x12c) 
            bash-1802  [002] ....   465.958690: __kmalloc: [+] comm: bash, pid: 1802, kmalloc_times: 477 from (ext4_htree_store_dirent+0x3c/0x12c) 
            bash-1802  [002] ....   465.958694: __kmalloc: [-] comm: bash, pid: 1802, kmalloc_times: 478 from (ext4_htree_store_dirent+0x3c/0x12c) 
            bash-1802  [002] ....   465.958700: __kmalloc: [+] comm: bash, pid: 1802, kmalloc_times: 478 from (ext4_htree_store_dirent+0x3c/0x12c) 
          <idle>-0     [001] d...   465.958703: sched_switch: prev_comm=swapper/1 prev_pid=0 prev_prio=120 prev_state=R ==> next_comm=kworker/u8:1 next_pid=44 next_prio=120
            bash-1802  [002] ....   465.958704: __kmalloc: [-] comm: bash, pid: 1802, kmalloc_times: 479 from (ext4_htree_store_dirent+0x3c/0x12c) 
            bash-1802  [002] ....   465.958708: __kmalloc: [+] comm: bash, pid: 1802, kmalloc_times: 479 from (ext4_htree_store_dirent+0x3c/0x12c) 
            bash-1802  [002] ....   465.958712: __kmalloc: [-] comm: bash, pid: 1802, kmalloc_times: 480 from (ext4_htree_store_dirent+0x3c/0x12c) 
            bash-1802  [002] ....   465.958717: __kmalloc: [+] comm: bash, pid: 1802, kmalloc_times: 480 from (ext4_htree_store_dirent+0x3c/0x12c) 
            bash-1802  [002] ....   465.958720: __kmalloc: [-] comm: bash, pid: 1802, kmalloc_times: 481 from (ext4_htree_store_dirent+0x3c/0x12c) 
            bash-1802  [002] ....   465.958725: __kmalloc: [+] comm: bash, pid: 1802, kmalloc_times: 481 from (ext4_htree_store_dirent+0x3c/0x12c) 
            bash-1802  [002] ....   465.958729: __kmalloc: [-] comm: bash, pid: 1802, kmalloc_times: 482 from (ext4_htree_store_dirent+0x3c/0x12c) 
            bash-1802  [002] ....   465.958734: __kmalloc: [+] comm: bash, pid: 1802, kmalloc_times: 482 from (ext4_htree_store_dirent+0x3c/0x12c) 
            bash-1802  [002] ....   465.958740: __kmalloc: [-] comm: bash, pid: 1802, kmalloc_times: 483 from (ext4_htree_store_dirent+0x3c/0x12c) 
