            bash-1802  [002] ....   465.958745: __kmalloc: [+] comm: bash, pid: 1802, kmalloc_times: 483 from (ext4_htree_store_dirent+0x3c/0x12c) 
            bash-1802  [002] ....   465.958750: __kmalloc: [-] comm: bash, pid: 1802, kmalloc_times: 484 from (ext4_htree_store_dirent+0x3c/0x12c) 
            bash-1802  [002] ....   465.958755: __kmalloc: [+] comm: bash, pid: 1802, kmalloc_times: 484 from (ext4_htree_store_dirent+0x3c/0x12c) 
    kworker/u8:1-44    [001] d...   465.958758: sched_switch: prev_comm=kworker/u8:1 prev_pid=44 prev_prio=120 prev_state=D ==> next_comm=swapper/1 next_pid=0 next_prio=120
            bash-1802  [002] ....   465.958760: __kmalloc: [-] comm: bash, pid: 1802, kmalloc_times: 485 from (ext4_htree_store_dirent+0x3c/0x12c) 
            bash-1802  [002] ....   465.958765: __kmalloc: [+] comm: bash, pid: 1802, kmalloc_times: 485 from (ext4_htree_store_dirent+0x3c/0x12c) 
            bash-1802  [002] ....   465.958769: __kmalloc: [-] comm: bash, pid: 1802, kmalloc_times: 486 from (ext4_htree_store_dirent+0x3c/0x12c) 
            bash-1802  [002] ....   465.958774: __kmalloc: [+] comm: bash, pid: 1802, kmalloc_times: 486 from (ext4_htree_store_dirent+0x3c/0x12c) 
            bash-1802  [002] ....   465.958778: __kmalloc: [-] comm: bash, pid: 1802, kmalloc_times: 487 from (ext4_htree_store_dirent+0x3c/0x12c) 
          <idle>-0     [001] d...   465.958785: sched_switch: prev_comm=swapper/1 prev_pid=0 prev_prio=120 prev_state=R ==> next_comm=kworker/u8:1 next_pid=44 next_prio=120
    kworker/u8:1-44    [001] d...   465.958822: sched_switch: prev_comm=kworker/u8:1 prev_pid=44 prev_prio=120 prev_state=D ==> next_comm=swapper/1 next_pid=0 next_prio=120
          <idle>-0     [001] d...   465.958850: sched_switch: prev_comm=swapper/1 prev_pid=0 prev_prio=120 prev_state=R ==> next_comm=kworker/u8:1 next_pid=44 next_prio=120
    kworker/u8:1-44    [001] d...   465.958865: worker_thread: [-] comm: kworker/u8:1, pid: 44, global_func_exe_times: 79673 from (kthread+0x140/0x170) 
    kworker/u8:1-44    [001] d...   465.958873: sched_switch: prev_comm=kworker/u8:1 prev_pid=44 prev_prio=120 prev_state=I ==> next_comm=swapper/1 next_pid=0 next_prio=120
          <idle>-0     [001] d...   465.959147: sched_switch: prev_comm=swapper/1 prev_pid=0 prev_prio=120 prev_state=R ==> next_comm=kworker/u8:1 next_pid=44 next_prio=120
    kworker/u8:1-44    [001] ....   465.959152: worker_thread: [+] comm: kworker/u8:1, pid: 44, global_func_exe_times: 79673 from (kthread+0x140/0x170) 
    kworker/u8:1-44    [001] ....   465.959156: trace_function_dummy_call: [++] comm:kworker/u8:1, pid:44, from(worker_thread+0x18c/0x60c) 
    kworker/u8:1-44    [001] d...   465.959169: worker_thread: [-] comm: kworker/u8:1, pid: 44, global_func_exe_times: 79674 from (kthread+0x140/0x170) 
            bash-1802  [002] d...   465.959169: sched_switch: prev_comm=bash prev_pid=1802 prev_prio=120 prev_state=S ==> next_comm=swapper/2 next_pid=0 next_prio=120
    kworker/u8:1-44    [001] d...   465.959176: sched_switch: prev_comm=kworker/u8:1 prev_pid=44 prev_prio=120 prev_state=I ==> next_comm=swapper/1 next_pid=0 next_prio=120
          <idle>-0     [003] d...   465.959184: sched_switch: prev_comm=swapper/3 prev_pid=0 prev_prio=120 prev_state=R ==> next_comm=sshd next_pid=1778 next_prio=120
          <idle>-0     [001] d...   465.959315: sched_switch: prev_comm=swapper/1 prev_pid=0 prev_prio=120 prev_state=R ==> next_comm=kworker/u8:1 next_pid=44 next_prio=120
    kworker/u8:1-44    [001] ....   465.959321: worker_thread: [+] comm: kworker/u8:1, pid: 44, global_func_exe_times: 79674 from (kthread+0x140/0x170) 
    kworker/u8:1-44    [001] ....   465.959324: trace_function_dummy_call: [++] comm:kworker/u8:1, pid:44, from(worker_thread+0x18c/0x60c) 
            sshd-1778  [003] d...   465.959334: sched_switch: prev_comm=sshd prev_pid=1778 prev_prio=120 prev_state=S ==> next_comm=swapper/3 next_pid=0 next_prio=120
    kworker/u8:1-44    [001] d...   465.959361: sched_switch: prev_comm=kworker/u8:1 prev_pid=44 prev_prio=120 prev_state=D ==> next_comm=swapper/1 next_pid=0 next_prio=120
          <idle>-0     [001] d...   465.959396: sched_switch: prev_comm=swapper/1 prev_pid=0 prev_prio=120 prev_state=R ==> next_comm=kworker/u8:1 next_pid=44 next_prio=120
    kworker/u8:1-44    [001] d...   465.959410: worker_thread: [-] comm: kworker/u8:1, pid: 44, global_func_exe_times: 79675 from (kthread+0x140/0x170) 
    kworker/u8:1-44    [001] d...   465.959417: sched_switch: prev_comm=kworker/u8:1 prev_pid=44 prev_prio=120 prev_state=I ==> next_comm=swapper/1 next_pid=0 next_prio=120
          <idle>-0     [003] d...   465.960153: sched_switch: prev_comm=swapper/3 prev_pid=0 prev_prio=120 prev_state=R ==> next_comm=irq/86-mmc1 next_pid=80 next_prio=49
     irq/86-mmc1-80    [003] d...   465.960174: sched_switch: prev_comm=irq/86-mmc1 prev_pid=80 prev_prio=49 prev_state=D ==> next_comm=swapper/3 next_pid=0 next_prio=120
          <idle>-0     [003] d...   465.960200: sched_switch: prev_comm=swapper/3 prev_pid=0 prev_prio=120 prev_state=R ==> next_comm=irq/86-mmc1 next_pid=80 next_prio=49
     irq/86-mmc1-80    [003] d...   465.960225: sched_switch: prev_comm=irq/86-mmc1 prev_pid=80 prev_prio=49 prev_state=D ==> next_comm=swapper/3 next_pid=0 next_prio=120
          <idle>-0     [003] d...   465.960249: sched_switch: prev_comm=swapper/3 prev_pid=0 prev_prio=120 prev_state=R ==> next_comm=irq/86-mmc1 next_pid=80 next_prio=49
     irq/86-mmc1-80    [003] d...   465.960273: sched_switch: prev_comm=irq/86-mmc1 prev_pid=80 prev_prio=49 prev_state=D ==> next_comm=swapper/3 next_pid=0 next_prio=120
          <idle>-0     [003] d...   465.960299: sched_switch: prev_comm=swapper/3 prev_pid=0 prev_prio=120 prev_state=R ==> next_comm=irq/86-mmc1 next_pid=80 next_prio=49
     irq/86-mmc1-80    [003] d...   465.960318: sched_switch: prev_comm=irq/86-mmc1 prev_pid=80 prev_prio=49 prev_state=S ==> next_comm=swapper/3 next_pid=0 next_prio=120
          <idle>-0     [001] d...   465.960322: sched_switch: prev_comm=swapper/1 prev_pid=0 prev_prio=120 prev_state=R ==> next_comm=kworker/u8:1 next_pid=44 next_prio=120
    kworker/u8:1-44    [001] ....   465.960330: worker_thread: [+] comm: kworker/u8:1, pid: 44, global_func_exe_times: 79675 from (kthread+0x140/0x170) 
    kworker/u8:1-44    [001] ....   465.960333: trace_function_dummy_call: [++] comm:kworker/u8:1, pid:44, from(worker_thread+0x18c/0x60c) 
    kworker/u8:1-44    [001] d...   465.960365: sched_switch: prev_comm=kworker/u8:1 prev_pid=44 prev_prio=120 prev_state=D ==> next_comm=swapper/1 next_pid=0 next_prio=120
          <idle>-0     [001] d...   465.960391: sched_switch: prev_comm=swapper/1 prev_pid=0 prev_prio=120 prev_state=R ==> next_comm=kworker/u8:1 next_pid=44 next_prio=120
    kworker/u8:1-44    [001] d...   465.960419: sched_switch: prev_comm=kworker/u8:1 prev_pid=44 prev_prio=120 prev_state=D ==> next_comm=swapper/1 next_pid=0 next_prio=120
          <idle>-0     [001] d...   465.960444: sched_switch: prev_comm=swapper/1 prev_pid=0 prev_prio=120 prev_state=R ==> next_comm=kworker/u8:1 next_pid=44 next_prio=120
    kworker/u8:1-44    [001] d...   465.960505: sched_switch: prev_comm=kworker/u8:1 prev_pid=44 prev_prio=120 prev_state=D ==> next_comm=swapper/1 next_pid=0 next_prio=120
          <idle>-0     [001] d...   465.960531: sched_switch: prev_comm=swapper/1 prev_pid=0 prev_prio=120 prev_state=R ==> next_comm=kworker/u8:1 next_pid=44 next_prio=120
    kworker/u8:1-44    [001] d...   465.960544: worker_thread: [-] comm: kworker/u8:1, pid: 44, global_func_exe_times: 79676 from (kthread+0x140/0x170) 
    kworker/u8:1-44    [001] d...   465.960550: sched_switch: prev_comm=kworker/u8:1 prev_pid=44 prev_prio=120 prev_state=I ==> next_comm=swapper/1 next_pid=0 next_prio=120
          <idle>-0     [003] d...   465.962312: sched_switch: prev_comm=swapper/3 prev_pid=0 prev_prio=120 prev_state=R ==> next_comm=rcu_sched next_pid=10 next_prio=120
       rcu_sched-10    [003] d...   465.962332: sched_switch: prev_comm=rcu_sched prev_pid=10 prev_prio=120 prev_state=I ==> next_comm=swapper/3 next_pid=0 next_prio=120
          <idle>-0     [000] d...   465.972279: sched_switch: prev_comm=swapper/0 prev_pid=0 prev_prio=120 prev_state=R ==> next_comm=brcmf_wdog/mmc1 next_pid=251 next_prio=120
 brcmf_wdog/mmc1-251   [000] d...   465.972293: sched_switch: prev_comm=brcmf_wdog/mmc1 prev_pid=251 prev_prio=120 prev_state=S ==> next_comm=swapper/0 next_pid=0 next_prio=120
          <idle>-0     [000] d...   465.979861: sched_switch: prev_comm=swapper/0 prev_pid=0 prev_prio=120 prev_state=R ==> next_comm=rngd next_pid=555 next_prio=120
            rngd-555   [000] d...   465.979878: sched_switch: prev_comm=rngd prev_pid=555 prev_prio=120 prev_state=S ==> next_comm=swapper/0 next_pid=0 next_prio=120
          <idle>-0     [003] d...   465.982288: sched_switch: prev_comm=swapper/3 prev_pid=0 prev_prio=120 prev_state=R ==> next_comm=rcu_sched next_pid=10 next_prio=120
       rcu_sched-10    [003] d...   465.982309: sched_switch: prev_comm=rcu_sched prev_pid=10 prev_prio=120 prev_state=I ==> next_comm=swapper/3 next_pid=0 next_prio=120
          <idle>-0     [000] d...   465.992271: sched_switch: prev_comm=swapper/0 prev_pid=0 prev_prio=120 prev_state=R ==> next_comm=brcmf_wdog/mmc1 next_pid=251 next_prio=120
 brcmf_wdog/mmc1-251   [000] d...   465.992370: sched_switch: prev_comm=brcmf_wdog/mmc1 prev_pid=251 prev_prio=120 prev_state=S ==> next_comm=swapper/0 next_pid=0 next_prio=120
          <idle>-0     [003] d...   466.002279: sched_switch: prev_comm=swapper/3 prev_pid=0 prev_prio=120 prev_state=R ==> next_comm=rcu_sched next_pid=10 next_prio=120
          <idle>-0     [001] d...   466.002288: sched_switch: prev_comm=swapper/1 prev_pid=0 prev_prio=120 prev_state=R ==> next_comm=kworker/1:0 next_pid=2013 next_prio=120
       rcu_sched-10    [003] d...   466.002293: sched_switch: prev_comm=rcu_sched prev_pid=10 prev_prio=120 prev_state=I ==> next_comm=swapper/3 next_pid=0 next_prio=120
     kworker/1:0-2013  [001] ....   466.002296: worker_thread: [+] comm: kworker/1:0, pid: 2013, global_func_exe_times: 79676 from (kthread+0x140/0x170) 
     kworker/1:0-2013  [001] ....   466.002299: trace_function_dummy_call: [++] comm:kworker/1:0, pid:2013, from(worker_thread+0x18c/0x60c) 
     kworker/1:0-2013  [001] d...   466.002347: sched_switch: prev_comm=kworker/1:0 prev_pid=2013 prev_prio=120 prev_state=D ==> next_comm=kworker/1:2 next_pid=74 next_prio=120
     kworker/1:2-74    [001] ....   466.002354: worker_thread: [+] comm: kworker/1:2, pid: 74, global_func_exe_times: 79677 from (kthread+0x140/0x170) 
     kworker/1:2-74    [001] ....   466.002357: trace_function_dummy_call: [++] comm:kworker/1:2, pid:74, from(worker_thread+0x18c/0x60c) 
     kworker/1:2-74    [001] d...   466.002367: worker_thread: [-] comm: kworker/1:2, pid: 74, global_func_exe_times: 79678 from (kthread+0x140/0x170) 
     kworker/1:2-74    [001] d...   466.002375: sched_switch: prev_comm=kworker/1:2 prev_pid=74 prev_prio=120 prev_state=I ==> next_comm=ksoftirqd/1 next_pid=16 next_prio=120
     ksoftirqd/1-16    [001] d...   466.002402: sched_switch: prev_comm=ksoftirqd/1 prev_pid=16 prev_prio=120 prev_state=S ==> next_comm=kworker/1:2 next_pid=74 next_prio=120
     kworker/1:2-74    [001] ....   466.002408: worker_thread: [+] comm: kworker/1:2, pid: 74, global_func_exe_times: 79678 from (kthread+0x140/0x170) 
     kworker/1:2-74    [001] ....   466.002411: trace_function_dummy_call: [++] comm:kworker/1:2, pid:74, from(worker_thread+0x18c/0x60c) 
     kworker/1:2-74    [001] d...   466.002418: sched_switch: prev_comm=kworker/1:2 prev_pid=74 prev_prio=120 prev_state=I ==> next_comm=kworker/1:0 next_pid=2013 next_prio=120
     kworker/1:0-2013  [001] d...   466.002435: worker_thread: [-] comm: kworker/1:0, pid: 2013, global_func_exe_times: 79679 from (kthread+0x140/0x170) 
     kworker/1:0-2013  [001] d...   466.002462: sched_switch: prev_comm=kworker/1:0 prev_pid=2013 prev_prio=120 prev_state=I ==> next_comm=swapper/1 next_pid=0 next_prio=120
          <idle>-0     [003] d...   466.036755: sched_switch: prev_comm=swapper/3 prev_pid=0 prev_prio=120 prev_state=R ==> next_comm=mysqld next_pid=769 next_prio=120
          mysqld-769   [003] d...   466.036799: sched_switch: prev_comm=mysqld prev_pid=769 prev_prio=120 prev_state=S ==> next_comm=swapper/3 next_pid=0 next_prio=120
          <idle>-0     [000] d...   466.044693: sched_switch: prev_comm=swapper/0 prev_pid=0 prev_prio=120 prev_state=R ==> next_comm=mosquitto next_pid=465 next_prio=120
       mosquitto-465   [000] d...   466.044737: sched_switch: prev_comm=mosquitto prev_pid=465 prev_prio=120 prev_state=S ==> next_comm=kworker/0:2 next_pid=336 next_prio=120
     kworker/0:2-336   [000] ....   466.044745: worker_thread: [+] comm: kworker/0:2, pid: 336, global_func_exe_times: 79679 from (kthread+0x140/0x170) 
     kworker/0:2-336   [000] ....   466.044748: trace_function_dummy_call: [++] comm:kworker/0:2, pid:336, from(worker_thread+0x18c/0x60c) 
     kworker/0:2-336   [000] d...   466.044765: worker_thread: [-] comm: kworker/0:2, pid: 336, global_func_exe_times: 79680 from (kthread+0x140/0x170) 
     kworker/0:2-336   [000] d...   466.044796: sched_switch: prev_comm=kworker/0:2 prev_pid=336 prev_prio=120 prev_state=I ==> next_comm=swapper/0 next_pid=0 next_prio=120
          <idle>-0     [003] d...   466.057712: sched_switch: prev_comm=swapper/3 prev_pid=0 prev_prio=120 prev_state=R ==> next_comm=apache2 next_pid=678 next_prio=120
         apache2-678   [003] d...   466.057775: sched_switch: prev_comm=apache2 prev_pid=678 prev_prio=120 prev_state=S ==> next_comm=swapper/3 next_pid=0 next_prio=120
          <idle>-0     [003] d...   466.078304: sched_switch: prev_comm=swapper/3 prev_pid=0 prev_prio=120 prev_state=R ==> next_comm=irq/86-mmc1 next_pid=80 next_prio=49
     irq/86-mmc1-80    [003] d...   466.078326: sched_switch: prev_comm=irq/86-mmc1 prev_pid=80 prev_prio=49 prev_state=D ==> next_comm=swapper/3 next_pid=0 next_prio=120
          <idle>-0     [003] d...   466.078351: sched_switch: prev_comm=swapper/3 prev_pid=0 prev_prio=120 prev_state=R ==> next_comm=irq/86-mmc1 next_pid=80 next_prio=49
     irq/86-mmc1-80    [003] d...   466.078377: sched_switch: prev_comm=irq/86-mmc1 prev_pid=80 prev_prio=49 prev_state=D ==> next_comm=swapper/3 next_pid=0 next_prio=120
          <idle>-0     [003] d...   466.078400: sched_switch: prev_comm=swapper/3 prev_pid=0 prev_prio=120 prev_state=R ==> next_comm=irq/86-mmc1 next_pid=80 next_prio=49
     irq/86-mmc1-80    [003] d...   466.078424: sched_switch: prev_comm=irq/86-mmc1 prev_pid=80 prev_prio=49 prev_state=D ==> next_comm=swapper/3 next_pid=0 next_prio=120
          <idle>-0     [003] d...   466.078447: sched_switch: prev_comm=swapper/3 prev_pid=0 prev_prio=120 prev_state=R ==> next_comm=irq/86-mmc1 next_pid=80 next_prio=49
     irq/86-mmc1-80    [003] d...   466.078467: sched_switch: prev_comm=irq/86-mmc1 prev_pid=80 prev_prio=49 prev_state=S ==> next_comm=swapper/3 next_pid=0 next_prio=120
          <idle>-0     [001] d...   466.078474: sched_switch: prev_comm=swapper/1 prev_pid=0 prev_prio=120 prev_state=R ==> next_comm=kworker/u8:1 next_pid=44 next_prio=120
    kworker/u8:1-44    [001] ....   466.078481: worker_thread: [+] comm: kworker/u8:1, pid: 44, global_func_exe_times: 79680 from (kthread+0x140/0x170) 
    kworker/u8:1-44    [001] ....   466.078484: trace_function_dummy_call: [++] comm:kworker/u8:1, pid:44, from(worker_thread+0x18c/0x60c) 
    kworker/u8:1-44    [001] d...   466.078504: sched_switch: prev_comm=kworker/u8:1 prev_pid=44 prev_prio=120 prev_state=D ==> next_comm=swapper/1 next_pid=0 next_prio=120
          <idle>-0     [001] d...   466.078530: sched_switch: prev_comm=swapper/1 prev_pid=0 prev_prio=120 prev_state=R ==> next_comm=kworker/u8:1 next_pid=44 next_prio=120
    kworker/u8:1-44    [001] d...   466.078542: sched_switch: prev_comm=kworker/u8:1 prev_pid=44 prev_prio=120 prev_state=D ==> next_comm=swapper/1 next_pid=0 next_prio=120
          <idle>-0     [001] d...   466.081556: sched_switch: prev_comm=swapper/1 prev_pid=0 prev_prio=120 prev_state=R ==> next_comm=kworker/u8:1 next_pid=44 next_prio=120
    kworker/u8:1-44    [001] d...   466.081572: sched_switch: prev_comm=kworker/u8:1 prev_pid=44 prev_prio=120 prev_state=D ==> next_comm=swapper/1 next_pid=0 next_prio=120
          <idle>-0     [001] d...   466.081598: sched_switch: prev_comm=swapper/1 prev_pid=0 prev_prio=120 prev_state=R ==> next_comm=kworker/u8:1 next_pid=44 next_prio=120
    kworker/u8:1-44    [001] d...   466.081631: sched_switch: prev_comm=kworker/u8:1 prev_pid=44 prev_prio=120 prev_state=D ==> next_comm=swapper/1 next_pid=0 next_prio=120
          <idle>-0     [001] d...   466.081657: sched_switch: prev_comm=swapper/1 prev_pid=0 prev_prio=120 prev_state=R ==> next_comm=kworker/u8:1 next_pid=44 next_prio=120
    kworker/u8:1-44    [001] d...   466.081684: sched_switch: prev_comm=kworker/u8:1 prev_pid=44 prev_prio=120 prev_state=D ==> next_comm=swapper/1 next_pid=0 next_prio=120
          <idle>-0     [001] d...   466.081711: sched_switch: prev_comm=swapper/1 prev_pid=0 prev_prio=120 prev_state=R ==> next_comm=kworker/u8:1 next_pid=44 next_prio=120
          <idle>-0     [003] d...   466.081764: sched_switch: prev_comm=swapper/3 prev_pid=0 prev_prio=120 prev_state=R ==> next_comm=sshd next_pid=1778 next_prio=120
    kworker/u8:1-44    [001] d...   466.081775: sched_switch: prev_comm=kworker/u8:1 prev_pid=44 prev_prio=120 prev_state=D ==> next_comm=swapper/1 next_pid=0 next_prio=120
          <idle>-0     [001] d...   466.081802: sched_switch: prev_comm=swapper/1 prev_pid=0 prev_prio=120 prev_state=R ==> next_comm=kworker/u8:1 next_pid=44 next_prio=120
    kworker/u8:1-44    [001] d...   466.081816: worker_thread: [-] comm: kworker/u8:1, pid: 44, global_func_exe_times: 79681 from (kthread+0x140/0x170) 
    kworker/u8:1-44    [001] d...   466.081823: sched_switch: prev_comm=kworker/u8:1 prev_pid=44 prev_prio=120 prev_state=I ==> next_comm=swapper/1 next_pid=0 next_prio=120
          <idle>-0     [001] d...   466.081890: sched_switch: prev_comm=swapper/1 prev_pid=0 prev_prio=120 prev_state=R ==> next_comm=kworker/u8:1 next_pid=44 next_prio=120
    kworker/u8:1-44    [001] ....   466.081895: worker_thread: [+] comm: kworker/u8:1, pid: 44, global_func_exe_times: 79681 from (kthread+0x140/0x170) 
    kworker/u8:1-44    [001] ....   466.081898: trace_function_dummy_call: [++] comm:kworker/u8:1, pid:44, from(worker_thread+0x18c/0x60c) 
            sshd-1778  [003] d...   466.081902: sched_switch: prev_comm=sshd prev_pid=1778 prev_prio=120 prev_state=S ==> next_comm=swapper/3 next_pid=0 next_prio=120
    kworker/u8:1-44    [001] d...   466.081914: worker_thread: [-] comm: kworker/u8:1, pid: 44, global_func_exe_times: 79682 from (kthread+0x140/0x170) 
    kworker/u8:1-44    [001] d...   466.081920: sched_switch: prev_comm=kworker/u8:1 prev_pid=44 prev_prio=120 prev_state=I ==> next_comm=swapper/1 next_pid=0 next_prio=120
          <idle>-0     [002] d...   466.081930: sched_switch: prev_comm=swapper/2 prev_pid=0 prev_prio=120 prev_state=R ==> next_comm=bash next_pid=1802 next_prio=120
          <idle>-0     [001] d...   466.081980: sched_switch: prev_comm=swapper/1 prev_pid=0 prev_prio=120 prev_state=R ==> next_comm=kworker/u8:1 next_pid=44 next_prio=120
    kworker/u8:1-44    [001] ....   466.081986: worker_thread: [+] comm: kworker/u8:1, pid: 44, global_func_exe_times: 79682 from (kthread+0x140/0x170) 
    kworker/u8:1-44    [001] ....   466.081989: trace_function_dummy_call: [++] comm:kworker/u8:1, pid:44, from(worker_thread+0x18c/0x60c) 
    kworker/u8:1-44    [001] d...   466.082000: worker_thread: [-] comm: kworker/u8:1, pid: 44, global_func_exe_times: 79683 from (kthread+0x140/0x170) 
    kworker/u8:1-44    [001] d...   466.082007: sched_switch: prev_comm=kworker/u8:1 prev_pid=44 prev_prio=120 prev_state=I ==> next_comm=swapper/1 next_pid=0 next_prio=120
          <idle>-0     [003] d...   466.082013: sched_switch: prev_comm=swapper/3 prev_pid=0 prev_prio=120 prev_state=R ==> next_comm=sshd next_pid=1778 next_prio=120
          <idle>-0     [001] d...   466.082153: sched_switch: prev_comm=swapper/1 prev_pid=0 prev_prio=120 prev_state=R ==> next_comm=kworker/u8:1 next_pid=44 next_prio=120
    kworker/u8:1-44    [001] ....   466.082158: worker_thread: [+] comm: kworker/u8:1, pid: 44, global_func_exe_times: 79683 from (kthread+0x140/0x170) 
    kworker/u8:1-44    [001] ....   466.082161: trace_function_dummy_call: [++] comm:kworker/u8:1, pid:44, from(worker_thread+0x18c/0x60c) 
            sshd-1778  [003] d...   466.082176: sched_switch: prev_comm=sshd prev_pid=1778 prev_prio=120 prev_state=S ==> next_comm=swapper/3 next_pid=0 next_prio=120
    kworker/u8:1-44    [001] d...   466.082199: sched_switch: prev_comm=kworker/u8:1 prev_pid=44 prev_prio=120 prev_state=D ==> next_comm=swapper/1 next_pid=0 next_prio=120
          <idle>-0     [001] d...   466.082240: sched_switch: prev_comm=swapper/1 prev_pid=0 prev_prio=120 prev_state=R ==> next_comm=kworker/u8:1 next_pid=44 next_prio=120
    kworker/u8:1-44    [001] d...   466.082287: worker_thread: [-] comm: kworker/u8:1, pid: 44, global_func_exe_times: 79684 from (kthread+0x140/0x170) 
    kworker/u8:1-44    [001] d...   466.082295: sched_switch: prev_comm=kworker/u8:1 prev_pid=44 prev_prio=120 prev_state=I ==> next_comm=swapper/1 next_pid=0 next_prio=120
            bash-1802  [002] ....   466.082314: __kmalloc: [+] comm: bash, pid: 1802, kmalloc_times: 487 from (alloc_pipe_info+0xd4/0x1c8) 
            bash-1802  [002] ....   466.082321: __kmalloc: [-] comm: bash, pid: 1802, kmalloc_times: 488 from (alloc_pipe_info+0xd4/0x1c8) 
            bash-1802  [002] ....   466.082404: __kmalloc: [+] comm: bash, pid: 1802, kmalloc_times: 488 from (kvmalloc_node+0x74/0x80) 
            bash-1802  [002] ....   466.082409: __kmalloc: [-] comm: bash, pid: 1802, kmalloc_times: 489 from (kvmalloc_node+0x74/0x80) 
            bash-1802  [002] ....   466.082413: __kmalloc: [+] comm: bash, pid: 1802, kmalloc_times: 489 from (kvmalloc_node+0x74/0x80) 
            bash-1802  [002] ....   466.082417: __kmalloc: [-] comm: bash, pid: 1802, kmalloc_times: 490 from (kvmalloc_node+0x74/0x80) 
          <idle>-0     [000] d...   466.082878: sched_switch: prev_comm=swapper/0 prev_pid=0 prev_prio=120 prev_state=R ==> next_comm=bash next_pid=2125 next_prio=120
          <idle>-0     [003] d...   466.083051: sched_switch: prev_comm=swapper/3 prev_pid=0 prev_prio=120 prev_state=R ==> next_comm=irq/86-mmc1 next_pid=80 next_prio=49
     irq/86-mmc1-80    [003] d...   466.083092: sched_switch: prev_comm=irq/86-mmc1 prev_pid=80 prev_prio=49 prev_state=D ==> next_comm=swapper/3 next_pid=0 next_prio=120
          <idle>-0     [003] d...   466.083110: sched_switch: prev_comm=swapper/3 prev_pid=0 prev_prio=120 prev_state=R ==> next_comm=irq/86-mmc1 next_pid=80 next_prio=49
     irq/86-mmc1-80    [003] d...   466.083145: sched_switch: prev_comm=irq/86-mmc1 prev_pid=80 prev_prio=49 prev_state=D ==> next_comm=swapper/3 next_pid=0 next_prio=120
          <idle>-0     [003] d...   466.083177: sched_switch: prev_comm=swapper/3 prev_pid=0 prev_prio=120 prev_state=R ==> next_comm=irq/86-mmc1 next_pid=80 next_prio=49
     irq/86-mmc1-80    [003] d...   466.083210: sched_switch: prev_comm=irq/86-mmc1 prev_pid=80 prev_prio=49 prev_state=D ==> next_comm=swapper/3 next_pid=0 next_prio=120
          <idle>-0     [003] d...   466.083236: sched_switch: prev_comm=swapper/3 prev_pid=0 prev_prio=120 prev_state=R ==> next_comm=irq/86-mmc1 next_pid=80 next_prio=49
          <idle>-0     [001] d...   466.083266: sched_switch: prev_comm=swapper/1 prev_pid=0 prev_prio=120 prev_state=R ==> next_comm=kworker/u8:1 next_pid=44 next_prio=120
     irq/86-mmc1-80    [003] d...   466.083266: sched_switch: prev_comm=irq/86-mmc1 prev_pid=80 prev_prio=49 prev_state=S ==> next_comm=swapper/3 next_pid=0 next_prio=120
    kworker/u8:1-44    [001] ....   466.083278: worker_thread: [+] comm: kworker/u8:1, pid: 44, global_func_exe_times: 79684 from (kthread+0x140/0x170) 
    kworker/u8:1-44    [001] ....   466.083282: trace_function_dummy_call: [++] comm:kworker/u8:1, pid:44, from(worker_thread+0x18c/0x60c) 
            bash-1802  [002] d...   466.083293: sched_switch: prev_comm=bash prev_pid=1802 prev_prio=120 prev_state=S ==> next_comm=swapper/2 next_pid=0 next_prio=120
    kworker/u8:1-44    [001] d...   466.083338: sched_switch: prev_comm=kworker/u8:1 prev_pid=44 prev_prio=120 prev_state=D ==> next_comm=swapper/1 next_pid=0 next_prio=120
          <idle>-0     [001] d...   466.083375: sched_switch: prev_comm=swapper/1 prev_pid=0 prev_prio=120 prev_state=R ==> next_comm=kworker/u8:1 next_pid=44 next_prio=120
    kworker/u8:1-44    [001] d...   466.083407: sched_switch: prev_comm=kworker/u8:1 prev_pid=44 prev_prio=120 prev_state=D ==> next_comm=swapper/1 next_pid=0 next_prio=120
          <idle>-0     [001] d...   466.083443: sched_switch: prev_comm=swapper/1 prev_pid=0 prev_prio=120 prev_state=R ==> next_comm=kworker/u8:1 next_pid=44 next_prio=120
    kworker/u8:1-44    [001] d...   466.083558: sched_switch: prev_comm=kworker/u8:1 prev_pid=44 prev_prio=120 prev_state=D ==> next_comm=swapper/1 next_pid=0 next_prio=120
          <idle>-0     [001] d...   466.083590: sched_switch: prev_comm=swapper/1 prev_pid=0 prev_prio=120 prev_state=R ==> next_comm=kworker/u8:1 next_pid=44 next_prio=120
    kworker/u8:1-44    [001] d...   466.083612: worker_thread: [-] comm: kworker/u8:1, pid: 44, global_func_exe_times: 79685 from (kthread+0x140/0x170) 
    kworker/u8:1-44    [001] d...   466.083622: sched_switch: prev_comm=kworker/u8:1 prev_pid=44 prev_prio=120 prev_state=I ==> next_comm=swapper/1 next_pid=0 next_prio=120
    multi_thread-2125  [000] ....   466.084301: __kmalloc: [+] comm: bash, pid: 2125, kmalloc_times: 490 from (load_elf_phdrs+0x78/0xdc) 
    multi_thread-2125  [000] ....   466.084307: __kmalloc: [-] comm: bash, pid: 2125, kmalloc_times: 491 from (load_elf_phdrs+0x78/0xdc) 
    multi_thread-2125  [000] ....   466.084315: __kmalloc: [+] comm: bash, pid: 2125, kmalloc_times: 491 from (load_elf_binary+0x174/0x1344) 
    multi_thread-2125  [000] ....   466.084320: __kmalloc: [-] comm: bash, pid: 2125, kmalloc_times: 492 from (load_elf_binary+0x174/0x1344) 
    multi_thread-2125  [000] ....   466.084354: __kmalloc: [+] comm: bash, pid: 2125, kmalloc_times: 492 from (load_elf_phdrs+0x78/0xdc) 
    multi_thread-2125  [000] ....   466.084359: __kmalloc: [-] comm: bash, pid: 2125, kmalloc_times: 493 from (load_elf_phdrs+0x78/0xdc) 
          <idle>-0     [002] d...   466.087909: sched_switch: prev_comm=swapper/2 prev_pid=0 prev_prio=120 prev_state=R ==> next_comm=multi_thread next_pid=2126 next_prio=120
          <idle>-0     [003] d...   466.088003: sched_switch: prev_comm=swapper/3 prev_pid=0 prev_prio=120 prev_state=R ==> next_comm=multi_thread next_pid=2127 next_prio=120
    multi_thread-2127  [003] d...   466.088036: sched_switch: prev_comm=multi_thread prev_pid=2127 prev_prio=120 prev_state=S ==> next_comm=swapper/3 next_pid=0 next_prio=120
    multi_thread-2125  [000] d...   466.088040: sched_switch: prev_comm=multi_thread prev_pid=2125 prev_prio=120 prev_state=S ==> next_comm=swapper/0 next_pid=0 next_prio=120
          <idle>-0     [001] d...   466.088324: sched_switch: prev_comm=swapper/1 prev_pid=0 prev_prio=120 prev_state=R ==> next_comm=multi_thread next_pid=2128 next_prio=120
          <idle>-0     [000] d...   466.088371: sched_switch: prev_comm=swapper/0 prev_pid=0 prev_prio=120 prev_state=R ==> next_comm=multi_thread next_pid=2125 next_prio=120
    multi_thread-2126  [002] d...   466.088398: sched_switch: prev_comm=multi_thread prev_pid=2126 prev_prio=120 prev_state=S ==> next_comm=swapper/2 next_pid=0 next_prio=120
          <idle>-0     [003] d...   466.088408: sched_switch: prev_comm=swapper/3 prev_pid=0 prev_prio=120 prev_state=R ==> next_comm=multi_thread next_pid=2127 next_prio=120
    multi_thread-2127  [003] d...   466.088421: sched_switch: prev_comm=multi_thread prev_pid=2127 prev_prio=120 prev_state=S ==> next_comm=swapper/3 next_pid=0 next_prio=120
          <idle>-0     [002] d...   466.088439: sched_switch: prev_comm=swapper/2 prev_pid=0 prev_prio=120 prev_state=R ==> next_comm=multi_thread next_pid=2126 next_prio=120
    multi_thread-2125  [000] d...   466.088597: sched_switch: prev_comm=multi_thread prev_pid=2125 prev_prio=120 prev_state=D ==> next_comm=multi_thread next_pid=2129 next_prio=120
    multi_thread-2129  [000] d...   466.088667: sched_switch: prev_comm=multi_thread prev_pid=2129 prev_prio=120 prev_state=S ==> next_comm=swapper/0 next_pid=0 next_prio=120
          <idle>-0     [000] d...   466.088880: sched_switch: prev_comm=swapper/0 prev_pid=0 prev_prio=120 prev_state=R ==> next_comm=multi_thread next_pid=2125 next_prio=120
          <idle>-0     [003] d...   466.088917: sched_switch: prev_comm=swapper/3 prev_pid=0 prev_prio=120 prev_state=R ==> next_comm=multi_thread next_pid=2130 next_prio=120
    multi_thread-2130  [003] d...   466.089014: sched_switch: prev_comm=multi_thread prev_pid=2130 prev_prio=120 prev_state=R ==> next_comm=multi_thread next_pid=2127 next_prio=120
    multi_thread-2127  [003] d...   466.089034: sched_switch: prev_comm=multi_thread prev_pid=2127 prev_prio=120 prev_state=S ==> next_comm=multi_thread next_pid=2130 next_prio=120
    multi_thread-2125  [000] d...   466.089098: sched_switch: prev_comm=multi_thread prev_pid=2125 prev_prio=120 prev_state=S ==> next_comm=swapper/0 next_pid=0 next_prio=120
    multi_thread-2128  [001] ....   466.089110: do_exit: [+] comm: multi_thread, pid: 2128, global_func_exe_times: 1788
    multi_thread-2128  [001] ....   466.089117: trace_function_dummy_call: [++] comm:multi_thread, pid:2128, from(do_exit+0x80/0xc44) 
    multi_thread-2128  [001] ....   466.089129: do_exit: [-] comm: multi_thread, pid: 2128, global_func_exe_times: 1789
          <idle>-0     [000] d...   466.089566: sched_switch: prev_comm=swapper/0 prev_pid=0 prev_prio=120 prev_state=R ==> next_comm=multi_thread next_pid=2129 next_prio=120
    multi_thread-2129  [000] d...   466.089643: sched_switch: prev_comm=multi_thread prev_pid=2129 prev_prio=120 prev_state=S ==> next_comm=multi_thread next_pid=2131 next_prio=120
    multi_thread-2130  [003] ....   466.089719: do_exit: [+] comm: multi_thread, pid: 2130, global_func_exe_times: 1789
    multi_thread-2130  [003] ....   466.089726: trace_function_dummy_call: [++] comm:multi_thread, pid:2130, from(do_exit+0x80/0xc44) 
    multi_thread-2130  [003] ....   466.089731: do_exit: [-] comm: multi_thread, pid: 2130, global_func_exe_times: 1790
    multi_thread-2128  [001] d...   466.089767: sched_switch: prev_comm=multi_thread prev_pid=2128 prev_prio=120 prev_state=Z ==> next_comm=swapper/1 next_pid=0 next_prio=120
    multi_thread-2130  [003] d...   466.090072: sched_switch: prev_comm=multi_thread prev_pid=2130 prev_prio=120 prev_state=R+ ==> next_comm=multi_thread next_pid=2127 next_prio=120
    multi_thread-2127  [003] d...   466.090093: sched_switch: prev_comm=multi_thread prev_pid=2127 prev_prio=120 prev_state=S ==> next_comm=multi_thread next_pid=2130 next_prio=120
    multi_thread-2131  [000] d...   466.090390: sched_switch: prev_comm=multi_thread prev_pid=2131 prev_prio=120 prev_state=S ==> next_comm=multi_thread next_pid=2132 next_prio=120
    multi_thread-2130  [003] d...   466.090412: sched_switch: prev_comm=multi_thread prev_pid=2130 prev_prio=120 prev_state=Z ==> next_comm=swapper/3 next_pid=0 next_prio=120
    multi_thread-2132  [000] d...   466.090526: sched_switch: prev_comm=multi_thread prev_pid=2132 prev_prio=120 prev_state=R ==> next_comm=multi_thread next_pid=2125 next_prio=120
    multi_thread-2126  [002] ....   466.090652: do_exit: [+] comm: multi_thread, pid: 2126, global_func_exe_times: 1790
    multi_thread-2126  [002] ....   466.090660: trace_function_dummy_call: [++] comm:multi_thread, pid:2126, from(do_exit+0x80/0xc44) 
    multi_thread-2125  [000] ....   466.090664: do_exit: [+] comm: multi_thread, pid: 2125, global_func_exe_times: 1791
    multi_thread-2126  [002] ....   466.090666: do_exit: [-] comm: multi_thread, pid: 2126, global_func_exe_times: 1791
    multi_thread-2125  [000] ....   466.090669: trace_function_dummy_call: [++] comm:multi_thread, pid:2125, from(do_exit+0x80/0xc44) 
    multi_thread-2125  [000] ....   466.090674: do_exit: [-] comm: multi_thread, pid: 2125, global_func_exe_times: 1792
          <idle>-0     [003] d...   466.090689: sched_switch: prev_comm=swapper/3 prev_pid=0 prev_prio=120 prev_state=R ==> next_comm=multi_thread next_pid=2127 next_prio=120
    multi_thread-2127  [003] ....   466.090702: do_exit: [+] comm: multi_thread, pid: 2127, global_func_exe_times: 1792
    multi_thread-2127  [003] ....   466.090705: trace_function_dummy_call: [++] comm:multi_thread, pid:2127, from(do_exit+0x80/0xc44) 
    multi_thread-2127  [003] ....   466.090710: do_exit: [-] comm: multi_thread, pid: 2127, global_func_exe_times: 1793
    multi_thread-2125  [000] d...   466.090817: sched_switch: prev_comm=multi_thread prev_pid=2125 prev_prio=120 prev_state=Z ==> next_comm=multi_thread next_pid=2129 next_prio=120
    multi_thread-2126  [002] d...   466.090824: sched_switch: prev_comm=multi_thread prev_pid=2126 prev_prio=120 prev_state=X ==> next_comm=multi_thread next_pid=2133 next_prio=120
    multi_thread-2127  [003] d...   466.090828: sched_switch: prev_comm=multi_thread prev_pid=2127 prev_prio=120 prev_state=X ==> next_comm=swapper/3 next_pid=0 next_prio=120
    multi_thread-2129  [000] ....   466.090829: do_exit: [+] comm: multi_thread, pid: 2129, global_func_exe_times: 1793
    multi_thread-2129  [000] ....   466.090833: trace_function_dummy_call: [++] comm:multi_thread, pid:2129, from(do_exit+0x80/0xc44) 
    multi_thread-2129  [000] ....   466.090837: do_exit: [-] comm: multi_thread, pid: 2129, global_func_exe_times: 1794
          <idle>-0     [003] d...   466.091441: sched_switch: prev_comm=swapper/3 prev_pid=0 prev_prio=120 prev_state=R ==> next_comm=systemd next_pid=1 next_prio=120
    multi_thread-2129  [000] d...   466.091469: sched_switch: prev_comm=multi_thread prev_pid=2129 prev_prio=120 prev_state=X ==> next_comm=multi_thread next_pid=2132 next_prio=120
    multi_thread-2133  [002] d...   466.091494: sched_switch: prev_comm=multi_thread prev_pid=2133 prev_prio=120 prev_state=R ==> next_comm=bash next_pid=1802 next_prio=120
         systemd-1     [003] ....   466.091755: __kmalloc: [+] comm: systemd, pid: 1, kmalloc_times: 493 from (kvmalloc_node+0x74/0x80) 
         systemd-1     [003] ....   466.091766: __kmalloc: [-] comm: systemd, pid: 1, kmalloc_times: 494 from (kvmalloc_node+0x74/0x80) 
         systemd-1     [003] ....   466.092034: __kmalloc: [+] comm: systemd, pid: 1, kmalloc_times: 494 from (kvmalloc_node+0x74/0x80) 
         systemd-1     [003] ....   466.092040: __kmalloc: [-] comm: systemd, pid: 1, kmalloc_times: 495 from (kvmalloc_node+0x74/0x80) 
    multi_thread-2132  [000] d...   466.092112: sched_switch: prev_comm=multi_thread prev_pid=2132 prev_prio=120 prev_state=S ==> next_comm=multi_thread next_pid=2133 next_prio=120
         systemd-1     [003] ....   466.092131: __kmalloc: [+] comm: systemd, pid: 1, kmalloc_times: 495 from (kvmalloc_node+0x74/0x80) 
         systemd-1     [003] ....   466.092136: __kmalloc: [-] comm: systemd, pid: 1, kmalloc_times: 496 from (kvmalloc_node+0x74/0x80) 
    multi_thread-2133  [000] d...   466.092155: sched_switch: prev_comm=multi_thread prev_pid=2133 prev_prio=120 prev_state=S ==> next_comm=swapper/0 next_pid=0 next_prio=120
          <idle>-0     [001] d...   466.092274: sched_switch: prev_comm=swapper/1 prev_pid=0 prev_prio=120 prev_state=R ==> next_comm=kworker/u8:1 next_pid=44 next_prio=120
    kworker/u8:1-44    [001] ....   466.092284: worker_thread: [+] comm: kworker/u8:1, pid: 44, global_func_exe_times: 79685 from (kthread+0x140/0x170) 
    kworker/u8:1-44    [001] ....   466.092288: trace_function_dummy_call: [++] comm:kworker/u8:1, pid:44, from(worker_thread+0x18c/0x60c) 
    kworker/u8:1-44    [001] d...   466.092312: worker_thread: [-] comm: kworker/u8:1, pid: 44, global_func_exe_times: 79686 from (kthread+0x140/0x170) 
            bash-1802  [002] d...   466.092317: sched_switch: prev_comm=bash prev_pid=1802 prev_prio=120 prev_state=R ==> next_comm=rcu_sched next_pid=10 next_prio=120
          <idle>-0     [000] d...   466.092319: sched_switch: prev_comm=swapper/0 prev_pid=0 prev_prio=120 prev_state=R ==> next_comm=kworker/0:2 next_pid=336 next_prio=120
     kworker/0:2-336   [000] ....   466.092328: worker_thread: [+] comm: kworker/0:2, pid: 336, global_func_exe_times: 79686 from (kthread+0x140/0x170) 
     kworker/0:2-336   [000] ....   466.092332: trace_function_dummy_call: [++] comm:kworker/0:2, pid:336, from(worker_thread+0x18c/0x60c) 
       rcu_sched-10    [002] d...   466.092346: sched_switch: prev_comm=rcu_sched prev_pid=10 prev_prio=120 prev_state=I ==> next_comm=bash next_pid=1802 next_prio=120
    kworker/u8:1-44    [001] d...   466.092354: sched_switch: prev_comm=kworker/u8:1 prev_pid=44 prev_prio=120 prev_state=I ==> next_comm=sshd next_pid=1778 next_prio=120
            bash-1802  [002] d...   466.092361: sched_switch: prev_comm=bash prev_pid=1802 prev_prio=120 prev_state=R ==> next_comm=kworker/2:3 next_pid=164 next_prio=120
     kworker/2:3-164   [002] ....   466.092370: worker_thread: [+] comm: kworker/2:3, pid: 164, global_func_exe_times: 79687 from (kthread+0x140/0x170) 
     kworker/2:3-164   [002] ....   466.092373: trace_function_dummy_call: [++] comm:kworker/2:3, pid:164, from(worker_thread+0x18c/0x60c) 
     kworker/0:2-336   [000] d...   466.092379: worker_thread: [-] comm: kworker/0:2, pid: 336, global_func_exe_times: 79688 from (kthread+0x140/0x170) 
     kworker/2:3-164   [002] d...   466.092387: worker_thread: [-] comm: kworker/2:3, pid: 164, global_func_exe_times: 79688 from (kthread+0x140/0x170) 
     kworker/2:3-164   [002] d...   466.092397: sched_switch: prev_comm=kworker/2:3 prev_pid=164 prev_prio=120 prev_state=I ==> next_comm=bash next_pid=1802 next_prio=120
     kworker/0:2-336   [000] d...   466.092399: sched_switch: prev_comm=kworker/0:2 prev_pid=336 prev_prio=120 prev_state=I ==> next_comm=swapper/0 next_pid=0 next_prio=120
            bash-1802  [002] d...   466.092442: sched_switch: prev_comm=bash prev_pid=1802 prev_prio=120 prev_state=S ==> next_comm=swapper/2 next_pid=0 next_prio=120
         systemd-1     [003] ....   466.092674: __kmalloc: [+] comm: systemd, pid: 1, kmalloc_times: 496 from (kvmalloc_node+0x74/0x80) 
         systemd-1     [003] ....   466.092680: __kmalloc: [-] comm: systemd, pid: 1, kmalloc_times: 497 from (kvmalloc_node+0x74/0x80) 
            sshd-1778  [001] d...   466.092702: sched_switch: prev_comm=sshd prev_pid=1778 prev_prio=120 prev_state=S ==> next_comm=kworker/1:0 next_pid=2013 next_prio=120
     kworker/1:0-2013  [001] ....   466.092711: worker_thread: [+] comm: kworker/1:0, pid: 2013, global_func_exe_times: 79688 from (kthread+0x140/0x170) 
     kworker/1:0-2013  [001] ....   466.092715: trace_function_dummy_call: [++] comm:kworker/1:0, pid:2013, from(worker_thread+0x18c/0x60c) 
     kworker/1:0-2013  [001] d...   466.092728: worker_thread: [-] comm: kworker/1:0, pid: 2013, global_func_exe_times: 79689 from (kthread+0x140/0x170) 
     kworker/1:0-2013  [001] d...   466.092737: sched_switch: prev_comm=kworker/1:0 prev_pid=2013 prev_prio=120 prev_state=I ==> next_comm=kworker/u8:1 next_pid=44 next_prio=120
    kworker/u8:1-44    [001] ....   466.092743: worker_thread: [+] comm: kworker/u8:1, pid: 44, global_func_exe_times: 79689 from (kthread+0x140/0x170) 
    kworker/u8:1-44    [001] ....   466.092747: trace_function_dummy_call: [++] comm:kworker/u8:1, pid:44, from(worker_thread+0x18c/0x60c) 
         systemd-1     [003] ....   466.092762: __kmalloc: [+] comm: systemd, pid: 1, kmalloc_times: 497 from (kvmalloc_node+0x74/0x80) 
         systemd-1     [003] ....   466.092767: __kmalloc: [-] comm: systemd, pid: 1, kmalloc_times: 498 from (kvmalloc_node+0x74/0x80) 
    kworker/u8:1-44    [001] d...   466.092822: sched_switch: prev_comm=kworker/u8:1 prev_pid=44 prev_prio=120 prev_state=D ==> next_comm=swapper/1 next_pid=0 next_prio=120
          <idle>-0     [001] d...   466.092864: sched_switch: prev_comm=swapper/1 prev_pid=0 prev_prio=120 prev_state=R ==> next_comm=kworker/u8:1 next_pid=44 next_prio=120
    kworker/u8:1-44    [001] d...   466.092884: worker_thread: [-] comm: kworker/u8:1, pid: 44, global_func_exe_times: 79690 from (kthread+0x140/0x170) 
    kworker/u8:1-44    [001] d...   466.092901: sched_switch: prev_comm=kworker/u8:1 prev_pid=44 prev_prio=120 prev_state=I ==> next_comm=swapper/1 next_pid=0 next_prio=120
         systemd-1     [003] d...   466.093063: sched_switch: prev_comm=systemd prev_pid=1 prev_prio=120 prev_state=S ==> next_comm=kworker/3:3 next_pid=477 next_prio=120
     kworker/3:3-477   [003] ....   466.093072: worker_thread: [+] comm: kworker/3:3, pid: 477, global_func_exe_times: 79690 from (kthread+0x140/0x170) 
     kworker/3:3-477   [003] ....   466.093075: trace_function_dummy_call: [++] comm:kworker/3:3, pid:477, from(worker_thread+0x18c/0x60c) 
     kworker/3:3-477   [003] d...   466.093088: worker_thread: [-] comm: kworker/3:3, pid: 477, global_func_exe_times: 79691 from (kthread+0x140/0x170) 
     kworker/3:3-477   [003] d...   466.093115: sched_switch: prev_comm=kworker/3:3 prev_pid=477 prev_prio=120 prev_state=I ==> next_comm=swapper/3 next_pid=0 next_prio=120
          <idle>-0     [003] d...   466.093664: sched_switch: prev_comm=swapper/3 prev_pid=0 prev_prio=120 prev_state=R ==> next_comm=irq/86-mmc1 next_pid=80 next_prio=49
     irq/86-mmc1-80    [003] d...   466.093695: sched_switch: prev_comm=irq/86-mmc1 prev_pid=80 prev_prio=49 prev_state=D ==> next_comm=swapper/3 next_pid=0 next_prio=120
          <idle>-0     [003] d...   466.093707: sched_switch: prev_comm=swapper/3 prev_pid=0 prev_prio=120 prev_state=R ==> next_comm=irq/86-mmc1 next_pid=80 next_prio=49
     irq/86-mmc1-80    [003] d...   466.093734: sched_switch: prev_comm=irq/86-mmc1 prev_pid=80 prev_prio=49 prev_state=D ==> next_comm=swapper/3 next_pid=0 next_prio=120
          <idle>-0     [003] d...   466.093752: sched_switch: prev_comm=swapper/3 prev_pid=0 prev_prio=120 prev_state=R ==> next_comm=irq/86-mmc1 next_pid=80 next_prio=49
     irq/86-mmc1-80    [003] d...   466.093775: sched_switch: prev_comm=irq/86-mmc1 prev_pid=80 prev_prio=49 prev_state=D ==> next_comm=swapper/3 next_pid=0 next_prio=120
          <idle>-0     [003] d...   466.093794: sched_switch: prev_comm=swapper/3 prev_pid=0 prev_prio=120 prev_state=R ==> next_comm=irq/86-mmc1 next_pid=80 next_prio=49
     irq/86-mmc1-80    [003] d...   466.093814: sched_switch: prev_comm=irq/86-mmc1 prev_pid=80 prev_prio=49 prev_state=S ==> next_comm=swapper/3 next_pid=0 next_prio=120
          <idle>-0     [001] d...   466.093818: sched_switch: prev_comm=swapper/1 prev_pid=0 prev_prio=120 prev_state=R ==> next_comm=kworker/u8:1 next_pid=44 next_prio=120
    kworker/u8:1-44    [001] ....   466.093825: worker_thread: [+] comm: kworker/u8:1, pid: 44, global_func_exe_times: 79691 from (kthread+0x140/0x170) 
    kworker/u8:1-44    [001] ....   466.093828: trace_function_dummy_call: [++] comm:kworker/u8:1, pid:44, from(worker_thread+0x18c/0x60c) 
    kworker/u8:1-44    [001] d...   466.093866: sched_switch: prev_comm=kworker/u8:1 prev_pid=44 prev_prio=120 prev_state=D ==> next_comm=swapper/1 next_pid=0 next_prio=120
          <idle>-0     [001] d...   466.093893: sched_switch: prev_comm=swapper/1 prev_pid=0 prev_prio=120 prev_state=R ==> next_comm=kworker/u8:1 next_pid=44 next_prio=120
    kworker/u8:1-44    [001] d...   466.093923: sched_switch: prev_comm=kworker/u8:1 prev_pid=44 prev_prio=120 prev_state=D ==> next_comm=swapper/1 next_pid=0 next_prio=120
          <idle>-0     [001] d...   466.093950: sched_switch: prev_comm=swapper/1 prev_pid=0 prev_prio=120 prev_state=R ==> next_comm=kworker/u8:1 next_pid=44 next_prio=120
    kworker/u8:1-44    [001] d...   466.094048: sched_switch: prev_comm=kworker/u8:1 prev_pid=44 prev_prio=120 prev_state=D ==> next_comm=swapper/1 next_pid=0 next_prio=120
          <idle>-0     [000] d...   466.094081: sched_switch: prev_comm=swapper/0 prev_pid=0 prev_prio=120 prev_state=R ==> next_comm=rngd next_pid=555 next_prio=120
          <idle>-0     [001] d...   466.094090: sched_switch: prev_comm=swapper/1 prev_pid=0 prev_prio=120 prev_state=R ==> next_comm=kworker/u8:1 next_pid=44 next_prio=120
    kworker/u8:1-44    [001] d...   466.094103: worker_thread: [-] comm: kworker/u8:1, pid: 44, global_func_exe_times: 79692 from (kthread+0x140/0x170) 
            rngd-555   [000] d...   466.094106: sched_switch: prev_comm=rngd prev_pid=555 prev_prio=120 prev_state=S ==> next_comm=swapper/0 next_pid=0 next_prio=120
    kworker/u8:1-44    [001] d...   466.094109: sched_switch: prev_comm=kworker/u8:1 prev_pid=44 prev_prio=120 prev_state=I ==> next_comm=swapper/1 next_pid=0 next_prio=120
          <idle>-0     [002] d...   466.112273: sched_switch: prev_comm=swapper/2 prev_pid=0 prev_prio=120 prev_state=R ==> next_comm=rcu_sched next_pid=10 next_prio=120
          <idle>-0     [000] d...   466.112277: sched_switch: prev_comm=swapper/0 prev_pid=0 prev_prio=120 prev_state=R ==> next_comm=brcmf_wdog/mmc1 next_pid=251 next_prio=120
       rcu_sched-10    [002] d...   466.112292: sched_switch: prev_comm=rcu_sched prev_pid=10 prev_prio=120 prev_state=I ==> next_comm=swapper/2 next_pid=0 next_prio=120
 brcmf_wdog/mmc1-251   [000] d...   466.112293: sched_switch: prev_comm=brcmf_wdog/mmc1 prev_pid=251 prev_prio=120 prev_state=S ==> next_comm=swapper/0 next_pid=0 next_prio=120
          <idle>-0     [003] d...   466.121037: sched_switch: prev_comm=swapper/3 prev_pid=0 prev_prio=120 prev_state=R ==> next_comm=mysqld next_pid=770 next_prio=120
          mysqld-770   [003] d...   466.121089: sched_switch: prev_comm=mysqld prev_pid=770 prev_prio=120 prev_state=S ==> next_comm=mysqld next_pid=777 next_prio=120
          mysqld-777   [003] d...   466.121118: sched_switch: prev_comm=mysqld prev_pid=777 prev_prio=120 prev_state=S ==> next_comm=mysqld next_pid=773 next_prio=120
          <idle>-0     [000] d...   466.121144: sched_switch: prev_comm=swapper/0 prev_pid=0 prev_prio=120 prev_state=R ==> next_comm=mysqld next_pid=802 next_prio=120
          mysqld-773   [003] d...   466.121156: sched_switch: prev_comm=mysqld prev_pid=773 prev_prio=120 prev_state=S ==> next_comm=swapper/3 next_pid=0 next_prio=120
          mysqld-802   [000] d...   466.121213: sched_switch: prev_comm=mysqld prev_pid=802 prev_prio=120 prev_state=S ==> next_comm=mysqld next_pid=772 next_prio=120
          mysqld-772   [000] d...   466.121243: sched_switch: prev_comm=mysqld prev_pid=772 prev_prio=120 prev_state=S ==> next_comm=mysqld next_pid=768 next_prio=120
          mysqld-768   [000] d...   466.121271: sched_switch: prev_comm=mysqld prev_pid=768 prev_prio=120 prev_state=S ==> next_comm=mysqld next_pid=771 next_prio=120
          mysqld-771   [000] d...   466.121307: sched_switch: prev_comm=mysqld prev_pid=771 prev_prio=120 prev_state=S ==> next_comm=swapper/0 next_pid=0 next_prio=120
          <idle>-0     [002] d...   466.122282: sched_switch: prev_comm=swapper/2 prev_pid=0 prev_prio=120 prev_state=R ==> next_comm=rcu_sched next_pid=10 next_prio=120
       rcu_sched-10    [002] d...   466.122302: sched_switch: prev_comm=rcu_sched prev_pid=10 prev_prio=120 prev_state=I ==> next_comm=swapper/2 next_pid=0 next_prio=120
          <idle>-0     [000] d...   466.132295: sched_switch: prev_comm=swapper/0 prev_pid=0 prev_prio=120 prev_state=R ==> next_comm=brcmf_wdog/mmc1 next_pid=251 next_prio=120
 brcmf_wdog/mmc1-251   [000] d...   466.132384: sched_switch: prev_comm=brcmf_wdog/mmc1 prev_pid=251 prev_prio=120 prev_state=S ==> next_comm=swapper/0 next_pid=0 next_prio=120
          <idle>-0     [002] d...   466.142270: sched_switch: prev_comm=swapper/2 prev_pid=0 prev_prio=120 prev_state=R ==> next_comm=rcu_sched next_pid=10 next_prio=120
       rcu_sched-10    [002] d...   466.142289: sched_switch: prev_comm=rcu_sched prev_pid=10 prev_prio=120 prev_state=I ==> next_comm=swapper/2 next_pid=0 next_prio=120
          <idle>-0     [000] d...   466.144858: sched_switch: prev_comm=swapper/0 prev_pid=0 prev_prio=120 prev_state=R ==> next_comm=mosquitto next_pid=465 next_prio=120
       mosquitto-465   [000] d...   466.144908: sched_switch: prev_comm=mosquitto prev_pid=465 prev_prio=120 prev_state=S ==> next_comm=kworker/0:2 next_pid=336 next_prio=120
     kworker/0:2-336   [000] ....   466.144917: worker_thread: [+] comm: kworker/0:2, pid: 336, global_func_exe_times: 79692 from (kthread+0x140/0x170) 
     kworker/0:2-336   [000] ....   466.144921: trace_function_dummy_call: [++] comm:kworker/0:2, pid:336, from(worker_thread+0x18c/0x60c) 
     kworker/0:2-336   [000] d...   466.144938: worker_thread: [-] comm: kworker/0:2, pid: 336, global_func_exe_times: 79693 from (kthread+0x140/0x170) 
     kworker/0:2-336   [000] d...   466.144962: sched_switch: prev_comm=kworker/0:2 prev_pid=336 prev_prio=120 prev_state=I ==> next_comm=swapper/0 next_pid=0 next_prio=120
          <idle>-0     [000] d...   466.149174: sched_switch: prev_comm=swapper/0 prev_pid=0 prev_prio=120 prev_state=R ==> next_comm=mysqld next_pid=803 next_prio=120
          mysqld-803   [000] d...   466.149293: sched_switch: prev_comm=mysqld prev_pid=803 prev_prio=120 prev_state=S ==> next_comm=swapper/0 next_pid=0 next_prio=120
