     kworker/0:2-336   [000] ....   463.540952: trace_function_dummy_call: [++] comm:kworker/0:2, pid:336, from(worker_thread+0x18c/0x60c) 
     kworker/0:2-336   [000] d...   463.540964: worker_thread: [-] comm: kworker/0:2, pid: 336, global_func_exe_times: 79629 from (kthread+0x140/0x170) 
     kworker/0:2-336   [000] d...   463.540985: sched_switch: prev_comm=kworker/0:2 prev_pid=336 prev_prio=120 prev_state=I ==> next_comm=swapper/0 next_pid=0 next_prio=120
          <idle>-0     [000] d...   463.553686: sched_switch: prev_comm=swapper/0 prev_pid=0 prev_prio=120 prev_state=R ==> next_comm=lxpanel next_pid=995 next_prio=120
         lxpanel-995   [000] d...   463.553789: sched_switch: prev_comm=lxpanel prev_pid=995 prev_prio=120 prev_state=S ==> next_comm=swapper/0 next_pid=0 next_prio=120
          <idle>-0     [000] d...   463.588486: sched_switch: prev_comm=swapper/0 prev_pid=0 prev_prio=120 prev_state=R ==> next_comm=rngd next_pid=555 next_prio=120
            rngd-555   [000] d...   463.588513: sched_switch: prev_comm=rngd prev_pid=555 prev_prio=120 prev_state=S ==> next_comm=swapper/0 next_pid=0 next_prio=120
          <idle>-0     [003] d...   463.620517: sched_switch: prev_comm=swapper/3 prev_pid=0 prev_prio=120 prev_state=R ==> next_comm=mysqld next_pid=773 next_prio=120
          mysqld-773   [003] d...   463.620544: sched_switch: prev_comm=mysqld prev_pid=773 prev_prio=120 prev_state=S ==> next_comm=mysqld next_pid=770 next_prio=120
          mysqld-770   [003] d...   463.620570: sched_switch: prev_comm=mysqld prev_pid=770 prev_prio=120 prev_state=S ==> next_comm=mysqld next_pid=777 next_prio=120
          mysqld-777   [003] d...   463.620615: sched_switch: prev_comm=mysqld prev_pid=777 prev_prio=120 prev_state=S ==> next_comm=swapper/3 next_pid=0 next_prio=120
          <idle>-0     [000] d...   463.620628: sched_switch: prev_comm=swapper/0 prev_pid=0 prev_prio=120 prev_state=R ==> next_comm=mysqld next_pid=768 next_prio=120
          mysqld-768   [000] d...   463.620659: sched_switch: prev_comm=mysqld prev_pid=768 prev_prio=120 prev_state=S ==> next_comm=mysqld next_pid=771 next_prio=120
          mysqld-771   [000] d...   463.620698: sched_switch: prev_comm=mysqld prev_pid=771 prev_prio=120 prev_state=S ==> next_comm=mysqld next_pid=772 next_prio=120
          mysqld-772   [000] d...   463.620732: sched_switch: prev_comm=mysqld prev_pid=772 prev_prio=120 prev_state=S ==> next_comm=swapper/0 next_pid=0 next_prio=120
          <idle>-0     [000] d...   463.641064: sched_switch: prev_comm=swapper/0 prev_pid=0 prev_prio=120 prev_state=R ==> next_comm=mosquitto next_pid=465 next_prio=120
       mosquitto-465   [000] d...   463.641092: sched_switch: prev_comm=mosquitto prev_pid=465 prev_prio=120 prev_state=S ==> next_comm=kworker/0:2 next_pid=336 next_prio=120
     kworker/0:2-336   [000] ....   463.641098: worker_thread: [+] comm: kworker/0:2, pid: 336, global_func_exe_times: 79629 from (kthread+0x140/0x170) 
     kworker/0:2-336   [000] ....   463.641102: trace_function_dummy_call: [++] comm:kworker/0:2, pid:336, from(worker_thread+0x18c/0x60c) 
     kworker/0:2-336   [000] d...   463.641114: worker_thread: [-] comm: kworker/0:2, pid: 336, global_func_exe_times: 79630 from (kthread+0x140/0x170) 
     kworker/0:2-336   [000] d...   463.641136: sched_switch: prev_comm=kworker/0:2 prev_pid=336 prev_prio=120 prev_state=I ==> next_comm=swapper/0 next_pid=0 next_prio=120
          <idle>-0     [000] d...   463.741215: sched_switch: prev_comm=swapper/0 prev_pid=0 prev_prio=120 prev_state=R ==> next_comm=mosquitto next_pid=465 next_prio=120
       mosquitto-465   [000] d...   463.741240: sched_switch: prev_comm=mosquitto prev_pid=465 prev_prio=120 prev_state=S ==> next_comm=kworker/0:2 next_pid=336 next_prio=120
     kworker/0:2-336   [000] ....   463.741246: worker_thread: [+] comm: kworker/0:2, pid: 336, global_func_exe_times: 79630 from (kthread+0x140/0x170) 
     kworker/0:2-336   [000] ....   463.741250: trace_function_dummy_call: [++] comm:kworker/0:2, pid:336, from(worker_thread+0x18c/0x60c) 
     kworker/0:2-336   [000] d...   463.741261: worker_thread: [-] comm: kworker/0:2, pid: 336, global_func_exe_times: 79631 from (kthread+0x140/0x170) 
     kworker/0:2-336   [000] d...   463.741283: sched_switch: prev_comm=kworker/0:2 prev_pid=336 prev_prio=120 prev_state=I ==> next_comm=swapper/0 next_pid=0 next_prio=120
          <idle>-0     [000] d...   463.836485: sched_switch: prev_comm=swapper/0 prev_pid=0 prev_prio=120 prev_state=R ==> next_comm=rngd next_pid=555 next_prio=120
            rngd-555   [000] d...   463.836505: sched_switch: prev_comm=rngd prev_pid=555 prev_prio=120 prev_state=S ==> next_comm=swapper/0 next_pid=0 next_prio=120
          <idle>-0     [000] d...   463.841361: sched_switch: prev_comm=swapper/0 prev_pid=0 prev_prio=120 prev_state=R ==> next_comm=mosquitto next_pid=465 next_prio=120
       mosquitto-465   [000] d...   463.841386: sched_switch: prev_comm=mosquitto prev_pid=465 prev_prio=120 prev_state=S ==> next_comm=kworker/0:2 next_pid=336 next_prio=120
     kworker/0:2-336   [000] ....   463.841393: worker_thread: [+] comm: kworker/0:2, pid: 336, global_func_exe_times: 79631 from (kthread+0x140/0x170) 
     kworker/0:2-336   [000] ....   463.841396: trace_function_dummy_call: [++] comm:kworker/0:2, pid:336, from(worker_thread+0x18c/0x60c) 
     kworker/0:2-336   [000] d...   463.841408: worker_thread: [-] comm: kworker/0:2, pid: 336, global_func_exe_times: 79632 from (kthread+0x140/0x170) 
     kworker/0:2-336   [000] d...   463.841428: sched_switch: prev_comm=kworker/0:2 prev_pid=336 prev_prio=120 prev_state=I ==> next_comm=swapper/0 next_pid=0 next_prio=120
          <idle>-0     [003] d...   463.902340: sched_switch: prev_comm=swapper/3 prev_pid=0 prev_prio=120 prev_state=R ==> next_comm=irq/86-mmc1 next_pid=80 next_prio=49
     irq/86-mmc1-80    [003] d...   463.902378: sched_switch: prev_comm=irq/86-mmc1 prev_pid=80 prev_prio=49 prev_state=D ==> next_comm=swapper/3 next_pid=0 next_prio=120
          <idle>-0     [003] d...   463.902390: sched_switch: prev_comm=swapper/3 prev_pid=0 prev_prio=120 prev_state=R ==> next_comm=irq/86-mmc1 next_pid=80 next_prio=49
     irq/86-mmc1-80    [003] d...   463.902420: sched_switch: prev_comm=irq/86-mmc1 prev_pid=80 prev_prio=49 prev_state=D ==> next_comm=swapper/3 next_pid=0 next_prio=120
          <idle>-0     [003] d...   463.902445: sched_switch: prev_comm=swapper/3 prev_pid=0 prev_prio=120 prev_state=R ==> next_comm=irq/86-mmc1 next_pid=80 next_prio=49
     irq/86-mmc1-80    [003] d...   463.902469: sched_switch: prev_comm=irq/86-mmc1 prev_pid=80 prev_prio=49 prev_state=D ==> next_comm=swapper/3 next_pid=0 next_prio=120
          <idle>-0     [003] d...   463.902492: sched_switch: prev_comm=swapper/3 prev_pid=0 prev_prio=120 prev_state=R ==> next_comm=irq/86-mmc1 next_pid=80 next_prio=49
     irq/86-mmc1-80    [003] d...   463.902513: sched_switch: prev_comm=irq/86-mmc1 prev_pid=80 prev_prio=49 prev_state=S ==> next_comm=swapper/3 next_pid=0 next_prio=120
          <idle>-0     [001] d...   463.902519: sched_switch: prev_comm=swapper/1 prev_pid=0 prev_prio=120 prev_state=R ==> next_comm=kworker/u8:1 next_pid=44 next_prio=120
    kworker/u8:1-44    [001] ....   463.902526: worker_thread: [+] comm: kworker/u8:1, pid: 44, global_func_exe_times: 79632 from (kthread+0x140/0x170) 
    kworker/u8:1-44    [001] ....   463.902529: trace_function_dummy_call: [++] comm:kworker/u8:1, pid:44, from(worker_thread+0x18c/0x60c) 
    kworker/u8:1-44    [001] d...   463.902551: sched_switch: prev_comm=kworker/u8:1 prev_pid=44 prev_prio=120 prev_state=D ==> next_comm=swapper/1 next_pid=0 next_prio=120
          <idle>-0     [001] d...   463.902578: sched_switch: prev_comm=swapper/1 prev_pid=0 prev_prio=120 prev_state=R ==> next_comm=kworker/u8:1 next_pid=44 next_prio=120
    kworker/u8:1-44    [001] d...   463.902590: sched_switch: prev_comm=kworker/u8:1 prev_pid=44 prev_prio=120 prev_state=D ==> next_comm=swapper/1 next_pid=0 next_prio=120
          <idle>-0     [001] d...   463.905603: sched_switch: prev_comm=swapper/1 prev_pid=0 prev_prio=120 prev_state=R ==> next_comm=kworker/u8:1 next_pid=44 next_prio=120
    kworker/u8:1-44    [001] d...   463.905618: sched_switch: prev_comm=kworker/u8:1 prev_pid=44 prev_prio=120 prev_state=D ==> next_comm=swapper/1 next_pid=0 next_prio=120
          <idle>-0     [001] d...   463.905643: sched_switch: prev_comm=swapper/1 prev_pid=0 prev_prio=120 prev_state=R ==> next_comm=kworker/u8:1 next_pid=44 next_prio=120
    kworker/u8:1-44    [001] d...   463.905676: sched_switch: prev_comm=kworker/u8:1 prev_pid=44 prev_prio=120 prev_state=D ==> next_comm=swapper/1 next_pid=0 next_prio=120
          <idle>-0     [001] d...   463.905702: sched_switch: prev_comm=swapper/1 prev_pid=0 prev_prio=120 prev_state=R ==> next_comm=kworker/u8:1 next_pid=44 next_prio=120
    kworker/u8:1-44    [001] d...   463.905731: sched_switch: prev_comm=kworker/u8:1 prev_pid=44 prev_prio=120 prev_state=D ==> next_comm=swapper/1 next_pid=0 next_prio=120
          <idle>-0     [001] d...   463.905759: sched_switch: prev_comm=swapper/1 prev_pid=0 prev_prio=120 prev_state=R ==> next_comm=kworker/u8:1 next_pid=44 next_prio=120
          <idle>-0     [000] d...   463.905826: sched_switch: prev_comm=swapper/0 prev_pid=0 prev_prio=120 prev_state=R ==> next_comm=avahi-daemon next_pid=342 next_prio=120
    kworker/u8:1-44    [001] d...   463.905840: sched_switch: prev_comm=kworker/u8:1 prev_pid=44 prev_prio=120 prev_state=D ==> next_comm=swapper/1 next_pid=0 next_prio=120
          <idle>-0     [001] d...   463.905867: sched_switch: prev_comm=swapper/1 prev_pid=0 prev_prio=120 prev_state=R ==> next_comm=kworker/u8:1 next_pid=44 next_prio=120
    kworker/u8:1-44    [001] d...   463.905881: worker_thread: [-] comm: kworker/u8:1, pid: 44, global_func_exe_times: 79633 from (kthread+0x140/0x170) 
    kworker/u8:1-44    [001] d...   463.905888: sched_switch: prev_comm=kworker/u8:1 prev_pid=44 prev_prio=120 prev_state=I ==> next_comm=swapper/1 next_pid=0 next_prio=120
    avahi-daemon-342   [000] d...   463.906178: sched_switch: prev_comm=avahi-daemon prev_pid=342 prev_prio=120 prev_state=S ==> next_comm=swapper/0 next_pid=0 next_prio=120
          <idle>-0     [000] d...   463.922281: sched_switch: prev_comm=swapper/0 prev_pid=0 prev_prio=120 prev_state=R ==> next_comm=brcmf_wdog/mmc1 next_pid=251 next_prio=120
          <idle>-0     [001] d...   463.922286: sched_switch: prev_comm=swapper/1 prev_pid=0 prev_prio=120 prev_state=R ==> next_comm=kworker/1:0 next_pid=2013 next_prio=120
     kworker/1:0-2013  [001] ....   463.922294: worker_thread: [+] comm: kworker/1:0, pid: 2013, global_func_exe_times: 79633 from (kthread+0x140/0x170) 
 brcmf_wdog/mmc1-251   [000] d...   463.922295: sched_switch: prev_comm=brcmf_wdog/mmc1 prev_pid=251 prev_prio=120 prev_state=S ==> next_comm=swapper/0 next_pid=0 next_prio=120
     kworker/1:0-2013  [001] ....   463.922298: trace_function_dummy_call: [++] comm:kworker/1:0, pid:2013, from(worker_thread+0x18c/0x60c) 
     kworker/1:0-2013  [001] d...   463.922343: sched_switch: prev_comm=kworker/1:0 prev_pid=2013 prev_prio=120 prev_state=D ==> next_comm=ksoftirqd/1 next_pid=16 next_prio=120
     ksoftirqd/1-16    [001] d...   463.922368: sched_switch: prev_comm=ksoftirqd/1 prev_pid=16 prev_prio=120 prev_state=S ==> next_comm=kworker/1:2 next_pid=74 next_prio=120
     kworker/1:2-74    [001] ....   463.922375: worker_thread: [+] comm: kworker/1:2, pid: 74, global_func_exe_times: 79634 from (kthread+0x140/0x170) 
     kworker/1:2-74    [001] ....   463.922378: trace_function_dummy_call: [++] comm:kworker/1:2, pid:74, from(worker_thread+0x18c/0x60c) 
     kworker/1:2-74    [001] d...   463.922386: sched_switch: prev_comm=kworker/1:2 prev_pid=74 prev_prio=120 prev_state=I ==> next_comm=kworker/1:0 next_pid=2013 next_prio=120
     kworker/1:0-2013  [001] d...   463.922407: worker_thread: [-] comm: kworker/1:0, pid: 2013, global_func_exe_times: 79635 from (kthread+0x140/0x170) 
     kworker/1:0-2013  [001] d...   463.922430: sched_switch: prev_comm=kworker/1:0 prev_pid=2013 prev_prio=120 prev_state=I ==> next_comm=swapper/1 next_pid=0 next_prio=120
          <idle>-0     [000] d...   463.941511: sched_switch: prev_comm=swapper/0 prev_pid=0 prev_prio=120 prev_state=R ==> next_comm=mosquitto next_pid=465 next_prio=120
       mosquitto-465   [000] d...   463.941540: sched_switch: prev_comm=mosquitto prev_pid=465 prev_prio=120 prev_state=S ==> next_comm=kworker/0:2 next_pid=336 next_prio=120
     kworker/0:2-336   [000] ....   463.941547: worker_thread: [+] comm: kworker/0:2, pid: 336, global_func_exe_times: 79635 from (kthread+0x140/0x170) 
     kworker/0:2-336   [000] ....   463.941550: trace_function_dummy_call: [++] comm:kworker/0:2, pid:336, from(worker_thread+0x18c/0x60c) 
     kworker/0:2-336   [000] d...   463.941563: worker_thread: [-] comm: kworker/0:2, pid: 336, global_func_exe_times: 79636 from (kthread+0x140/0x170) 
     kworker/0:2-336   [000] d...   463.941587: sched_switch: prev_comm=kworker/0:2 prev_pid=336 prev_prio=120 prev_state=I ==> next_comm=swapper/0 next_pid=0 next_prio=120
          <idle>-0     [000] d...   463.942270: sched_switch: prev_comm=swapper/0 prev_pid=0 prev_prio=120 prev_state=R ==> next_comm=brcmf_wdog/mmc1 next_pid=251 next_prio=120
 brcmf_wdog/mmc1-251   [000] d...   463.942337: sched_switch: prev_comm=brcmf_wdog/mmc1 prev_pid=251 prev_prio=120 prev_state=D ==> next_comm=swapper/0 next_pid=0 next_prio=120
          <idle>-0     [000] d...   463.942358: sched_switch: prev_comm=swapper/0 prev_pid=0 prev_prio=120 prev_state=R ==> next_comm=brcmf_wdog/mmc1 next_pid=251 next_prio=120
 brcmf_wdog/mmc1-251   [000] d...   463.942369: sched_switch: prev_comm=brcmf_wdog/mmc1 prev_pid=251 prev_prio=120 prev_state=S ==> next_comm=swapper/0 next_pid=0 next_prio=120
          <idle>-0     [003] d...   463.950472: sched_switch: prev_comm=swapper/3 prev_pid=0 prev_prio=120 prev_state=R ==> next_comm=mysqld next_pid=775 next_prio=120
          mysqld-775   [003] d...   463.950501: sched_switch: prev_comm=mysqld prev_pid=775 prev_prio=120 prev_state=S ==> next_comm=mysqld next_pid=774 next_prio=120
          mysqld-774   [003] d...   463.950540: sched_switch: prev_comm=mysqld prev_pid=774 prev_prio=120 prev_state=S ==> next_comm=mysqld next_pid=776 next_prio=120
          mysqld-776   [003] d...   463.950576: sched_switch: prev_comm=mysqld prev_pid=776 prev_prio=120 prev_state=S ==> next_comm=swapper/3 next_pid=0 next_prio=120
          <idle>-0     [000] d...   463.957436: sched_switch: prev_comm=swapper/0 prev_pid=0 prev_prio=120 prev_state=R ==> next_comm=gmain next_pid=952 next_prio=120
           gmain-952   [000] d...   463.957535: sched_switch: prev_comm=gmain prev_pid=952 prev_prio=120 prev_state=S ==> next_comm=swapper/0 next_pid=0 next_prio=120
          <idle>-0     [000] d...   464.028611: sched_switch: prev_comm=swapper/0 prev_pid=0 prev_prio=120 prev_state=R ==> next_comm=rngd next_pid=555 next_prio=120
            rngd-555   [000] d...   464.028639: sched_switch: prev_comm=rngd prev_pid=555 prev_prio=120 prev_state=S ==> next_comm=swapper/0 next_pid=0 next_prio=120
          <idle>-0     [003] d...   464.036387: sched_switch: prev_comm=swapper/3 prev_pid=0 prev_prio=120 prev_state=R ==> next_comm=mysqld next_pid=769 next_prio=120
          mysqld-769   [003] d...   464.036414: sched_switch: prev_comm=mysqld prev_pid=769 prev_prio=120 prev_state=S ==> next_comm=swapper/3 next_pid=0 next_prio=120
          <idle>-0     [000] d...   464.041662: sched_switch: prev_comm=swapper/0 prev_pid=0 prev_prio=120 prev_state=R ==> next_comm=mosquitto next_pid=465 next_prio=120
       mosquitto-465   [000] d...   464.041689: sched_switch: prev_comm=mosquitto prev_pid=465 prev_prio=120 prev_state=S ==> next_comm=kworker/0:2 next_pid=336 next_prio=120
     kworker/0:2-336   [000] ....   464.041696: worker_thread: [+] comm: kworker/0:2, pid: 336, global_func_exe_times: 79636 from (kthread+0x140/0x170) 
     kworker/0:2-336   [000] ....   464.041700: trace_function_dummy_call: [++] comm:kworker/0:2, pid:336, from(worker_thread+0x18c/0x60c) 
     kworker/0:2-336   [000] d...   464.041712: worker_thread: [-] comm: kworker/0:2, pid: 336, global_func_exe_times: 79637 from (kthread+0x140/0x170) 
     kworker/0:2-336   [000] d...   464.041733: sched_switch: prev_comm=kworker/0:2 prev_pid=336 prev_prio=120 prev_state=I ==> next_comm=swapper/0 next_pid=0 next_prio=120
          <idle>-0     [003] d...   464.055562: sched_switch: prev_comm=swapper/3 prev_pid=0 prev_prio=120 prev_state=R ==> next_comm=apache2 next_pid=678 next_prio=120
         apache2-678   [003] d...   464.055624: sched_switch: prev_comm=apache2 prev_pid=678 prev_prio=120 prev_state=S ==> next_comm=swapper/3 next_pid=0 next_prio=120
          <idle>-0     [000] d...   464.081381: sched_switch: prev_comm=swapper/0 prev_pid=0 prev_prio=120 prev_state=R ==> next_comm=mysqld next_pid=805 next_prio=120
          mysqld-805   [000] d...   464.081437: sched_switch: prev_comm=mysqld prev_pid=805 prev_prio=120 prev_state=S ==> next_comm=swapper/0 next_pid=0 next_prio=120
          <idle>-0     [000] d...   464.088093: sched_switch: prev_comm=swapper/0 prev_pid=0 prev_prio=120 prev_state=R ==> next_comm=mysqld next_pid=806 next_prio=120
          mysqld-806   [000] d...   464.088136: sched_switch: prev_comm=mysqld prev_pid=806 prev_prio=120 prev_state=S ==> next_comm=mysqld next_pid=804 next_prio=120
          mysqld-804   [000] d...   464.088183: sched_switch: prev_comm=mysqld prev_pid=804 prev_prio=120 prev_state=S ==> next_comm=swapper/0 next_pid=0 next_prio=120
          <idle>-0     [003] d...   464.120622: sched_switch: prev_comm=swapper/3 prev_pid=0 prev_prio=120 prev_state=R ==> next_comm=mysqld next_pid=770 next_prio=120
          mysqld-770   [003] d...   464.120650: sched_switch: prev_comm=mysqld prev_pid=770 prev_prio=120 prev_state=S ==> next_comm=mysqld next_pid=777 next_prio=120
          mysqld-777   [003] d...   464.120674: sched_switch: prev_comm=mysqld prev_pid=777 prev_prio=120 prev_state=S ==> next_comm=mysqld next_pid=773 next_prio=120
          mysqld-773   [003] d...   464.120713: sched_switch: prev_comm=mysqld prev_pid=773 prev_prio=120 prev_state=S ==> next_comm=swapper/3 next_pid=0 next_prio=120
          <idle>-0     [000] d...   464.120735: sched_switch: prev_comm=swapper/0 prev_pid=0 prev_prio=120 prev_state=R ==> next_comm=mysqld next_pid=768 next_prio=120
          mysqld-768   [000] d...   464.120765: sched_switch: prev_comm=mysqld prev_pid=768 prev_prio=120 prev_state=S ==> next_comm=mysqld next_pid=771 next_prio=120
          mysqld-771   [000] d...   464.120805: sched_switch: prev_comm=mysqld prev_pid=771 prev_prio=120 prev_state=S ==> next_comm=mysqld next_pid=772 next_prio=120
          mysqld-772   [000] d...   464.120841: sched_switch: prev_comm=mysqld prev_pid=772 prev_prio=120 prev_state=S ==> next_comm=swapper/0 next_pid=0 next_prio=120
          <idle>-0     [000] d...   464.120995: sched_switch: prev_comm=swapper/0 prev_pid=0 prev_prio=120 prev_state=R ==> next_comm=mysqld next_pid=802 next_prio=120
          mysqld-802   [000] d...   464.121028: sched_switch: prev_comm=mysqld prev_pid=802 prev_prio=120 prev_state=S ==> next_comm=swapper/0 next_pid=0 next_prio=120
          <idle>-0     [000] d...   464.141812: sched_switch: prev_comm=swapper/0 prev_pid=0 prev_prio=120 prev_state=R ==> next_comm=mosquitto next_pid=465 next_prio=120
       mosquitto-465   [000] d...   464.141840: sched_switch: prev_comm=mosquitto prev_pid=465 prev_prio=120 prev_state=S ==> next_comm=kworker/0:2 next_pid=336 next_prio=120
     kworker/0:2-336   [000] ....   464.141848: worker_thread: [+] comm: kworker/0:2, pid: 336, global_func_exe_times: 79637 from (kthread+0x140/0x170) 
     kworker/0:2-336   [000] ....   464.141851: trace_function_dummy_call: [++] comm:kworker/0:2, pid:336, from(worker_thread+0x18c/0x60c) 
     kworker/0:2-336   [000] d...   464.141863: worker_thread: [-] comm: kworker/0:2, pid: 336, global_func_exe_times: 79638 from (kthread+0x140/0x170) 
     kworker/0:2-336   [000] d...   464.141885: sched_switch: prev_comm=kworker/0:2 prev_pid=336 prev_prio=120 prev_state=I ==> next_comm=swapper/0 next_pid=0 next_prio=120
          <idle>-0     [000] d...   464.148842: sched_switch: prev_comm=swapper/0 prev_pid=0 prev_prio=120 prev_state=R ==> next_comm=mysqld next_pid=803 next_prio=120
          mysqld-803   [000] d...   464.148953: sched_switch: prev_comm=mysqld prev_pid=803 prev_prio=120 prev_state=S ==> next_comm=swapper/0 next_pid=0 next_prio=120
          <idle>-0     [000] d...   464.154400: sched_switch: prev_comm=swapper/0 prev_pid=0 prev_prio=120 prev_state=R ==> next_comm=lxpanel next_pid=995 next_prio=120
         lxpanel-995   [000] d...   464.154509: sched_switch: prev_comm=lxpanel prev_pid=995 prev_prio=120 prev_state=S ==> next_comm=swapper/0 next_pid=0 next_prio=120
          <idle>-0     [001] d...   464.162278: sched_switch: prev_comm=swapper/1 prev_pid=0 prev_prio=120 prev_state=R ==> next_comm=kworker/1:0 next_pid=2013 next_prio=120
     kworker/1:0-2013  [001] ....   464.162286: worker_thread: [+] comm: kworker/1:0, pid: 2013, global_func_exe_times: 79638 from (kthread+0x140/0x170) 
     kworker/1:0-2013  [001] ....   464.162290: trace_function_dummy_call: [++] comm:kworker/1:0, pid:2013, from(worker_thread+0x18c/0x60c) 
     kworker/1:0-2013  [001] ....   464.162301: __kmalloc: [+] comm: kworker/1:0, pid: 2013, kmalloc_times: 455 from (__usbnet_read_cmd+0x48/0xe8) 
     kworker/1:0-2013  [001] ....   464.162307: __kmalloc: [-] comm: kworker/1:0, pid: 2013, kmalloc_times: 456 from (__usbnet_read_cmd+0x48/0xe8) 
     kworker/1:0-2013  [001] ....   464.162313: __kmalloc: [+] comm: kworker/1:0, pid: 2013, kmalloc_times: 456 from (usb_alloc_urb+0x20/0x5c) 
     kworker/1:0-2013  [001] ....   464.162317: __kmalloc: [-] comm: kworker/1:0, pid: 2013, kmalloc_times: 457 from (usb_alloc_urb+0x20/0x5c) 
     kworker/1:0-2013  [001] ....   464.162333: __kmalloc: [+] comm: kworker/1:0, pid: 2013, kmalloc_times: 457 from (__DWC_ALLOC+0x24/0x28) 
     kworker/1:0-2013  [001] ....   464.162338: __kmalloc: [-] comm: kworker/1:0, pid: 2013, kmalloc_times: 458 from (__DWC_ALLOC+0x24/0x28) 
     kworker/1:0-2013  [001] d...   464.162346: __kmalloc: [+] comm: kworker/1:0, pid: 2013, kmalloc_times: 458 from (__DWC_ALLOC_ATOMIC+0x24/0x28) 
     kworker/1:0-2013  [001] d...   464.162350: __kmalloc: [-] comm: kworker/1:0, pid: 2013, kmalloc_times: 459 from (__DWC_ALLOC_ATOMIC+0x24/0x28) 
     kworker/1:0-2013  [001] d...   464.162373: sched_switch: prev_comm=kworker/1:0 prev_pid=2013 prev_prio=120 prev_state=D ==> next_comm=swapper/1 next_pid=0 next_prio=120
          <idle>-0     [000] d.h.   464.162408: __kmalloc: [+] comm: swapper/0, pid: 0, kmalloc_times: 459 from (__DWC_ALLOC_ATOMIC+0x24/0x28) 
          <idle>-0     [000] d.h.   464.162411: trace_irq_race_dummy_call <-__kmalloc
          <idle>-0     [000] d.h.   464.162483: <stack trace>
 => trace_irq_race_dummy_call
 => __kmalloc
 => __DWC_ALLOC_ATOMIC
 => _complete
 => handle_hc_xfercomp_intr
 => dwc_otg_hcd_handle_hc_n_intr
 => dwc_otg_hcd_handle_hc_intr
 => dwc_otg_hcd_handle_intr
 => dwc_otg_hcd_irq
 => usb_hcd_irq
 => __handle_irq_event_percpu
 => handle_irq_event_percpu
 => handle_irq_event
 => handle_level_irq
 => generic_handle_irq
 => bcm2836_chained_handle_irq
 => generic_handle_irq
 => __handle_domain_irq
 => bcm2836_arm_irqchip_handle_irq
 => __irq_svc
 => ledtrig_cpu
 => ledtrig_cpu
 => arch_cpu_idle_exit
 => do_idle
 => cpu_startup_entry
 => rest_init
 => start_kernel
          <idle>-0     [000] d.h.   464.162488: trace_irq_race_dummy_call: [++] comm:swapper/0, pid:0, in_interrupt(): 0x00010000, preempt_count = 0x00010000 
          <idle>-0     [000] d.h.   464.162493: __kmalloc: [-] comm: swapper/0, pid: 0, kmalloc_times: 460 from (__DWC_ALLOC_ATOMIC+0x24/0x28) 
          <idle>-0     [001] d...   464.162531: sched_switch: prev_comm=swapper/1 prev_pid=0 prev_prio=120 prev_state=R ==> next_comm=kworker/1:0 next_pid=2013 next_prio=120
     kworker/1:0-2013  [001] ....   464.162547: __kmalloc: [+] comm: kworker/1:0, pid: 2013, kmalloc_times: 460 from (usb_alloc_urb+0x20/0x5c) 
     kworker/1:0-2013  [001] ....   464.162551: __kmalloc: [-] comm: kworker/1:0, pid: 2013, kmalloc_times: 461 from (usb_alloc_urb+0x20/0x5c) 
     kworker/1:0-2013  [001] ....   464.162558: __kmalloc: [+] comm: kworker/1:0, pid: 2013, kmalloc_times: 461 from (__DWC_ALLOC+0x24/0x28) 
     kworker/1:0-2013  [001] ....   464.162562: __kmalloc: [-] comm: kworker/1:0, pid: 2013, kmalloc_times: 462 from (__DWC_ALLOC+0x24/0x28) 
     kworker/1:0-2013  [001] d...   464.162567: __kmalloc: [+] comm: kworker/1:0, pid: 2013, kmalloc_times: 462 from (__DWC_ALLOC_ATOMIC+0x24/0x28) 
     kworker/1:0-2013  [001] d...   464.162573: __kmalloc: [-] comm: kworker/1:0, pid: 2013, kmalloc_times: 463 from (__DWC_ALLOC_ATOMIC+0x24/0x28) 
     kworker/1:0-2013  [001] d...   464.162589: sched_switch: prev_comm=kworker/1:0 prev_pid=2013 prev_prio=120 prev_state=D ==> next_comm=swapper/1 next_pid=0 next_prio=120
          <idle>-0     [000] d.h.   464.162623: __kmalloc: [+] comm: swapper/0, pid: 0, kmalloc_times: 463 from (__DWC_ALLOC_ATOMIC+0x24/0x28) 
          <idle>-0     [000] d.h.   464.162625: trace_irq_race_dummy_call <-__kmalloc
          <idle>-0     [000] d.h.   464.162666: <stack trace>
 => trace_irq_race_dummy_call
 => __kmalloc
 => __DWC_ALLOC_ATOMIC
 => _complete
 => handle_hc_xfercomp_intr
 => dwc_otg_hcd_handle_hc_n_intr
 => dwc_otg_hcd_handle_hc_intr
 => dwc_otg_hcd_handle_intr
 => dwc_otg_hcd_irq
 => usb_hcd_irq
 => __handle_irq_event_percpu
 => handle_irq_event_percpu
 => handle_irq_event
 => handle_level_irq
 => generic_handle_irq
 => bcm2836_chained_handle_irq
 => generic_handle_irq
 => __handle_domain_irq
 => bcm2836_arm_irqchip_handle_irq
 => __irq_svc
 => rcu_idle_exit
 => rcu_idle_exit
 => do_idle
 => cpu_startup_entry
 => rest_init
 => start_kernel
          <idle>-0     [000] d.h.   464.162670: trace_irq_race_dummy_call: [++] comm:swapper/0, pid:0, in_interrupt(): 0x00010000, preempt_count = 0x00010000 
          <idle>-0     [000] d.h.   464.162675: __kmalloc: [-] comm: swapper/0, pid: 0, kmalloc_times: 464 from (__DWC_ALLOC_ATOMIC+0x24/0x28) 
          <idle>-0     [001] d...   464.162705: sched_switch: prev_comm=swapper/1 prev_pid=0 prev_prio=120 prev_state=R ==> next_comm=kworker/1:0 next_pid=2013 next_prio=120
     kworker/1:0-2013  [001] ....   464.162715: __kmalloc: [+] comm: kworker/1:0, pid: 2013, kmalloc_times: 464 from (__usbnet_read_cmd+0x48/0xe8) 
     kworker/1:0-2013  [001] ....   464.162719: __kmalloc: [-] comm: kworker/1:0, pid: 2013, kmalloc_times: 465 from (__usbnet_read_cmd+0x48/0xe8) 
     kworker/1:0-2013  [001] ....   464.162723: __kmalloc: [+] comm: kworker/1:0, pid: 2013, kmalloc_times: 465 from (usb_alloc_urb+0x20/0x5c) 
     kworker/1:0-2013  [001] ....   464.162727: __kmalloc: [-] comm: kworker/1:0, pid: 2013, kmalloc_times: 466 from (usb_alloc_urb+0x20/0x5c) 
     kworker/1:0-2013  [001] ....   464.162733: __kmalloc: [+] comm: kworker/1:0, pid: 2013, kmalloc_times: 466 from (__DWC_ALLOC+0x24/0x28) 
     kworker/1:0-2013  [001] ....   464.162737: __kmalloc: [-] comm: kworker/1:0, pid: 2013, kmalloc_times: 467 from (__DWC_ALLOC+0x24/0x28) 
     kworker/1:0-2013  [001] d...   464.162742: __kmalloc: [+] comm: kworker/1:0, pid: 2013, kmalloc_times: 467 from (__DWC_ALLOC_ATOMIC+0x24/0x28) 
     kworker/1:0-2013  [001] d...   464.162746: __kmalloc: [-] comm: kworker/1:0, pid: 2013, kmalloc_times: 468 from (__DWC_ALLOC_ATOMIC+0x24/0x28) 
     kworker/1:0-2013  [001] d...   464.162760: sched_switch: prev_comm=kworker/1:0 prev_pid=2013 prev_prio=120 prev_state=D ==> next_comm=swapper/1 next_pid=0 next_prio=120
          <idle>-0     [000] d.h.   464.162793: __kmalloc: [+] comm: swapper/0, pid: 0, kmalloc_times: 468 from (__DWC_ALLOC_ATOMIC+0x24/0x28) 
          <idle>-0     [000] d.h.   464.162795: trace_irq_race_dummy_call <-__kmalloc
          <idle>-0     [000] d.h.   464.162834: <stack trace>
 => trace_irq_race_dummy_call
 => __kmalloc
 => __DWC_ALLOC_ATOMIC
 => _complete
 => handle_hc_xfercomp_intr
 => dwc_otg_hcd_handle_hc_n_intr
 => dwc_otg_hcd_handle_hc_intr
 => dwc_otg_hcd_handle_intr
 => dwc_otg_hcd_irq
 => usb_hcd_irq
 => __handle_irq_event_percpu
 => handle_irq_event_percpu
 => handle_irq_event
 => handle_level_irq
 => generic_handle_irq
 => bcm2836_chained_handle_irq
 => generic_handle_irq
 => __handle_domain_irq
 => bcm2836_arm_irqchip_handle_irq
 => __irq_svc
 => rcu_idle_exit
 => rcu_idle_exit
 => do_idle
 => cpu_startup_entry
 => rest_init
 => start_kernel
          <idle>-0     [000] d.h.   464.162838: trace_irq_race_dummy_call: [++] comm:swapper/0, pid:0, in_interrupt(): 0x00010000, preempt_count = 0x00010000 
          <idle>-0     [000] d.h.   464.162842: __kmalloc: [-] comm: swapper/0, pid: 0, kmalloc_times: 469 from (__DWC_ALLOC_ATOMIC+0x24/0x28) 
          <idle>-0     [001] d...   464.162871: sched_switch: prev_comm=swapper/1 prev_pid=0 prev_prio=120 prev_state=R ==> next_comm=kworker/1:0 next_pid=2013 next_prio=120
     kworker/1:0-2013  [001] ....   464.162881: __kmalloc: [+] comm: kworker/1:0, pid: 2013, kmalloc_times: 469 from (__usbnet_read_cmd+0x48/0xe8) 
     kworker/1:0-2013  [001] ....   464.162885: __kmalloc: [-] comm: kworker/1:0, pid: 2013, kmalloc_times: 470 from (__usbnet_read_cmd+0x48/0xe8) 
     kworker/1:0-2013  [001] ....   464.162890: __kmalloc: [+] comm: kworker/1:0, pid: 2013, kmalloc_times: 470 from (usb_alloc_urb+0x20/0x5c) 
     kworker/1:0-2013  [001] ....   464.162893: __kmalloc: [-] comm: kworker/1:0, pid: 2013, kmalloc_times: 471 from (usb_alloc_urb+0x20/0x5c) 
     kworker/1:0-2013  [001] ....   464.162900: __kmalloc: [+] comm: kworker/1:0, pid: 2013, kmalloc_times: 471 from (__DWC_ALLOC+0x24/0x28) 
     kworker/1:0-2013  [001] ....   464.162904: __kmalloc: [-] comm: kworker/1:0, pid: 2013, kmalloc_times: 472 from (__DWC_ALLOC+0x24/0x28) 
     kworker/1:0-2013  [001] d...   464.162908: __kmalloc: [+] comm: kworker/1:0, pid: 2013, kmalloc_times: 472 from (__DWC_ALLOC_ATOMIC+0x24/0x28) 
     kworker/1:0-2013  [001] d...   464.162912: __kmalloc: [-] comm: kworker/1:0, pid: 2013, kmalloc_times: 473 from (__DWC_ALLOC_ATOMIC+0x24/0x28) 
     kworker/1:0-2013  [001] d...   464.162926: sched_switch: prev_comm=kworker/1:0 prev_pid=2013 prev_prio=120 prev_state=D ==> next_comm=swapper/1 next_pid=0 next_prio=120
          <idle>-0     [000] d.h.   464.162964: __kmalloc: [+] comm: swapper/0, pid: 0, kmalloc_times: 473 from (__DWC_ALLOC_ATOMIC+0x24/0x28) 
          <idle>-0     [000] d.h.   464.162966: trace_irq_race_dummy_call <-__kmalloc
          <idle>-0     [000] d.h.   464.163006: <stack trace>
 => trace_irq_race_dummy_call
 => __kmalloc
 => __DWC_ALLOC_ATOMIC
 => _complete
 => handle_hc_xfercomp_intr
 => dwc_otg_hcd_handle_hc_n_intr
 => dwc_otg_hcd_handle_hc_intr
 => dwc_otg_hcd_handle_intr
 => dwc_otg_hcd_irq
 => usb_hcd_irq
 => __handle_irq_event_percpu
 => handle_irq_event_percpu
 => handle_irq_event
 => handle_level_irq
 => generic_handle_irq
 => bcm2836_chained_handle_irq
 => generic_handle_irq
 => __handle_domain_irq
 => bcm2836_arm_irqchip_handle_irq
 => __irq_svc
 => arch_cpu_idle
 => arch_cpu_idle
 => default_idle_call
 => do_idle
 => cpu_startup_entry
 => rest_init
 => start_kernel
          <idle>-0     [000] d.h.   464.163011: trace_irq_race_dummy_call: [++] comm:swapper/0, pid:0, in_interrupt(): 0x00010000, preempt_count = 0x00010000 
          <idle>-0     [000] d.h.   464.163015: __kmalloc: [-] comm: swapper/0, pid: 0, kmalloc_times: 474 from (__DWC_ALLOC_ATOMIC+0x24/0x28) 
          <idle>-0     [001] d...   464.163042: sched_switch: prev_comm=swapper/1 prev_pid=0 prev_prio=120 prev_state=R ==> next_comm=kworker/1:0 next_pid=2013 next_prio=120
     kworker/1:0-2013  [001] d...   464.163056: worker_thread: [-] comm: kworker/1:0, pid: 2013, global_func_exe_times: 79639 from (kthread+0x140/0x170) 
     kworker/1:0-2013  [001] d...   464.163063: sched_switch: prev_comm=kworker/1:0 prev_pid=2013 prev_prio=120 prev_state=I ==> next_comm=swapper/1 next_pid=0 next_prio=120
          <idle>-0     [000] d...   464.228613: sched_switch: prev_comm=swapper/0 prev_pid=0 prev_prio=120 prev_state=R ==> next_comm=rngd next_pid=555 next_prio=120
            rngd-555   [000] d...   464.228644: sched_switch: prev_comm=rngd prev_pid=555 prev_prio=120 prev_state=S ==> next_comm=swapper/0 next_pid=0 next_prio=120
          <idle>-0     [000] d...   464.241964: sched_switch: prev_comm=swapper/0 prev_pid=0 prev_prio=120 prev_state=R ==> next_comm=mosquitto next_pid=465 next_prio=120
       mosquitto-465   [000] d...   464.241995: sched_switch: prev_comm=mosquitto prev_pid=465 prev_prio=120 prev_state=S ==> next_comm=kworker/0:2 next_pid=336 next_prio=120
     kworker/0:2-336   [000] ....   464.242002: worker_thread: [+] comm: kworker/0:2, pid: 336, global_func_exe_times: 79639 from (kthread+0x140/0x170) 
     kworker/0:2-336   [000] ....   464.242006: trace_function_dummy_call: [++] comm:kworker/0:2, pid:336, from(worker_thread+0x18c/0x60c) 
     kworker/0:2-336   [000] d...   464.242019: worker_thread: [-] comm: kworker/0:2, pid: 336, global_func_exe_times: 79640 from (kthread+0x140/0x170) 
     kworker/0:2-336   [000] d...   464.242042: sched_switch: prev_comm=kworker/0:2 prev_pid=336 prev_prio=120 prev_state=I ==> next_comm=swapper/0 next_pid=0 next_prio=120
          <idle>-0     [000] d...   464.342116: sched_switch: prev_comm=swapper/0 prev_pid=0 prev_prio=120 prev_state=R ==> next_comm=mosquitto next_pid=465 next_prio=120
       mosquitto-465   [000] d...   464.342141: sched_switch: prev_comm=mosquitto prev_pid=465 prev_prio=120 prev_state=S ==> next_comm=kworker/0:2 next_pid=336 next_prio=120
     kworker/0:2-336   [000] ....   464.342148: worker_thread: [+] comm: kworker/0:2, pid: 336, global_func_exe_times: 79640 from (kthread+0x140/0x170) 
     kworker/0:2-336   [000] ....   464.342151: trace_function_dummy_call: [++] comm:kworker/0:2, pid:336, from(worker_thread+0x18c/0x60c) 
     kworker/0:2-336   [000] d...   464.342163: worker_thread: [-] comm: kworker/0:2, pid: 336, global_func_exe_times: 79641 from (kthread+0x140/0x170) 
     kworker/0:2-336   [000] d...   464.342183: sched_switch: prev_comm=kworker/0:2 prev_pid=336 prev_prio=120 prev_state=I ==> next_comm=swapper/0 next_pid=0 next_prio=120
          <idle>-0     [003] d...   464.394279: sched_switch: prev_comm=swapper/3 prev_pid=0 prev_prio=120 prev_state=R ==> next_comm=mysqld next_pid=778 next_prio=120
          mysqld-778   [003] d...   464.394331: sched_switch: prev_comm=mysqld prev_pid=778 prev_prio=120 prev_state=S ==> next_comm=mysqld next_pid=807 next_prio=120
          mysqld-807   [003] d...   464.394404: sched_switch: prev_comm=mysqld prev_pid=807 prev_prio=120 prev_state=S ==> next_comm=mysqld next_pid=778 next_prio=120
          mysqld-778   [003] d...   464.394447: sched_switch: prev_comm=mysqld prev_pid=778 prev_prio=120 prev_state=S ==> next_comm=swapper/3 next_pid=0 next_prio=120
          <idle>-0     [003] d...   464.394861: sched_switch: prev_comm=swapper/3 prev_pid=0 prev_prio=120 prev_state=R ==> next_comm=mysqld next_pid=817 next_prio=120
          mysqld-817   [003] d...   464.394885: sched_switch: prev_comm=mysqld prev_pid=817 prev_prio=120 prev_state=S ==> next_comm=swapper/3 next_pid=0 next_prio=120
          <idle>-0     [000] d...   464.406679: sched_switch: prev_comm=swapper/0 prev_pid=0 prev_prio=120 prev_state=R ==> next_comm=avahi-daemon next_pid=342 next_prio=120
    avahi-daemon-342   [000] d...   464.406829: sched_switch: prev_comm=avahi-daemon prev_pid=342 prev_prio=120 prev_state=S ==> next_comm=swapper/0 next_pid=0 next_prio=120
          <idle>-0     [000] d...   464.442269: sched_switch: prev_comm=swapper/0 prev_pid=0 prev_prio=120 prev_state=R ==> next_comm=mosquitto next_pid=465 next_prio=120
       mosquitto-465   [000] d...   464.442296: sched_switch: prev_comm=mosquitto prev_pid=465 prev_prio=120 prev_state=S ==> next_comm=kworker/0:2 next_pid=336 next_prio=120
     kworker/0:2-336   [000] ....   464.442303: worker_thread: [+] comm: kworker/0:2, pid: 336, global_func_exe_times: 79641 from (kthread+0x140/0x170) 
     kworker/0:2-336   [000] ....   464.442306: trace_function_dummy_call: [++] comm:kworker/0:2, pid:336, from(worker_thread+0x18c/0x60c) 
     kworker/0:2-336   [000] d...   464.442318: worker_thread: [-] comm: kworker/0:2, pid: 336, global_func_exe_times: 79642 from (kthread+0x140/0x170) 
     kworker/0:2-336   [000] d...   464.442341: sched_switch: prev_comm=kworker/0:2 prev_pid=336 prev_prio=120 prev_state=I ==> next_comm=swapper/0 next_pid=0 next_prio=120
          <idle>-0     [003] d...   464.450573: sched_switch: prev_comm=swapper/3 prev_pid=0 prev_prio=120 prev_state=R ==> next_comm=mysqld next_pid=775 next_prio=120
          mysqld-775   [003] d...   464.450601: sched_switch: prev_comm=mysqld prev_pid=775 prev_prio=120 prev_state=S ==> next_comm=mysqld next_pid=774 next_prio=120
          mysqld-774   [003] d...   464.450641: sched_switch: prev_comm=mysqld prev_pid=774 prev_prio=120 prev_state=S ==> next_comm=mysqld next_pid=776 next_prio=120
          mysqld-776   [003] d...   464.450672: sched_switch: prev_comm=mysqld prev_pid=776 prev_prio=120 prev_state=S ==> next_comm=swapper/3 next_pid=0 next_prio=120
          <idle>-0     [000] d...   464.476610: sched_switch: prev_comm=swapper/0 prev_pid=0 prev_prio=120 prev_state=R ==> next_comm=rngd next_pid=555 next_prio=120
            rngd-555   [000] d...   464.476625: sched_switch: prev_comm=rngd prev_pid=555 prev_prio=120 prev_state=S ==> next_comm=swapper/0 next_pid=0 next_prio=120
          <idle>-0     [003] d...   464.536479: sched_switch: prev_comm=swapper/3 prev_pid=0 prev_prio=120 prev_state=R ==> next_comm=mysqld next_pid=769 next_prio=120
          mysqld-769   [003] d...   464.536517: sched_switch: prev_comm=mysqld prev_pid=769 prev_prio=120 prev_state=S ==> next_comm=swapper/3 next_pid=0 next_prio=120
          <idle>-0     [000] d...   464.542421: sched_switch: prev_comm=swapper/0 prev_pid=0 prev_prio=120 prev_state=R ==> next_comm=mosquitto next_pid=465 next_prio=120
       mosquitto-465   [000] d...   464.542446: sched_switch: prev_comm=mosquitto prev_pid=465 prev_prio=120 prev_state=S ==> next_comm=kworker/0:2 next_pid=336 next_prio=120
     kworker/0:2-336   [000] ....   464.542453: worker_thread: [+] comm: kworker/0:2, pid: 336, global_func_exe_times: 79642 from (kthread+0x140/0x170) 
     kworker/0:2-336   [000] ....   464.542456: trace_function_dummy_call: [++] comm:kworker/0:2, pid:336, from(worker_thread+0x18c/0x60c) 
     kworker/0:2-336   [000] d...   464.542468: worker_thread: [-] comm: kworker/0:2, pid: 336, global_func_exe_times: 79643 from (kthread+0x140/0x170) 
     kworker/0:2-336   [000] d...   464.542489: sched_switch: prev_comm=kworker/0:2 prev_pid=336 prev_prio=120 prev_state=I ==> next_comm=swapper/0 next_pid=0 next_prio=120
          <idle>-0     [003] d...   464.620727: sched_switch: prev_comm=swapper/3 prev_pid=0 prev_prio=120 prev_state=R ==> next_comm=mysqld next_pid=770 next_prio=120
          mysqld-770   [003] d...   464.620752: sched_switch: prev_comm=mysqld prev_pid=770 prev_prio=120 prev_state=S ==> next_comm=mysqld next_pid=777 next_prio=120
          mysqld-777   [003] d...   464.620776: sched_switch: prev_comm=mysqld prev_pid=777 prev_prio=120 prev_state=S ==> next_comm=mysqld next_pid=773 next_prio=120
          mysqld-773   [003] d...   464.620814: sched_switch: prev_comm=mysqld prev_pid=773 prev_prio=120 prev_state=S ==> next_comm=swapper/3 next_pid=0 next_prio=120
          <idle>-0     [000] d...   464.620836: sched_switch: prev_comm=swapper/0 prev_pid=0 prev_prio=120 prev_state=R ==> next_comm=mysqld next_pid=768 next_prio=120
          mysqld-768   [000] d...   464.620867: sched_switch: prev_comm=mysqld prev_pid=768 prev_prio=120 prev_state=S ==> next_comm=mysqld next_pid=771 next_prio=120
          mysqld-771   [000] d...   464.620909: sched_switch: prev_comm=mysqld prev_pid=771 prev_prio=120 prev_state=S ==> next_comm=mysqld next_pid=772 next_prio=120
          mysqld-772   [000] d...   464.620944: sched_switch: prev_comm=mysqld prev_pid=772 prev_prio=120 prev_state=S ==> next_comm=swapper/0 next_pid=0 next_prio=120
          <idle>-0     [000] d...   464.642572: sched_switch: prev_comm=swapper/0 prev_pid=0 prev_prio=120 prev_state=R ==> next_comm=mosquitto next_pid=465 next_prio=120
       mosquitto-465   [000] d...   464.642599: sched_switch: prev_comm=mosquitto prev_pid=465 prev_prio=120 prev_state=S ==> next_comm=kworker/0:2 next_pid=336 next_prio=120
     kworker/0:2-336   [000] ....   464.642605: worker_thread: [+] comm: kworker/0:2, pid: 336, global_func_exe_times: 79643 from (kthread+0x140/0x170) 
     kworker/0:2-336   [000] ....   464.642609: trace_function_dummy_call: [++] comm:kworker/0:2, pid:336, from(worker_thread+0x18c/0x60c) 
     kworker/0:2-336   [000] d...   464.642620: worker_thread: [-] comm: kworker/0:2, pid: 336, global_func_exe_times: 79644 from (kthread+0x140/0x170) 
     kworker/0:2-336   [000] d...   464.642641: sched_switch: prev_comm=kworker/0:2 prev_pid=336 prev_prio=120 prev_state=I ==> next_comm=swapper/0 next_pid=0 next_prio=120
          <idle>-0     [000] d...   464.724609: sched_switch: prev_comm=swapper/0 prev_pid=0 prev_prio=120 prev_state=R ==> next_comm=rngd next_pid=555 next_prio=120
            rngd-555   [000] d...   464.724634: sched_switch: prev_comm=rngd prev_pid=555 prev_prio=120 prev_state=S ==> next_comm=swapper/0 next_pid=0 next_prio=120
          <idle>-0     [000] d...   464.742724: sched_switch: prev_comm=swapper/0 prev_pid=0 prev_prio=120 prev_state=R ==> next_comm=mosquitto next_pid=465 next_prio=120
       mosquitto-465   [000] d...   464.742749: sched_switch: prev_comm=mosquitto prev_pid=465 prev_prio=120 prev_state=S ==> next_comm=kworker/0:2 next_pid=336 next_prio=120
     kworker/0:2-336   [000] ....   464.742755: worker_thread: [+] comm: kworker/0:2, pid: 336, global_func_exe_times: 79644 from (kthread+0x140/0x170) 
     kworker/0:2-336   [000] ....   464.742759: trace_function_dummy_call: [++] comm:kworker/0:2, pid:336, from(worker_thread+0x18c/0x60c) 
     kworker/0:2-336   [000] d...   464.742771: worker_thread: [-] comm: kworker/0:2, pid: 336, global_func_exe_times: 79645 from (kthread+0x140/0x170) 
     kworker/0:2-336   [000] d...   464.742789: sched_switch: prev_comm=kworker/0:2 prev_pid=336 prev_prio=120 prev_state=I ==> next_comm=swapper/0 next_pid=0 next_prio=120
          <idle>-0     [000] d...   464.755118: sched_switch: prev_comm=swapper/0 prev_pid=0 prev_prio=120 prev_state=R ==> next_comm=lxpanel next_pid=995 next_prio=120
         lxpanel-995   [000] d...   464.755201: sched_switch: prev_comm=lxpanel prev_pid=995 prev_prio=120 prev_state=S ==> next_comm=swapper/0 next_pid=0 next_prio=120
          <idle>-0     [000] d...   464.842876: sched_switch: prev_comm=swapper/0 prev_pid=0 prev_prio=120 prev_state=R ==> next_comm=mosquitto next_pid=465 next_prio=120
       mosquitto-465   [000] d...   464.842902: sched_switch: prev_comm=mosquitto prev_pid=465 prev_prio=120 prev_state=S ==> next_comm=kworker/0:2 next_pid=336 next_prio=120
     kworker/0:2-336   [000] ....   464.842909: worker_thread: [+] comm: kworker/0:2, pid: 336, global_func_exe_times: 79645 from (kthread+0x140/0x170) 
     kworker/0:2-336   [000] ....   464.842913: trace_function_dummy_call: [++] comm:kworker/0:2, pid:336, from(worker_thread+0x18c/0x60c) 
     kworker/0:2-336   [000] d...   464.842924: worker_thread: [-] comm: kworker/0:2, pid: 336, global_func_exe_times: 79646 from (kthread+0x140/0x170) 
     kworker/0:2-336   [000] d...   464.842943: sched_switch: prev_comm=kworker/0:2 prev_pid=336 prev_prio=120 prev_state=I ==> next_comm=swapper/0 next_pid=0 next_prio=120
          <idle>-0     [000] d...   464.943028: sched_switch: prev_comm=swapper/0 prev_pid=0 prev_prio=120 prev_state=R ==> next_comm=mosquitto next_pid=465 next_prio=120
       mosquitto-465   [000] d...   464.943053: sched_switch: prev_comm=mosquitto prev_pid=465 prev_prio=120 prev_state=S ==> next_comm=kworker/0:2 next_pid=336 next_prio=120
     kworker/0:2-336   [000] ....   464.943059: worker_thread: [+] comm: kworker/0:2, pid: 336, global_func_exe_times: 79646 from (kthread+0x140/0x170) 
     kworker/0:2-336   [000] ....   464.943062: trace_function_dummy_call: [++] comm:kworker/0:2, pid:336, from(worker_thread+0x18c/0x60c) 
     kworker/0:2-336   [000] d...   464.943074: worker_thread: [-] comm: kworker/0:2, pid: 336, global_func_exe_times: 79647 from (kthread+0x140/0x170) 
     kworker/0:2-336   [000] d...   464.943091: sched_switch: prev_comm=kworker/0:2 prev_pid=336 prev_prio=120 prev_state=I ==> next_comm=swapper/0 next_pid=0 next_prio=120
          <idle>-0     [003] d...   464.950672: sched_switch: prev_comm=swapper/3 prev_pid=0 prev_prio=120 prev_state=R ==> next_comm=mysqld next_pid=775 next_prio=120
          mysqld-775   [003] d...   464.950697: sched_switch: prev_comm=mysqld prev_pid=775 prev_prio=120 prev_state=S ==> next_comm=mysqld next_pid=774 next_prio=120
          mysqld-774   [003] d...   464.950733: sched_switch: prev_comm=mysqld prev_pid=774 prev_prio=120 prev_state=S ==> next_comm=mysqld next_pid=776 next_prio=120
          mysqld-776   [003] d...   464.950762: sched_switch: prev_comm=mysqld prev_pid=776 prev_prio=120 prev_state=S ==> next_comm=swapper/3 next_pid=0 next_prio=120
          <idle>-0     [001] d...   464.962279: sched_switch: prev_comm=swapper/1 prev_pid=0 prev_prio=120 prev_state=R ==> next_comm=kworker/1:0 next_pid=2013 next_prio=120
     kworker/1:0-2013  [001] ....   464.962285: worker_thread: [+] comm: kworker/1:0, pid: 2013, global_func_exe_times: 79647 from (kthread+0x140/0x170) 
     kworker/1:0-2013  [001] ....   464.962289: trace_function_dummy_call: [++] comm:kworker/1:0, pid:2013, from(worker_thread+0x18c/0x60c) 
     kworker/1:0-2013  [001] d...   464.962335: sched_switch: prev_comm=kworker/1:0 prev_pid=2013 prev_prio=120 prev_state=D ==> next_comm=kworker/1:2 next_pid=74 next_prio=120
     kworker/1:2-74    [001] ....   464.962342: worker_thread: [+] comm: kworker/1:2, pid: 74, global_func_exe_times: 79648 from (kthread+0x140/0x170) 
     kworker/1:2-74    [001] ....   464.962346: trace_function_dummy_call: [++] comm:kworker/1:2, pid:74, from(worker_thread+0x18c/0x60c) 
     kworker/1:2-74    [001] d...   464.962354: worker_thread: [-] comm: kworker/1:2, pid: 74, global_func_exe_times: 79649 from (kthread+0x140/0x170) 
     kworker/1:2-74    [001] d...   464.962362: sched_switch: prev_comm=kworker/1:2 prev_pid=74 prev_prio=120 prev_state=I ==> next_comm=ksoftirqd/1 next_pid=16 next_prio=120
     ksoftirqd/1-16    [001] d...   464.962389: sched_switch: prev_comm=ksoftirqd/1 prev_pid=16 prev_prio=120 prev_state=S ==> next_comm=kworker/1:2 next_pid=74 next_prio=120
     kworker/1:2-74    [001] ....   464.962395: worker_thread: [+] comm: kworker/1:2, pid: 74, global_func_exe_times: 79649 from (kthread+0x140/0x170) 
     kworker/1:2-74    [001] ....   464.962398: trace_function_dummy_call: [++] comm:kworker/1:2, pid:74, from(worker_thread+0x18c/0x60c) 
     kworker/1:2-74    [001] d...   464.962404: sched_switch: prev_comm=kworker/1:2 prev_pid=74 prev_prio=120 prev_state=I ==> next_comm=kworker/1:0 next_pid=2013 next_prio=120
     kworker/1:0-2013  [001] d...   464.962423: worker_thread: [-] comm: kworker/1:0, pid: 2013, global_func_exe_times: 79650 from (kthread+0x140/0x170) 
     kworker/1:0-2013  [001] d...   464.962445: sched_switch: prev_comm=kworker/1:0 prev_pid=2013 prev_prio=120 prev_state=I ==> next_comm=swapper/1 next_pid=0 next_prio=120
          <idle>-0     [000] d...   464.972609: sched_switch: prev_comm=swapper/0 prev_pid=0 prev_prio=120 prev_state=R ==> next_comm=rngd next_pid=555 next_prio=120
            rngd-555   [000] d...   464.972623: sched_switch: prev_comm=rngd prev_pid=555 prev_prio=120 prev_state=S ==> next_comm=swapper/0 next_pid=0 next_prio=120
          <idle>-0     [003] d...   465.036572: sched_switch: prev_comm=swapper/3 prev_pid=0 prev_prio=120 prev_state=R ==> next_comm=mysqld next_pid=769 next_prio=120
          mysqld-769   [003] d...   465.036608: sched_switch: prev_comm=mysqld prev_pid=769 prev_prio=120 prev_state=S ==> next_comm=swapper/3 next_pid=0 next_prio=120
          <idle>-0     [000] d...   465.043177: sched_switch: prev_comm=swapper/0 prev_pid=0 prev_prio=120 prev_state=R ==> next_comm=mosquitto next_pid=465 next_prio=120
       mosquitto-465   [000] d...   465.043203: sched_switch: prev_comm=mosquitto prev_pid=465 prev_prio=120 prev_state=S ==> next_comm=kworker/0:2 next_pid=336 next_prio=120
     kworker/0:2-336   [000] ....   465.043209: worker_thread: [+] comm: kworker/0:2, pid: 336, global_func_exe_times: 79650 from (kthread+0x140/0x170) 
     kworker/0:2-336   [000] ....   465.043213: trace_function_dummy_call: [++] comm:kworker/0:2, pid:336, from(worker_thread+0x18c/0x60c) 
     kworker/0:2-336   [000] d...   465.043224: worker_thread: [-] comm: kworker/0:2, pid: 336, global_func_exe_times: 79651 from (kthread+0x140/0x170) 
     kworker/0:2-336   [000] d...   465.043246: sched_switch: prev_comm=kworker/0:2 prev_pid=336 prev_prio=120 prev_state=I ==> next_comm=swapper/0 next_pid=0 next_prio=120
          <idle>-0     [003] d...   465.056638: sched_switch: prev_comm=swapper/3 prev_pid=0 prev_prio=120 prev_state=R ==> next_comm=apache2 next_pid=678 next_prio=120
