            bash-1802  [002] d...   469.170932: sched_switch: prev_comm=bash prev_pid=1802 prev_prio=120 prev_state=R ==> next_comm=kworker/u8:2 next_pid=2067 next_prio=120
    kworker/u8:2-2067  [002] d...   469.170949: worker_thread: [-] comm: kworker/u8:2, pid: 2067, global_func_exe_times: 79781 from (kthread+0x140/0x170) 
    kworker/u8:2-2067  [002] d...   469.170957: sched_switch: prev_comm=kworker/u8:2 prev_pid=2067 prev_prio=120 prev_state=I ==> next_comm=bash next_pid=1802 next_prio=120
            bash-1802  [002] ....   469.171108: __kmalloc: [+] comm: bash, pid: 1802, kmalloc_times: 551 from (alloc_pipe_info+0xd4/0x1c8) 
            bash-1802  [002] ....   469.171115: __kmalloc: [-] comm: bash, pid: 1802, kmalloc_times: 552 from (alloc_pipe_info+0xd4/0x1c8) 
            bash-1802  [002] ....   469.171197: __kmalloc: [+] comm: bash, pid: 1802, kmalloc_times: 552 from (kvmalloc_node+0x74/0x80) 
            bash-1802  [002] ....   469.171202: __kmalloc: [-] comm: bash, pid: 1802, kmalloc_times: 553 from (kvmalloc_node+0x74/0x80) 
            bash-1802  [002] ....   469.171206: __kmalloc: [+] comm: bash, pid: 1802, kmalloc_times: 553 from (kvmalloc_node+0x74/0x80) 
            bash-1802  [002] ....   469.171210: __kmalloc: [-] comm: bash, pid: 1802, kmalloc_times: 554 from (kvmalloc_node+0x74/0x80) 
          <idle>-0     [003] d...   469.171669: sched_switch: prev_comm=swapper/3 prev_pid=0 prev_prio=120 prev_state=R ==> next_comm=bash next_pid=2134 next_prio=120
            bash-1802  [002] d...   469.172158: sched_switch: prev_comm=bash prev_pid=1802 prev_prio=120 prev_state=S ==> next_comm=swapper/2 next_pid=0 next_prio=120
          <idle>-0     [002] d...   469.172344: sched_switch: prev_comm=swapper/2 prev_pid=0 prev_prio=120 prev_state=R ==> next_comm=rcu_sched next_pid=10 next_prio=120
       rcu_sched-10    [002] d...   469.172368: sched_switch: prev_comm=rcu_sched prev_pid=10 prev_prio=120 prev_state=I ==> next_comm=swapper/2 next_pid=0 next_prio=120
            bash-2134  [003] d...   469.172756: sched_switch: prev_comm=bash prev_pid=2134 prev_prio=120 prev_state=R ==> next_comm=irq/86-mmc1 next_pid=80 next_prio=49
     irq/86-mmc1-80    [003] d...   469.172793: sched_switch: prev_comm=irq/86-mmc1 prev_pid=80 prev_prio=49 prev_state=D ==> next_comm=bash next_pid=2134 next_prio=120
            bash-2134  [003] d...   469.172807: sched_switch: prev_comm=bash prev_pid=2134 prev_prio=120 prev_state=R ==> next_comm=irq/86-mmc1 next_pid=80 next_prio=49
     irq/86-mmc1-80    [003] d...   469.172839: sched_switch: prev_comm=irq/86-mmc1 prev_pid=80 prev_prio=49 prev_state=D ==> next_comm=bash next_pid=2134 next_prio=120
            bash-2134  [003] d...   469.172858: sched_switch: prev_comm=bash prev_pid=2134 prev_prio=120 prev_state=R ==> next_comm=irq/86-mmc1 next_pid=80 next_prio=49
     irq/86-mmc1-80    [003] d...   469.172883: sched_switch: prev_comm=irq/86-mmc1 prev_pid=80 prev_prio=49 prev_state=D ==> next_comm=bash next_pid=2134 next_prio=120
            bash-2134  [003] d...   469.172936: sched_switch: prev_comm=bash prev_pid=2134 prev_prio=120 prev_state=R ==> next_comm=irq/86-mmc1 next_pid=80 next_prio=49
     irq/86-mmc1-80    [003] d...   469.172961: sched_switch: prev_comm=irq/86-mmc1 prev_pid=80 prev_prio=49 prev_state=S ==> next_comm=bash next_pid=2134 next_prio=120
          <idle>-0     [002] d...   469.172962: sched_switch: prev_comm=swapper/2 prev_pid=0 prev_prio=120 prev_state=R ==> next_comm=kworker/u8:2 next_pid=2067 next_prio=120
    kworker/u8:2-2067  [002] ....   469.172972: worker_thread: [+] comm: kworker/u8:2, pid: 2067, global_func_exe_times: 79781 from (kthread+0x140/0x170) 
    kworker/u8:2-2067  [002] ....   469.172976: trace_function_dummy_call: [++] comm:kworker/u8:2, pid:2067, from(worker_thread+0x18c/0x60c) 
    kworker/u8:2-2067  [002] d...   469.173065: sched_switch: prev_comm=kworker/u8:2 prev_pid=2067 prev_prio=120 prev_state=D ==> next_comm=swapper/2 next_pid=0 next_prio=120
          <idle>-0     [002] d...   469.173080: sched_switch: prev_comm=swapper/2 prev_pid=0 prev_prio=120 prev_state=R ==> next_comm=kworker/u8:2 next_pid=2067 next_prio=120
          <idle>-0     [000] d...   469.173085: sched_switch: prev_comm=swapper/0 prev_pid=0 prev_prio=120 prev_state=R ==> next_comm=rngd next_pid=555 next_prio=120
            rngd-555   [000] d...   469.173111: sched_switch: prev_comm=rngd prev_pid=555 prev_prio=120 prev_state=S ==> next_comm=swapper/0 next_pid=0 next_prio=120
    kworker/u8:2-2067  [002] d...   469.173116: sched_switch: prev_comm=kworker/u8:2 prev_pid=2067 prev_prio=120 prev_state=D ==> next_comm=swapper/2 next_pid=0 next_prio=120
          <idle>-0     [002] d...   469.173148: sched_switch: prev_comm=swapper/2 prev_pid=0 prev_prio=120 prev_state=R ==> next_comm=kworker/u8:2 next_pid=2067 next_prio=120
    kworker/u8:2-2067  [002] d...   469.173268: sched_switch: prev_comm=kworker/u8:2 prev_pid=2067 prev_prio=120 prev_state=D ==> next_comm=swapper/2 next_pid=0 next_prio=120
          <idle>-0     [002] d...   469.173296: sched_switch: prev_comm=swapper/2 prev_pid=0 prev_prio=120 prev_state=R ==> next_comm=kworker/u8:2 next_pid=2067 next_prio=120
            bash-2134  [003] ....   469.173303: __kmalloc: [+] comm: bash, pid: 2134, kmalloc_times: 554 from (load_elf_phdrs+0x78/0xdc) 
            bash-2134  [003] ....   469.173310: __kmalloc: [-] comm: bash, pid: 2134, kmalloc_times: 555 from (load_elf_phdrs+0x78/0xdc) 
    kworker/u8:2-2067  [002] d...   469.173312: worker_thread: [-] comm: kworker/u8:2, pid: 2067, global_func_exe_times: 79782 from (kthread+0x140/0x170) 
            bash-2134  [003] ....   469.173319: __kmalloc: [+] comm: bash, pid: 2134, kmalloc_times: 555 from (load_elf_binary+0x174/0x1344) 
    kworker/u8:2-2067  [002] d...   469.173321: sched_switch: prev_comm=kworker/u8:2 prev_pid=2067 prev_prio=120 prev_state=I ==> next_comm=swapper/2 next_pid=0 next_prio=120
            bash-2134  [003] ....   469.173326: __kmalloc: [-] comm: bash, pid: 2134, kmalloc_times: 556 from (load_elf_binary+0x174/0x1344) 
            bash-2134  [003] ....   469.173355: __kmalloc: [+] comm: bash, pid: 2134, kmalloc_times: 556 from (load_elf_phdrs+0x78/0xdc) 
            bash-2134  [003] ....   469.173359: __kmalloc: [-] comm: bash, pid: 2134, kmalloc_times: 557 from (load_elf_phdrs+0x78/0xdc) 
