          mysqld-754   [000] d...  1104.510374: sched_switch: prev_comm=mysqld prev_pid=754 prev_prio=120 prev_state=S ==> next_comm=swapper/0 next_pid=0 next_prio=120
          <idle>-0     [000] d...  1104.510394: sched_switch: prev_comm=swapper/0 prev_pid=0 prev_prio=120 prev_state=R ==> next_comm=mysqld next_pid=761 next_prio=120
          mysqld-761   [000] d...  1104.510421: sched_switch: prev_comm=mysqld prev_pid=761 prev_prio=120 prev_state=S ==> next_comm=swapper/0 next_pid=0 next_prio=120
          <idle>-0     [000] d...  1104.510464: sched_switch: prev_comm=swapper/0 prev_pid=0 prev_prio=120 prev_state=R ==> next_comm=mysqld next_pid=752 next_prio=120
          mysqld-752   [000] d...  1104.510492: sched_switch: prev_comm=mysqld prev_pid=752 prev_prio=120 prev_state=S ==> next_comm=mysqld next_pid=755 next_prio=120
          mysqld-755   [000] d...  1104.510539: sched_switch: prev_comm=mysqld prev_pid=755 prev_prio=120 prev_state=S ==> next_comm=mysqld next_pid=757 next_prio=120
          mysqld-757   [000] d...  1104.510565: sched_switch: prev_comm=mysqld prev_pid=757 prev_prio=120 prev_state=S ==> next_comm=mysqld next_pid=756 next_prio=120
          mysqld-756   [000] d...  1104.510599: sched_switch: prev_comm=mysqld prev_pid=756 prev_prio=120 prev_state=S ==> next_comm=swapper/0 next_pid=0 next_prio=120
          <idle>-0     [003] d...  1104.523039: sched_switch: prev_comm=swapper/3 prev_pid=0 prev_prio=120 prev_state=R ==> next_comm=mosquitto next_pid=461 next_prio=120
       mosquitto-461   [003] d...  1104.523070: sched_switch: prev_comm=mosquitto prev_pid=461 prev_prio=120 prev_state=S ==> next_comm=kworker/3:2 next_pid=164 next_prio=120
     kworker/3:2-164   [003] d...  1104.523107: sched_switch: prev_comm=kworker/3:2 prev_pid=164 prev_prio=120 prev_state=I ==> next_comm=swapper/3 next_pid=0 next_prio=120
          <idle>-0     [001] d...  1104.547604: sched_switch: prev_comm=swapper/1 prev_pid=0 prev_prio=120 prev_state=R ==> next_comm=mysqld next_pid=789 next_prio=120
          mysqld-789   [001] d...  1104.547636: sched_switch: prev_comm=mysqld prev_pid=789 prev_prio=120 prev_state=S ==> next_comm=swapper/1 next_pid=0 next_prio=120
          <idle>-0     [002] d...  1104.605974: sched_switch: prev_comm=swapper/2 prev_pid=0 prev_prio=120 prev_state=R ==> next_comm=rngd next_pid=566 next_prio=120
            rngd-566   [002] d...  1104.606008: sched_switch: prev_comm=rngd prev_pid=566 prev_prio=120 prev_state=S ==> next_comm=swapper/2 next_pid=0 next_prio=120
          <idle>-0     [001] d...  1104.607785: sched_switch: prev_comm=swapper/1 prev_pid=0 prev_prio=120 prev_state=R ==> next_comm=mysqld next_pid=790 next_prio=120
          mysqld-790   [001] d...  1104.607889: sched_switch: prev_comm=mysqld prev_pid=790 prev_prio=120 prev_state=S ==> next_comm=swapper/1 next_pid=0 next_prio=120
          <idle>-0     [003] d...  1104.623191: sched_switch: prev_comm=swapper/3 prev_pid=0 prev_prio=120 prev_state=R ==> next_comm=kworker/3:2 next_pid=164 next_prio=120
     kworker/3:2-164   [003] d...  1104.623209: sched_switch: prev_comm=kworker/3:2 prev_pid=164 prev_prio=120 prev_state=I ==> next_comm=mosquitto next_pid=461 next_prio=120
       mosquitto-461   [003] d...  1104.623254: sched_switch: prev_comm=mosquitto prev_pid=461 prev_prio=120 prev_state=S ==> next_comm=swapper/3 next_pid=0 next_prio=120
          <idle>-0     [003] d...  1104.723356: sched_switch: prev_comm=swapper/3 prev_pid=0 prev_prio=120 prev_state=R ==> next_comm=kworker/3:2 next_pid=164 next_prio=120
     kworker/3:2-164   [003] d...  1104.723373: sched_switch: prev_comm=kworker/3:2 prev_pid=164 prev_prio=120 prev_state=I ==> next_comm=mosquitto next_pid=461 next_prio=120
       mosquitto-461   [003] d...  1104.723414: sched_switch: prev_comm=mosquitto prev_pid=461 prev_prio=120 prev_state=S ==> next_comm=swapper/3 next_pid=0 next_prio=120
          <idle>-0     [003] d...  1104.753645: sched_switch: prev_comm=swapper/3 prev_pid=0 prev_prio=120 prev_state=R ==> next_comm=apache2 next_pid=681 next_prio=120
         apache2-681   [003] d...  1104.753717: sched_switch: prev_comm=apache2 prev_pid=681 prev_prio=120 prev_state=S ==> next_comm=swapper/3 next_pid=0 next_prio=120
          <idle>-0     [002] d...  1104.806951: sched_switch: prev_comm=swapper/2 prev_pid=0 prev_prio=120 prev_state=R ==> next_comm=rtkit-daemon next_pid=1029 next_prio=120
    rtkit-daemon-1029  [002] d...  1104.806997: sched_switch: prev_comm=rtkit-daemon prev_pid=1029 prev_prio=120 prev_state=R ==> next_comm=rtkit-daemon next_pid=1030 next_prio=0
    rtkit-daemon-1030  [002] d...  1104.807031: sched_switch: prev_comm=rtkit-daemon prev_pid=1030 prev_prio=0 prev_state=S ==> next_comm=rtkit-daemon next_pid=1029 next_prio=120
    rtkit-daemon-1029  [002] d...  1104.807048: sched_switch: prev_comm=rtkit-daemon prev_pid=1029 prev_prio=120 prev_state=S ==> next_comm=kworker/2:2 next_pid=1591 next_prio=120
     kworker/2:2-1591  [002] d...  1104.807111: sched_switch: prev_comm=kworker/2:2 prev_pid=1591 prev_prio=120 prev_state=D ==> next_comm=swapper/2 next_pid=0 next_prio=120
          <idle>-0     [002] d...  1104.807165: sched_switch: prev_comm=swapper/2 prev_pid=0 prev_prio=120 prev_state=R ==> next_comm=kworker/2:2 next_pid=1591 next_prio=120
     kworker/2:2-1591  [002] d...  1104.807200: sched_switch: prev_comm=kworker/2:2 prev_pid=1591 prev_prio=120 prev_state=D ==> next_comm=swapper/2 next_pid=0 next_prio=120
          <idle>-0     [002] d...  1104.807253: sched_switch: prev_comm=swapper/2 prev_pid=0 prev_prio=120 prev_state=R ==> next_comm=kworker/2:2 next_pid=1591 next_prio=120
     kworker/2:2-1591  [002] d...  1104.807277: sched_switch: prev_comm=kworker/2:2 prev_pid=1591 prev_prio=120 prev_state=D ==> next_comm=swapper/2 next_pid=0 next_prio=120
          <idle>-0     [002] d...  1104.807332: sched_switch: prev_comm=swapper/2 prev_pid=0 prev_prio=120 prev_state=R ==> next_comm=kworker/2:2 next_pid=1591 next_prio=120
     kworker/2:2-1591  [002] d...  1104.807356: sched_switch: prev_comm=kworker/2:2 prev_pid=1591 prev_prio=120 prev_state=D ==> next_comm=swapper/2 next_pid=0 next_prio=120
          <idle>-0     [002] d...  1104.807419: sched_switch: prev_comm=swapper/2 prev_pid=0 prev_prio=120 prev_state=R ==> next_comm=rngd next_pid=566 next_prio=120
            rngd-566   [002] d...  1104.807434: sched_switch: prev_comm=rngd prev_pid=566 prev_prio=120 prev_state=S ==> next_comm=kworker/2:2 next_pid=1591 next_prio=120
     kworker/2:2-1591  [002] d...  1104.807457: sched_switch: prev_comm=kworker/2:2 prev_pid=1591 prev_prio=120 prev_state=I ==> next_comm=swapper/2 next_pid=0 next_prio=120
          <idle>-0     [003] d...  1104.823518: sched_switch: prev_comm=swapper/3 prev_pid=0 prev_prio=120 prev_state=R ==> next_comm=kworker/3:2 next_pid=164 next_prio=120
     kworker/3:2-164   [003] d...  1104.823536: sched_switch: prev_comm=kworker/3:2 prev_pid=164 prev_prio=120 prev_state=I ==> next_comm=mosquitto next_pid=461 next_prio=120
       mosquitto-461   [003] d...  1104.823575: sched_switch: prev_comm=mosquitto prev_pid=461 prev_prio=120 prev_state=S ==> next_comm=swapper/3 next_pid=0 next_prio=120
          <idle>-0     [003] d...  1104.857780: sched_switch: prev_comm=swapper/3 prev_pid=0 prev_prio=120 prev_state=R ==> next_comm=mysqld next_pid=753 next_prio=120
          mysqld-753   [003] d...  1104.857810: sched_switch: prev_comm=mysqld prev_pid=753 prev_prio=120 prev_state=S ==> next_comm=mysqld next_pid=759 next_prio=120
          mysqld-759   [003] d...  1104.857855: sched_switch: prev_comm=mysqld prev_pid=759 prev_prio=120 prev_state=S ==> next_comm=mysqld next_pid=758 next_prio=120
          mysqld-758   [003] d...  1104.857881: sched_switch: prev_comm=mysqld prev_pid=758 prev_prio=120 prev_state=S ==> next_comm=mysqld next_pid=760 next_prio=120
          mysqld-760   [003] d...  1104.857920: sched_switch: prev_comm=mysqld prev_pid=760 prev_prio=120 prev_state=S ==> next_comm=swapper/3 next_pid=0 next_prio=120
          <idle>-0     [001] d...  1104.906802: sched_switch: prev_comm=swapper/1 prev_pid=0 prev_prio=120 prev_state=R ==> next_comm=lxpanel next_pid=987 next_prio=120
         lxpanel-987   [001] d...  1104.906958: sched_switch: prev_comm=lxpanel prev_pid=987 prev_prio=120 prev_state=S ==> next_comm=swapper/1 next_pid=0 next_prio=120
          <idle>-0     [003] d...  1104.923684: sched_switch: prev_comm=swapper/3 prev_pid=0 prev_prio=120 prev_state=R ==> next_comm=kworker/3:2 next_pid=164 next_prio=120
     kworker/3:2-164   [003] d...  1104.923702: sched_switch: prev_comm=kworker/3:2 prev_pid=164 prev_prio=120 prev_state=I ==> next_comm=mosquitto next_pid=461 next_prio=120
       mosquitto-461   [003] d...  1104.923745: sched_switch: prev_comm=mosquitto prev_pid=461 prev_prio=120 prev_state=S ==> next_comm=swapper/3 next_pid=0 next_prio=120
          <idle>-0     [000] d...  1105.010420: sched_switch: prev_comm=swapper/0 prev_pid=0 prev_prio=120 prev_state=R ==> next_comm=mysqld next_pid=754 next_prio=120
          mysqld-754   [000] d...  1105.010464: sched_switch: prev_comm=mysqld prev_pid=754 prev_prio=120 prev_state=S ==> next_comm=swapper/0 next_pid=0 next_prio=120
          <idle>-0     [000] d...  1105.010483: sched_switch: prev_comm=swapper/0 prev_pid=0 prev_prio=120 prev_state=R ==> next_comm=mysqld next_pid=761 next_prio=120
          mysqld-761   [000] d...  1105.010507: sched_switch: prev_comm=mysqld prev_pid=761 prev_prio=120 prev_state=S ==> next_comm=swapper/0 next_pid=0 next_prio=120
          <idle>-0     [000] d...  1105.010563: sched_switch: prev_comm=swapper/0 prev_pid=0 prev_prio=120 prev_state=R ==> next_comm=mysqld next_pid=752 next_prio=120
          mysqld-752   [000] d...  1105.010589: sched_switch: prev_comm=mysqld prev_pid=752 prev_prio=120 prev_state=S ==> next_comm=mysqld next_pid=755 next_prio=120
          mysqld-755   [000] d...  1105.010620: sched_switch: prev_comm=mysqld prev_pid=755 prev_prio=120 prev_state=S ==> next_comm=swapper/0 next_pid=0 next_prio=120
          <idle>-0     [000] d...  1105.010644: sched_switch: prev_comm=swapper/0 prev_pid=0 prev_prio=120 prev_state=R ==> next_comm=mysqld next_pid=757 next_prio=120
          mysqld-757   [000] d...  1105.010668: sched_switch: prev_comm=mysqld prev_pid=757 prev_prio=120 prev_state=S ==> next_comm=mysqld next_pid=756 next_prio=120
          mysqld-756   [000] d...  1105.010696: sched_switch: prev_comm=mysqld prev_pid=756 prev_prio=120 prev_state=S ==> next_comm=swapper/0 next_pid=0 next_prio=120
          <idle>-0     [003] d...  1105.023849: sched_switch: prev_comm=swapper/3 prev_pid=0 prev_prio=120 prev_state=R ==> next_comm=kworker/3:2 next_pid=164 next_prio=120
     kworker/3:2-164   [003] d...  1105.023867: sched_switch: prev_comm=kworker/3:2 prev_pid=164 prev_prio=120 prev_state=I ==> next_comm=mosquitto next_pid=461 next_prio=120
       mosquitto-461   [003] d...  1105.023902: sched_switch: prev_comm=mosquitto prev_pid=461 prev_prio=120 prev_state=S ==> next_comm=swapper/3 next_pid=0 next_prio=120
          <idle>-0     [002] d...  1105.053973: sched_switch: prev_comm=swapper/2 prev_pid=0 prev_prio=120 prev_state=R ==> next_comm=rngd next_pid=566 next_prio=120
            rngd-566   [002] d...  1105.053986: sched_switch: prev_comm=rngd prev_pid=566 prev_prio=120 prev_state=S ==> next_comm=swapper/2 next_pid=0 next_prio=120
          <idle>-0     [003] d...  1105.124013: sched_switch: prev_comm=swapper/3 prev_pid=0 prev_prio=120 prev_state=R ==> next_comm=kworker/3:2 next_pid=164 next_prio=120
     kworker/3:2-164   [003] d...  1105.124030: sched_switch: prev_comm=kworker/3:2 prev_pid=164 prev_prio=120 prev_state=I ==> next_comm=mosquitto next_pid=461 next_prio=120
       mosquitto-461   [003] d...  1105.124069: sched_switch: prev_comm=mosquitto prev_pid=461 prev_prio=120 prev_state=S ==> next_comm=swapper/3 next_pid=0 next_prio=120
          <idle>-0     [003] d...  1105.126929: sched_switch: prev_comm=swapper/3 prev_pid=0 prev_prio=120 prev_state=R ==> next_comm=jbd2/mmcblk0p2- next_pid=85 next_prio=120
 jbd2/mmcblk0p2--85    [003] d...  1105.127103: sched_switch: prev_comm=jbd2/mmcblk0p2- prev_pid=85 prev_prio=120 prev_state=R+ ==> next_comm=kworker/3:2H next_pid=109 next_prio=100
    kworker/3:2H-109   [003] d...  1105.127199: sched_switch: prev_comm=kworker/3:2H prev_pid=109 prev_prio=100 prev_state=I ==> next_comm=jbd2/mmcblk0p2- next_pid=85 next_prio=120
 jbd2/mmcblk0p2--85    [003] d...  1105.127211: sched_switch: prev_comm=jbd2/mmcblk0p2- prev_pid=85 prev_prio=120 prev_state=D ==> next_comm=kworker/3:2 next_pid=164 next_prio=120
     kworker/3:2-164   [003] d...  1105.127233: sched_switch: prev_comm=kworker/3:2 prev_pid=164 prev_prio=120 prev_state=I ==> next_comm=swapper/3 next_pid=0 next_prio=120
          <idle>-0     [000] d...  1105.130246: sched_switch: prev_comm=swapper/0 prev_pid=0 prev_prio=120 prev_state=R ==> next_comm=kworker/0:0 next_pid=1388 next_prio=120
     kworker/0:0-1388  [000] d...  1105.130261: sched_switch: prev_comm=kworker/0:0 prev_pid=1388 prev_prio=120 prev_state=I ==> next_comm=kworker/0:2H next_pid=104 next_prio=100
    kworker/0:2H-104   [000] d...  1105.130299: sched_switch: prev_comm=kworker/0:2H prev_pid=104 prev_prio=100 prev_state=D ==> next_comm=ksoftirqd/0 next_pid=9 next_prio=120
     ksoftirqd/0-9     [000] d...  1105.130322: sched_switch: prev_comm=ksoftirqd/0 prev_pid=9 prev_prio=120 prev_state=S ==> next_comm=kworker/0:2H next_pid=104 next_prio=100
    kworker/0:2H-104   [000] d...  1105.130343: sched_switch: prev_comm=kworker/0:2H prev_pid=104 prev_prio=100 prev_state=I ==> next_comm=kworker/0:0 next_pid=1388 next_prio=120
     kworker/0:0-1388  [000] d...  1105.130364: sched_switch: prev_comm=kworker/0:0 prev_pid=1388 prev_prio=120 prev_state=I ==> next_comm=swapper/0 next_pid=0 next_prio=120
          <idle>-0     [003] d...  1105.130372: sched_switch: prev_comm=swapper/3 prev_pid=0 prev_prio=120 prev_state=R ==> next_comm=jbd2/mmcblk0p2- next_pid=85 next_prio=120
 jbd2/mmcblk0p2--85    [003] d...  1105.130434: sched_switch: prev_comm=jbd2/mmcblk0p2- prev_pid=85 prev_prio=120 prev_state=R+ ==> next_comm=kworker/3:2H next_pid=109 next_prio=100
    kworker/3:2H-109   [003] d...  1105.130490: sched_switch: prev_comm=kworker/3:2H prev_pid=109 prev_prio=100 prev_state=I ==> next_comm=kworker/3:2 next_pid=164 next_prio=120
     kworker/3:2-164   [003] d...  1105.130501: sched_switch: prev_comm=kworker/3:2 prev_pid=164 prev_prio=120 prev_state=I ==> next_comm=jbd2/mmcblk0p2- next_pid=85 next_prio=120
 jbd2/mmcblk0p2--85    [003] d...  1105.130521: sched_switch: prev_comm=jbd2/mmcblk0p2- prev_pid=85 prev_prio=120 prev_state=D ==> next_comm=swapper/3 next_pid=0 next_prio=120
          <idle>-0     [000] d...  1105.131447: sched_switch: prev_comm=swapper/0 prev_pid=0 prev_prio=120 prev_state=R ==> next_comm=kworker/0:2H next_pid=104 next_prio=100
    kworker/0:2H-104   [000] d...  1105.131474: sched_switch: prev_comm=kworker/0:2H prev_pid=104 prev_prio=100 prev_state=D ==> next_comm=ksoftirqd/0 next_pid=9 next_prio=120
     ksoftirqd/0-9     [000] d...  1105.131492: sched_switch: prev_comm=ksoftirqd/0 prev_pid=9 prev_prio=120 prev_state=R+ ==> next_comm=kworker/0:2H next_pid=104 next_prio=100
    kworker/0:2H-104   [000] d...  1105.131508: sched_switch: prev_comm=kworker/0:2H prev_pid=104 prev_prio=100 prev_state=I ==> next_comm=kworker/0:0 next_pid=1388 next_prio=120
     kworker/0:0-1388  [000] d...  1105.131517: sched_switch: prev_comm=kworker/0:0 prev_pid=1388 prev_prio=120 prev_state=I ==> next_comm=ksoftirqd/0 next_pid=9 next_prio=120
          <idle>-0     [003] d...  1105.131524: sched_switch: prev_comm=swapper/3 prev_pid=0 prev_prio=120 prev_state=R ==> next_comm=jbd2/mmcblk0p2- next_pid=85 next_prio=120
     ksoftirqd/0-9     [000] d...  1105.131533: sched_switch: prev_comm=ksoftirqd/0 prev_pid=9 prev_prio=120 prev_state=S ==> next_comm=swapper/0 next_pid=0 next_prio=120
 jbd2/mmcblk0p2--85    [003] d...  1105.131554: sched_switch: prev_comm=jbd2/mmcblk0p2- prev_pid=85 prev_prio=120 prev_state=S ==> next_comm=swapper/3 next_pid=0 next_prio=120
          <idle>-0     [000] d...  1105.179261: sched_switch: prev_comm=swapper/0 prev_pid=0 prev_prio=120 prev_state=R ==> next_comm=mysqld next_pid=803 next_prio=120
          mysqld-803   [000] d...  1105.179297: sched_switch: prev_comm=mysqld prev_pid=803 prev_prio=120 prev_state=S ==> next_comm=swapper/0 next_pid=0 next_prio=120
          <idle>-0     [003] d...  1105.224177: sched_switch: prev_comm=swapper/3 prev_pid=0 prev_prio=120 prev_state=R ==> next_comm=kworker/3:2 next_pid=164 next_prio=120
     kworker/3:2-164   [003] d...  1105.224195: sched_switch: prev_comm=kworker/3:2 prev_pid=164 prev_prio=120 prev_state=I ==> next_comm=mosquitto next_pid=461 next_prio=120
       mosquitto-461   [003] d...  1105.224234: sched_switch: prev_comm=mosquitto prev_pid=461 prev_prio=120 prev_state=S ==> next_comm=swapper/3 next_pid=0 next_prio=120
          <idle>-0     [002] d...  1105.285972: sched_switch: prev_comm=swapper/2 prev_pid=0 prev_prio=120 prev_state=R ==> next_comm=rngd next_pid=566 next_prio=120
            rngd-566   [002] d...  1105.285998: sched_switch: prev_comm=rngd prev_pid=566 prev_prio=120 prev_state=S ==> next_comm=swapper/2 next_pid=0 next_prio=120
          <idle>-0     [000] d...  1105.290641: sched_switch: prev_comm=swapper/0 prev_pid=0 prev_prio=120 prev_state=R ==> next_comm=mysqld next_pid=797 next_prio=120
          mysqld-797   [000] d...  1105.290715: sched_switch: prev_comm=mysqld prev_pid=797 prev_prio=120 prev_state=S ==> next_comm=mysqld next_pid=762 next_prio=120
          mysqld-762   [000] d...  1105.290782: sched_switch: prev_comm=mysqld prev_pid=762 prev_prio=120 prev_state=S ==> next_comm=swapper/0 next_pid=0 next_prio=120
          <idle>-0     [003] d...  1105.324343: sched_switch: prev_comm=swapper/3 prev_pid=0 prev_prio=120 prev_state=R ==> next_comm=kworker/3:2 next_pid=164 next_prio=120
     kworker/3:2-164   [003] d...  1105.324361: sched_switch: prev_comm=kworker/3:2 prev_pid=164 prev_prio=120 prev_state=I ==> next_comm=mosquitto next_pid=461 next_prio=120
       mosquitto-461   [003] d...  1105.324396: sched_switch: prev_comm=mosquitto prev_pid=461 prev_prio=120 prev_state=S ==> next_comm=swapper/3 next_pid=0 next_prio=120
          <idle>-0     [003] d...  1105.357885: sched_switch: prev_comm=swapper/3 prev_pid=0 prev_prio=120 prev_state=R ==> next_comm=mysqld next_pid=753 next_prio=120
          mysqld-753   [003] d...  1105.357915: sched_switch: prev_comm=mysqld prev_pid=753 prev_prio=120 prev_state=S ==> next_comm=mysqld next_pid=759 next_prio=120
          mysqld-759   [003] d...  1105.357961: sched_switch: prev_comm=mysqld prev_pid=759 prev_prio=120 prev_state=S ==> next_comm=mysqld next_pid=758 next_prio=120
          mysqld-758   [003] d...  1105.357986: sched_switch: prev_comm=mysqld prev_pid=758 prev_prio=120 prev_state=S ==> next_comm=mysqld next_pid=760 next_prio=120
          mysqld-760   [003] d...  1105.358021: sched_switch: prev_comm=mysqld prev_pid=760 prev_prio=120 prev_state=S ==> next_comm=swapper/3 next_pid=0 next_prio=120
          <idle>-0     [003] d...  1105.424507: sched_switch: prev_comm=swapper/3 prev_pid=0 prev_prio=120 prev_state=R ==> next_comm=kworker/3:2 next_pid=164 next_prio=120
     kworker/3:2-164   [003] d...  1105.424525: sched_switch: prev_comm=kworker/3:2 prev_pid=164 prev_prio=120 prev_state=I ==> next_comm=mosquitto next_pid=461 next_prio=120
       mosquitto-461   [003] d...  1105.424562: sched_switch: prev_comm=mosquitto prev_pid=461 prev_prio=120 prev_state=S ==> next_comm=swapper/3 next_pid=0 next_prio=120
          <idle>-0     [002] d...  1105.446945: sched_switch: prev_comm=swapper/2 prev_pid=0 prev_prio=120 prev_state=R ==> next_comm=kworker/2:2 next_pid=1591 next_prio=120
     kworker/2:2-1591  [002] d...  1105.446986: sched_switch: prev_comm=kworker/2:2 prev_pid=1591 prev_prio=120 prev_state=D ==> next_comm=kworker/2:1 next_pid=33 next_prio=120
     kworker/2:1-33    [002] d...  1105.447000: sched_switch: prev_comm=kworker/2:1 prev_pid=33 prev_prio=120 prev_state=I ==> next_comm=ksoftirqd/2 next_pid=21 next_prio=120
     ksoftirqd/2-21    [002] d...  1105.447026: sched_switch: prev_comm=ksoftirqd/2 prev_pid=21 prev_prio=120 prev_state=S ==> next_comm=kworker/2:1 next_pid=33 next_prio=120
     kworker/2:1-33    [002] d...  1105.447034: sched_switch: prev_comm=kworker/2:1 prev_pid=33 prev_prio=120 prev_state=I ==> next_comm=kworker/2:2 next_pid=1591 next_prio=120
     kworker/2:2-1591  [002] d...  1105.447064: sched_switch: prev_comm=kworker/2:2 prev_pid=1591 prev_prio=120 prev_state=I ==> next_comm=swapper/2 next_pid=0 next_prio=120
          <idle>-0     [001] d...  1105.507571: sched_switch: prev_comm=swapper/1 prev_pid=0 prev_prio=120 prev_state=R ==> next_comm=lxpanel next_pid=987 next_prio=120
         lxpanel-987   [001] d...  1105.507668: sched_switch: prev_comm=lxpanel prev_pid=987 prev_prio=120 prev_state=S ==> next_comm=swapper/1 next_pid=0 next_prio=120
          <idle>-0     [000] d...  1105.510514: sched_switch: prev_comm=swapper/0 prev_pid=0 prev_prio=120 prev_state=R ==> next_comm=mysqld next_pid=754 next_prio=120
          mysqld-754   [000] d...  1105.510543: sched_switch: prev_comm=mysqld prev_pid=754 prev_prio=120 prev_state=S ==> next_comm=swapper/0 next_pid=0 next_prio=120
          <idle>-0     [000] d...  1105.510575: sched_switch: prev_comm=swapper/0 prev_pid=0 prev_prio=120 prev_state=R ==> next_comm=mysqld next_pid=761 next_prio=120
          mysqld-761   [000] d...  1105.510599: sched_switch: prev_comm=mysqld prev_pid=761 prev_prio=120 prev_state=S ==> next_comm=swapper/0 next_pid=0 next_prio=120
          <idle>-0     [000] d...  1105.510660: sched_switch: prev_comm=swapper/0 prev_pid=0 prev_prio=120 prev_state=R ==> next_comm=mysqld next_pid=752 next_prio=120
          mysqld-752   [000] d...  1105.510686: sched_switch: prev_comm=mysqld prev_pid=752 prev_prio=120 prev_state=S ==> next_comm=mysqld next_pid=755 next_prio=120
          mysqld-755   [000] d...  1105.510722: sched_switch: prev_comm=mysqld prev_pid=755 prev_prio=120 prev_state=S ==> next_comm=swapper/0 next_pid=0 next_prio=120
          <idle>-0     [000] d...  1105.510746: sched_switch: prev_comm=swapper/0 prev_pid=0 prev_prio=120 prev_state=R ==> next_comm=mysqld next_pid=757 next_prio=120
          mysqld-757   [000] d...  1105.510772: sched_switch: prev_comm=mysqld prev_pid=757 prev_prio=120 prev_state=S ==> next_comm=mysqld next_pid=756 next_prio=120
          mysqld-756   [000] d...  1105.510801: sched_switch: prev_comm=mysqld prev_pid=756 prev_prio=120 prev_state=S ==> next_comm=swapper/0 next_pid=0 next_prio=120
          <idle>-0     [003] d...  1105.524670: sched_switch: prev_comm=swapper/3 prev_pid=0 prev_prio=120 prev_state=R ==> next_comm=kworker/3:2 next_pid=164 next_prio=120
     kworker/3:2-164   [003] d...  1105.524688: sched_switch: prev_comm=kworker/3:2 prev_pid=164 prev_prio=120 prev_state=I ==> next_comm=mosquitto next_pid=461 next_prio=120
       mosquitto-461   [003] d...  1105.524728: sched_switch: prev_comm=mosquitto prev_pid=461 prev_prio=120 prev_state=S ==> next_comm=swapper/3 next_pid=0 next_prio=120
          <idle>-0     [002] d...  1105.533974: sched_switch: prev_comm=swapper/2 prev_pid=0 prev_prio=120 prev_state=R ==> next_comm=rngd next_pid=566 next_prio=120
            rngd-566   [002] d...  1105.533988: sched_switch: prev_comm=rngd prev_pid=566 prev_prio=120 prev_state=S ==> next_comm=swapper/2 next_pid=0 next_prio=120
          <idle>-0     [001] d...  1105.547708: sched_switch: prev_comm=swapper/1 prev_pid=0 prev_prio=120 prev_state=R ==> next_comm=mysqld next_pid=789 next_prio=120
          mysqld-789   [001] d...  1105.547744: sched_switch: prev_comm=mysqld prev_pid=789 prev_prio=120 prev_state=S ==> next_comm=swapper/1 next_pid=0 next_prio=120
          <idle>-0     [000] d...  1105.606944: sched_switch: prev_comm=swapper/0 prev_pid=0 prev_prio=120 prev_state=R ==> next_comm=kworker/0:0 next_pid=1388 next_prio=120
     kworker/0:0-1388  [000] d...  1105.607025: sched_switch: prev_comm=kworker/0:0 prev_pid=1388 prev_prio=120 prev_state=I ==> next_comm=swapper/0 next_pid=0 next_prio=120
          <idle>-0     [001] d...  1105.607953: sched_switch: prev_comm=swapper/1 prev_pid=0 prev_prio=120 prev_state=R ==> next_comm=mysqld next_pid=790 next_prio=120
          mysqld-790   [001] d...  1105.608046: sched_switch: prev_comm=mysqld prev_pid=790 prev_prio=120 prev_state=S ==> next_comm=swapper/1 next_pid=0 next_prio=120
          <idle>-0     [003] d...  1105.624834: sched_switch: prev_comm=swapper/3 prev_pid=0 prev_prio=120 prev_state=R ==> next_comm=kworker/3:2 next_pid=164 next_prio=120
     kworker/3:2-164   [003] d...  1105.624852: sched_switch: prev_comm=kworker/3:2 prev_pid=164 prev_prio=120 prev_state=I ==> next_comm=mosquitto next_pid=461 next_prio=120
       mosquitto-461   [003] d...  1105.624890: sched_switch: prev_comm=mosquitto prev_pid=461 prev_prio=120 prev_state=S ==> next_comm=swapper/3 next_pid=0 next_prio=120
          <idle>-0     [001] d...  1105.683512: sched_switch: prev_comm=swapper/1 prev_pid=0 prev_prio=120 prev_state=R ==> next_comm=ssh-agent next_pid=936 next_prio=120
       ssh-agent-936   [001] d...  1105.683572: sched_switch: prev_comm=ssh-agent prev_pid=936 prev_prio=120 prev_state=S ==> next_comm=swapper/1 next_pid=0 next_prio=120
          <idle>-0     [003] d...  1105.724997: sched_switch: prev_comm=swapper/3 prev_pid=0 prev_prio=120 prev_state=R ==> next_comm=kworker/3:2 next_pid=164 next_prio=120
     kworker/3:2-164   [003] d...  1105.725014: sched_switch: prev_comm=kworker/3:2 prev_pid=164 prev_prio=120 prev_state=I ==> next_comm=mosquitto next_pid=461 next_prio=120
       mosquitto-461   [003] d...  1105.725050: sched_switch: prev_comm=mosquitto prev_pid=461 prev_prio=120 prev_state=S ==> next_comm=swapper/3 next_pid=0 next_prio=120
          <idle>-0     [003] d...  1105.754734: sched_switch: prev_comm=swapper/3 prev_pid=0 prev_prio=120 prev_state=R ==> next_comm=apache2 next_pid=681 next_prio=120
         apache2-681   [003] d...  1105.754801: sched_switch: prev_comm=apache2 prev_pid=681 prev_prio=120 prev_state=S ==> next_comm=swapper/3 next_pid=0 next_prio=120
          <idle>-0     [002] d...  1105.781848: sched_switch: prev_comm=swapper/2 prev_pid=0 prev_prio=120 prev_state=R ==> next_comm=rngd next_pid=566 next_prio=120
            rngd-566   [002] d...  1105.781860: sched_switch: prev_comm=rngd prev_pid=566 prev_prio=120 prev_state=S ==> next_comm=swapper/2 next_pid=0 next_prio=120
          <idle>-0     [003] d...  1105.825160: sched_switch: prev_comm=swapper/3 prev_pid=0 prev_prio=120 prev_state=R ==> next_comm=kworker/3:2 next_pid=164 next_prio=120
     kworker/3:2-164   [003] d...  1105.825178: sched_switch: prev_comm=kworker/3:2 prev_pid=164 prev_prio=120 prev_state=I ==> next_comm=mosquitto next_pid=461 next_prio=120
       mosquitto-461   [003] d...  1105.825213: sched_switch: prev_comm=mosquitto prev_pid=461 prev_prio=120 prev_state=S ==> next_comm=swapper/3 next_pid=0 next_prio=120
          <idle>-0     [003] d...  1105.857992: sched_switch: prev_comm=swapper/3 prev_pid=0 prev_prio=120 prev_state=R ==> next_comm=mysqld next_pid=753 next_prio=120
          mysqld-753   [003] d...  1105.858019: sched_switch: prev_comm=mysqld prev_pid=753 prev_prio=120 prev_state=S ==> next_comm=mysqld next_pid=759 next_prio=120
          mysqld-759   [003] d...  1105.858062: sched_switch: prev_comm=mysqld prev_pid=759 prev_prio=120 prev_state=S ==> next_comm=mysqld next_pid=758 next_prio=120
          mysqld-758   [003] d...  1105.858087: sched_switch: prev_comm=mysqld prev_pid=758 prev_prio=120 prev_state=S ==> next_comm=mysqld next_pid=760 next_prio=120
          mysqld-760   [003] d...  1105.858117: sched_switch: prev_comm=mysqld prev_pid=760 prev_prio=120 prev_state=S ==> next_comm=swapper/3 next_pid=0 next_prio=120
          <idle>-0     [003] d...  1105.925324: sched_switch: prev_comm=swapper/3 prev_pid=0 prev_prio=120 prev_state=R ==> next_comm=kworker/3:2 next_pid=164 next_prio=120
     kworker/3:2-164   [003] d...  1105.925341: sched_switch: prev_comm=kworker/3:2 prev_pid=164 prev_prio=120 prev_state=I ==> next_comm=mosquitto next_pid=461 next_prio=120
       mosquitto-461   [003] d...  1105.925374: sched_switch: prev_comm=mosquitto prev_pid=461 prev_prio=120 prev_state=S ==> next_comm=swapper/3 next_pid=0 next_prio=120
          <idle>-0     [000] d...  1106.010610: sched_switch: prev_comm=swapper/0 prev_pid=0 prev_prio=120 prev_state=R ==> next_comm=mysqld next_pid=754 next_prio=120
          mysqld-754   [000] d...  1106.010647: sched_switch: prev_comm=mysqld prev_pid=754 prev_prio=120 prev_state=S ==> next_comm=swapper/0 next_pid=0 next_prio=120
          <idle>-0     [000] d...  1106.010665: sched_switch: prev_comm=swapper/0 prev_pid=0 prev_prio=120 prev_state=R ==> next_comm=mysqld next_pid=761 next_prio=120
          mysqld-761   [000] d...  1106.010689: sched_switch: prev_comm=mysqld prev_pid=761 prev_prio=120 prev_state=S ==> next_comm=swapper/0 next_pid=0 next_prio=120
          <idle>-0     [000] d...  1106.010757: sched_switch: prev_comm=swapper/0 prev_pid=0 prev_prio=120 prev_state=R ==> next_comm=mysqld next_pid=752 next_prio=120
          mysqld-752   [000] d...  1106.010782: sched_switch: prev_comm=mysqld prev_pid=752 prev_prio=120 prev_state=S ==> next_comm=mysqld next_pid=755 next_prio=120
          mysqld-755   [000] d...  1106.010813: sched_switch: prev_comm=mysqld prev_pid=755 prev_prio=120 prev_state=S ==> next_comm=swapper/0 next_pid=0 next_prio=120
          <idle>-0     [000] d...  1106.010838: sched_switch: prev_comm=swapper/0 prev_pid=0 prev_prio=120 prev_state=R ==> next_comm=mysqld next_pid=757 next_prio=120
          mysqld-757   [000] d...  1106.010862: sched_switch: prev_comm=mysqld prev_pid=757 prev_prio=120 prev_state=S ==> next_comm=mysqld next_pid=756 next_prio=120
          mysqld-756   [000] d...  1106.010890: sched_switch: prev_comm=mysqld prev_pid=756 prev_prio=120 prev_state=S ==> next_comm=swapper/0 next_pid=0 next_prio=120
          <idle>-0     [003] d...  1106.016952: sched_switch: prev_comm=swapper/3 prev_pid=0 prev_prio=120 prev_state=R ==> next_comm=kworker/3:2 next_pid=164 next_prio=120
     kworker/3:2-164   [003] d...  1106.016967: sched_switch: prev_comm=kworker/3:2 prev_pid=164 prev_prio=120 prev_state=I ==> next_comm=swapper/3 next_pid=0 next_prio=120
          <idle>-0     [003] d...  1106.025487: sched_switch: prev_comm=swapper/3 prev_pid=0 prev_prio=120 prev_state=R ==> next_comm=kworker/3:2 next_pid=164 next_prio=120
     kworker/3:2-164   [003] d...  1106.025504: sched_switch: prev_comm=kworker/3:2 prev_pid=164 prev_prio=120 prev_state=I ==> next_comm=mosquitto next_pid=461 next_prio=120
       mosquitto-461   [003] d...  1106.025538: sched_switch: prev_comm=mosquitto prev_pid=461 prev_prio=120 prev_state=S ==> next_comm=swapper/3 next_pid=0 next_prio=120
          <idle>-0     [002] d...  1106.029848: sched_switch: prev_comm=swapper/2 prev_pid=0 prev_prio=120 prev_state=R ==> next_comm=rngd next_pid=566 next_prio=120
            rngd-566   [002] d...  1106.029860: sched_switch: prev_comm=rngd prev_pid=566 prev_prio=120 prev_state=S ==> next_comm=swapper/2 next_pid=0 next_prio=120
          <idle>-0     [001] d...  1106.108267: sched_switch: prev_comm=swapper/1 prev_pid=0 prev_prio=120 prev_state=R ==> next_comm=lxpanel next_pid=987 next_prio=120
         lxpanel-987   [001] d...  1106.108364: sched_switch: prev_comm=lxpanel prev_pid=987 prev_prio=120 prev_state=S ==> next_comm=swapper/1 next_pid=0 next_prio=120
          <idle>-0     [003] d...  1106.125648: sched_switch: prev_comm=swapper/3 prev_pid=0 prev_prio=120 prev_state=R ==> next_comm=kworker/3:2 next_pid=164 next_prio=120
     kworker/3:2-164   [003] d...  1106.125665: sched_switch: prev_comm=kworker/3:2 prev_pid=164 prev_prio=120 prev_state=I ==> next_comm=mosquitto next_pid=461 next_prio=120
       mosquitto-461   [003] d...  1106.125701: sched_switch: prev_comm=mosquitto prev_pid=461 prev_prio=120 prev_state=S ==> next_comm=swapper/3 next_pid=0 next_prio=120
          <idle>-0     [000] d...  1106.179363: sched_switch: prev_comm=swapper/0 prev_pid=0 prev_prio=120 prev_state=R ==> next_comm=mysqld next_pid=803 next_prio=120
          mysqld-803   [000] d...  1106.179399: sched_switch: prev_comm=mysqld prev_pid=803 prev_prio=120 prev_state=S ==> next_comm=swapper/0 next_pid=0 next_prio=120
          <idle>-0     [003] d...  1106.225810: sched_switch: prev_comm=swapper/3 prev_pid=0 prev_prio=120 prev_state=R ==> next_comm=kworker/3:2 next_pid=164 next_prio=120
     kworker/3:2-164   [003] d...  1106.225826: sched_switch: prev_comm=kworker/3:2 prev_pid=164 prev_prio=120 prev_state=I ==> next_comm=mosquitto next_pid=461 next_prio=120
       mosquitto-461   [003] d...  1106.225860: sched_switch: prev_comm=mosquitto prev_pid=461 prev_prio=120 prev_state=S ==> next_comm=swapper/3 next_pid=0 next_prio=120
          <idle>-0     [002] d...  1106.277847: sched_switch: prev_comm=swapper/2 prev_pid=0 prev_prio=120 prev_state=R ==> next_comm=rngd next_pid=566 next_prio=120
            rngd-566   [002] d...  1106.277863: sched_switch: prev_comm=rngd prev_pid=566 prev_prio=120 prev_state=S ==> next_comm=swapper/2 next_pid=0 next_prio=120
          <idle>-0     [000] d...  1106.290797: sched_switch: prev_comm=swapper/0 prev_pid=0 prev_prio=120 prev_state=R ==> next_comm=mysqld next_pid=762 next_prio=120
          mysqld-762   [000] d...  1106.290845: sched_switch: prev_comm=mysqld prev_pid=762 prev_prio=120 prev_state=S ==> next_comm=mysqld next_pid=797 next_prio=120
          mysqld-797   [000] d...  1106.290907: sched_switch: prev_comm=mysqld prev_pid=797 prev_prio=120 prev_state=S ==> next_comm=mysqld next_pid=762 next_prio=120
          mysqld-762   [000] d...  1106.290949: sched_switch: prev_comm=mysqld prev_pid=762 prev_prio=120 prev_state=S ==> next_comm=swapper/0 next_pid=0 next_prio=120
          <idle>-0     [003] d...  1106.325971: sched_switch: prev_comm=swapper/3 prev_pid=0 prev_prio=120 prev_state=R ==> next_comm=kworker/3:2 next_pid=164 next_prio=120
     kworker/3:2-164   [003] d...  1106.325989: sched_switch: prev_comm=kworker/3:2 prev_pid=164 prev_prio=120 prev_state=I ==> next_comm=mosquitto next_pid=461 next_prio=120
       mosquitto-461   [003] d...  1106.326022: sched_switch: prev_comm=mosquitto prev_pid=461 prev_prio=120 prev_state=S ==> next_comm=swapper/3 next_pid=0 next_prio=120
          <idle>-0     [003] d...  1106.358092: sched_switch: prev_comm=swapper/3 prev_pid=0 prev_prio=120 prev_state=R ==> next_comm=mysqld next_pid=753 next_prio=120
          mysqld-753   [003] d...  1106.358118: sched_switch: prev_comm=mysqld prev_pid=753 prev_prio=120 prev_state=S ==> next_comm=mysqld next_pid=759 next_prio=120
          mysqld-759   [003] d...  1106.358158: sched_switch: prev_comm=mysqld prev_pid=759 prev_prio=120 prev_state=S ==> next_comm=mysqld next_pid=758 next_prio=120
          mysqld-758   [003] d...  1106.358181: sched_switch: prev_comm=mysqld prev_pid=758 prev_prio=120 prev_state=S ==> next_comm=mysqld next_pid=760 next_prio=120
          mysqld-760   [003] d...  1106.358213: sched_switch: prev_comm=mysqld prev_pid=760 prev_prio=120 prev_state=S ==> next_comm=swapper/3 next_pid=0 next_prio=120
          <idle>-0     [003] d...  1106.426134: sched_switch: prev_comm=swapper/3 prev_pid=0 prev_prio=120 prev_state=R ==> next_comm=kworker/3:2 next_pid=164 next_prio=120
     kworker/3:2-164   [003] d...  1106.426151: sched_switch: prev_comm=kworker/3:2 prev_pid=164 prev_prio=120 prev_state=I ==> next_comm=mosquitto next_pid=461 next_prio=120
       mosquitto-461   [003] d...  1106.426187: sched_switch: prev_comm=mosquitto prev_pid=461 prev_prio=120 prev_state=S ==> next_comm=swapper/3 next_pid=0 next_prio=120
          <idle>-0     [002] d...  1106.486956: sched_switch: prev_comm=swapper/2 prev_pid=0 prev_prio=120 prev_state=R ==> next_comm=kworker/2:2 next_pid=1591 next_prio=120
     kworker/2:2-1591  [002] d...  1106.486998: sched_switch: prev_comm=kworker/2:2 prev_pid=1591 prev_prio=120 prev_state=D ==> next_comm=kworker/2:1 next_pid=33 next_prio=120
     kworker/2:1-33    [002] d...  1106.487016: sched_switch: prev_comm=kworker/2:1 prev_pid=33 prev_prio=120 prev_state=I ==> next_comm=ksoftirqd/2 next_pid=21 next_prio=120
     ksoftirqd/2-21    [002] d...  1106.487042: sched_switch: prev_comm=ksoftirqd/2 prev_pid=21 prev_prio=120 prev_state=S ==> next_comm=kworker/2:1 next_pid=33 next_prio=120
     kworker/2:1-33    [002] d...  1106.487050: sched_switch: prev_comm=kworker/2:1 prev_pid=33 prev_prio=120 prev_state=I ==> next_comm=kworker/2:2 next_pid=1591 next_prio=120
     kworker/2:2-1591  [002] d...  1106.487080: sched_switch: prev_comm=kworker/2:2 prev_pid=1591 prev_prio=120 prev_state=I ==> next_comm=swapper/2 next_pid=0 next_prio=120
          <idle>-0     [000] d...  1106.510704: sched_switch: prev_comm=swapper/0 prev_pid=0 prev_prio=120 prev_state=R ==> next_comm=mysqld next_pid=754 next_prio=120
          mysqld-754   [000] d...  1106.510738: sched_switch: prev_comm=mysqld prev_pid=754 prev_prio=120 prev_state=S ==> next_comm=swapper/0 next_pid=0 next_prio=120
          <idle>-0     [000] d...  1106.510756: sched_switch: prev_comm=swapper/0 prev_pid=0 prev_prio=120 prev_state=R ==> next_comm=mysqld next_pid=761 next_prio=120
          mysqld-761   [000] d...  1106.510779: sched_switch: prev_comm=mysqld prev_pid=761 prev_prio=120 prev_state=S ==> next_comm=swapper/0 next_pid=0 next_prio=120
          <idle>-0     [000] d...  1106.510853: sched_switch: prev_comm=swapper/0 prev_pid=0 prev_prio=120 prev_state=R ==> next_comm=mysqld next_pid=752 next_prio=120
          mysqld-752   [000] d...  1106.510877: sched_switch: prev_comm=mysqld prev_pid=752 prev_prio=120 prev_state=S ==> next_comm=mysqld next_pid=755 next_prio=120
          mysqld-755   [000] d...  1106.510908: sched_switch: prev_comm=mysqld prev_pid=755 prev_prio=120 prev_state=S ==> next_comm=swapper/0 next_pid=0 next_prio=120
          <idle>-0     [000] d...  1106.510931: sched_switch: prev_comm=swapper/0 prev_pid=0 prev_prio=120 prev_state=R ==> next_comm=mysqld next_pid=756 next_prio=120
          mysqld-756   [000] d...  1106.510954: sched_switch: prev_comm=mysqld prev_pid=756 prev_prio=120 prev_state=S ==> next_comm=mysqld next_pid=757 next_prio=120
          mysqld-757   [000] d...  1106.510982: sched_switch: prev_comm=mysqld prev_pid=757 prev_prio=120 prev_state=S ==> next_comm=swapper/0 next_pid=0 next_prio=120
          <idle>-0     [002] d...  1106.525846: sched_switch: prev_comm=swapper/2 prev_pid=0 prev_prio=120 prev_state=R ==> next_comm=rngd next_pid=566 next_prio=120
            rngd-566   [002] d...  1106.525860: sched_switch: prev_comm=rngd prev_pid=566 prev_prio=120 prev_state=S ==> next_comm=swapper/2 next_pid=0 next_prio=120
          <idle>-0     [003] d...  1106.526297: sched_switch: prev_comm=swapper/3 prev_pid=0 prev_prio=120 prev_state=R ==> next_comm=kworker/3:2 next_pid=164 next_prio=120
     kworker/3:2-164   [003] d...  1106.526314: sched_switch: prev_comm=kworker/3:2 prev_pid=164 prev_prio=120 prev_state=I ==> next_comm=mosquitto next_pid=461 next_prio=120
       mosquitto-461   [003] d...  1106.526353: sched_switch: prev_comm=mosquitto prev_pid=461 prev_prio=120 prev_state=S ==> next_comm=swapper/3 next_pid=0 next_prio=120
          <idle>-0     [001] d...  1106.547811: sched_switch: prev_comm=swapper/1 prev_pid=0 prev_prio=120 prev_state=R ==> next_comm=mysqld next_pid=789 next_prio=120
          mysqld-789   [001] d...  1106.547843: sched_switch: prev_comm=mysqld prev_pid=789 prev_prio=120 prev_state=S ==> next_comm=swapper/1 next_pid=0 next_prio=120
          <idle>-0     [001] d...  1106.608115: sched_switch: prev_comm=swapper/1 prev_pid=0 prev_prio=120 prev_state=R ==> next_comm=mysqld next_pid=790 next_prio=120
          mysqld-790   [001] d...  1106.608211: sched_switch: prev_comm=mysqld prev_pid=790 prev_prio=120 prev_state=S ==> next_comm=swapper/1 next_pid=0 next_prio=120
          <idle>-0     [003] d...  1106.626459: sched_switch: prev_comm=swapper/3 prev_pid=0 prev_prio=120 prev_state=R ==> next_comm=kworker/3:2 next_pid=164 next_prio=120
     kworker/3:2-164   [003] d...  1106.626476: sched_switch: prev_comm=kworker/3:2 prev_pid=164 prev_prio=120 prev_state=I ==> next_comm=mosquitto next_pid=461 next_prio=120
       mosquitto-461   [003] d...  1106.626512: sched_switch: prev_comm=mosquitto prev_pid=461 prev_prio=120 prev_state=S ==> next_comm=swapper/3 next_pid=0 next_prio=120
          <idle>-0     [001] d...  1106.708963: sched_switch: prev_comm=swapper/1 prev_pid=0 prev_prio=120 prev_state=R ==> next_comm=lxpanel next_pid=987 next_prio=120
         lxpanel-987   [001] d...  1106.709039: sched_switch: prev_comm=lxpanel prev_pid=987 prev_prio=120 prev_state=S ==> next_comm=swapper/1 next_pid=0 next_prio=120
          <idle>-0     [003] d...  1106.726620: sched_switch: prev_comm=swapper/3 prev_pid=0 prev_prio=120 prev_state=R ==> next_comm=kworker/3:2 next_pid=164 next_prio=120
     kworker/3:2-164   [003] d...  1106.726637: sched_switch: prev_comm=kworker/3:2 prev_pid=164 prev_prio=120 prev_state=I ==> next_comm=mosquitto next_pid=461 next_prio=120
       mosquitto-461   [003] d...  1106.726670: sched_switch: prev_comm=mosquitto prev_pid=461 prev_prio=120 prev_state=S ==> next_comm=swapper/3 next_pid=0 next_prio=120
          <idle>-0     [003] d...  1106.755819: sched_switch: prev_comm=swapper/3 prev_pid=0 prev_prio=120 prev_state=R ==> next_comm=apache2 next_pid=681 next_prio=120
         apache2-681   [003] d...  1106.755868: sched_switch: prev_comm=apache2 prev_pid=681 prev_prio=120 prev_state=S ==> next_comm=swapper/3 next_pid=0 next_prio=120
          <idle>-0     [002] d...  1106.773845: sched_switch: prev_comm=swapper/2 prev_pid=0 prev_prio=120 prev_state=R ==> next_comm=rngd next_pid=566 next_prio=120
            rngd-566   [002] d...  1106.773870: sched_switch: prev_comm=rngd prev_pid=566 prev_prio=120 prev_state=S ==> next_comm=swapper/2 next_pid=0 next_prio=120
          <idle>-0     [003] d...  1106.826782: sched_switch: prev_comm=swapper/3 prev_pid=0 prev_prio=120 prev_state=R ==> next_comm=kworker/3:2 next_pid=164 next_prio=120
     kworker/3:2-164   [003] d...  1106.826800: sched_switch: prev_comm=kworker/3:2 prev_pid=164 prev_prio=120 prev_state=I ==> next_comm=mosquitto next_pid=461 next_prio=120
       mosquitto-461   [003] d...  1106.826835: sched_switch: prev_comm=mosquitto prev_pid=461 prev_prio=120 prev_state=S ==> next_comm=swapper/3 next_pid=0 next_prio=120
          <idle>-0     [003] d...  1106.858195: sched_switch: prev_comm=swapper/3 prev_pid=0 prev_prio=120 prev_state=R ==> next_comm=mysqld next_pid=753 next_prio=120
          mysqld-753   [003] d...  1106.858220: sched_switch: prev_comm=mysqld prev_pid=753 prev_prio=120 prev_state=S ==> next_comm=mysqld next_pid=759 next_prio=120
          mysqld-759   [003] d...  1106.858262: sched_switch: prev_comm=mysqld prev_pid=759 prev_prio=120 prev_state=S ==> next_comm=mysqld next_pid=758 next_prio=120
          mysqld-758   [003] d...  1106.858285: sched_switch: prev_comm=mysqld prev_pid=758 prev_prio=120 prev_state=S ==> next_comm=mysqld next_pid=760 next_prio=120
          mysqld-760   [003] d...  1106.858315: sched_switch: prev_comm=mysqld prev_pid=760 prev_prio=120 prev_state=S ==> next_comm=swapper/3 next_pid=0 next_prio=120
          <idle>-0     [002] d...  1106.886955: sched_switch: prev_comm=swapper/2 prev_pid=0 prev_prio=120 prev_state=R ==> next_comm=kworker/2:2 next_pid=1591 next_prio=120
     kworker/2:2-1591  [002] d...  1106.887008: sched_switch: prev_comm=kworker/2:2 prev_pid=1591 prev_prio=120 prev_state=D ==> next_comm=swapper/2 next_pid=0 next_prio=120
          <idle>-0     [002] d...  1106.887064: sched_switch: prev_comm=swapper/2 prev_pid=0 prev_prio=120 prev_state=R ==> next_comm=kworker/2:2 next_pid=1591 next_prio=120
     kworker/2:2-1591  [002] d...  1106.887094: sched_switch: prev_comm=kworker/2:2 prev_pid=1591 prev_prio=120 prev_state=D ==> next_comm=swapper/2 next_pid=0 next_prio=120
          <idle>-0     [002] d...  1106.887150: sched_switch: prev_comm=swapper/2 prev_pid=0 prev_prio=120 prev_state=R ==> next_comm=kworker/2:2 next_pid=1591 next_prio=120
     kworker/2:2-1591  [002] d...  1106.887174: sched_switch: prev_comm=kworker/2:2 prev_pid=1591 prev_prio=120 prev_state=D ==> next_comm=swapper/2 next_pid=0 next_prio=120
          <idle>-0     [002] d...  1106.887229: sched_switch: prev_comm=swapper/2 prev_pid=0 prev_prio=120 prev_state=R ==> next_comm=kworker/2:2 next_pid=1591 next_prio=120
     kworker/2:2-1591  [002] d...  1106.887253: sched_switch: prev_comm=kworker/2:2 prev_pid=1591 prev_prio=120 prev_state=D ==> next_comm=swapper/2 next_pid=0 next_prio=120
          <idle>-0     [002] d...  1106.887308: sched_switch: prev_comm=swapper/2 prev_pid=0 prev_prio=120 prev_state=R ==> next_comm=kworker/2:2 next_pid=1591 next_prio=120
     kworker/2:2-1591  [002] d...  1106.887324: sched_switch: prev_comm=kworker/2:2 prev_pid=1591 prev_prio=120 prev_state=I ==> next_comm=swapper/2 next_pid=0 next_prio=120
          <idle>-0     [003] d...  1106.926951: sched_switch: prev_comm=swapper/3 prev_pid=0 prev_prio=120 prev_state=R ==> next_comm=kworker/3:2 next_pid=164 next_prio=120
     kworker/3:2-164   [003] d...  1106.926968: sched_switch: prev_comm=kworker/3:2 prev_pid=164 prev_prio=120 prev_state=I ==> next_comm=mosquitto next_pid=461 next_prio=120
       mosquitto-461   [003] d...  1106.927004: sched_switch: prev_comm=mosquitto prev_pid=461 prev_prio=120 prev_state=S ==> next_comm=swapper/3 next_pid=0 next_prio=120
          <idle>-0     [002] d...  1106.981848: sched_switch: prev_comm=swapper/2 prev_pid=0 prev_prio=120 prev_state=R ==> next_comm=rngd next_pid=566 next_prio=120
            rngd-566   [002] d...  1106.981871: sched_switch: prev_comm=rngd prev_pid=566 prev_prio=120 prev_state=S ==> next_comm=swapper/2 next_pid=0 next_prio=120
          <idle>-0     [000] d...  1107.010804: sched_switch: prev_comm=swapper/0 prev_pid=0 prev_prio=120 prev_state=R ==> next_comm=mysqld next_pid=761 next_prio=120
          mysqld-761   [000] d...  1107.010831: sched_switch: prev_comm=mysqld prev_pid=761 prev_prio=120 prev_state=S ==> next_comm=mysqld next_pid=754 next_prio=120
          mysqld-754   [000] d...  1107.010864: sched_switch: prev_comm=mysqld prev_pid=754 prev_prio=120 prev_state=S ==> next_comm=swapper/0 next_pid=0 next_prio=120
          <idle>-0     [000] d...  1107.010949: sched_switch: prev_comm=swapper/0 prev_pid=0 prev_prio=120 prev_state=R ==> next_comm=mysqld next_pid=752 next_prio=120
          mysqld-752   [000] d...  1107.010973: sched_switch: prev_comm=mysqld prev_pid=752 prev_prio=120 prev_state=S ==> next_comm=mysqld next_pid=755 next_prio=120
          mysqld-755   [000] d...  1107.011001: sched_switch: prev_comm=mysqld prev_pid=755 prev_prio=120 prev_state=S ==> next_comm=swapper/0 next_pid=0 next_prio=120
          <idle>-0     [000] d...  1107.011024: sched_switch: prev_comm=swapper/0 prev_pid=0 prev_prio=120 prev_state=R ==> next_comm=mysqld next_pid=757 next_prio=120
          mysqld-757   [000] d...  1107.011046: sched_switch: prev_comm=mysqld prev_pid=757 prev_prio=120 prev_state=S ==> next_comm=mysqld next_pid=756 next_prio=120
          mysqld-756   [000] d...  1107.011076: sched_switch: prev_comm=mysqld prev_pid=756 prev_prio=120 prev_state=S ==> next_comm=swapper/0 next_pid=0 next_prio=120
          <idle>-0     [003] d...  1107.027117: sched_switch: prev_comm=swapper/3 prev_pid=0 prev_prio=120 prev_state=R ==> next_comm=kworker/3:2 next_pid=164 next_prio=120
     kworker/3:2-164   [003] d...  1107.027135: sched_switch: prev_comm=kworker/3:2 prev_pid=164 prev_prio=120 prev_state=I ==> next_comm=mosquitto next_pid=461 next_prio=120
       mosquitto-461   [003] d...  1107.027170: sched_switch: prev_comm=mosquitto prev_pid=461 prev_prio=120 prev_state=S ==> next_comm=swapper/3 next_pid=0 next_prio=120
          <idle>-0     [003] d...  1107.127285: sched_switch: prev_comm=swapper/3 prev_pid=0 prev_prio=120 prev_state=R ==> next_comm=kworker/3:2 next_pid=164 next_prio=120
     kworker/3:2-164   [003] d...  1107.127302: sched_switch: prev_comm=kworker/3:2 prev_pid=164 prev_prio=120 prev_state=I ==> next_comm=mosquitto next_pid=461 next_prio=120
       mosquitto-461   [003] d...  1107.127336: sched_switch: prev_comm=mosquitto prev_pid=461 prev_prio=120 prev_state=S ==> next_comm=swapper/3 next_pid=0 next_prio=120
          <idle>-0     [000] d...  1107.179461: sched_switch: prev_comm=swapper/0 prev_pid=0 prev_prio=120 prev_state=R ==> next_comm=mysqld next_pid=803 next_prio=120
          mysqld-803   [000] d...  1107.179491: sched_switch: prev_comm=mysqld prev_pid=803 prev_prio=120 prev_state=S ==> next_comm=swapper/0 next_pid=0 next_prio=120
          <idle>-0     [003] d...  1107.227450: sched_switch: prev_comm=swapper/3 prev_pid=0 prev_prio=120 prev_state=R ==> next_comm=kworker/3:2 next_pid=164 next_prio=120
     kworker/3:2-164   [003] d...  1107.227468: sched_switch: prev_comm=kworker/3:2 prev_pid=164 prev_prio=120 prev_state=I ==> next_comm=mosquitto next_pid=461 next_prio=120
       mosquitto-461   [003] d...  1107.227502: sched_switch: prev_comm=mosquitto prev_pid=461 prev_prio=120 prev_state=S ==> next_comm=swapper/3 next_pid=0 next_prio=120
          <idle>-0     [002] d...  1107.229845: sched_switch: prev_comm=swapper/2 prev_pid=0 prev_prio=120 prev_state=R ==> next_comm=rngd next_pid=566 next_prio=120
