            rngd-566   [002] d...  1107.229866: sched_switch: prev_comm=rngd prev_pid=566 prev_prio=120 prev_state=S ==> next_comm=swapper/2 next_pid=0 next_prio=120
          <idle>-0     [000] d...  1107.290005: sched_switch: prev_comm=swapper/0 prev_pid=0 prev_prio=120 prev_state=R ==> next_comm=mysqld next_pid=762 next_prio=120
          mysqld-762   [000] d...  1107.290052: sched_switch: prev_comm=mysqld prev_pid=762 prev_prio=120 prev_state=S ==> next_comm=swapper/0 next_pid=0 next_prio=120
          <idle>-0     [000] d...  1107.290980: sched_switch: prev_comm=swapper/0 prev_pid=0 prev_prio=120 prev_state=R ==> next_comm=mysqld next_pid=797 next_prio=120
          mysqld-797   [000] d...  1107.291039: sched_switch: prev_comm=mysqld prev_pid=797 prev_prio=120 prev_state=S ==> next_comm=mysqld next_pid=762 next_prio=120
          mysqld-762   [000] d...  1107.291081: sched_switch: prev_comm=mysqld prev_pid=762 prev_prio=120 prev_state=S ==> next_comm=swapper/0 next_pid=0 next_prio=120
          <idle>-0     [001] d...  1107.309640: sched_switch: prev_comm=swapper/1 prev_pid=0 prev_prio=120 prev_state=R ==> next_comm=lxpanel next_pid=987 next_prio=120
         lxpanel-987   [001] d...  1107.309699: sched_switch: prev_comm=lxpanel prev_pid=987 prev_prio=120 prev_state=S ==> next_comm=swapper/1 next_pid=0 next_prio=120
          <idle>-0     [003] d...  1107.327615: sched_switch: prev_comm=swapper/3 prev_pid=0 prev_prio=120 prev_state=R ==> next_comm=kworker/3:2 next_pid=164 next_prio=120
     kworker/3:2-164   [003] d...  1107.327633: sched_switch: prev_comm=kworker/3:2 prev_pid=164 prev_prio=120 prev_state=I ==> next_comm=mosquitto next_pid=461 next_prio=120
       mosquitto-461   [003] d...  1107.327671: sched_switch: prev_comm=mosquitto prev_pid=461 prev_prio=120 prev_state=S ==> next_comm=swapper/3 next_pid=0 next_prio=120
          <idle>-0     [001] d...  1107.328000: sched_switch: prev_comm=swapper/1 prev_pid=0 prev_prio=120 prev_state=R ==> next_comm=irq/86-mmc1 next_pid=80 next_prio=49
     irq/86-mmc1-80    [001] d...  1107.328035: sched_switch: prev_comm=irq/86-mmc1 prev_pid=80 prev_prio=49 prev_state=D ==> next_comm=swapper/1 next_pid=0 next_prio=120
          <idle>-0     [001] d...  1107.328059: sched_switch: prev_comm=swapper/1 prev_pid=0 prev_prio=120 prev_state=R ==> next_comm=irq/86-mmc1 next_pid=80 next_prio=49
     irq/86-mmc1-80    [001] d...  1107.328094: sched_switch: prev_comm=irq/86-mmc1 prev_pid=80 prev_prio=49 prev_state=D ==> next_comm=swapper/1 next_pid=0 next_prio=120
          <idle>-0     [001] d...  1107.328118: sched_switch: prev_comm=swapper/1 prev_pid=0 prev_prio=120 prev_state=R ==> next_comm=irq/86-mmc1 next_pid=80 next_prio=49
     irq/86-mmc1-80    [001] d...  1107.328142: sched_switch: prev_comm=irq/86-mmc1 prev_pid=80 prev_prio=49 prev_state=D ==> next_comm=swapper/1 next_pid=0 next_prio=120
          <idle>-0     [001] d...  1107.328165: sched_switch: prev_comm=swapper/1 prev_pid=0 prev_prio=120 prev_state=R ==> next_comm=irq/86-mmc1 next_pid=80 next_prio=49
     irq/86-mmc1-80    [001] d...  1107.328191: sched_switch: prev_comm=irq/86-mmc1 prev_pid=80 prev_prio=49 prev_state=S ==> next_comm=swapper/1 next_pid=0 next_prio=120
          <idle>-0     [003] d...  1107.328193: sched_switch: prev_comm=swapper/3 prev_pid=0 prev_prio=120 prev_state=R ==> next_comm=kworker/u8:2 next_pid=1381 next_prio=120
    kworker/u8:2-1381  [003] d...  1107.328220: sched_switch: prev_comm=kworker/u8:2 prev_pid=1381 prev_prio=120 prev_state=D ==> next_comm=swapper/3 next_pid=0 next_prio=120
          <idle>-0     [003] d...  1107.328245: sched_switch: prev_comm=swapper/3 prev_pid=0 prev_prio=120 prev_state=R ==> next_comm=kworker/u8:2 next_pid=1381 next_prio=120
    kworker/u8:2-1381  [003] d...  1107.328257: sched_switch: prev_comm=kworker/u8:2 prev_pid=1381 prev_prio=120 prev_state=D ==> next_comm=swapper/3 next_pid=0 next_prio=120
          <idle>-0     [001] d...  1107.328708: sched_switch: prev_comm=swapper/1 prev_pid=0 prev_prio=120 prev_state=R ==> next_comm=irq/86-mmc1 next_pid=80 next_prio=49
     irq/86-mmc1-80    [001] d...  1107.328718: sched_switch: prev_comm=irq/86-mmc1 prev_pid=80 prev_prio=49 prev_state=D ==> next_comm=swapper/1 next_pid=0 next_prio=120
          <idle>-0     [003] d...  1107.331268: sched_switch: prev_comm=swapper/3 prev_pid=0 prev_prio=120 prev_state=R ==> next_comm=kworker/u8:2 next_pid=1381 next_prio=120
    kworker/u8:2-1381  [003] d...  1107.331284: sched_switch: prev_comm=kworker/u8:2 prev_pid=1381 prev_prio=120 prev_state=D ==> next_comm=swapper/3 next_pid=0 next_prio=120
          <idle>-0     [003] d...  1107.331307: sched_switch: prev_comm=swapper/3 prev_pid=0 prev_prio=120 prev_state=R ==> next_comm=kworker/u8:2 next_pid=1381 next_prio=120
          <idle>-0     [001] d...  1107.331330: sched_switch: prev_comm=swapper/1 prev_pid=0 prev_prio=120 prev_state=R ==> next_comm=irq/86-mmc1 next_pid=80 next_prio=49
     irq/86-mmc1-80    [001] d...  1107.331338: sched_switch: prev_comm=irq/86-mmc1 prev_pid=80 prev_prio=49 prev_state=D ==> next_comm=swapper/1 next_pid=0 next_prio=120
    kworker/u8:2-1381  [003] d...  1107.331349: sched_switch: prev_comm=kworker/u8:2 prev_pid=1381 prev_prio=120 prev_state=D ==> next_comm=swapper/3 next_pid=0 next_prio=120
          <idle>-0     [003] d...  1107.331375: sched_switch: prev_comm=swapper/3 prev_pid=0 prev_prio=120 prev_state=R ==> next_comm=kworker/u8:2 next_pid=1381 next_prio=120
    kworker/u8:2-1381  [003] d...  1107.331409: sched_switch: prev_comm=kworker/u8:2 prev_pid=1381 prev_prio=120 prev_state=D ==> next_comm=swapper/3 next_pid=0 next_prio=120
          <idle>-0     [003] d...  1107.331433: sched_switch: prev_comm=swapper/3 prev_pid=0 prev_prio=120 prev_state=R ==> next_comm=kworker/u8:2 next_pid=1381 next_prio=120
          <idle>-0     [001] d...  1107.331454: sched_switch: prev_comm=swapper/1 prev_pid=0 prev_prio=120 prev_state=R ==> next_comm=irq/86-mmc1 next_pid=80 next_prio=49
     irq/86-mmc1-80    [001] d...  1107.331472: sched_switch: prev_comm=irq/86-mmc1 prev_pid=80 prev_prio=49 prev_state=D ==> next_comm=swapper/1 next_pid=0 next_prio=120
          <idle>-0     [001] d...  1107.331494: sched_switch: prev_comm=swapper/1 prev_pid=0 prev_prio=120 prev_state=R ==> next_comm=irq/86-mmc1 next_pid=80 next_prio=49
    kworker/u8:2-1381  [003] d...  1107.331519: sched_switch: prev_comm=kworker/u8:2 prev_pid=1381 prev_prio=120 prev_state=D ==> next_comm=swapper/3 next_pid=0 next_prio=120
     irq/86-mmc1-80    [001] d...  1107.331531: sched_switch: prev_comm=irq/86-mmc1 prev_pid=80 prev_prio=49 prev_state=D ==> next_comm=avahi-daemon next_pid=340 next_prio=120
    avahi-daemon-340   [001] d...  1107.331578: sched_switch: prev_comm=avahi-daemon prev_pid=340 prev_prio=120 prev_state=R ==> next_comm=irq/86-mmc1 next_pid=80 next_prio=49
     irq/86-mmc1-80    [001] d...  1107.331604: sched_switch: prev_comm=irq/86-mmc1 prev_pid=80 prev_prio=49 prev_state=D ==> next_comm=avahi-daemon next_pid=340 next_prio=120
    avahi-daemon-340   [001] d...  1107.331621: sched_switch: prev_comm=avahi-daemon prev_pid=340 prev_prio=120 prev_state=R ==> next_comm=irq/86-mmc1 next_pid=80 next_prio=49
     irq/86-mmc1-80    [001] d...  1107.331648: sched_switch: prev_comm=irq/86-mmc1 prev_pid=80 prev_prio=49 prev_state=S ==> next_comm=kworker/u8:0 next_pid=1583 next_prio=120
          <idle>-0     [003] d...  1107.331651: sched_switch: prev_comm=swapper/3 prev_pid=0 prev_prio=120 prev_state=R ==> next_comm=kworker/u8:2 next_pid=1381 next_prio=120
    kworker/u8:0-1583  [001] d...  1107.331660: sched_switch: prev_comm=kworker/u8:0 prev_pid=1583 prev_prio=120 prev_state=I ==> next_comm=avahi-daemon next_pid=340 next_prio=120
    kworker/u8:2-1381  [003] d...  1107.331688: sched_switch: prev_comm=kworker/u8:2 prev_pid=1381 prev_prio=120 prev_state=D ==> next_comm=swapper/3 next_pid=0 next_prio=120
          <idle>-0     [003] d...  1107.331715: sched_switch: prev_comm=swapper/3 prev_pid=0 prev_prio=120 prev_state=R ==> next_comm=kworker/u8:2 next_pid=1381 next_prio=120
    kworker/u8:2-1381  [003] d...  1107.331744: sched_switch: prev_comm=kworker/u8:2 prev_pid=1381 prev_prio=120 prev_state=D ==> next_comm=swapper/3 next_pid=0 next_prio=120
          <idle>-0     [003] d...  1107.331770: sched_switch: prev_comm=swapper/3 prev_pid=0 prev_prio=120 prev_state=R ==> next_comm=kworker/u8:2 next_pid=1381 next_prio=120
    kworker/u8:2-1381  [003] d...  1107.331849: sched_switch: prev_comm=kworker/u8:2 prev_pid=1381 prev_prio=120 prev_state=R+ ==> next_comm=sshd next_pid=1228 next_prio=120
    avahi-daemon-340   [001] d...  1107.331893: sched_switch: prev_comm=avahi-daemon prev_pid=340 prev_prio=120 prev_state=S ==> next_comm=swapper/1 next_pid=0 next_prio=120
          <idle>-0     [001] d...  1107.332025: sched_switch: prev_comm=swapper/1 prev_pid=0 prev_prio=120 prev_state=R ==> next_comm=kworker/u8:0 next_pid=1583 next_prio=120
            sshd-1228  [003] d...  1107.332052: sched_switch: prev_comm=sshd prev_pid=1228 prev_prio=120 prev_state=S ==> next_comm=kworker/u8:2 next_pid=1381 next_prio=120
    kworker/u8:0-1583  [001] d...  1107.332065: sched_switch: prev_comm=kworker/u8:0 prev_pid=1583 prev_prio=120 prev_state=I ==> next_comm=bash next_pid=1255 next_prio=120
    kworker/u8:2-1381  [003] d...  1107.332082: sched_switch: prev_comm=kworker/u8:2 prev_pid=1381 prev_prio=120 prev_state=D ==> next_comm=swapper/3 next_pid=0 next_prio=120
          <idle>-0     [003] d...  1107.332111: sched_switch: prev_comm=swapper/3 prev_pid=0 prev_prio=120 prev_state=R ==> next_comm=kworker/u8:2 next_pid=1381 next_prio=120
    kworker/u8:2-1381  [003] d...  1107.332140: sched_switch: prev_comm=kworker/u8:2 prev_pid=1381 prev_prio=120 prev_state=D ==> next_comm=swapper/3 next_pid=0 next_prio=120
          <idle>-0     [003] d...  1107.332167: sched_switch: prev_comm=swapper/3 prev_pid=0 prev_prio=120 prev_state=R ==> next_comm=kworker/u8:2 next_pid=1381 next_prio=120
            bash-1255  [001] d...  1107.332169: sched_switch: prev_comm=bash prev_pid=1255 prev_prio=120 prev_state=R ==> next_comm=kworker/u8:0 next_pid=1583 next_prio=120
    kworker/u8:0-1583  [001] d...  1107.332189: sched_switch: prev_comm=kworker/u8:0 prev_pid=1583 prev_prio=120 prev_state=I ==> next_comm=bash next_pid=1255 next_prio=120
    kworker/u8:2-1381  [003] d...  1107.332214: sched_switch: prev_comm=kworker/u8:2 prev_pid=1381 prev_prio=120 prev_state=R+ ==> next_comm=sshd next_pid=1228 next_prio=120
            bash-1255  [001] d...  1107.332230: sched_switch: prev_comm=bash prev_pid=1255 prev_prio=120 prev_state=S ==> next_comm=swapper/1 next_pid=0 next_prio=120
          <idle>-0     [001] d...  1107.332396: sched_switch: prev_comm=swapper/1 prev_pid=0 prev_prio=120 prev_state=R ==> next_comm=kworker/u8:0 next_pid=1583 next_prio=120
    kworker/u8:0-1583  [001] d...  1107.332417: sched_switch: prev_comm=kworker/u8:0 prev_pid=1583 prev_prio=120 prev_state=I ==> next_comm=bash next_pid=1255 next_prio=120
            sshd-1228  [003] d...  1107.332467: sched_switch: prev_comm=sshd prev_pid=1228 prev_prio=120 prev_state=S ==> next_comm=kworker/u8:2 next_pid=1381 next_prio=120
            bash-1255  [001] d...  1107.332474: sched_switch: prev_comm=bash prev_pid=1255 prev_prio=120 prev_state=R ==> next_comm=kworker/u8:0 next_pid=1583 next_prio=120
    kworker/u8:0-1583  [001] d...  1107.332491: sched_switch: prev_comm=kworker/u8:0 prev_pid=1583 prev_prio=120 prev_state=I ==> next_comm=bash next_pid=1255 next_prio=120
    kworker/u8:2-1381  [003] d...  1107.332504: sched_switch: prev_comm=kworker/u8:2 prev_pid=1381 prev_prio=120 prev_state=R+ ==> next_comm=sshd next_pid=1228 next_prio=120
            bash-1255  [001] d...  1107.332522: sched_switch: prev_comm=bash prev_pid=1255 prev_prio=120 prev_state=S ==> next_comm=swapper/1 next_pid=0 next_prio=120
            sshd-1228  [003] d...  1107.332605: sched_switch: prev_comm=sshd prev_pid=1228 prev_prio=120 prev_state=S ==> next_comm=kworker/u8:2 next_pid=1381 next_prio=120
    kworker/u8:2-1381  [003] d...  1107.332634: sched_switch: prev_comm=kworker/u8:2 prev_pid=1381 prev_prio=120 prev_state=D ==> next_comm=swapper/3 next_pid=0 next_prio=120
          <idle>-0     [003] d...  1107.332663: sched_switch: prev_comm=swapper/3 prev_pid=0 prev_prio=120 prev_state=R ==> next_comm=kworker/u8:2 next_pid=1381 next_prio=120
    kworker/u8:2-1381  [003] d...  1107.332750: sched_switch: prev_comm=kworker/u8:2 prev_pid=1381 prev_prio=120 prev_state=D ==> next_comm=swapper/3 next_pid=0 next_prio=120
          <idle>-0     [003] d...  1107.332778: sched_switch: prev_comm=swapper/3 prev_pid=0 prev_prio=120 prev_state=R ==> next_comm=kworker/u8:2 next_pid=1381 next_prio=120
    kworker/u8:2-1381  [003] d...  1107.332809: sched_switch: prev_comm=kworker/u8:2 prev_pid=1381 prev_prio=120 prev_state=D ==> next_comm=swapper/3 next_pid=0 next_prio=120
          <idle>-0     [003] d...  1107.332834: sched_switch: prev_comm=swapper/3 prev_pid=0 prev_prio=120 prev_state=R ==> next_comm=kworker/u8:2 next_pid=1381 next_prio=120
    kworker/u8:2-1381  [003] d...  1107.332894: sched_switch: prev_comm=kworker/u8:2 prev_pid=1381 prev_prio=120 prev_state=R+ ==> next_comm=sshd next_pid=1228 next_prio=120
          <idle>-0     [001] d...  1107.332994: sched_switch: prev_comm=swapper/1 prev_pid=0 prev_prio=120 prev_state=R ==> next_comm=kworker/u8:0 next_pid=1583 next_prio=120
            sshd-1228  [003] d...  1107.333011: sched_switch: prev_comm=sshd prev_pid=1228 prev_prio=120 prev_state=S ==> next_comm=kworker/u8:2 next_pid=1381 next_prio=120
    kworker/u8:0-1583  [001] d...  1107.333016: sched_switch: prev_comm=kworker/u8:0 prev_pid=1583 prev_prio=120 prev_state=I ==> next_comm=bash next_pid=1255 next_prio=120
    kworker/u8:2-1381  [003] d...  1107.333040: sched_switch: prev_comm=kworker/u8:2 prev_pid=1381 prev_prio=120 prev_state=D ==> next_comm=swapper/3 next_pid=0 next_prio=120
          <idle>-0     [003] d...  1107.333068: sched_switch: prev_comm=swapper/3 prev_pid=0 prev_prio=120 prev_state=R ==> next_comm=kworker/u8:2 next_pid=1381 next_prio=120
            bash-1255  [001] d...  1107.333070: sched_switch: prev_comm=bash prev_pid=1255 prev_prio=120 prev_state=R ==> next_comm=kworker/u8:0 next_pid=1583 next_prio=120
    kworker/u8:0-1583  [001] d...  1107.333088: sched_switch: prev_comm=kworker/u8:0 prev_pid=1583 prev_prio=120 prev_state=I ==> next_comm=bash next_pid=1255 next_prio=120
    kworker/u8:2-1381  [003] d...  1107.333103: sched_switch: prev_comm=kworker/u8:2 prev_pid=1381 prev_prio=120 prev_state=R+ ==> next_comm=sshd next_pid=1228 next_prio=120
            bash-1255  [001] d...  1107.333120: sched_switch: prev_comm=bash prev_pid=1255 prev_prio=120 prev_state=S ==> next_comm=swapper/1 next_pid=0 next_prio=120
            sshd-1228  [003] d...  1107.333198: sched_switch: prev_comm=sshd prev_pid=1228 prev_prio=120 prev_state=S ==> next_comm=kworker/u8:2 next_pid=1381 next_prio=120
    kworker/u8:2-1381  [003] d...  1107.333277: sched_switch: prev_comm=kworker/u8:2 prev_pid=1381 prev_prio=120 prev_state=D ==> next_comm=swapper/3 next_pid=0 next_prio=120
          <idle>-0     [003] d...  1107.333306: sched_switch: prev_comm=swapper/3 prev_pid=0 prev_prio=120 prev_state=R ==> next_comm=kworker/u8:2 next_pid=1381 next_prio=120
    kworker/u8:2-1381  [003] d...  1107.333359: sched_switch: prev_comm=kworker/u8:2 prev_pid=1381 prev_prio=120 prev_state=D ==> next_comm=swapper/3 next_pid=0 next_prio=120
          <idle>-0     [003] d...  1107.333441: sched_switch: prev_comm=swapper/3 prev_pid=0 prev_prio=120 prev_state=R ==> next_comm=kworker/u8:2 next_pid=1381 next_prio=120
    kworker/u8:2-1381  [003] d...  1107.333509: sched_switch: prev_comm=kworker/u8:2 prev_pid=1381 prev_prio=120 prev_state=R+ ==> next_comm=ksoftirqd/3 next_pid=26 next_prio=120
     ksoftirqd/3-26    [003] d...  1107.333526: sched_switch: prev_comm=ksoftirqd/3 prev_pid=26 prev_prio=120 prev_state=S ==> next_comm=kworker/u8:2 next_pid=1381 next_prio=120
    kworker/u8:2-1381  [003] d...  1107.333559: sched_switch: prev_comm=kworker/u8:2 prev_pid=1381 prev_prio=120 prev_state=D ==> next_comm=swapper/3 next_pid=0 next_prio=120
          <idle>-0     [003] d...  1107.333587: sched_switch: prev_comm=swapper/3 prev_pid=0 prev_prio=120 prev_state=R ==> next_comm=kworker/u8:2 next_pid=1381 next_prio=120
    kworker/u8:2-1381  [003] d...  1107.333621: sched_switch: prev_comm=kworker/u8:2 prev_pid=1381 prev_prio=120 prev_state=D ==> next_comm=swapper/3 next_pid=0 next_prio=120
          <idle>-0     [003] d...  1107.333657: sched_switch: prev_comm=swapper/3 prev_pid=0 prev_prio=120 prev_state=R ==> next_comm=kworker/u8:2 next_pid=1381 next_prio=120
    kworker/u8:2-1381  [003] d...  1107.333676: sched_switch: prev_comm=kworker/u8:2 prev_pid=1381 prev_prio=120 prev_state=I ==> next_comm=swapper/3 next_pid=0 next_prio=120
          <idle>-0     [001] d...  1107.334820: sched_switch: prev_comm=swapper/1 prev_pid=0 prev_prio=120 prev_state=R ==> next_comm=irq/86-mmc1 next_pid=80 next_prio=49
     irq/86-mmc1-80    [001] d...  1107.334855: sched_switch: prev_comm=irq/86-mmc1 prev_pid=80 prev_prio=49 prev_state=D ==> next_comm=swapper/1 next_pid=0 next_prio=120
          <idle>-0     [001] d...  1107.334868: sched_switch: prev_comm=swapper/1 prev_pid=0 prev_prio=120 prev_state=R ==> next_comm=irq/86-mmc1 next_pid=80 next_prio=49
     irq/86-mmc1-80    [001] d...  1107.334894: sched_switch: prev_comm=irq/86-mmc1 prev_pid=80 prev_prio=49 prev_state=D ==> next_comm=swapper/1 next_pid=0 next_prio=120
          <idle>-0     [001] d...  1107.334918: sched_switch: prev_comm=swapper/1 prev_pid=0 prev_prio=120 prev_state=R ==> next_comm=irq/86-mmc1 next_pid=80 next_prio=49
     irq/86-mmc1-80    [001] d...  1107.334943: sched_switch: prev_comm=irq/86-mmc1 prev_pid=80 prev_prio=49 prev_state=D ==> next_comm=swapper/1 next_pid=0 next_prio=120
          <idle>-0     [001] d...  1107.334974: sched_switch: prev_comm=swapper/1 prev_pid=0 prev_prio=120 prev_state=R ==> next_comm=irq/86-mmc1 next_pid=80 next_prio=49
          <idle>-0     [002] d...  1107.334974: sched_switch: prev_comm=swapper/2 prev_pid=0 prev_prio=120 prev_state=R ==> next_comm=rngd next_pid=566 next_prio=120
            rngd-566   [002] d...  1107.334988: sched_switch: prev_comm=rngd prev_pid=566 prev_prio=120 prev_state=S ==> next_comm=swapper/2 next_pid=0 next_prio=120
     irq/86-mmc1-80    [001] d...  1107.334993: sched_switch: prev_comm=irq/86-mmc1 prev_pid=80 prev_prio=49 prev_state=S ==> next_comm=swapper/1 next_pid=0 next_prio=120
          <idle>-0     [003] d...  1107.334996: sched_switch: prev_comm=swapper/3 prev_pid=0 prev_prio=120 prev_state=R ==> next_comm=kworker/u8:2 next_pid=1381 next_prio=120
    kworker/u8:2-1381  [003] d...  1107.335031: sched_switch: prev_comm=kworker/u8:2 prev_pid=1381 prev_prio=120 prev_state=D ==> next_comm=swapper/3 next_pid=0 next_prio=120
          <idle>-0     [001] d...  1107.335052: sched_switch: prev_comm=swapper/1 prev_pid=0 prev_prio=120 prev_state=R ==> next_comm=irq/86-mmc1 next_pid=80 next_prio=49
          <idle>-0     [003] d...  1107.335060: sched_switch: prev_comm=swapper/3 prev_pid=0 prev_prio=120 prev_state=R ==> next_comm=kworker/u8:2 next_pid=1381 next_prio=120
     irq/86-mmc1-80    [001] d...  1107.335064: sched_switch: prev_comm=irq/86-mmc1 prev_pid=80 prev_prio=49 prev_state=D ==> next_comm=swapper/1 next_pid=0 next_prio=120
    kworker/u8:2-1381  [003] d...  1107.335089: sched_switch: prev_comm=kworker/u8:2 prev_pid=1381 prev_prio=120 prev_state=D ==> next_comm=swapper/3 next_pid=0 next_prio=120
          <idle>-0     [003] d...  1107.335113: sched_switch: prev_comm=swapper/3 prev_pid=0 prev_prio=120 prev_state=R ==> next_comm=kworker/u8:2 next_pid=1381 next_prio=120
          <idle>-0     [001] d...  1107.335132: sched_switch: prev_comm=swapper/1 prev_pid=0 prev_prio=120 prev_state=R ==> next_comm=irq/86-mmc1 next_pid=80 next_prio=49
     irq/86-mmc1-80    [001] d...  1107.335150: sched_switch: prev_comm=irq/86-mmc1 prev_pid=80 prev_prio=49 prev_state=D ==> next_comm=swapper/1 next_pid=0 next_prio=120
    kworker/u8:2-1381  [003] d...  1107.335159: sched_switch: prev_comm=kworker/u8:2 prev_pid=1381 prev_prio=120 prev_state=D ==> next_comm=swapper/3 next_pid=0 next_prio=120
          <idle>-0     [001] d...  1107.335172: sched_switch: prev_comm=swapper/1 prev_pid=0 prev_prio=120 prev_state=R ==> next_comm=irq/86-mmc1 next_pid=80 next_prio=49
     irq/86-mmc1-80    [001] d...  1107.335197: sched_switch: prev_comm=irq/86-mmc1 prev_pid=80 prev_prio=49 prev_state=D ==> next_comm=swapper/1 next_pid=0 next_prio=120
          <idle>-0     [001] d...  1107.335219: sched_switch: prev_comm=swapper/1 prev_pid=0 prev_prio=120 prev_state=R ==> next_comm=irq/86-mmc1 next_pid=80 next_prio=49
     irq/86-mmc1-80    [001] d...  1107.335242: sched_switch: prev_comm=irq/86-mmc1 prev_pid=80 prev_prio=49 prev_state=D ==> next_comm=swapper/1 next_pid=0 next_prio=120
          <idle>-0     [001] d...  1107.335265: sched_switch: prev_comm=swapper/1 prev_pid=0 prev_prio=120 prev_state=R ==> next_comm=irq/86-mmc1 next_pid=80 next_prio=49
     irq/86-mmc1-80    [001] d...  1107.335291: sched_switch: prev_comm=irq/86-mmc1 prev_pid=80 prev_prio=49 prev_state=S ==> next_comm=kworker/u8:0 next_pid=1583 next_prio=120
          <idle>-0     [003] d...  1107.335295: sched_switch: prev_comm=swapper/3 prev_pid=0 prev_prio=120 prev_state=R ==> next_comm=kworker/u8:2 next_pid=1381 next_prio=120
    kworker/u8:0-1583  [001] d...  1107.335299: sched_switch: prev_comm=kworker/u8:0 prev_pid=1583 prev_prio=120 prev_state=I ==> next_comm=swapper/1 next_pid=0 next_prio=120
    kworker/u8:2-1381  [003] d...  1107.335322: sched_switch: prev_comm=kworker/u8:2 prev_pid=1381 prev_prio=120 prev_state=D ==> next_comm=swapper/3 next_pid=0 next_prio=120
          <idle>-0     [003] d...  1107.335347: sched_switch: prev_comm=swapper/3 prev_pid=0 prev_prio=120 prev_state=R ==> next_comm=kworker/u8:2 next_pid=1381 next_prio=120
    kworker/u8:2-1381  [003] d...  1107.335374: sched_switch: prev_comm=kworker/u8:2 prev_pid=1381 prev_prio=120 prev_state=D ==> next_comm=swapper/3 next_pid=0 next_prio=120
          <idle>-0     [003] d...  1107.335399: sched_switch: prev_comm=swapper/3 prev_pid=0 prev_prio=120 prev_state=R ==> next_comm=kworker/u8:2 next_pid=1381 next_prio=120
    kworker/u8:2-1381  [003] d...  1107.335455: sched_switch: prev_comm=kworker/u8:2 prev_pid=1381 prev_prio=120 prev_state=D ==> next_comm=swapper/3 next_pid=0 next_prio=120
          <idle>-0     [003] d...  1107.335482: sched_switch: prev_comm=swapper/3 prev_pid=0 prev_prio=120 prev_state=R ==> next_comm=kworker/u8:2 next_pid=1381 next_prio=120
    kworker/u8:2-1381  [003] d...  1107.335519: sched_switch: prev_comm=kworker/u8:2 prev_pid=1381 prev_prio=120 prev_state=D ==> next_comm=swapper/3 next_pid=0 next_prio=120
          <idle>-0     [003] d...  1107.335544: sched_switch: prev_comm=swapper/3 prev_pid=0 prev_prio=120 prev_state=R ==> next_comm=kworker/u8:2 next_pid=1381 next_prio=120
    kworker/u8:2-1381  [003] d...  1107.335560: sched_switch: prev_comm=kworker/u8:2 prev_pid=1381 prev_prio=120 prev_state=I ==> next_comm=swapper/3 next_pid=0 next_prio=120
          <idle>-0     [002] d...  1107.346973: sched_switch: prev_comm=swapper/2 prev_pid=0 prev_prio=120 prev_state=R ==> next_comm=brcmf_wdog/mmc1 next_pid=263 next_prio=120
 brcmf_wdog/mmc1-263   [002] d...  1107.346986: sched_switch: prev_comm=brcmf_wdog/mmc1 prev_pid=263 prev_prio=120 prev_state=S ==> next_comm=swapper/2 next_pid=0 next_prio=120
          <idle>-0     [003] d...  1107.346987: sched_switch: prev_comm=swapper/3 prev_pid=0 prev_prio=120 prev_state=R ==> next_comm=sendmail-mta next_pid=1270 next_prio=120
    sendmail-mta-1270  [003] d...  1107.347313: sched_switch: prev_comm=sendmail-mta prev_pid=1270 prev_prio=120 prev_state=S ==> next_comm=swapper/3 next_pid=0 next_prio=120
          <idle>-0     [000] d...  1107.356979: sched_switch: prev_comm=swapper/0 prev_pid=0 prev_prio=120 prev_state=R ==> next_comm=rcu_sched next_pid=10 next_prio=120
       rcu_sched-10    [000] d...  1107.357001: sched_switch: prev_comm=rcu_sched prev_pid=10 prev_prio=120 prev_state=I ==> next_comm=swapper/0 next_pid=0 next_prio=120
          <idle>-0     [003] d...  1107.358294: sched_switch: prev_comm=swapper/3 prev_pid=0 prev_prio=120 prev_state=R ==> next_comm=mysqld next_pid=753 next_prio=120
          mysqld-753   [003] d...  1107.358337: sched_switch: prev_comm=mysqld prev_pid=753 prev_prio=120 prev_state=S ==> next_comm=mysqld next_pid=759 next_prio=120
          mysqld-759   [003] d...  1107.358385: sched_switch: prev_comm=mysqld prev_pid=759 prev_prio=120 prev_state=S ==> next_comm=mysqld next_pid=758 next_prio=120
          mysqld-758   [003] d...  1107.358410: sched_switch: prev_comm=mysqld prev_pid=758 prev_prio=120 prev_state=S ==> next_comm=mysqld next_pid=760 next_prio=120
          mysqld-760   [003] d...  1107.358461: sched_switch: prev_comm=mysqld prev_pid=760 prev_prio=120 prev_state=S ==> next_comm=swapper/3 next_pid=0 next_prio=120
          <idle>-0     [002] d...  1107.366952: sched_switch: prev_comm=swapper/2 prev_pid=0 prev_prio=120 prev_state=R ==> next_comm=brcmf_wdog/mmc1 next_pid=263 next_prio=120
 brcmf_wdog/mmc1-263   [002] d...  1107.366974: sched_switch: prev_comm=brcmf_wdog/mmc1 prev_pid=263 prev_prio=120 prev_state=D ==> next_comm=swapper/2 next_pid=0 next_prio=120
          <idle>-0     [002] d...  1107.366999: sched_switch: prev_comm=swapper/2 prev_pid=0 prev_prio=120 prev_state=R ==> next_comm=brcmf_wdog/mmc1 next_pid=263 next_prio=120
 brcmf_wdog/mmc1-263   [002] d...  1107.367016: sched_switch: prev_comm=brcmf_wdog/mmc1 prev_pid=263 prev_prio=120 prev_state=D ==> next_comm=swapper/2 next_pid=0 next_prio=120
          <idle>-0     [002] d...  1107.367039: sched_switch: prev_comm=swapper/2 prev_pid=0 prev_prio=120 prev_state=R ==> next_comm=brcmf_wdog/mmc1 next_pid=263 next_prio=120
 brcmf_wdog/mmc1-263   [002] d...  1107.367054: sched_switch: prev_comm=brcmf_wdog/mmc1 prev_pid=263 prev_prio=120 prev_state=D ==> next_comm=swapper/2 next_pid=0 next_prio=120
          <idle>-0     [002] d...  1107.367077: sched_switch: prev_comm=swapper/2 prev_pid=0 prev_prio=120 prev_state=R ==> next_comm=brcmf_wdog/mmc1 next_pid=263 next_prio=120
 brcmf_wdog/mmc1-263   [002] d...  1107.367089: sched_switch: prev_comm=brcmf_wdog/mmc1 prev_pid=263 prev_prio=120 prev_state=S ==> next_comm=swapper/2 next_pid=0 next_prio=120
          <idle>-0     [001] d...  1107.369958: sched_switch: prev_comm=swapper/1 prev_pid=0 prev_prio=120 prev_state=R ==> next_comm=irq/86-mmc1 next_pid=80 next_prio=49
     irq/86-mmc1-80    [001] d...  1107.369979: sched_switch: prev_comm=irq/86-mmc1 prev_pid=80 prev_prio=49 prev_state=D ==> next_comm=swapper/1 next_pid=0 next_prio=120
          <idle>-0     [001] d...  1107.370001: sched_switch: prev_comm=swapper/1 prev_pid=0 prev_prio=120 prev_state=R ==> next_comm=irq/86-mmc1 next_pid=80 next_prio=49
     irq/86-mmc1-80    [001] d...  1107.370027: sched_switch: prev_comm=irq/86-mmc1 prev_pid=80 prev_prio=49 prev_state=D ==> next_comm=swapper/1 next_pid=0 next_prio=120
          <idle>-0     [001] d...  1107.370050: sched_switch: prev_comm=swapper/1 prev_pid=0 prev_prio=120 prev_state=R ==> next_comm=irq/86-mmc1 next_pid=80 next_prio=49
     irq/86-mmc1-80    [001] d...  1107.370075: sched_switch: prev_comm=irq/86-mmc1 prev_pid=80 prev_prio=49 prev_state=D ==> next_comm=swapper/1 next_pid=0 next_prio=120
          <idle>-0     [001] d...  1107.370097: sched_switch: prev_comm=swapper/1 prev_pid=0 prev_prio=120 prev_state=R ==> next_comm=irq/86-mmc1 next_pid=80 next_prio=49
     irq/86-mmc1-80    [001] d...  1107.370118: sched_switch: prev_comm=irq/86-mmc1 prev_pid=80 prev_prio=49 prev_state=S ==> next_comm=swapper/1 next_pid=0 next_prio=120
          <idle>-0     [003] d...  1107.370118: sched_switch: prev_comm=swapper/3 prev_pid=0 prev_prio=120 prev_state=R ==> next_comm=kworker/u8:2 next_pid=1381 next_prio=120
    kworker/u8:2-1381  [003] d...  1107.370142: sched_switch: prev_comm=kworker/u8:2 prev_pid=1381 prev_prio=120 prev_state=D ==> next_comm=swapper/3 next_pid=0 next_prio=120
          <idle>-0     [003] d...  1107.370158: sched_switch: prev_comm=swapper/3 prev_pid=0 prev_prio=120 prev_state=R ==> next_comm=kworker/u8:2 next_pid=1381 next_prio=120
    kworker/u8:2-1381  [003] d...  1107.370170: sched_switch: prev_comm=kworker/u8:2 prev_pid=1381 prev_prio=120 prev_state=D ==> next_comm=swapper/3 next_pid=0 next_prio=120
          <idle>-0     [003] d...  1107.373178: sched_switch: prev_comm=swapper/3 prev_pid=0 prev_prio=120 prev_state=R ==> next_comm=kworker/u8:2 next_pid=1381 next_prio=120
    kworker/u8:2-1381  [003] d...  1107.373192: sched_switch: prev_comm=kworker/u8:2 prev_pid=1381 prev_prio=120 prev_state=D ==> next_comm=swapper/3 next_pid=0 next_prio=120
          <idle>-0     [003] d...  1107.373208: sched_switch: prev_comm=swapper/3 prev_pid=0 prev_prio=120 prev_state=R ==> next_comm=kworker/u8:2 next_pid=1381 next_prio=120
    kworker/u8:2-1381  [003] d...  1107.373241: sched_switch: prev_comm=kworker/u8:2 prev_pid=1381 prev_prio=120 prev_state=D ==> next_comm=swapper/3 next_pid=0 next_prio=120
          <idle>-0     [003] d...  1107.373262: sched_switch: prev_comm=swapper/3 prev_pid=0 prev_prio=120 prev_state=R ==> next_comm=kworker/u8:2 next_pid=1381 next_prio=120
    kworker/u8:2-1381  [003] d...  1107.373290: sched_switch: prev_comm=kworker/u8:2 prev_pid=1381 prev_prio=120 prev_state=D ==> next_comm=swapper/3 next_pid=0 next_prio=120
          <idle>-0     [003] d...  1107.373311: sched_switch: prev_comm=swapper/3 prev_pid=0 prev_prio=120 prev_state=R ==> next_comm=kworker/u8:2 next_pid=1381 next_prio=120
    kworker/u8:2-1381  [003] d...  1107.373368: sched_switch: prev_comm=kworker/u8:2 prev_pid=1381 prev_prio=120 prev_state=R+ ==> next_comm=sshd next_pid=1228 next_prio=120
          <idle>-0     [001] d...  1107.373507: sched_switch: prev_comm=swapper/1 prev_pid=0 prev_prio=120 prev_state=R ==> next_comm=kworker/u8:0 next_pid=1583 next_prio=120
            sshd-1228  [003] d...  1107.373528: sched_switch: prev_comm=sshd prev_pid=1228 prev_prio=120 prev_state=S ==> next_comm=kworker/u8:2 next_pid=1381 next_prio=120
    kworker/u8:0-1583  [001] d...  1107.373533: sched_switch: prev_comm=kworker/u8:0 prev_pid=1583 prev_prio=120 prev_state=I ==> next_comm=bash next_pid=1255 next_prio=120
    kworker/u8:2-1381  [003] d...  1107.373581: sched_switch: prev_comm=kworker/u8:2 prev_pid=1381 prev_prio=120 prev_state=D ==> next_comm=swapper/3 next_pid=0 next_prio=120
          <idle>-0     [003] d...  1107.373596: sched_switch: prev_comm=swapper/3 prev_pid=0 prev_prio=120 prev_state=R ==> next_comm=kworker/u8:2 next_pid=1381 next_prio=120
    kworker/u8:2-1381  [003] d...  1107.373612: sched_switch: prev_comm=kworker/u8:2 prev_pid=1381 prev_prio=120 prev_state=I ==> next_comm=swapper/3 next_pid=0 next_prio=120
          <idle>-0     [003] d...  1107.373997: sched_switch: prev_comm=swapper/3 prev_pid=0 prev_prio=120 prev_state=R ==> next_comm=kworker/u8:2 next_pid=1381 next_prio=120
    kworker/u8:2-1381  [003] d...  1107.374018: sched_switch: prev_comm=kworker/u8:2 prev_pid=1381 prev_prio=120 prev_state=R+ ==> next_comm=sshd next_pid=1228 next_prio=120
            bash-1255  [001] d...  1107.374029: sched_switch: prev_comm=bash prev_pid=1255 prev_prio=120 prev_state=S ==> next_comm=swapper/1 next_pid=0 next_prio=120
            sshd-1228  [003] d...  1107.374098: sched_switch: prev_comm=sshd prev_pid=1228 prev_prio=120 prev_state=D ==> next_comm=kworker/u8:2 next_pid=1381 next_prio=120
          <idle>-0     [001] d...  1107.374100: sched_switch: prev_comm=swapper/1 prev_pid=0 prev_prio=120 prev_state=R ==> next_comm=kworker/u8:0 next_pid=1583 next_prio=120
    kworker/u8:2-1381  [003] d...  1107.374114: sched_switch: prev_comm=kworker/u8:2 prev_pid=1381 prev_prio=120 prev_state=R+ ==> next_comm=sshd next_pid=1228 next_prio=120
    kworker/u8:0-1583  [001] d...  1107.374120: sched_switch: prev_comm=kworker/u8:0 prev_pid=1583 prev_prio=120 prev_state=I ==> next_comm=swapper/1 next_pid=0 next_prio=120
          <idle>-0     [001] d...  1107.374206: sched_switch: prev_comm=swapper/1 prev_pid=0 prev_prio=120 prev_state=R ==> next_comm=kworker/u8:0 next_pid=1583 next_prio=120
            sshd-1228  [003] d...  1107.374236: sched_switch: prev_comm=sshd prev_pid=1228 prev_prio=120 prev_state=S ==> next_comm=kworker/u8:2 next_pid=1381 next_prio=120
    kworker/u8:0-1583  [001] d...  1107.374256: sched_switch: prev_comm=kworker/u8:0 prev_pid=1583 prev_prio=120 prev_state=D ==> next_comm=swapper/1 next_pid=0 next_prio=120
    kworker/u8:2-1381  [003] d...  1107.374259: sched_switch: prev_comm=kworker/u8:2 prev_pid=1381 prev_prio=120 prev_state=I ==> next_comm=swapper/3 next_pid=0 next_prio=120
          <idle>-0     [001] d...  1107.374281: sched_switch: prev_comm=swapper/1 prev_pid=0 prev_prio=120 prev_state=R ==> next_comm=kworker/u8:0 next_pid=1583 next_prio=120
    kworker/u8:0-1583  [001] d...  1107.374299: sched_switch: prev_comm=kworker/u8:0 prev_pid=1583 prev_prio=120 prev_state=I ==> next_comm=swapper/1 next_pid=0 next_prio=120
          <idle>-0     [001] d...  1107.376973: sched_switch: prev_comm=swapper/1 prev_pid=0 prev_prio=120 prev_state=R ==> next_comm=kworker/1:3 next_pid=469 next_prio=120
          <idle>-0     [000] d...  1107.376983: sched_switch: prev_comm=swapper/0 prev_pid=0 prev_prio=120 prev_state=R ==> next_comm=kworker/0:0 next_pid=1388 next_prio=120
     kworker/1:3-469   [001] d...  1107.377001: sched_switch: prev_comm=kworker/1:3 prev_pid=469 prev_prio=120 prev_state=I ==> next_comm=swapper/1 next_pid=0 next_prio=120
     kworker/0:0-1388  [000] d...  1107.377011: sched_switch: prev_comm=kworker/0:0 prev_pid=1388 prev_prio=120 prev_state=I ==> next_comm=rcu_sched next_pid=10 next_prio=120
       rcu_sched-10    [000] d...  1107.377042: sched_switch: prev_comm=rcu_sched prev_pid=10 prev_prio=120 prev_state=I ==> next_comm=swapper/0 next_pid=0 next_prio=120
          <idle>-0     [001] d...  1107.384750: sched_switch: prev_comm=swapper/1 prev_pid=0 prev_prio=120 prev_state=R ==> next_comm=irq/86-mmc1 next_pid=80 next_prio=49
     irq/86-mmc1-80    [001] d...  1107.384772: sched_switch: prev_comm=irq/86-mmc1 prev_pid=80 prev_prio=49 prev_state=D ==> next_comm=swapper/1 next_pid=0 next_prio=120
          <idle>-0     [001] d...  1107.384786: sched_switch: prev_comm=swapper/1 prev_pid=0 prev_prio=120 prev_state=R ==> next_comm=irq/86-mmc1 next_pid=80 next_prio=49
     irq/86-mmc1-80    [001] d...  1107.384811: sched_switch: prev_comm=irq/86-mmc1 prev_pid=80 prev_prio=49 prev_state=D ==> next_comm=swapper/1 next_pid=0 next_prio=120
          <idle>-0     [001] d...  1107.384829: sched_switch: prev_comm=swapper/1 prev_pid=0 prev_prio=120 prev_state=R ==> next_comm=irq/86-mmc1 next_pid=80 next_prio=49
     irq/86-mmc1-80    [001] d...  1107.384852: sched_switch: prev_comm=irq/86-mmc1 prev_pid=80 prev_prio=49 prev_state=D ==> next_comm=swapper/1 next_pid=0 next_prio=120
          <idle>-0     [001] d...  1107.384871: sched_switch: prev_comm=swapper/1 prev_pid=0 prev_prio=120 prev_state=R ==> next_comm=irq/86-mmc1 next_pid=80 next_prio=49
     irq/86-mmc1-80    [001] d...  1107.384894: sched_switch: prev_comm=irq/86-mmc1 prev_pid=80 prev_prio=49 prev_state=S ==> next_comm=kworker/u8:0 next_pid=1583 next_prio=120
    kworker/u8:0-1583  [001] d...  1107.384940: sched_switch: prev_comm=kworker/u8:0 prev_pid=1583 prev_prio=120 prev_state=D ==> next_comm=swapper/1 next_pid=0 next_prio=120
          <idle>-0     [001] d...  1107.384957: sched_switch: prev_comm=swapper/1 prev_pid=0 prev_prio=120 prev_state=R ==> next_comm=kworker/u8:0 next_pid=1583 next_prio=120
    kworker/u8:0-1583  [001] d...  1107.384985: sched_switch: prev_comm=kworker/u8:0 prev_pid=1583 prev_prio=120 prev_state=D ==> next_comm=swapper/1 next_pid=0 next_prio=120
          <idle>-0     [001] d...  1107.385005: sched_switch: prev_comm=swapper/1 prev_pid=0 prev_prio=120 prev_state=R ==> next_comm=kworker/u8:0 next_pid=1583 next_prio=120
    kworker/u8:0-1583  [001] d...  1107.385086: sched_switch: prev_comm=kworker/u8:0 prev_pid=1583 prev_prio=120 prev_state=D ==> next_comm=swapper/1 next_pid=0 next_prio=120
          <idle>-0     [001] d...  1107.385106: sched_switch: prev_comm=swapper/1 prev_pid=0 prev_prio=120 prev_state=R ==> next_comm=kworker/u8:0 next_pid=1583 next_prio=120
    kworker/u8:0-1583  [001] d...  1107.385120: sched_switch: prev_comm=kworker/u8:0 prev_pid=1583 prev_prio=120 prev_state=I ==> next_comm=swapper/1 next_pid=0 next_prio=120
          <idle>-0     [002] d...  1107.396948: sched_switch: prev_comm=swapper/2 prev_pid=0 prev_prio=120 prev_state=R ==> next_comm=brcmf_wdog/mmc1 next_pid=263 next_prio=120
 brcmf_wdog/mmc1-263   [002] d...  1107.396957: sched_switch: prev_comm=brcmf_wdog/mmc1 prev_pid=263 prev_prio=120 prev_state=S ==> next_comm=swapper/2 next_pid=0 next_prio=120
          <idle>-0     [000] d...  1107.396961: sched_switch: prev_comm=swapper/0 prev_pid=0 prev_prio=120 prev_state=R ==> next_comm=rcu_sched next_pid=10 next_prio=120
       rcu_sched-10    [000] d...  1107.396980: sched_switch: prev_comm=rcu_sched prev_pid=10 prev_prio=120 prev_state=I ==> next_comm=swapper/0 next_pid=0 next_prio=120
          <idle>-0     [002] d...  1107.416947: sched_switch: prev_comm=swapper/2 prev_pid=0 prev_prio=120 prev_state=R ==> next_comm=brcmf_wdog/mmc1 next_pid=263 next_prio=120
          <idle>-0     [000] d...  1107.416960: sched_switch: prev_comm=swapper/0 prev_pid=0 prev_prio=120 prev_state=R ==> next_comm=rcu_sched next_pid=10 next_prio=120
 brcmf_wdog/mmc1-263   [002] d...  1107.416976: sched_switch: prev_comm=brcmf_wdog/mmc1 prev_pid=263 prev_prio=120 prev_state=D ==> next_comm=swapper/2 next_pid=0 next_prio=120
       rcu_sched-10    [000] d...  1107.416995: sched_switch: prev_comm=rcu_sched prev_pid=10 prev_prio=120 prev_state=I ==> next_comm=swapper/0 next_pid=0 next_prio=120
          <idle>-0     [002] d...  1107.417001: sched_switch: prev_comm=swapper/2 prev_pid=0 prev_prio=120 prev_state=R ==> next_comm=brcmf_wdog/mmc1 next_pid=263 next_prio=120
 brcmf_wdog/mmc1-263   [002] d...  1107.417017: sched_switch: prev_comm=brcmf_wdog/mmc1 prev_pid=263 prev_prio=120 prev_state=D ==> next_comm=swapper/2 next_pid=0 next_prio=120
          <idle>-0     [002] d...  1107.417041: sched_switch: prev_comm=swapper/2 prev_pid=0 prev_prio=120 prev_state=R ==> next_comm=brcmf_wdog/mmc1 next_pid=263 next_prio=120
 brcmf_wdog/mmc1-263   [002] d...  1107.417056: sched_switch: prev_comm=brcmf_wdog/mmc1 prev_pid=263 prev_prio=120 prev_state=D ==> next_comm=swapper/2 next_pid=0 next_prio=120
          <idle>-0     [002] d...  1107.417080: sched_switch: prev_comm=swapper/2 prev_pid=0 prev_prio=120 prev_state=R ==> next_comm=brcmf_wdog/mmc1 next_pid=263 next_prio=120
 brcmf_wdog/mmc1-263   [002] d...  1107.417091: sched_switch: prev_comm=brcmf_wdog/mmc1 prev_pid=263 prev_prio=120 prev_state=S ==> next_comm=swapper/2 next_pid=0 next_prio=120
          <idle>-0     [003] d...  1107.427789: sched_switch: prev_comm=swapper/3 prev_pid=0 prev_prio=120 prev_state=R ==> next_comm=kworker/3:2 next_pid=164 next_prio=120
     kworker/3:2-164   [003] d...  1107.427816: sched_switch: prev_comm=kworker/3:2 prev_pid=164 prev_prio=120 prev_state=I ==> next_comm=mosquitto next_pid=461 next_prio=120
       mosquitto-461   [003] d...  1107.427885: sched_switch: prev_comm=mosquitto prev_pid=461 prev_prio=120 prev_state=S ==> next_comm=swapper/3 next_pid=0 next_prio=120
          <idle>-0     [000] d...  1107.436957: sched_switch: prev_comm=swapper/0 prev_pid=0 prev_prio=120 prev_state=R ==> next_comm=rcu_sched next_pid=10 next_prio=120
       rcu_sched-10    [000] d...  1107.436972: sched_switch: prev_comm=rcu_sched prev_pid=10 prev_prio=120 prev_state=I ==> next_comm=swapper/0 next_pid=0 next_prio=120
          <idle>-0     [002] d...  1107.445973: sched_switch: prev_comm=swapper/2 prev_pid=0 prev_prio=120 prev_state=R ==> next_comm=rngd next_pid=566 next_prio=120
            rngd-566   [002] d...  1107.445989: sched_switch: prev_comm=rngd prev_pid=566 prev_prio=120 prev_state=S ==> next_comm=swapper/2 next_pid=0 next_prio=120
          <idle>-0     [000] d...  1107.510908: sched_switch: prev_comm=swapper/0 prev_pid=0 prev_prio=120 prev_state=R ==> next_comm=mysqld next_pid=761 next_prio=120
          mysqld-761   [000] d...  1107.510945: sched_switch: prev_comm=mysqld prev_pid=761 prev_prio=120 prev_state=S ==> next_comm=mysqld next_pid=754 next_prio=120
          mysqld-754   [000] d...  1107.510993: sched_switch: prev_comm=mysqld prev_pid=754 prev_prio=120 prev_state=S ==> next_comm=swapper/0 next_pid=0 next_prio=120
          <idle>-0     [000] d...  1107.511047: sched_switch: prev_comm=swapper/0 prev_pid=0 prev_prio=120 prev_state=R ==> next_comm=mysqld next_pid=752 next_prio=120
          mysqld-752   [000] d...  1107.511074: sched_switch: prev_comm=mysqld prev_pid=752 prev_prio=120 prev_state=S ==> next_comm=mysqld next_pid=755 next_prio=120
          mysqld-755   [000] d...  1107.511104: sched_switch: prev_comm=mysqld prev_pid=755 prev_prio=120 prev_state=S ==> next_comm=swapper/0 next_pid=0 next_prio=120
          <idle>-0     [000] d...  1107.511129: sched_switch: prev_comm=swapper/0 prev_pid=0 prev_prio=120 prev_state=R ==> next_comm=mysqld next_pid=756 next_prio=120
          mysqld-756   [000] d...  1107.511156: sched_switch: prev_comm=mysqld prev_pid=756 prev_prio=120 prev_state=S ==> next_comm=mysqld next_pid=757 next_prio=120
          mysqld-757   [000] d...  1107.511186: sched_switch: prev_comm=mysqld prev_pid=757 prev_prio=120 prev_state=S ==> next_comm=swapper/0 next_pid=0 next_prio=120
          <idle>-0     [002] d...  1107.526967: sched_switch: prev_comm=swapper/2 prev_pid=0 prev_prio=120 prev_state=R ==> next_comm=kworker/2:2 next_pid=1591 next_prio=120
     kworker/2:2-1591  [002] d...  1107.527013: sched_switch: prev_comm=kworker/2:2 prev_pid=1591 prev_prio=120 prev_state=D ==> next_comm=kworker/2:1 next_pid=33 next_prio=120
     kworker/2:1-33    [002] d...  1107.527029: sched_switch: prev_comm=kworker/2:1 prev_pid=33 prev_prio=120 prev_state=I ==> next_comm=ksoftirqd/2 next_pid=21 next_prio=120
     ksoftirqd/2-21    [002] d...  1107.527056: sched_switch: prev_comm=ksoftirqd/2 prev_pid=21 prev_prio=120 prev_state=S ==> next_comm=kworker/2:1 next_pid=33 next_prio=120
     kworker/2:1-33    [002] d...  1107.527064: sched_switch: prev_comm=kworker/2:1 prev_pid=33 prev_prio=120 prev_state=I ==> next_comm=kworker/2:2 next_pid=1591 next_prio=120
     kworker/2:2-1591  [002] d...  1107.527103: sched_switch: prev_comm=kworker/2:2 prev_pid=1591 prev_prio=120 prev_state=I ==> next_comm=swapper/2 next_pid=0 next_prio=120
          <idle>-0     [003] d...  1107.527973: sched_switch: prev_comm=swapper/3 prev_pid=0 prev_prio=120 prev_state=R ==> next_comm=mosquitto next_pid=461 next_prio=120
       mosquitto-461   [003] d...  1107.528003: sched_switch: prev_comm=mosquitto prev_pid=461 prev_prio=120 prev_state=S ==> next_comm=swapper/3 next_pid=0 next_prio=120
          <idle>-0     [003] d...  1107.528017: sched_switch: prev_comm=swapper/3 prev_pid=0 prev_prio=120 prev_state=R ==> next_comm=kworker/3:2 next_pid=164 next_prio=120
     kworker/3:2-164   [003] d...  1107.528034: sched_switch: prev_comm=kworker/3:2 prev_pid=164 prev_prio=120 prev_state=I ==> next_comm=swapper/3 next_pid=0 next_prio=120
          <idle>-0     [001] d...  1107.547915: sched_switch: prev_comm=swapper/1 prev_pid=0 prev_prio=120 prev_state=R ==> next_comm=mysqld next_pid=789 next_prio=120
          mysqld-789   [001] d...  1107.547969: sched_switch: prev_comm=mysqld prev_pid=789 prev_prio=120 prev_state=S ==> next_comm=swapper/1 next_pid=0 next_prio=120
          <idle>-0     [001] d...  1107.608264: sched_switch: prev_comm=swapper/1 prev_pid=0 prev_prio=120 prev_state=R ==> next_comm=mysqld next_pid=790 next_prio=120
          mysqld-790   [001] d...  1107.608383: sched_switch: prev_comm=mysqld prev_pid=790 prev_prio=120 prev_state=S ==> next_comm=swapper/1 next_pid=0 next_prio=120
          <idle>-0     [003] d...  1107.628126: sched_switch: prev_comm=swapper/3 prev_pid=0 prev_prio=120 prev_state=R ==> next_comm=kworker/3:2 next_pid=164 next_prio=120
     kworker/3:2-164   [003] d...  1107.628143: sched_switch: prev_comm=kworker/3:2 prev_pid=164 prev_prio=120 prev_state=I ==> next_comm=mosquitto next_pid=461 next_prio=120
       mosquitto-461   [003] d...  1107.628182: sched_switch: prev_comm=mosquitto prev_pid=461 prev_prio=120 prev_state=S ==> next_comm=swapper/3 next_pid=0 next_prio=120
          <idle>-0     [000] d...  1107.686962: sched_switch: prev_comm=swapper/0 prev_pid=0 prev_prio=120 prev_state=R ==> next_comm=kworker/0:0 next_pid=1388 next_prio=120
     kworker/0:0-1388  [000] d...  1107.687041: sched_switch: prev_comm=kworker/0:0 prev_pid=1388 prev_prio=120 prev_state=I ==> next_comm=swapper/0 next_pid=0 next_prio=120
          <idle>-0     [002] d...  1107.693849: sched_switch: prev_comm=swapper/2 prev_pid=0 prev_prio=120 prev_state=R ==> next_comm=rngd next_pid=566 next_prio=120
            rngd-566   [002] d...  1107.693864: sched_switch: prev_comm=rngd prev_pid=566 prev_prio=120 prev_state=S ==> next_comm=swapper/2 next_pid=0 next_prio=120
          <idle>-0     [003] d...  1107.728294: sched_switch: prev_comm=swapper/3 prev_pid=0 prev_prio=120 prev_state=R ==> next_comm=kworker/3:2 next_pid=164 next_prio=120
     kworker/3:2-164   [003] d...  1107.728312: sched_switch: prev_comm=kworker/3:2 prev_pid=164 prev_prio=120 prev_state=I ==> next_comm=mosquitto next_pid=461 next_prio=120
       mosquitto-461   [003] d...  1107.728351: sched_switch: prev_comm=mosquitto prev_pid=461 prev_prio=120 prev_state=S ==> next_comm=swapper/3 next_pid=0 next_prio=120
          <idle>-0     [001] d...  1107.746258: sched_switch: prev_comm=swapper/1 prev_pid=0 prev_prio=120 prev_state=R ==> next_comm=irq/86-mmc1 next_pid=80 next_prio=49
     irq/86-mmc1-80    [001] d...  1107.746291: sched_switch: prev_comm=irq/86-mmc1 prev_pid=80 prev_prio=49 prev_state=D ==> next_comm=swapper/1 next_pid=0 next_prio=120
          <idle>-0     [001] d...  1107.746303: sched_switch: prev_comm=swapper/1 prev_pid=0 prev_prio=120 prev_state=R ==> next_comm=irq/86-mmc1 next_pid=80 next_prio=49
     irq/86-mmc1-80    [001] d...  1107.746331: sched_switch: prev_comm=irq/86-mmc1 prev_pid=80 prev_prio=49 prev_state=D ==> next_comm=swapper/1 next_pid=0 next_prio=120
          <idle>-0     [001] d...  1107.746355: sched_switch: prev_comm=swapper/1 prev_pid=0 prev_prio=120 prev_state=R ==> next_comm=irq/86-mmc1 next_pid=80 next_prio=49
     irq/86-mmc1-80    [001] d...  1107.746379: sched_switch: prev_comm=irq/86-mmc1 prev_pid=80 prev_prio=49 prev_state=D ==> next_comm=swapper/1 next_pid=0 next_prio=120
          <idle>-0     [001] d...  1107.746402: sched_switch: prev_comm=swapper/1 prev_pid=0 prev_prio=120 prev_state=R ==> next_comm=irq/86-mmc1 next_pid=80 next_prio=49
     irq/86-mmc1-80    [001] d...  1107.746427: sched_switch: prev_comm=irq/86-mmc1 prev_pid=80 prev_prio=49 prev_state=S ==> next_comm=kworker/u8:0 next_pid=1583 next_prio=120
    kworker/u8:0-1583  [001] d...  1107.746461: sched_switch: prev_comm=kworker/u8:0 prev_pid=1583 prev_prio=120 prev_state=D ==> next_comm=swapper/1 next_pid=0 next_prio=120
          <idle>-0     [001] d...  1107.746486: sched_switch: prev_comm=swapper/1 prev_pid=0 prev_prio=120 prev_state=R ==> next_comm=kworker/u8:0 next_pid=1583 next_prio=120
    kworker/u8:0-1583  [001] d...  1107.746497: sched_switch: prev_comm=kworker/u8:0 prev_pid=1583 prev_prio=120 prev_state=D ==> next_comm=swapper/1 next_pid=0 next_prio=120
          <idle>-0     [001] d...  1107.749514: sched_switch: prev_comm=swapper/1 prev_pid=0 prev_prio=120 prev_state=R ==> next_comm=kworker/u8:0 next_pid=1583 next_prio=120
    kworker/u8:0-1583  [001] d...  1107.749533: sched_switch: prev_comm=kworker/u8:0 prev_pid=1583 prev_prio=120 prev_state=D ==> next_comm=swapper/1 next_pid=0 next_prio=120
          <idle>-0     [001] d...  1107.749556: sched_switch: prev_comm=swapper/1 prev_pid=0 prev_prio=120 prev_state=R ==> next_comm=kworker/u8:0 next_pid=1583 next_prio=120
    kworker/u8:0-1583  [001] d...  1107.749591: sched_switch: prev_comm=kworker/u8:0 prev_pid=1583 prev_prio=120 prev_state=D ==> next_comm=swapper/1 next_pid=0 next_prio=120
          <idle>-0     [001] d...  1107.749617: sched_switch: prev_comm=swapper/1 prev_pid=0 prev_prio=120 prev_state=R ==> next_comm=kworker/u8:0 next_pid=1583 next_prio=120
    kworker/u8:0-1583  [001] d...  1107.749647: sched_switch: prev_comm=kworker/u8:0 prev_pid=1583 prev_prio=120 prev_state=D ==> next_comm=swapper/1 next_pid=0 next_prio=120
          <idle>-0     [001] d...  1107.749672: sched_switch: prev_comm=swapper/1 prev_pid=0 prev_prio=120 prev_state=R ==> next_comm=kworker/u8:0 next_pid=1583 next_prio=120
          <idle>-0     [003] d...  1107.749743: sched_switch: prev_comm=swapper/3 prev_pid=0 prev_prio=120 prev_state=R ==> next_comm=sshd next_pid=1228 next_prio=120
    kworker/u8:0-1583  [001] d...  1107.749758: sched_switch: prev_comm=kworker/u8:0 prev_pid=1583 prev_prio=120 prev_state=D ==> next_comm=swapper/1 next_pid=0 next_prio=120
          <idle>-0     [001] d...  1107.749786: sched_switch: prev_comm=swapper/1 prev_pid=0 prev_prio=120 prev_state=R ==> next_comm=kworker/u8:0 next_pid=1583 next_prio=120
