          mysqld-755   [000] d...  1101.509887: sched_switch: prev_comm=mysqld prev_pid=755 prev_prio=120 prev_state=S ==> next_comm=mysqld next_pid=752 next_prio=120
          mysqld-752   [000] d...  1101.509914: sched_switch: prev_comm=mysqld prev_pid=752 prev_prio=120 prev_state=S ==> next_comm=mysqld next_pid=757 next_prio=120
          mysqld-757   [000] d...  1101.509939: sched_switch: prev_comm=mysqld prev_pid=757 prev_prio=120 prev_state=S ==> next_comm=mysqld next_pid=756 next_prio=120
          mysqld-756   [000] d...  1101.509992: sched_switch: prev_comm=mysqld prev_pid=756 prev_prio=120 prev_state=S ==> next_comm=swapper/0 next_pid=0 next_prio=120
          <idle>-0     [003] d...  1101.518087: sched_switch: prev_comm=swapper/3 prev_pid=0 prev_prio=120 prev_state=R ==> next_comm=mosquitto next_pid=461 next_prio=120
       mosquitto-461   [003] d...  1101.518121: sched_switch: prev_comm=mosquitto prev_pid=461 prev_prio=120 prev_state=S ==> next_comm=swapper/3 next_pid=0 next_prio=120
          <idle>-0     [001] d...  1101.547266: sched_switch: prev_comm=swapper/1 prev_pid=0 prev_prio=120 prev_state=R ==> next_comm=mysqld next_pid=789 next_prio=120
          mysqld-789   [001] d...  1101.547315: sched_switch: prev_comm=mysqld prev_pid=789 prev_prio=120 prev_state=S ==> next_comm=swapper/1 next_pid=0 next_prio=120
          <idle>-0     [000] d...  1101.596911: sched_switch: prev_comm=swapper/0 prev_pid=0 prev_prio=120 prev_state=R ==> next_comm=kworker/0:0 next_pid=1388 next_prio=120
     kworker/0:0-1388  [000] d...  1101.596944: sched_switch: prev_comm=kworker/0:0 prev_pid=1388 prev_prio=120 prev_state=I ==> next_comm=swapper/0 next_pid=0 next_prio=120
          <idle>-0     [001] d...  1101.607272: sched_switch: prev_comm=swapper/1 prev_pid=0 prev_prio=120 prev_state=R ==> next_comm=mysqld next_pid=790 next_prio=120
          mysqld-790   [001] d...  1101.607375: sched_switch: prev_comm=mysqld prev_pid=790 prev_prio=120 prev_state=S ==> next_comm=swapper/1 next_pid=0 next_prio=120
          <idle>-0     [003] d...  1101.618226: sched_switch: prev_comm=swapper/3 prev_pid=0 prev_prio=120 prev_state=R ==> next_comm=mosquitto next_pid=461 next_prio=120
       mosquitto-461   [003] d...  1101.618249: sched_switch: prev_comm=mosquitto prev_pid=461 prev_prio=120 prev_state=S ==> next_comm=swapper/3 next_pid=0 next_prio=120
          <idle>-0     [003] d...  1101.718373: sched_switch: prev_comm=swapper/3 prev_pid=0 prev_prio=120 prev_state=R ==> next_comm=kworker/3:2 next_pid=164 next_prio=120
     kworker/3:2-164   [003] d...  1101.718392: sched_switch: prev_comm=kworker/3:2 prev_pid=164 prev_prio=120 prev_state=I ==> next_comm=mosquitto next_pid=461 next_prio=120
       mosquitto-461   [003] d...  1101.718433: sched_switch: prev_comm=mosquitto prev_pid=461 prev_prio=120 prev_state=S ==> next_comm=swapper/3 next_pid=0 next_prio=120
          <idle>-0     [002] d...  1101.725847: sched_switch: prev_comm=swapper/2 prev_pid=0 prev_prio=120 prev_state=R ==> next_comm=rngd next_pid=566 next_prio=120
            rngd-566   [002] d...  1101.725870: sched_switch: prev_comm=rngd prev_pid=566 prev_prio=120 prev_state=S ==> next_comm=swapper/2 next_pid=0 next_prio=120
          <idle>-0     [003] d...  1101.750383: sched_switch: prev_comm=swapper/3 prev_pid=0 prev_prio=120 prev_state=R ==> next_comm=apache2 next_pid=681 next_prio=120
         apache2-681   [003] d...  1101.750447: sched_switch: prev_comm=apache2 prev_pid=681 prev_prio=120 prev_state=S ==> next_comm=swapper/3 next_pid=0 next_prio=120
          <idle>-0     [001] d...  1101.753770: sched_switch: prev_comm=swapper/1 prev_pid=0 prev_prio=120 prev_state=R ==> next_comm=irq/86-mmc1 next_pid=80 next_prio=49
     irq/86-mmc1-80    [001] d...  1101.753796: sched_switch: prev_comm=irq/86-mmc1 prev_pid=80 prev_prio=49 prev_state=D ==> next_comm=swapper/1 next_pid=0 next_prio=120
          <idle>-0     [001] d...  1101.753808: sched_switch: prev_comm=swapper/1 prev_pid=0 prev_prio=120 prev_state=R ==> next_comm=irq/86-mmc1 next_pid=80 next_prio=49
     irq/86-mmc1-80    [001] d...  1101.753838: sched_switch: prev_comm=irq/86-mmc1 prev_pid=80 prev_prio=49 prev_state=D ==> next_comm=swapper/1 next_pid=0 next_prio=120
          <idle>-0     [001] d...  1101.753862: sched_switch: prev_comm=swapper/1 prev_pid=0 prev_prio=120 prev_state=R ==> next_comm=irq/86-mmc1 next_pid=80 next_prio=49
     irq/86-mmc1-80    [001] d...  1101.753886: sched_switch: prev_comm=irq/86-mmc1 prev_pid=80 prev_prio=49 prev_state=D ==> next_comm=swapper/1 next_pid=0 next_prio=120
          <idle>-0     [001] d...  1101.753909: sched_switch: prev_comm=swapper/1 prev_pid=0 prev_prio=120 prev_state=R ==> next_comm=irq/86-mmc1 next_pid=80 next_prio=49
     irq/86-mmc1-80    [001] d...  1101.753935: sched_switch: prev_comm=irq/86-mmc1 prev_pid=80 prev_prio=49 prev_state=S ==> next_comm=kworker/u8:0 next_pid=1583 next_prio=120
    kworker/u8:0-1583  [001] d...  1101.753977: sched_switch: prev_comm=kworker/u8:0 prev_pid=1583 prev_prio=120 prev_state=D ==> next_comm=swapper/1 next_pid=0 next_prio=120
          <idle>-0     [001] d...  1101.754002: sched_switch: prev_comm=swapper/1 prev_pid=0 prev_prio=120 prev_state=R ==> next_comm=kworker/u8:0 next_pid=1583 next_prio=120
    kworker/u8:0-1583  [001] d...  1101.754014: sched_switch: prev_comm=kworker/u8:0 prev_pid=1583 prev_prio=120 prev_state=D ==> next_comm=swapper/1 next_pid=0 next_prio=120
          <idle>-0     [001] d...  1101.757031: sched_switch: prev_comm=swapper/1 prev_pid=0 prev_prio=120 prev_state=R ==> next_comm=kworker/u8:0 next_pid=1583 next_prio=120
    kworker/u8:0-1583  [001] d...  1101.757046: sched_switch: prev_comm=kworker/u8:0 prev_pid=1583 prev_prio=120 prev_state=D ==> next_comm=swapper/1 next_pid=0 next_prio=120
          <idle>-0     [001] d...  1101.757071: sched_switch: prev_comm=swapper/1 prev_pid=0 prev_prio=120 prev_state=R ==> next_comm=kworker/u8:0 next_pid=1583 next_prio=120
    kworker/u8:0-1583  [001] d...  1101.757106: sched_switch: prev_comm=kworker/u8:0 prev_pid=1583 prev_prio=120 prev_state=D ==> next_comm=swapper/1 next_pid=0 next_prio=120
          <idle>-0     [001] d...  1101.757132: sched_switch: prev_comm=swapper/1 prev_pid=0 prev_prio=120 prev_state=R ==> next_comm=kworker/u8:0 next_pid=1583 next_prio=120
    kworker/u8:0-1583  [001] d...  1101.757163: sched_switch: prev_comm=kworker/u8:0 prev_pid=1583 prev_prio=120 prev_state=D ==> next_comm=swapper/1 next_pid=0 next_prio=120
          <idle>-0     [001] d...  1101.757189: sched_switch: prev_comm=swapper/1 prev_pid=0 prev_prio=120 prev_state=R ==> next_comm=kworker/u8:0 next_pid=1583 next_prio=120
          <idle>-0     [000] d...  1101.757267: sched_switch: prev_comm=swapper/0 prev_pid=0 prev_prio=120 prev_state=R ==> next_comm=sshd next_pid=1228 next_prio=120
    kworker/u8:0-1583  [001] d...  1101.757281: sched_switch: prev_comm=kworker/u8:0 prev_pid=1583 prev_prio=120 prev_state=D ==> next_comm=swapper/1 next_pid=0 next_prio=120
          <idle>-0     [001] d...  1101.757308: sched_switch: prev_comm=swapper/1 prev_pid=0 prev_prio=120 prev_state=R ==> next_comm=kworker/u8:0 next_pid=1583 next_prio=120
    kworker/u8:0-1583  [001] d...  1101.757326: sched_switch: prev_comm=kworker/u8:0 prev_pid=1583 prev_prio=120 prev_state=I ==> next_comm=swapper/1 next_pid=0 next_prio=120
          <idle>-0     [001] d...  1101.757445: sched_switch: prev_comm=swapper/1 prev_pid=0 prev_prio=120 prev_state=R ==> next_comm=kworker/u8:0 next_pid=1583 next_prio=120
            sshd-1228  [000] d...  1101.757458: sched_switch: prev_comm=sshd prev_pid=1228 prev_prio=120 prev_state=S ==> next_comm=swapper/0 next_pid=0 next_prio=120
    kworker/u8:0-1583  [001] d...  1101.757465: sched_switch: prev_comm=kworker/u8:0 prev_pid=1583 prev_prio=120 prev_state=I ==> next_comm=swapper/1 next_pid=0 next_prio=120
          <idle>-0     [003] d...  1101.757478: sched_switch: prev_comm=swapper/3 prev_pid=0 prev_prio=120 prev_state=R ==> next_comm=bash next_pid=1255 next_prio=120
          <idle>-0     [001] d...  1101.757538: sched_switch: prev_comm=swapper/1 prev_pid=0 prev_prio=120 prev_state=R ==> next_comm=kworker/u8:0 next_pid=1583 next_prio=120
    kworker/u8:0-1583  [001] d...  1101.757554: sched_switch: prev_comm=kworker/u8:0 prev_pid=1583 prev_prio=120 prev_state=I ==> next_comm=swapper/1 next_pid=0 next_prio=120
          <idle>-0     [000] d...  1101.757564: sched_switch: prev_comm=swapper/0 prev_pid=0 prev_prio=120 prev_state=R ==> next_comm=sshd next_pid=1228 next_prio=120
          <idle>-0     [001] d...  1101.757731: sched_switch: prev_comm=swapper/1 prev_pid=0 prev_prio=120 prev_state=R ==> next_comm=kworker/u8:0 next_pid=1583 next_prio=120
            sshd-1228  [000] d...  1101.757759: sched_switch: prev_comm=sshd prev_pid=1228 prev_prio=120 prev_state=S ==> next_comm=swapper/0 next_pid=0 next_prio=120
    kworker/u8:0-1583  [001] d...  1101.757772: sched_switch: prev_comm=kworker/u8:0 prev_pid=1583 prev_prio=120 prev_state=D ==> next_comm=swapper/1 next_pid=0 next_prio=120
          <idle>-0     [001] d...  1101.757825: sched_switch: prev_comm=swapper/1 prev_pid=0 prev_prio=120 prev_state=R ==> next_comm=kworker/u8:0 next_pid=1583 next_prio=120
    kworker/u8:0-1583  [001] d...  1101.757845: sched_switch: prev_comm=kworker/u8:0 prev_pid=1583 prev_prio=120 prev_state=I ==> next_comm=swapper/1 next_pid=0 next_prio=120
          <idle>-0     [002] d...  1101.758313: sched_switch: prev_comm=swapper/2 prev_pid=0 prev_prio=120 prev_state=R ==> next_comm=bash next_pid=1668 next_prio=120
            bash-1255  [003] d...  1101.758690: sched_switch: prev_comm=bash prev_pid=1255 prev_prio=120 prev_state=S ==> next_comm=swapper/3 next_pid=0 next_prio=120
          <idle>-0     [001] d...  1101.758923: sched_switch: prev_comm=swapper/1 prev_pid=0 prev_prio=120 prev_state=R ==> next_comm=irq/86-mmc1 next_pid=80 next_prio=49
     irq/86-mmc1-80    [001] d...  1101.758963: sched_switch: prev_comm=irq/86-mmc1 prev_pid=80 prev_prio=49 prev_state=D ==> next_comm=swapper/1 next_pid=0 next_prio=120
          <idle>-0     [001] d...  1101.758990: sched_switch: prev_comm=swapper/1 prev_pid=0 prev_prio=120 prev_state=R ==> next_comm=irq/86-mmc1 next_pid=80 next_prio=49
     irq/86-mmc1-80    [001] d...  1101.759027: sched_switch: prev_comm=irq/86-mmc1 prev_pid=80 prev_prio=49 prev_state=D ==> next_comm=swapper/1 next_pid=0 next_prio=120
          <idle>-0     [001] d...  1101.759066: sched_switch: prev_comm=swapper/1 prev_pid=0 prev_prio=120 prev_state=R ==> next_comm=irq/86-mmc1 next_pid=80 next_prio=49
     irq/86-mmc1-80    [001] d...  1101.759095: sched_switch: prev_comm=irq/86-mmc1 prev_pid=80 prev_prio=49 prev_state=D ==> next_comm=swapper/1 next_pid=0 next_prio=120
          <idle>-0     [001] d...  1101.759133: sched_switch: prev_comm=swapper/1 prev_pid=0 prev_prio=120 prev_state=R ==> next_comm=irq/86-mmc1 next_pid=80 next_prio=49
     irq/86-mmc1-80    [001] d...  1101.759172: sched_switch: prev_comm=irq/86-mmc1 prev_pid=80 prev_prio=49 prev_state=S ==> next_comm=kworker/u8:0 next_pid=1583 next_prio=120
    kworker/u8:0-1583  [001] d...  1101.759222: sched_switch: prev_comm=kworker/u8:0 prev_pid=1583 prev_prio=120 prev_state=D ==> next_comm=swapper/1 next_pid=0 next_prio=120
          <idle>-0     [001] d...  1101.759262: sched_switch: prev_comm=swapper/1 prev_pid=0 prev_prio=120 prev_state=R ==> next_comm=kworker/u8:0 next_pid=1583 next_prio=120
    kworker/u8:0-1583  [001] d...  1101.759301: sched_switch: prev_comm=kworker/u8:0 prev_pid=1583 prev_prio=120 prev_state=D ==> next_comm=swapper/1 next_pid=0 next_prio=120
          <idle>-0     [001] d...  1101.759337: sched_switch: prev_comm=swapper/1 prev_pid=0 prev_prio=120 prev_state=R ==> next_comm=kworker/u8:0 next_pid=1583 next_prio=120
    kworker/u8:0-1583  [001] d...  1101.759459: sched_switch: prev_comm=kworker/u8:0 prev_pid=1583 prev_prio=120 prev_state=D ==> next_comm=swapper/1 next_pid=0 next_prio=120
          <idle>-0     [001] d...  1101.759488: sched_switch: prev_comm=swapper/1 prev_pid=0 prev_prio=120 prev_state=R ==> next_comm=kworker/u8:0 next_pid=1583 next_prio=120
    kworker/u8:0-1583  [001] d...  1101.759506: sched_switch: prev_comm=kworker/u8:0 prev_pid=1583 prev_prio=120 prev_state=I ==> next_comm=swapper/1 next_pid=0 next_prio=120
   single_thread-1668  [002] ....  1101.762167: do_exit+0x0/0xc44: [+] comm: single_thread, pid: 1668, global_func_exe_times: 1346
   single_thread-1668  [002] ....  1101.762173: trace_function_dummy_call+0x14/0x58 <-do_exit+0x80/0xc44
   single_thread-1668  [002] ....  1101.762202: <stack trace>
 => trace_function_dummy_call+0x18/0x58
 => do_exit+0x80/0xc44
 => do_group_exit+0x50/0xe8
 => __wake_up_parent+0x0/0x30
 => ret_fast_syscall+0x0/0x28
 => 0x7ee3c4a8
   single_thread-1668  [002] ....  1101.762207: trace_function_dummy_call+0x0/0x58: [++] comm:single_thread, pid:1668, from(do_exit+0x80/0xc44) 
   single_thread-1668  [002] ....  1101.762213: do_exit+0x118/0xc44: [-] comm: single_thread, pid: 1668, global_func_exe_times: 1347
          <idle>-0     [003] d...  1101.762551: sched_switch: prev_comm=swapper/3 prev_pid=0 prev_prio=120 prev_state=R ==> next_comm=bash next_pid=1255 next_prio=120
   single_thread-1668  [002] d...  1101.762572: sched_switch: prev_comm=single_thread prev_pid=1668 prev_prio=120 prev_state=X ==> next_comm=swapper/2 next_pid=0 next_prio=120
          <idle>-0     [001] d...  1101.763069: sched_switch: prev_comm=swapper/1 prev_pid=0 prev_prio=120 prev_state=R ==> next_comm=kworker/u8:0 next_pid=1583 next_prio=120
            bash-1255  [003] d...  1101.763082: sched_switch: prev_comm=bash prev_pid=1255 prev_prio=120 prev_state=S ==> next_comm=swapper/3 next_pid=0 next_prio=120
    kworker/u8:0-1583  [001] d...  1101.763095: sched_switch: prev_comm=kworker/u8:0 prev_pid=1583 prev_prio=120 prev_state=I ==> next_comm=swapper/1 next_pid=0 next_prio=120
          <idle>-0     [000] d...  1101.763109: sched_switch: prev_comm=swapper/0 prev_pid=0 prev_prio=120 prev_state=R ==> next_comm=sshd next_pid=1228 next_prio=120
          <idle>-0     [001] d...  1101.763332: sched_switch: prev_comm=swapper/1 prev_pid=0 prev_prio=120 prev_state=R ==> next_comm=kworker/u8:0 next_pid=1583 next_prio=120
            sshd-1228  [000] d...  1101.763360: sched_switch: prev_comm=sshd prev_pid=1228 prev_prio=120 prev_state=S ==> next_comm=swapper/0 next_pid=0 next_prio=120
    kworker/u8:0-1583  [001] d...  1101.763392: sched_switch: prev_comm=kworker/u8:0 prev_pid=1583 prev_prio=120 prev_state=D ==> next_comm=swapper/1 next_pid=0 next_prio=120
          <idle>-0     [001] d...  1101.763442: sched_switch: prev_comm=swapper/1 prev_pid=0 prev_prio=120 prev_state=R ==> next_comm=kworker/u8:0 next_pid=1583 next_prio=120
    kworker/u8:0-1583  [001] d...  1101.763462: sched_switch: prev_comm=kworker/u8:0 prev_pid=1583 prev_prio=120 prev_state=I ==> next_comm=swapper/1 next_pid=0 next_prio=120
          <idle>-0     [001] d...  1101.764660: sched_switch: prev_comm=swapper/1 prev_pid=0 prev_prio=120 prev_state=R ==> next_comm=irq/86-mmc1 next_pid=80 next_prio=49
     irq/86-mmc1-80    [001] d...  1101.764685: sched_switch: prev_comm=irq/86-mmc1 prev_pid=80 prev_prio=49 prev_state=D ==> next_comm=swapper/1 next_pid=0 next_prio=120
          <idle>-0     [001] d...  1101.764699: sched_switch: prev_comm=swapper/1 prev_pid=0 prev_prio=120 prev_state=R ==> next_comm=irq/86-mmc1 next_pid=80 next_prio=49
     irq/86-mmc1-80    [001] d...  1101.764725: sched_switch: prev_comm=irq/86-mmc1 prev_pid=80 prev_prio=49 prev_state=D ==> next_comm=swapper/1 next_pid=0 next_prio=120
          <idle>-0     [001] d...  1101.764750: sched_switch: prev_comm=swapper/1 prev_pid=0 prev_prio=120 prev_state=R ==> next_comm=irq/86-mmc1 next_pid=80 next_prio=49
     irq/86-mmc1-80    [001] d...  1101.764773: sched_switch: prev_comm=irq/86-mmc1 prev_pid=80 prev_prio=49 prev_state=D ==> next_comm=swapper/1 next_pid=0 next_prio=120
          <idle>-0     [001] d...  1101.764796: sched_switch: prev_comm=swapper/1 prev_pid=0 prev_prio=120 prev_state=R ==> next_comm=irq/86-mmc1 next_pid=80 next_prio=49
     irq/86-mmc1-80    [001] d...  1101.764820: sched_switch: prev_comm=irq/86-mmc1 prev_pid=80 prev_prio=49 prev_state=S ==> next_comm=kworker/u8:0 next_pid=1583 next_prio=120
    kworker/u8:0-1583  [001] d...  1101.764856: sched_switch: prev_comm=kworker/u8:0 prev_pid=1583 prev_prio=120 prev_state=D ==> next_comm=swapper/1 next_pid=0 next_prio=120
          <idle>-0     [001] d...  1101.764882: sched_switch: prev_comm=swapper/1 prev_pid=0 prev_prio=120 prev_state=R ==> next_comm=kworker/u8:0 next_pid=1583 next_prio=120
    kworker/u8:0-1583  [001] d...  1101.764911: sched_switch: prev_comm=kworker/u8:0 prev_pid=1583 prev_prio=120 prev_state=D ==> next_comm=swapper/1 next_pid=0 next_prio=120
          <idle>-0     [001] d...  1101.764936: sched_switch: prev_comm=swapper/1 prev_pid=0 prev_prio=120 prev_state=R ==> next_comm=kworker/u8:0 next_pid=1583 next_prio=120
    kworker/u8:0-1583  [001] d...  1101.765028: sched_switch: prev_comm=kworker/u8:0 prev_pid=1583 prev_prio=120 prev_state=D ==> next_comm=swapper/1 next_pid=0 next_prio=120
          <idle>-0     [001] d...  1101.765055: sched_switch: prev_comm=swapper/1 prev_pid=0 prev_prio=120 prev_state=R ==> next_comm=kworker/u8:0 next_pid=1583 next_prio=120
    kworker/u8:0-1583  [001] d...  1101.765071: sched_switch: prev_comm=kworker/u8:0 prev_pid=1583 prev_prio=120 prev_state=I ==> next_comm=swapper/1 next_pid=0 next_prio=120
          <idle>-0     [000] d...  1101.766945: sched_switch: prev_comm=swapper/0 prev_pid=0 prev_prio=120 prev_state=R ==> next_comm=rcu_sched next_pid=10 next_prio=120
       rcu_sched-10    [000] d...  1101.766965: sched_switch: prev_comm=rcu_sched prev_pid=10 prev_prio=120 prev_state=I ==> next_comm=swapper/0 next_pid=0 next_prio=120
          <idle>-0     [002] d...  1101.776903: sched_switch: prev_comm=swapper/2 prev_pid=0 prev_prio=120 prev_state=R ==> next_comm=brcmf_wdog/mmc1 next_pid=263 next_prio=120
 brcmf_wdog/mmc1-263   [002] d...  1101.776916: sched_switch: prev_comm=brcmf_wdog/mmc1 prev_pid=263 prev_prio=120 prev_state=S ==> next_comm=swapper/2 next_pid=0 next_prio=120
          <idle>-0     [000] d...  1101.786915: sched_switch: prev_comm=swapper/0 prev_pid=0 prev_prio=120 prev_state=R ==> next_comm=rcu_sched next_pid=10 next_prio=120
       rcu_sched-10    [000] d...  1101.786935: sched_switch: prev_comm=rcu_sched prev_pid=10 prev_prio=120 prev_state=I ==> next_comm=swapper/0 next_pid=0 next_prio=120
          <idle>-0     [002] d...  1101.796909: sched_switch: prev_comm=swapper/2 prev_pid=0 prev_prio=120 prev_state=R ==> next_comm=brcmf_wdog/mmc1 next_pid=263 next_prio=120
 brcmf_wdog/mmc1-263   [002] d...  1101.796947: sched_switch: prev_comm=brcmf_wdog/mmc1 prev_pid=263 prev_prio=120 prev_state=D ==> next_comm=swapper/2 next_pid=0 next_prio=120
          <idle>-0     [002] d...  1101.796963: sched_switch: prev_comm=swapper/2 prev_pid=0 prev_prio=120 prev_state=R ==> next_comm=brcmf_wdog/mmc1 next_pid=263 next_prio=120
 brcmf_wdog/mmc1-263   [002] d...  1101.796980: sched_switch: prev_comm=brcmf_wdog/mmc1 prev_pid=263 prev_prio=120 prev_state=D ==> next_comm=swapper/2 next_pid=0 next_prio=120
          <idle>-0     [002] d...  1101.796997: sched_switch: prev_comm=swapper/2 prev_pid=0 prev_prio=120 prev_state=R ==> next_comm=brcmf_wdog/mmc1 next_pid=263 next_prio=120
 brcmf_wdog/mmc1-263   [002] d...  1101.797011: sched_switch: prev_comm=brcmf_wdog/mmc1 prev_pid=263 prev_prio=120 prev_state=D ==> next_comm=swapper/2 next_pid=0 next_prio=120
          <idle>-0     [002] d...  1101.797029: sched_switch: prev_comm=swapper/2 prev_pid=0 prev_prio=120 prev_state=R ==> next_comm=brcmf_wdog/mmc1 next_pid=263 next_prio=120
 brcmf_wdog/mmc1-263   [002] d...  1101.797040: sched_switch: prev_comm=brcmf_wdog/mmc1 prev_pid=263 prev_prio=120 prev_state=S ==> next_comm=swapper/2 next_pid=0 next_prio=120
          <idle>-0     [000] d...  1101.806910: sched_switch: prev_comm=swapper/0 prev_pid=0 prev_prio=120 prev_state=R ==> next_comm=rcu_sched next_pid=10 next_prio=120
       rcu_sched-10    [000] d...  1101.806928: sched_switch: prev_comm=rcu_sched prev_pid=10 prev_prio=120 prev_state=I ==> next_comm=swapper/0 next_pid=0 next_prio=120
          <idle>-0     [003] d...  1101.818546: sched_switch: prev_comm=swapper/3 prev_pid=0 prev_prio=120 prev_state=R ==> next_comm=mosquitto next_pid=461 next_prio=120
       mosquitto-461   [003] d...  1101.818595: sched_switch: prev_comm=mosquitto prev_pid=461 prev_prio=120 prev_state=S ==> next_comm=kworker/3:2 next_pid=164 next_prio=120
     kworker/3:2-164   [003] d...  1101.818639: sched_switch: prev_comm=kworker/3:2 prev_pid=164 prev_prio=120 prev_state=I ==> next_comm=swapper/3 next_pid=0 next_prio=120
          <idle>-0     [000] d...  1101.826910: sched_switch: prev_comm=swapper/0 prev_pid=0 prev_prio=120 prev_state=R ==> next_comm=rcu_sched next_pid=10 next_prio=120
       rcu_sched-10    [000] d...  1101.826928: sched_switch: prev_comm=rcu_sched prev_pid=10 prev_prio=120 prev_state=I ==> next_comm=swapper/0 next_pid=0 next_prio=120
          <idle>-0     [002] d...  1101.845976: sched_switch: prev_comm=swapper/2 prev_pid=0 prev_prio=120 prev_state=R ==> next_comm=rngd next_pid=566 next_prio=120
            rngd-566   [002] d...  1101.846005: sched_switch: prev_comm=rngd prev_pid=566 prev_prio=120 prev_state=S ==> next_comm=swapper/2 next_pid=0 next_prio=120
          <idle>-0     [000] d...  1101.846909: sched_switch: prev_comm=swapper/0 prev_pid=0 prev_prio=120 prev_state=R ==> next_comm=rcu_sched next_pid=10 next_prio=120
       rcu_sched-10    [000] d...  1101.846924: sched_switch: prev_comm=rcu_sched prev_pid=10 prev_prio=120 prev_state=I ==> next_comm=swapper/0 next_pid=0 next_prio=120
          <idle>-0     [003] d...  1101.857115: sched_switch: prev_comm=swapper/3 prev_pid=0 prev_prio=120 prev_state=R ==> next_comm=mysqld next_pid=753 next_prio=120
          mysqld-753   [003] d...  1101.857157: sched_switch: prev_comm=mysqld prev_pid=753 prev_prio=120 prev_state=S ==> next_comm=mysqld next_pid=759 next_prio=120
          mysqld-759   [003] d...  1101.857206: sched_switch: prev_comm=mysqld prev_pid=759 prev_prio=120 prev_state=S ==> next_comm=mysqld next_pid=758 next_prio=120
          mysqld-758   [003] d...  1101.857232: sched_switch: prev_comm=mysqld prev_pid=758 prev_prio=120 prev_state=S ==> next_comm=mysqld next_pid=760 next_prio=120
          mysqld-760   [003] d...  1101.857279: sched_switch: prev_comm=mysqld prev_pid=760 prev_prio=120 prev_state=S ==> next_comm=swapper/3 next_pid=0 next_prio=120
          <idle>-0     [001] d...  1101.903218: sched_switch: prev_comm=swapper/1 prev_pid=0 prev_prio=120 prev_state=R ==> next_comm=lxpanel next_pid=987 next_prio=120
         lxpanel-987   [001] d...  1101.903358: sched_switch: prev_comm=lxpanel prev_pid=987 prev_prio=120 prev_state=S ==> next_comm=swapper/1 next_pid=0 next_prio=120
          <idle>-0     [003] d...  1101.918713: sched_switch: prev_comm=swapper/3 prev_pid=0 prev_prio=120 prev_state=R ==> next_comm=kworker/3:2 next_pid=164 next_prio=120
     kworker/3:2-164   [003] d...  1101.918732: sched_switch: prev_comm=kworker/3:2 prev_pid=164 prev_prio=120 prev_state=I ==> next_comm=mosquitto next_pid=461 next_prio=120
       mosquitto-461   [003] d...  1101.918779: sched_switch: prev_comm=mosquitto prev_pid=461 prev_prio=120 prev_state=S ==> next_comm=swapper/3 next_pid=0 next_prio=120
          <idle>-0     [000] d...  1102.009812: sched_switch: prev_comm=swapper/0 prev_pid=0 prev_prio=120 prev_state=R ==> next_comm=mysqld next_pid=754 next_prio=120
          mysqld-754   [000] d...  1102.009860: sched_switch: prev_comm=mysqld prev_pid=754 prev_prio=120 prev_state=S ==> next_comm=swapper/0 next_pid=0 next_prio=120
          <idle>-0     [000] d...  1102.009883: sched_switch: prev_comm=swapper/0 prev_pid=0 prev_prio=120 prev_state=R ==> next_comm=mysqld next_pid=761 next_prio=120
          mysqld-761   [000] d...  1102.009910: sched_switch: prev_comm=mysqld prev_pid=761 prev_prio=120 prev_state=S ==> next_comm=swapper/0 next_pid=0 next_prio=120
          <idle>-0     [000] d...  1102.009967: sched_switch: prev_comm=swapper/0 prev_pid=0 prev_prio=120 prev_state=R ==> next_comm=mysqld next_pid=752 next_prio=120
          mysqld-752   [000] d...  1102.009995: sched_switch: prev_comm=mysqld prev_pid=752 prev_prio=120 prev_state=S ==> next_comm=mysqld next_pid=755 next_prio=120
          mysqld-755   [000] d...  1102.010021: sched_switch: prev_comm=mysqld prev_pid=755 prev_prio=120 prev_state=S ==> next_comm=mysqld next_pid=757 next_prio=120
          mysqld-757   [000] d...  1102.010059: sched_switch: prev_comm=mysqld prev_pid=757 prev_prio=120 prev_state=S ==> next_comm=mysqld next_pid=756 next_prio=120
          mysqld-756   [000] d...  1102.010091: sched_switch: prev_comm=mysqld prev_pid=756 prev_prio=120 prev_state=S ==> next_comm=swapper/0 next_pid=0 next_prio=120
          <idle>-0     [003] d...  1102.018883: sched_switch: prev_comm=swapper/3 prev_pid=0 prev_prio=120 prev_state=R ==> next_comm=kworker/3:2 next_pid=164 next_prio=120
     kworker/3:2-164   [003] d...  1102.018901: sched_switch: prev_comm=kworker/3:2 prev_pid=164 prev_prio=120 prev_state=I ==> next_comm=mosquitto next_pid=461 next_prio=120
       mosquitto-461   [003] d...  1102.018938: sched_switch: prev_comm=mosquitto prev_pid=461 prev_prio=120 prev_state=S ==> next_comm=swapper/3 next_pid=0 next_prio=120
          <idle>-0     [002] d...  1102.093973: sched_switch: prev_comm=swapper/2 prev_pid=0 prev_prio=120 prev_state=R ==> next_comm=rngd next_pid=566 next_prio=120
            rngd-566   [002] d...  1102.094002: sched_switch: prev_comm=rngd prev_pid=566 prev_prio=120 prev_state=S ==> next_comm=swapper/2 next_pid=0 next_prio=120
          <idle>-0     [003] d...  1102.119048: sched_switch: prev_comm=swapper/3 prev_pid=0 prev_prio=120 prev_state=R ==> next_comm=kworker/3:2 next_pid=164 next_prio=120
     kworker/3:2-164   [003] d...  1102.119065: sched_switch: prev_comm=kworker/3:2 prev_pid=164 prev_prio=120 prev_state=I ==> next_comm=mosquitto next_pid=461 next_prio=120
       mosquitto-461   [003] d...  1102.119106: sched_switch: prev_comm=mosquitto prev_pid=461 prev_prio=120 prev_state=S ==> next_comm=swapper/3 next_pid=0 next_prio=120
          <idle>-0     [000] d...  1102.178959: sched_switch: prev_comm=swapper/0 prev_pid=0 prev_prio=120 prev_state=R ==> next_comm=mysqld next_pid=803 next_prio=120
          mysqld-803   [000] d...  1102.178993: sched_switch: prev_comm=mysqld prev_pid=803 prev_prio=120 prev_state=S ==> next_comm=swapper/0 next_pid=0 next_prio=120
          <idle>-0     [003] d...  1102.219215: sched_switch: prev_comm=swapper/3 prev_pid=0 prev_prio=120 prev_state=R ==> next_comm=kworker/3:2 next_pid=164 next_prio=120
     kworker/3:2-164   [003] d...  1102.219232: sched_switch: prev_comm=kworker/3:2 prev_pid=164 prev_prio=120 prev_state=I ==> next_comm=mosquitto next_pid=461 next_prio=120
       mosquitto-461   [003] d...  1102.219267: sched_switch: prev_comm=mosquitto prev_pid=461 prev_prio=120 prev_state=S ==> next_comm=swapper/3 next_pid=0 next_prio=120
          <idle>-0     [000] d...  1102.290106: sched_switch: prev_comm=swapper/0 prev_pid=0 prev_prio=120 prev_state=R ==> next_comm=mysqld next_pid=797 next_prio=120
          mysqld-797   [000] d...  1102.290178: sched_switch: prev_comm=mysqld prev_pid=797 prev_prio=120 prev_state=S ==> next_comm=mysqld next_pid=762 next_prio=120
          mysqld-762   [000] d...  1102.290239: sched_switch: prev_comm=mysqld prev_pid=762 prev_prio=120 prev_state=S ==> next_comm=swapper/0 next_pid=0 next_prio=120
          <idle>-0     [003] d...  1102.319376: sched_switch: prev_comm=swapper/3 prev_pid=0 prev_prio=120 prev_state=R ==> next_comm=kworker/3:2 next_pid=164 next_prio=120
     kworker/3:2-164   [003] d...  1102.319394: sched_switch: prev_comm=kworker/3:2 prev_pid=164 prev_prio=120 prev_state=I ==> next_comm=mosquitto next_pid=461 next_prio=120
       mosquitto-461   [003] d...  1102.319430: sched_switch: prev_comm=mosquitto prev_pid=461 prev_prio=120 prev_state=S ==> next_comm=swapper/3 next_pid=0 next_prio=120
          <idle>-0     [002] d...  1102.326922: sched_switch: prev_comm=swapper/2 prev_pid=0 prev_prio=120 prev_state=R ==> next_comm=kworker/2:2 next_pid=1591 next_prio=120
     kworker/2:2-1591  [002] d...  1102.326975: sched_switch: prev_comm=kworker/2:2 prev_pid=1591 prev_prio=120 prev_state=D ==> next_comm=ksoftirqd/2 next_pid=21 next_prio=120
     ksoftirqd/2-21    [002] d...  1102.327000: sched_switch: prev_comm=ksoftirqd/2 prev_pid=21 prev_prio=120 prev_state=S ==> next_comm=kworker/2:1 next_pid=33 next_prio=120
     kworker/2:1-33    [002] d...  1102.327011: sched_switch: prev_comm=kworker/2:1 prev_pid=33 prev_prio=120 prev_state=I ==> next_comm=kworker/2:2 next_pid=1591 next_prio=120
     kworker/2:2-1591  [002] d...  1102.327056: sched_switch: prev_comm=kworker/2:2 prev_pid=1591 prev_prio=120 prev_state=I ==> next_comm=swapper/2 next_pid=0 next_prio=120
          <idle>-0     [002] d...  1102.341973: sched_switch: prev_comm=swapper/2 prev_pid=0 prev_prio=120 prev_state=R ==> next_comm=rngd next_pid=566 next_prio=120
            rngd-566   [002] d...  1102.341987: sched_switch: prev_comm=rngd prev_pid=566 prev_prio=120 prev_state=S ==> next_comm=swapper/2 next_pid=0 next_prio=120
          <idle>-0     [003] d...  1102.345881: sched_switch: prev_comm=swapper/3 prev_pid=0 prev_prio=120 prev_state=R ==> next_comm=sendmail-mta next_pid=1270 next_prio=120
    sendmail-mta-1270  [003] d...  1102.346212: sched_switch: prev_comm=sendmail-mta prev_pid=1270 prev_prio=120 prev_state=S ==> next_comm=swapper/3 next_pid=0 next_prio=120
          <idle>-0     [000] d...  1102.346927: sched_switch: prev_comm=swapper/0 prev_pid=0 prev_prio=120 prev_state=R ==> next_comm=rcu_sched next_pid=10 next_prio=120
       rcu_sched-10    [000] d...  1102.346944: sched_switch: prev_comm=rcu_sched prev_pid=10 prev_prio=120 prev_state=I ==> next_comm=swapper/0 next_pid=0 next_prio=120
          <idle>-0     [003] d...  1102.357225: sched_switch: prev_comm=swapper/3 prev_pid=0 prev_prio=120 prev_state=R ==> next_comm=mysqld next_pid=753 next_prio=120
          mysqld-753   [003] d...  1102.357256: sched_switch: prev_comm=mysqld prev_pid=753 prev_prio=120 prev_state=S ==> next_comm=mysqld next_pid=759 next_prio=120
          mysqld-759   [003] d...  1102.357296: sched_switch: prev_comm=mysqld prev_pid=759 prev_prio=120 prev_state=S ==> next_comm=swapper/3 next_pid=0 next_prio=120
          <idle>-0     [003] d...  1102.357322: sched_switch: prev_comm=swapper/3 prev_pid=0 prev_prio=120 prev_state=R ==> next_comm=mysqld next_pid=758 next_prio=120
          mysqld-758   [003] d...  1102.357350: sched_switch: prev_comm=mysqld prev_pid=758 prev_prio=120 prev_state=S ==> next_comm=mysqld next_pid=760 next_prio=120
          mysqld-760   [003] d...  1102.357382: sched_switch: prev_comm=mysqld prev_pid=760 prev_prio=120 prev_state=S ==> next_comm=swapper/3 next_pid=0 next_prio=120
          <idle>-0     [000] d...  1102.366929: sched_switch: prev_comm=swapper/0 prev_pid=0 prev_prio=120 prev_state=R ==> next_comm=kworker/0:0 next_pid=1388 next_prio=120
     kworker/0:0-1388  [000] d...  1102.366959: sched_switch: prev_comm=kworker/0:0 prev_pid=1388 prev_prio=120 prev_state=I ==> next_comm=rcu_sched next_pid=10 next_prio=120
          <idle>-0     [003] d...  1102.366959: sched_switch: prev_comm=swapper/3 prev_pid=0 prev_prio=120 prev_state=R ==> next_comm=kworker/3:2 next_pid=164 next_prio=120
       rcu_sched-10    [000] d...  1102.366989: sched_switch: prev_comm=rcu_sched prev_pid=10 prev_prio=120 prev_state=I ==> next_comm=swapper/0 next_pid=0 next_prio=120
     kworker/3:2-164   [003] d...  1102.366990: sched_switch: prev_comm=kworker/3:2 prev_pid=164 prev_prio=120 prev_state=I ==> next_comm=swapper/3 next_pid=0 next_prio=120
          <idle>-0     [000] d...  1102.386914: sched_switch: prev_comm=swapper/0 prev_pid=0 prev_prio=120 prev_state=R ==> next_comm=rcu_sched next_pid=10 next_prio=120
       rcu_sched-10    [000] d...  1102.386929: sched_switch: prev_comm=rcu_sched prev_pid=10 prev_prio=120 prev_state=I ==> next_comm=swapper/0 next_pid=0 next_prio=120
          <idle>-0     [003] d...  1102.419546: sched_switch: prev_comm=swapper/3 prev_pid=0 prev_prio=120 prev_state=R ==> next_comm=kworker/3:2 next_pid=164 next_prio=120
     kworker/3:2-164   [003] d...  1102.419564: sched_switch: prev_comm=kworker/3:2 prev_pid=164 prev_prio=120 prev_state=I ==> next_comm=mosquitto next_pid=461 next_prio=120
       mosquitto-461   [003] d...  1102.419609: sched_switch: prev_comm=mosquitto prev_pid=461 prev_prio=120 prev_state=S ==> next_comm=swapper/3 next_pid=0 next_prio=120
          <idle>-0     [001] d...  1102.503945: sched_switch: prev_comm=swapper/1 prev_pid=0 prev_prio=120 prev_state=R ==> next_comm=lxpanel next_pid=987 next_prio=120
         lxpanel-987   [001] d...  1102.504039: sched_switch: prev_comm=lxpanel prev_pid=987 prev_prio=120 prev_state=S ==> next_comm=swapper/1 next_pid=0 next_prio=120
          <idle>-0     [000] d...  1102.509911: sched_switch: prev_comm=swapper/0 prev_pid=0 prev_prio=120 prev_state=R ==> next_comm=mysqld next_pid=754 next_prio=120
          mysqld-754   [000] d...  1102.509938: sched_switch: prev_comm=mysqld prev_pid=754 prev_prio=120 prev_state=S ==> next_comm=swapper/0 next_pid=0 next_prio=120
          <idle>-0     [000] d...  1102.509980: sched_switch: prev_comm=swapper/0 prev_pid=0 prev_prio=120 prev_state=R ==> next_comm=mysqld next_pid=761 next_prio=120
          mysqld-761   [000] d...  1102.510006: sched_switch: prev_comm=mysqld prev_pid=761 prev_prio=120 prev_state=S ==> next_comm=swapper/0 next_pid=0 next_prio=120
          <idle>-0     [000] d...  1102.510065: sched_switch: prev_comm=swapper/0 prev_pid=0 prev_prio=120 prev_state=R ==> next_comm=mysqld next_pid=752 next_prio=120
          mysqld-752   [000] d...  1102.510092: sched_switch: prev_comm=mysqld prev_pid=752 prev_prio=120 prev_state=S ==> next_comm=mysqld next_pid=755 next_prio=120
          mysqld-755   [000] d...  1102.510136: sched_switch: prev_comm=mysqld prev_pid=755 prev_prio=120 prev_state=S ==> next_comm=mysqld next_pid=757 next_prio=120
          mysqld-757   [000] d...  1102.510160: sched_switch: prev_comm=mysqld prev_pid=757 prev_prio=120 prev_state=S ==> next_comm=mysqld next_pid=756 next_prio=120
          mysqld-756   [000] d...  1102.510197: sched_switch: prev_comm=mysqld prev_pid=756 prev_prio=120 prev_state=S ==> next_comm=swapper/0 next_pid=0 next_prio=120
          <idle>-0     [003] d...  1102.519713: sched_switch: prev_comm=swapper/3 prev_pid=0 prev_prio=120 prev_state=R ==> next_comm=kworker/3:2 next_pid=164 next_prio=120
     kworker/3:2-164   [003] d...  1102.519731: sched_switch: prev_comm=kworker/3:2 prev_pid=164 prev_prio=120 prev_state=I ==> next_comm=mosquitto next_pid=461 next_prio=120
       mosquitto-461   [003] d...  1102.519770: sched_switch: prev_comm=mosquitto prev_pid=461 prev_prio=120 prev_state=S ==> next_comm=swapper/3 next_pid=0 next_prio=120
          <idle>-0     [001] d...  1102.547381: sched_switch: prev_comm=swapper/1 prev_pid=0 prev_prio=120 prev_state=R ==> next_comm=mysqld next_pid=789 next_prio=120
          mysqld-789   [001] d...  1102.547421: sched_switch: prev_comm=mysqld prev_pid=789 prev_prio=120 prev_state=S ==> next_comm=swapper/1 next_pid=0 next_prio=120
          <idle>-0     [002] d...  1102.589973: sched_switch: prev_comm=swapper/2 prev_pid=0 prev_prio=120 prev_state=R ==> next_comm=rngd next_pid=566 next_prio=120
            rngd-566   [002] d...  1102.590002: sched_switch: prev_comm=rngd prev_pid=566 prev_prio=120 prev_state=S ==> next_comm=swapper/2 next_pid=0 next_prio=120
          <idle>-0     [001] d...  1102.607444: sched_switch: prev_comm=swapper/1 prev_pid=0 prev_prio=120 prev_state=R ==> next_comm=mysqld next_pid=790 next_prio=120
          mysqld-790   [001] d...  1102.607542: sched_switch: prev_comm=mysqld prev_pid=790 prev_prio=120 prev_state=S ==> next_comm=swapper/1 next_pid=0 next_prio=120
          <idle>-0     [003] d...  1102.619881: sched_switch: prev_comm=swapper/3 prev_pid=0 prev_prio=120 prev_state=R ==> next_comm=kworker/3:2 next_pid=164 next_prio=120
     kworker/3:2-164   [003] d...  1102.619899: sched_switch: prev_comm=kworker/3:2 prev_pid=164 prev_prio=120 prev_state=I ==> next_comm=mosquitto next_pid=461 next_prio=120
       mosquitto-461   [003] d...  1102.619940: sched_switch: prev_comm=mosquitto prev_pid=461 prev_prio=120 prev_state=S ==> next_comm=swapper/3 next_pid=0 next_prio=120
          <idle>-0     [003] d...  1102.720044: sched_switch: prev_comm=swapper/3 prev_pid=0 prev_prio=120 prev_state=R ==> next_comm=kworker/3:2 next_pid=164 next_prio=120
     kworker/3:2-164   [003] d...  1102.720061: sched_switch: prev_comm=kworker/3:2 prev_pid=164 prev_prio=120 prev_state=I ==> next_comm=mosquitto next_pid=461 next_prio=120
       mosquitto-461   [003] d...  1102.720095: sched_switch: prev_comm=mosquitto prev_pid=461 prev_prio=120 prev_state=S ==> next_comm=swapper/3 next_pid=0 next_prio=120
          <idle>-0     [002] d...  1102.726920: sched_switch: prev_comm=swapper/2 prev_pid=0 prev_prio=120 prev_state=R ==> next_comm=kworker/2:2 next_pid=1591 next_prio=120
     kworker/2:2-1591  [002] d...  1102.726977: sched_switch: prev_comm=kworker/2:2 prev_pid=1591 prev_prio=120 prev_state=D ==> next_comm=swapper/2 next_pid=0 next_prio=120
          <idle>-0     [002] d...  1102.727036: sched_switch: prev_comm=swapper/2 prev_pid=0 prev_prio=120 prev_state=R ==> next_comm=kworker/2:2 next_pid=1591 next_prio=120
     kworker/2:2-1591  [002] d...  1102.727065: sched_switch: prev_comm=kworker/2:2 prev_pid=1591 prev_prio=120 prev_state=D ==> next_comm=swapper/2 next_pid=0 next_prio=120
          <idle>-0     [002] d...  1102.727122: sched_switch: prev_comm=swapper/2 prev_pid=0 prev_prio=120 prev_state=R ==> next_comm=kworker/2:2 next_pid=1591 next_prio=120
     kworker/2:2-1591  [002] d...  1102.727146: sched_switch: prev_comm=kworker/2:2 prev_pid=1591 prev_prio=120 prev_state=D ==> next_comm=swapper/2 next_pid=0 next_prio=120
          <idle>-0     [002] d...  1102.727201: sched_switch: prev_comm=swapper/2 prev_pid=0 prev_prio=120 prev_state=R ==> next_comm=kworker/2:2 next_pid=1591 next_prio=120
     kworker/2:2-1591  [002] d...  1102.727225: sched_switch: prev_comm=kworker/2:2 prev_pid=1591 prev_prio=120 prev_state=D ==> next_comm=swapper/2 next_pid=0 next_prio=120
          <idle>-0     [002] d...  1102.727280: sched_switch: prev_comm=swapper/2 prev_pid=0 prev_prio=120 prev_state=R ==> next_comm=kworker/2:2 next_pid=1591 next_prio=120
     kworker/2:2-1591  [002] d...  1102.727294: sched_switch: prev_comm=kworker/2:2 prev_pid=1591 prev_prio=120 prev_state=I ==> next_comm=swapper/2 next_pid=0 next_prio=120
          <idle>-0     [003] d...  1102.751469: sched_switch: prev_comm=swapper/3 prev_pid=0 prev_prio=120 prev_state=R ==> next_comm=apache2 next_pid=681 next_prio=120
         apache2-681   [003] d...  1102.751534: sched_switch: prev_comm=apache2 prev_pid=681 prev_prio=120 prev_state=S ==> next_comm=swapper/3 next_pid=0 next_prio=120
          <idle>-0     [002] d...  1102.789972: sched_switch: prev_comm=swapper/2 prev_pid=0 prev_prio=120 prev_state=R ==> next_comm=rngd next_pid=566 next_prio=120
            rngd-566   [002] d...  1102.789995: sched_switch: prev_comm=rngd prev_pid=566 prev_prio=120 prev_state=S ==> next_comm=swapper/2 next_pid=0 next_prio=120
          <idle>-0     [003] d...  1102.820209: sched_switch: prev_comm=swapper/3 prev_pid=0 prev_prio=120 prev_state=R ==> next_comm=kworker/3:2 next_pid=164 next_prio=120
     kworker/3:2-164   [003] d...  1102.820227: sched_switch: prev_comm=kworker/3:2 prev_pid=164 prev_prio=120 prev_state=I ==> next_comm=mosquitto next_pid=461 next_prio=120
       mosquitto-461   [003] d...  1102.820264: sched_switch: prev_comm=mosquitto prev_pid=461 prev_prio=120 prev_state=S ==> next_comm=swapper/3 next_pid=0 next_prio=120
          <idle>-0     [003] d...  1102.857332: sched_switch: prev_comm=swapper/3 prev_pid=0 prev_prio=120 prev_state=R ==> next_comm=mysqld next_pid=753 next_prio=120
          mysqld-753   [003] d...  1102.857360: sched_switch: prev_comm=mysqld prev_pid=753 prev_prio=120 prev_state=S ==> next_comm=mysqld next_pid=759 next_prio=120
          mysqld-759   [003] d...  1102.857392: sched_switch: prev_comm=mysqld prev_pid=759 prev_prio=120 prev_state=S ==> next_comm=swapper/3 next_pid=0 next_prio=120
          <idle>-0     [003] d...  1102.857417: sched_switch: prev_comm=swapper/3 prev_pid=0 prev_prio=120 prev_state=R ==> next_comm=mysqld next_pid=758 next_prio=120
          mysqld-758   [003] d...  1102.857442: sched_switch: prev_comm=mysqld prev_pid=758 prev_prio=120 prev_state=S ==> next_comm=mysqld next_pid=760 next_prio=120
          mysqld-760   [003] d...  1102.857472: sched_switch: prev_comm=mysqld prev_pid=760 prev_prio=120 prev_state=S ==> next_comm=swapper/3 next_pid=0 next_prio=120
          <idle>-0     [003] d...  1102.920375: sched_switch: prev_comm=swapper/3 prev_pid=0 prev_prio=120 prev_state=R ==> next_comm=kworker/3:2 next_pid=164 next_prio=120
     kworker/3:2-164   [003] d...  1102.920392: sched_switch: prev_comm=kworker/3:2 prev_pid=164 prev_prio=120 prev_state=I ==> next_comm=mosquitto next_pid=461 next_prio=120
       mosquitto-461   [003] d...  1102.920426: sched_switch: prev_comm=mosquitto prev_pid=461 prev_prio=120 prev_state=S ==> next_comm=swapper/3 next_pid=0 next_prio=120
          <idle>-0     [001] d...  1102.938147: sched_switch: prev_comm=swapper/1 prev_pid=0 prev_prio=120 prev_state=R ==> next_comm=irq/86-mmc1 next_pid=80 next_prio=49
     irq/86-mmc1-80    [001] d...  1102.938181: sched_switch: prev_comm=irq/86-mmc1 prev_pid=80 prev_prio=49 prev_state=D ==> next_comm=swapper/1 next_pid=0 next_prio=120
          <idle>-0     [001] d...  1102.938194: sched_switch: prev_comm=swapper/1 prev_pid=0 prev_prio=120 prev_state=R ==> next_comm=irq/86-mmc1 next_pid=80 next_prio=49
     irq/86-mmc1-80    [001] d...  1102.938226: sched_switch: prev_comm=irq/86-mmc1 prev_pid=80 prev_prio=49 prev_state=D ==> next_comm=swapper/1 next_pid=0 next_prio=120
          <idle>-0     [001] d...  1102.938250: sched_switch: prev_comm=swapper/1 prev_pid=0 prev_prio=120 prev_state=R ==> next_comm=irq/86-mmc1 next_pid=80 next_prio=49
     irq/86-mmc1-80    [001] d...  1102.938274: sched_switch: prev_comm=irq/86-mmc1 prev_pid=80 prev_prio=49 prev_state=D ==> next_comm=swapper/1 next_pid=0 next_prio=120
          <idle>-0     [001] d...  1102.938297: sched_switch: prev_comm=swapper/1 prev_pid=0 prev_prio=120 prev_state=R ==> next_comm=irq/86-mmc1 next_pid=80 next_prio=49
     irq/86-mmc1-80    [001] d...  1102.938326: sched_switch: prev_comm=irq/86-mmc1 prev_pid=80 prev_prio=49 prev_state=S ==> next_comm=kworker/u8:0 next_pid=1583 next_prio=120
    kworker/u8:0-1583  [001] d...  1102.938366: sched_switch: prev_comm=kworker/u8:0 prev_pid=1583 prev_prio=120 prev_state=D ==> next_comm=swapper/1 next_pid=0 next_prio=120
          <idle>-0     [001] d...  1102.938392: sched_switch: prev_comm=swapper/1 prev_pid=0 prev_prio=120 prev_state=R ==> next_comm=kworker/u8:0 next_pid=1583 next_prio=120
    kworker/u8:0-1583  [001] d...  1102.938404: sched_switch: prev_comm=kworker/u8:0 prev_pid=1583 prev_prio=120 prev_state=D ==> next_comm=swapper/1 next_pid=0 next_prio=120
          <idle>-0     [001] d...  1102.941415: sched_switch: prev_comm=swapper/1 prev_pid=0 prev_prio=120 prev_state=R ==> next_comm=kworker/u8:0 next_pid=1583 next_prio=120
    kworker/u8:0-1583  [001] d...  1102.941431: sched_switch: prev_comm=kworker/u8:0 prev_pid=1583 prev_prio=120 prev_state=D ==> next_comm=swapper/1 next_pid=0 next_prio=120
          <idle>-0     [001] d...  1102.941455: sched_switch: prev_comm=swapper/1 prev_pid=0 prev_prio=120 prev_state=R ==> next_comm=kworker/u8:0 next_pid=1583 next_prio=120
    kworker/u8:0-1583  [001] d...  1102.941494: sched_switch: prev_comm=kworker/u8:0 prev_pid=1583 prev_prio=120 prev_state=D ==> next_comm=swapper/1 next_pid=0 next_prio=120
          <idle>-0     [001] d...  1102.941519: sched_switch: prev_comm=swapper/1 prev_pid=0 prev_prio=120 prev_state=R ==> next_comm=kworker/u8:0 next_pid=1583 next_prio=120
    kworker/u8:0-1583  [001] d...  1102.941554: sched_switch: prev_comm=kworker/u8:0 prev_pid=1583 prev_prio=120 prev_state=D ==> next_comm=swapper/1 next_pid=0 next_prio=120
          <idle>-0     [001] d...  1102.941580: sched_switch: prev_comm=swapper/1 prev_pid=0 prev_prio=120 prev_state=R ==> next_comm=kworker/u8:0 next_pid=1583 next_prio=120
          <idle>-0     [000] d...  1102.941673: sched_switch: prev_comm=swapper/0 prev_pid=0 prev_prio=120 prev_state=R ==> next_comm=sshd next_pid=1228 next_prio=120
    kworker/u8:0-1583  [001] d...  1102.941686: sched_switch: prev_comm=kworker/u8:0 prev_pid=1583 prev_prio=120 prev_state=D ==> next_comm=swapper/1 next_pid=0 next_prio=120
          <idle>-0     [001] d...  1102.941716: sched_switch: prev_comm=swapper/1 prev_pid=0 prev_prio=120 prev_state=R ==> next_comm=kworker/u8:0 next_pid=1583 next_prio=120
    kworker/u8:0-1583  [001] d...  1102.941732: sched_switch: prev_comm=kworker/u8:0 prev_pid=1583 prev_prio=120 prev_state=I ==> next_comm=swapper/1 next_pid=0 next_prio=120
          <idle>-0     [001] d...  1102.941882: sched_switch: prev_comm=swapper/1 prev_pid=0 prev_prio=120 prev_state=R ==> next_comm=kworker/u8:0 next_pid=1583 next_prio=120
    kworker/u8:0-1583  [001] d...  1102.941905: sched_switch: prev_comm=kworker/u8:0 prev_pid=1583 prev_prio=120 prev_state=I ==> next_comm=swapper/1 next_pid=0 next_prio=120
            sshd-1228  [000] d...  1102.941907: sched_switch: prev_comm=sshd prev_pid=1228 prev_prio=120 prev_state=S ==> next_comm=swapper/0 next_pid=0 next_prio=120
          <idle>-0     [003] d...  1102.941918: sched_switch: prev_comm=swapper/3 prev_pid=0 prev_prio=120 prev_state=R ==> next_comm=bash next_pid=1255 next_prio=120
          <idle>-0     [001] d...  1102.942018: sched_switch: prev_comm=swapper/1 prev_pid=0 prev_prio=120 prev_state=R ==> next_comm=kworker/u8:0 next_pid=1583 next_prio=120
            bash-1255  [003] d...  1102.942030: sched_switch: prev_comm=bash prev_pid=1255 prev_prio=120 prev_state=S ==> next_comm=swapper/3 next_pid=0 next_prio=120
    kworker/u8:0-1583  [001] d...  1102.942035: sched_switch: prev_comm=kworker/u8:0 prev_pid=1583 prev_prio=120 prev_state=I ==> next_comm=swapper/1 next_pid=0 next_prio=120
          <idle>-0     [000] d...  1102.942045: sched_switch: prev_comm=swapper/0 prev_pid=0 prev_prio=120 prev_state=R ==> next_comm=sshd next_pid=1228 next_prio=120
          <idle>-0     [001] d...  1102.942211: sched_switch: prev_comm=swapper/1 prev_pid=0 prev_prio=120 prev_state=R ==> next_comm=kworker/u8:0 next_pid=1583 next_prio=120
            sshd-1228  [000] d...  1102.942237: sched_switch: prev_comm=sshd prev_pid=1228 prev_prio=120 prev_state=S ==> next_comm=swapper/0 next_pid=0 next_prio=120
    kworker/u8:0-1583  [001] d...  1102.942253: sched_switch: prev_comm=kworker/u8:0 prev_pid=1583 prev_prio=120 prev_state=D ==> next_comm=swapper/1 next_pid=0 next_prio=120
          <idle>-0     [001] d...  1102.942294: sched_switch: prev_comm=swapper/1 prev_pid=0 prev_prio=120 prev_state=R ==> next_comm=kworker/u8:0 next_pid=1583 next_prio=120
    kworker/u8:0-1583  [001] d...  1102.942312: sched_switch: prev_comm=kworker/u8:0 prev_pid=1583 prev_prio=120 prev_state=I ==> next_comm=swapper/1 next_pid=0 next_prio=120
          <idle>-0     [001] d...  1102.943173: sched_switch: prev_comm=swapper/1 prev_pid=0 prev_prio=120 prev_state=R ==> next_comm=irq/86-mmc1 next_pid=80 next_prio=49
     irq/86-mmc1-80    [001] d...  1102.943196: sched_switch: prev_comm=irq/86-mmc1 prev_pid=80 prev_prio=49 prev_state=D ==> next_comm=swapper/1 next_pid=0 next_prio=120
          <idle>-0     [001] d...  1102.943208: sched_switch: prev_comm=swapper/1 prev_pid=0 prev_prio=120 prev_state=R ==> next_comm=irq/86-mmc1 next_pid=80 next_prio=49
     irq/86-mmc1-80    [001] d...  1102.943232: sched_switch: prev_comm=irq/86-mmc1 prev_pid=80 prev_prio=49 prev_state=D ==> next_comm=swapper/1 next_pid=0 next_prio=120
          <idle>-0     [001] d...  1102.943256: sched_switch: prev_comm=swapper/1 prev_pid=0 prev_prio=120 prev_state=R ==> next_comm=irq/86-mmc1 next_pid=80 next_prio=49
     irq/86-mmc1-80    [001] d...  1102.943280: sched_switch: prev_comm=irq/86-mmc1 prev_pid=80 prev_prio=49 prev_state=D ==> next_comm=swapper/1 next_pid=0 next_prio=120
          <idle>-0     [001] d...  1102.943303: sched_switch: prev_comm=swapper/1 prev_pid=0 prev_prio=120 prev_state=R ==> next_comm=irq/86-mmc1 next_pid=80 next_prio=49
     irq/86-mmc1-80    [001] d...  1102.943328: sched_switch: prev_comm=irq/86-mmc1 prev_pid=80 prev_prio=49 prev_state=S ==> next_comm=kworker/u8:0 next_pid=1583 next_prio=120
    kworker/u8:0-1583  [001] d...  1102.943365: sched_switch: prev_comm=kworker/u8:0 prev_pid=1583 prev_prio=120 prev_state=D ==> next_comm=swapper/1 next_pid=0 next_prio=120
          <idle>-0     [001] d...  1102.943392: sched_switch: prev_comm=swapper/1 prev_pid=0 prev_prio=120 prev_state=R ==> next_comm=kworker/u8:0 next_pid=1583 next_prio=120
    kworker/u8:0-1583  [001] d...  1102.943419: sched_switch: prev_comm=kworker/u8:0 prev_pid=1583 prev_prio=120 prev_state=D ==> next_comm=swapper/1 next_pid=0 next_prio=120
