          <idle>-0     [001] d...  1102.943446: sched_switch: prev_comm=swapper/1 prev_pid=0 prev_prio=120 prev_state=R ==> next_comm=kworker/u8:0 next_pid=1583 next_prio=120
    kworker/u8:0-1583  [001] d...  1102.943520: sched_switch: prev_comm=kworker/u8:0 prev_pid=1583 prev_prio=120 prev_state=D ==> next_comm=swapper/1 next_pid=0 next_prio=120
          <idle>-0     [001] d...  1102.943548: sched_switch: prev_comm=swapper/1 prev_pid=0 prev_prio=120 prev_state=R ==> next_comm=kworker/u8:0 next_pid=1583 next_prio=120
    kworker/u8:0-1583  [001] d...  1102.943563: sched_switch: prev_comm=kworker/u8:0 prev_pid=1583 prev_prio=120 prev_state=I ==> next_comm=swapper/1 next_pid=0 next_prio=120
          <idle>-0     [002] d...  1102.956916: sched_switch: prev_comm=swapper/2 prev_pid=0 prev_prio=120 prev_state=R ==> next_comm=brcmf_wdog/mmc1 next_pid=263 next_prio=120
 brcmf_wdog/mmc1-263   [002] d...  1102.956929: sched_switch: prev_comm=brcmf_wdog/mmc1 prev_pid=263 prev_prio=120 prev_state=S ==> next_comm=swapper/2 next_pid=0 next_prio=120
          <idle>-0     [002] d...  1102.957971: sched_switch: prev_comm=swapper/2 prev_pid=0 prev_prio=120 prev_state=R ==> next_comm=rngd next_pid=566 next_prio=120
            rngd-566   [002] d...  1102.957984: sched_switch: prev_comm=rngd prev_pid=566 prev_prio=120 prev_state=S ==> next_comm=swapper/2 next_pid=0 next_prio=120
          <idle>-0     [002] d...  1102.976908: sched_switch: prev_comm=swapper/2 prev_pid=0 prev_prio=120 prev_state=R ==> next_comm=brcmf_wdog/mmc1 next_pid=263 next_prio=120
 brcmf_wdog/mmc1-263   [002] d...  1102.976947: sched_switch: prev_comm=brcmf_wdog/mmc1 prev_pid=263 prev_prio=120 prev_state=D ==> next_comm=swapper/2 next_pid=0 next_prio=120
          <idle>-0     [002] d...  1102.976972: sched_switch: prev_comm=swapper/2 prev_pid=0 prev_prio=120 prev_state=R ==> next_comm=brcmf_wdog/mmc1 next_pid=263 next_prio=120
 brcmf_wdog/mmc1-263   [002] d...  1102.976989: sched_switch: prev_comm=brcmf_wdog/mmc1 prev_pid=263 prev_prio=120 prev_state=D ==> next_comm=swapper/2 next_pid=0 next_prio=120
          <idle>-0     [002] d...  1102.977013: sched_switch: prev_comm=swapper/2 prev_pid=0 prev_prio=120 prev_state=R ==> next_comm=brcmf_wdog/mmc1 next_pid=263 next_prio=120
 brcmf_wdog/mmc1-263   [002] d...  1102.977028: sched_switch: prev_comm=brcmf_wdog/mmc1 prev_pid=263 prev_prio=120 prev_state=D ==> next_comm=swapper/2 next_pid=0 next_prio=120
          <idle>-0     [002] d...  1102.977051: sched_switch: prev_comm=swapper/2 prev_pid=0 prev_prio=120 prev_state=R ==> next_comm=brcmf_wdog/mmc1 next_pid=263 next_prio=120
 brcmf_wdog/mmc1-263   [002] d...  1102.977062: sched_switch: prev_comm=brcmf_wdog/mmc1 prev_pid=263 prev_prio=120 prev_state=S ==> next_comm=swapper/2 next_pid=0 next_prio=120
          <idle>-0     [001] d...  1103.001482: sched_switch: prev_comm=swapper/1 prev_pid=0 prev_prio=120 prev_state=R ==> next_comm=irq/86-mmc1 next_pid=80 next_prio=49
     irq/86-mmc1-80    [001] d...  1103.001502: sched_switch: prev_comm=irq/86-mmc1 prev_pid=80 prev_prio=49 prev_state=D ==> next_comm=swapper/1 next_pid=0 next_prio=120
          <idle>-0     [001] d...  1103.001526: sched_switch: prev_comm=swapper/1 prev_pid=0 prev_prio=120 prev_state=R ==> next_comm=irq/86-mmc1 next_pid=80 next_prio=49
     irq/86-mmc1-80    [001] d...  1103.001551: sched_switch: prev_comm=irq/86-mmc1 prev_pid=80 prev_prio=49 prev_state=D ==> next_comm=swapper/1 next_pid=0 next_prio=120
          <idle>-0     [001] d...  1103.001575: sched_switch: prev_comm=swapper/1 prev_pid=0 prev_prio=120 prev_state=R ==> next_comm=irq/86-mmc1 next_pid=80 next_prio=49
     irq/86-mmc1-80    [001] d...  1103.001598: sched_switch: prev_comm=irq/86-mmc1 prev_pid=80 prev_prio=49 prev_state=D ==> next_comm=swapper/1 next_pid=0 next_prio=120
          <idle>-0     [001] d...  1103.001621: sched_switch: prev_comm=swapper/1 prev_pid=0 prev_prio=120 prev_state=R ==> next_comm=irq/86-mmc1 next_pid=80 next_prio=49
     irq/86-mmc1-80    [001] d...  1103.001645: sched_switch: prev_comm=irq/86-mmc1 prev_pid=80 prev_prio=49 prev_state=S ==> next_comm=kworker/u8:0 next_pid=1583 next_prio=120
    kworker/u8:0-1583  [001] d...  1103.001686: sched_switch: prev_comm=kworker/u8:0 prev_pid=1583 prev_prio=120 prev_state=D ==> next_comm=swapper/1 next_pid=0 next_prio=120
          <idle>-0     [001] d...  1103.001702: sched_switch: prev_comm=swapper/1 prev_pid=0 prev_prio=120 prev_state=R ==> next_comm=kworker/u8:0 next_pid=1583 next_prio=120
    kworker/u8:0-1583  [001] d...  1103.001714: sched_switch: prev_comm=kworker/u8:0 prev_pid=1583 prev_prio=120 prev_state=D ==> next_comm=swapper/1 next_pid=0 next_prio=120
          <idle>-0     [001] d...  1103.004726: sched_switch: prev_comm=swapper/1 prev_pid=0 prev_prio=120 prev_state=R ==> next_comm=kworker/u8:0 next_pid=1583 next_prio=120
    kworker/u8:0-1583  [001] d...  1103.004741: sched_switch: prev_comm=kworker/u8:0 prev_pid=1583 prev_prio=120 prev_state=D ==> next_comm=swapper/1 next_pid=0 next_prio=120
          <idle>-0     [001] d...  1103.004765: sched_switch: prev_comm=swapper/1 prev_pid=0 prev_prio=120 prev_state=R ==> next_comm=kworker/u8:0 next_pid=1583 next_prio=120
    kworker/u8:0-1583  [001] d...  1103.004797: sched_switch: prev_comm=kworker/u8:0 prev_pid=1583 prev_prio=120 prev_state=D ==> next_comm=swapper/1 next_pid=0 next_prio=120
          <idle>-0     [001] d...  1103.004823: sched_switch: prev_comm=swapper/1 prev_pid=0 prev_prio=120 prev_state=R ==> next_comm=kworker/u8:0 next_pid=1583 next_prio=120
    kworker/u8:0-1583  [001] d...  1103.004851: sched_switch: prev_comm=kworker/u8:0 prev_pid=1583 prev_prio=120 prev_state=D ==> next_comm=swapper/1 next_pid=0 next_prio=120
          <idle>-0     [001] d...  1103.004876: sched_switch: prev_comm=swapper/1 prev_pid=0 prev_prio=120 prev_state=R ==> next_comm=kworker/u8:0 next_pid=1583 next_prio=120
    kworker/u8:0-1583  [001] d...  1103.004930: sched_switch: prev_comm=kworker/u8:0 prev_pid=1583 prev_prio=120 prev_state=R+ ==> next_comm=sshd next_pid=1228 next_prio=120
          <idle>-0     [000] d...  1103.005051: sched_switch: prev_comm=swapper/0 prev_pid=0 prev_prio=120 prev_state=R ==> next_comm=kworker/u8:2 next_pid=1381 next_prio=120
            sshd-1228  [001] d...  1103.005067: sched_switch: prev_comm=sshd prev_pid=1228 prev_prio=120 prev_state=S ==> next_comm=kworker/u8:0 next_pid=1583 next_prio=120
          <idle>-0     [003] d...  1103.005085: sched_switch: prev_comm=swapper/3 prev_pid=0 prev_prio=120 prev_state=R ==> next_comm=bash next_pid=1255 next_prio=120
    kworker/u8:2-1381  [000] d...  1103.005089: sched_switch: prev_comm=kworker/u8:2 prev_pid=1381 prev_prio=120 prev_state=I ==> next_comm=swapper/0 next_pid=0 next_prio=120
    kworker/u8:0-1583  [001] d...  1103.005098: sched_switch: prev_comm=kworker/u8:0 prev_pid=1583 prev_prio=120 prev_state=D ==> next_comm=swapper/1 next_pid=0 next_prio=120
          <idle>-0     [001] d...  1103.005127: sched_switch: prev_comm=swapper/1 prev_pid=0 prev_prio=120 prev_state=R ==> next_comm=kworker/u8:0 next_pid=1583 next_prio=120
          <idle>-0     [000] d...  1103.005147: sched_switch: prev_comm=swapper/0 prev_pid=0 prev_prio=120 prev_state=R ==> next_comm=kworker/u8:2 next_pid=1381 next_prio=120
    kworker/u8:0-1583  [001] d...  1103.005154: sched_switch: prev_comm=kworker/u8:0 prev_pid=1583 prev_prio=120 prev_state=R+ ==> next_comm=sshd next_pid=1228 next_prio=120
            bash-1255  [003] d...  1103.005167: sched_switch: prev_comm=bash prev_pid=1255 prev_prio=120 prev_state=S ==> next_comm=swapper/3 next_pid=0 next_prio=120
    kworker/u8:2-1381  [000] d...  1103.005168: sched_switch: prev_comm=kworker/u8:2 prev_pid=1381 prev_prio=120 prev_state=I ==> next_comm=swapper/0 next_pid=0 next_prio=120
            sshd-1228  [001] d...  1103.005228: sched_switch: prev_comm=sshd prev_pid=1228 prev_prio=120 prev_state=D ==> next_comm=kworker/u8:0 next_pid=1583 next_prio=120
          <idle>-0     [000] d...  1103.005232: sched_switch: prev_comm=swapper/0 prev_pid=0 prev_prio=120 prev_state=R ==> next_comm=kworker/u8:2 next_pid=1381 next_prio=120
    kworker/u8:0-1583  [001] d...  1103.005244: sched_switch: prev_comm=kworker/u8:0 prev_pid=1583 prev_prio=120 prev_state=R+ ==> next_comm=sshd next_pid=1228 next_prio=120
    kworker/u8:2-1381  [000] d...  1103.005250: sched_switch: prev_comm=kworker/u8:2 prev_pid=1381 prev_prio=120 prev_state=I ==> next_comm=swapper/0 next_pid=0 next_prio=120
          <idle>-0     [000] d...  1103.005314: sched_switch: prev_comm=swapper/0 prev_pid=0 prev_prio=120 prev_state=R ==> next_comm=kworker/u8:2 next_pid=1381 next_prio=120
            sshd-1228  [001] d...  1103.005339: sched_switch: prev_comm=sshd prev_pid=1228 prev_prio=120 prev_state=S ==> next_comm=kworker/u8:0 next_pid=1583 next_prio=120
    kworker/u8:0-1583  [001] d...  1103.005359: sched_switch: prev_comm=kworker/u8:0 prev_pid=1583 prev_prio=120 prev_state=I ==> next_comm=swapper/1 next_pid=0 next_prio=120
    kworker/u8:2-1381  [000] d...  1103.005364: sched_switch: prev_comm=kworker/u8:2 prev_pid=1381 prev_prio=120 prev_state=D ==> next_comm=swapper/0 next_pid=0 next_prio=120
          <idle>-0     [000] d...  1103.005385: sched_switch: prev_comm=swapper/0 prev_pid=0 prev_prio=120 prev_state=R ==> next_comm=kworker/u8:2 next_pid=1381 next_prio=120
    kworker/u8:2-1381  [000] d...  1103.005401: sched_switch: prev_comm=kworker/u8:2 prev_pid=1381 prev_prio=120 prev_state=I ==> next_comm=swapper/0 next_pid=0 next_prio=120
          <idle>-0     [001] d...  1103.006087: sched_switch: prev_comm=swapper/1 prev_pid=0 prev_prio=120 prev_state=R ==> next_comm=irq/86-mmc1 next_pid=80 next_prio=49
     irq/86-mmc1-80    [001] d...  1103.006109: sched_switch: prev_comm=irq/86-mmc1 prev_pid=80 prev_prio=49 prev_state=D ==> next_comm=swapper/1 next_pid=0 next_prio=120
          <idle>-0     [001] d...  1103.006134: sched_switch: prev_comm=swapper/1 prev_pid=0 prev_prio=120 prev_state=R ==> next_comm=irq/86-mmc1 next_pid=80 next_prio=49
     irq/86-mmc1-80    [001] d...  1103.006159: sched_switch: prev_comm=irq/86-mmc1 prev_pid=80 prev_prio=49 prev_state=D ==> next_comm=swapper/1 next_pid=0 next_prio=120
          <idle>-0     [001] d...  1103.006183: sched_switch: prev_comm=swapper/1 prev_pid=0 prev_prio=120 prev_state=R ==> next_comm=irq/86-mmc1 next_pid=80 next_prio=49
     irq/86-mmc1-80    [001] d...  1103.006208: sched_switch: prev_comm=irq/86-mmc1 prev_pid=80 prev_prio=49 prev_state=D ==> next_comm=swapper/1 next_pid=0 next_prio=120
          <idle>-0     [001] d...  1103.006231: sched_switch: prev_comm=swapper/1 prev_pid=0 prev_prio=120 prev_state=R ==> next_comm=irq/86-mmc1 next_pid=80 next_prio=49
     irq/86-mmc1-80    [001] d...  1103.006251: sched_switch: prev_comm=irq/86-mmc1 prev_pid=80 prev_prio=49 prev_state=S ==> next_comm=swapper/1 next_pid=0 next_prio=120
          <idle>-0     [000] d...  1103.006255: sched_switch: prev_comm=swapper/0 prev_pid=0 prev_prio=120 prev_state=R ==> next_comm=kworker/u8:2 next_pid=1381 next_prio=120
    kworker/u8:2-1381  [000] d...  1103.006427: sched_switch: prev_comm=kworker/u8:2 prev_pid=1381 prev_prio=120 prev_state=I ==> next_comm=swapper/0 next_pid=0 next_prio=120
          <idle>-0     [000] d...  1103.010014: sched_switch: prev_comm=swapper/0 prev_pid=0 prev_prio=120 prev_state=R ==> next_comm=mysqld next_pid=754 next_prio=120
          mysqld-754   [000] d...  1103.010047: sched_switch: prev_comm=mysqld prev_pid=754 prev_prio=120 prev_state=S ==> next_comm=swapper/0 next_pid=0 next_prio=120
          <idle>-0     [000] d...  1103.010079: sched_switch: prev_comm=swapper/0 prev_pid=0 prev_prio=120 prev_state=R ==> next_comm=mysqld next_pid=761 next_prio=120
          mysqld-761   [000] d...  1103.010104: sched_switch: prev_comm=mysqld prev_pid=761 prev_prio=120 prev_state=S ==> next_comm=swapper/0 next_pid=0 next_prio=120
          <idle>-0     [000] d...  1103.010165: sched_switch: prev_comm=swapper/0 prev_pid=0 prev_prio=120 prev_state=R ==> next_comm=mysqld next_pid=752 next_prio=120
          mysqld-752   [000] d...  1103.010192: sched_switch: prev_comm=mysqld prev_pid=752 prev_prio=120 prev_state=S ==> next_comm=mysqld next_pid=755 next_prio=120
          mysqld-755   [000] d...  1103.010237: sched_switch: prev_comm=mysqld prev_pid=755 prev_prio=120 prev_state=S ==> next_comm=mysqld next_pid=757 next_prio=120
          mysqld-757   [000] d...  1103.010262: sched_switch: prev_comm=mysqld prev_pid=757 prev_prio=120 prev_state=S ==> next_comm=mysqld next_pid=756 next_prio=120
          mysqld-756   [000] d...  1103.010309: sched_switch: prev_comm=mysqld prev_pid=756 prev_prio=120 prev_state=S ==> next_comm=swapper/0 next_pid=0 next_prio=120
          <idle>-0     [002] d...  1103.016912: sched_switch: prev_comm=swapper/2 prev_pid=0 prev_prio=120 prev_state=R ==> next_comm=brcmf_wdog/mmc1 next_pid=263 next_prio=120
 brcmf_wdog/mmc1-263   [002] d...  1103.016921: sched_switch: prev_comm=brcmf_wdog/mmc1 prev_pid=263 prev_prio=120 prev_state=S ==> next_comm=swapper/2 next_pid=0 next_prio=120
          <idle>-0     [003] d...  1103.020543: sched_switch: prev_comm=swapper/3 prev_pid=0 prev_prio=120 prev_state=R ==> next_comm=kworker/3:2 next_pid=164 next_prio=120
     kworker/3:2-164   [003] d...  1103.020566: sched_switch: prev_comm=kworker/3:2 prev_pid=164 prev_prio=120 prev_state=I ==> next_comm=mosquitto next_pid=461 next_prio=120
       mosquitto-461   [003] d...  1103.020620: sched_switch: prev_comm=mosquitto prev_pid=461 prev_prio=120 prev_state=S ==> next_comm=swapper/3 next_pid=0 next_prio=120
          <idle>-0     [002] d...  1103.036909: sched_switch: prev_comm=swapper/2 prev_pid=0 prev_prio=120 prev_state=R ==> next_comm=brcmf_wdog/mmc1 next_pid=263 next_prio=120
 brcmf_wdog/mmc1-263   [002] d...  1103.036929: sched_switch: prev_comm=brcmf_wdog/mmc1 prev_pid=263 prev_prio=120 prev_state=D ==> next_comm=swapper/2 next_pid=0 next_prio=120
          <idle>-0     [002] d...  1103.036954: sched_switch: prev_comm=swapper/2 prev_pid=0 prev_prio=120 prev_state=R ==> next_comm=brcmf_wdog/mmc1 next_pid=263 next_prio=120
 brcmf_wdog/mmc1-263   [002] d...  1103.036969: sched_switch: prev_comm=brcmf_wdog/mmc1 prev_pid=263 prev_prio=120 prev_state=D ==> next_comm=swapper/2 next_pid=0 next_prio=120
          <idle>-0     [002] d...  1103.036993: sched_switch: prev_comm=swapper/2 prev_pid=0 prev_prio=120 prev_state=R ==> next_comm=brcmf_wdog/mmc1 next_pid=263 next_prio=120
 brcmf_wdog/mmc1-263   [002] d...  1103.037007: sched_switch: prev_comm=brcmf_wdog/mmc1 prev_pid=263 prev_prio=120 prev_state=D ==> next_comm=swapper/2 next_pid=0 next_prio=120
          <idle>-0     [002] d...  1103.037031: sched_switch: prev_comm=swapper/2 prev_pid=0 prev_prio=120 prev_state=R ==> next_comm=brcmf_wdog/mmc1 next_pid=263 next_prio=120
 brcmf_wdog/mmc1-263   [002] d...  1103.037042: sched_switch: prev_comm=brcmf_wdog/mmc1 prev_pid=263 prev_prio=120 prev_state=S ==> next_comm=swapper/2 next_pid=0 next_prio=120
          <idle>-0     [001] d...  1103.104639: sched_switch: prev_comm=swapper/1 prev_pid=0 prev_prio=120 prev_state=R ==> next_comm=lxpanel next_pid=987 next_prio=120
         lxpanel-987   [001] d...  1103.104770: sched_switch: prev_comm=lxpanel prev_pid=987 prev_prio=120 prev_state=S ==> next_comm=swapper/1 next_pid=0 next_prio=120
          <idle>-0     [002] d...  1103.109972: sched_switch: prev_comm=swapper/2 prev_pid=0 prev_prio=120 prev_state=R ==> next_comm=rngd next_pid=566 next_prio=120
            rngd-566   [002] d...  1103.109986: sched_switch: prev_comm=rngd prev_pid=566 prev_prio=120 prev_state=S ==> next_comm=swapper/2 next_pid=0 next_prio=120
          <idle>-0     [003] d...  1103.120724: sched_switch: prev_comm=swapper/3 prev_pid=0 prev_prio=120 prev_state=R ==> next_comm=kworker/3:2 next_pid=164 next_prio=120
     kworker/3:2-164   [003] d...  1103.120742: sched_switch: prev_comm=kworker/3:2 prev_pid=164 prev_prio=120 prev_state=I ==> next_comm=mosquitto next_pid=461 next_prio=120
       mosquitto-461   [003] d...  1103.120787: sched_switch: prev_comm=mosquitto prev_pid=461 prev_prio=120 prev_state=S ==> next_comm=swapper/3 next_pid=0 next_prio=120
          <idle>-0     [000] d...  1103.179060: sched_switch: prev_comm=swapper/0 prev_pid=0 prev_prio=120 prev_state=R ==> next_comm=mysqld next_pid=803 next_prio=120
          mysqld-803   [000] d...  1103.179100: sched_switch: prev_comm=mysqld prev_pid=803 prev_prio=120 prev_state=S ==> next_comm=swapper/0 next_pid=0 next_prio=120
          <idle>-0     [003] d...  1103.220892: sched_switch: prev_comm=swapper/3 prev_pid=0 prev_prio=120 prev_state=R ==> next_comm=kworker/3:2 next_pid=164 next_prio=120
     kworker/3:2-164   [003] d...  1103.220909: sched_switch: prev_comm=kworker/3:2 prev_pid=164 prev_prio=120 prev_state=I ==> next_comm=mosquitto next_pid=461 next_prio=120
       mosquitto-461   [003] d...  1103.220945: sched_switch: prev_comm=mosquitto prev_pid=461 prev_prio=120 prev_state=S ==> next_comm=swapper/3 next_pid=0 next_prio=120
          <idle>-0     [001] d...  1103.226650: sched_switch: prev_comm=swapper/1 prev_pid=0 prev_prio=120 prev_state=R ==> next_comm=irq/86-mmc1 next_pid=80 next_prio=49
     irq/86-mmc1-80    [001] d...  1103.226681: sched_switch: prev_comm=irq/86-mmc1 prev_pid=80 prev_prio=49 prev_state=D ==> next_comm=swapper/1 next_pid=0 next_prio=120
          <idle>-0     [001] d...  1103.226694: sched_switch: prev_comm=swapper/1 prev_pid=0 prev_prio=120 prev_state=R ==> next_comm=irq/86-mmc1 next_pid=80 next_prio=49
     irq/86-mmc1-80    [001] d...  1103.226720: sched_switch: prev_comm=irq/86-mmc1 prev_pid=80 prev_prio=49 prev_state=D ==> next_comm=swapper/1 next_pid=0 next_prio=120
          <idle>-0     [001] d...  1103.226746: sched_switch: prev_comm=swapper/1 prev_pid=0 prev_prio=120 prev_state=R ==> next_comm=irq/86-mmc1 next_pid=80 next_prio=49
     irq/86-mmc1-80    [001] d...  1103.226769: sched_switch: prev_comm=irq/86-mmc1 prev_pid=80 prev_prio=49 prev_state=D ==> next_comm=swapper/1 next_pid=0 next_prio=120
          <idle>-0     [001] d...  1103.226793: sched_switch: prev_comm=swapper/1 prev_pid=0 prev_prio=120 prev_state=R ==> next_comm=irq/86-mmc1 next_pid=80 next_prio=49
     irq/86-mmc1-80    [001] d...  1103.226813: sched_switch: prev_comm=irq/86-mmc1 prev_pid=80 prev_prio=49 prev_state=S ==> next_comm=swapper/1 next_pid=0 next_prio=120
          <idle>-0     [000] d...  1103.226817: sched_switch: prev_comm=swapper/0 prev_pid=0 prev_prio=120 prev_state=R ==> next_comm=kworker/u8:2 next_pid=1381 next_prio=120
    kworker/u8:2-1381  [000] d...  1103.226858: sched_switch: prev_comm=kworker/u8:2 prev_pid=1381 prev_prio=120 prev_state=D ==> next_comm=swapper/0 next_pid=0 next_prio=120
          <idle>-0     [000] d...  1103.229872: sched_switch: prev_comm=swapper/0 prev_pid=0 prev_prio=120 prev_state=R ==> next_comm=kworker/u8:2 next_pid=1381 next_prio=120
          <idle>-0     [001] d...  1103.230046: sched_switch: prev_comm=swapper/1 prev_pid=0 prev_prio=120 prev_state=R ==> next_comm=sshd next_pid=1228 next_prio=120
    kworker/u8:2-1381  [000] d...  1103.230084: sched_switch: prev_comm=kworker/u8:2 prev_pid=1381 prev_prio=120 prev_state=I ==> next_comm=swapper/0 next_pid=0 next_prio=120
          <idle>-0     [000] d...  1103.230178: sched_switch: prev_comm=swapper/0 prev_pid=0 prev_prio=120 prev_state=R ==> next_comm=kworker/u8:2 next_pid=1381 next_prio=120
    kworker/u8:2-1381  [000] d...  1103.230197: sched_switch: prev_comm=kworker/u8:2 prev_pid=1381 prev_prio=120 prev_state=I ==> next_comm=swapper/0 next_pid=0 next_prio=120
            sshd-1228  [001] d...  1103.230198: sched_switch: prev_comm=sshd prev_pid=1228 prev_prio=120 prev_state=S ==> next_comm=swapper/1 next_pid=0 next_prio=120
          <idle>-0     [003] d...  1103.230209: sched_switch: prev_comm=swapper/3 prev_pid=0 prev_prio=120 prev_state=R ==> next_comm=bash next_pid=1255 next_prio=120
          <idle>-0     [000] d...  1103.230282: sched_switch: prev_comm=swapper/0 prev_pid=0 prev_prio=120 prev_state=R ==> next_comm=kworker/u8:2 next_pid=1381 next_prio=120
            bash-1255  [003] d...  1103.230290: sched_switch: prev_comm=bash prev_pid=1255 prev_prio=120 prev_state=S ==> next_comm=swapper/3 next_pid=0 next_prio=120
    kworker/u8:2-1381  [000] d...  1103.230297: sched_switch: prev_comm=kworker/u8:2 prev_pid=1381 prev_prio=120 prev_state=I ==> next_comm=swapper/0 next_pid=0 next_prio=120
          <idle>-0     [001] d...  1103.230303: sched_switch: prev_comm=swapper/1 prev_pid=0 prev_prio=120 prev_state=R ==> next_comm=sshd next_pid=1228 next_prio=120
          <idle>-0     [000] d...  1103.230439: sched_switch: prev_comm=swapper/0 prev_pid=0 prev_prio=120 prev_state=R ==> next_comm=kworker/u8:2 next_pid=1381 next_prio=120
            sshd-1228  [001] d...  1103.230460: sched_switch: prev_comm=sshd prev_pid=1228 prev_prio=120 prev_state=S ==> next_comm=swapper/1 next_pid=0 next_prio=120
    kworker/u8:2-1381  [000] d...  1103.230488: sched_switch: prev_comm=kworker/u8:2 prev_pid=1381 prev_prio=120 prev_state=D ==> next_comm=swapper/0 next_pid=0 next_prio=120
          <idle>-0     [000] d...  1103.230509: sched_switch: prev_comm=swapper/0 prev_pid=0 prev_prio=120 prev_state=R ==> next_comm=kworker/u8:2 next_pid=1381 next_prio=120
    kworker/u8:2-1381  [000] d...  1103.230526: sched_switch: prev_comm=kworker/u8:2 prev_pid=1381 prev_prio=120 prev_state=I ==> next_comm=swapper/0 next_pid=0 next_prio=120
          <idle>-0     [001] d...  1103.234034: sched_switch: prev_comm=swapper/1 prev_pid=0 prev_prio=120 prev_state=R ==> next_comm=irq/86-mmc1 next_pid=80 next_prio=49
     irq/86-mmc1-80    [001] d...  1103.234056: sched_switch: prev_comm=irq/86-mmc1 prev_pid=80 prev_prio=49 prev_state=D ==> next_comm=swapper/1 next_pid=0 next_prio=120
          <idle>-0     [001] d...  1103.234083: sched_switch: prev_comm=swapper/1 prev_pid=0 prev_prio=120 prev_state=R ==> next_comm=irq/86-mmc1 next_pid=80 next_prio=49
     irq/86-mmc1-80    [001] d...  1103.234108: sched_switch: prev_comm=irq/86-mmc1 prev_pid=80 prev_prio=49 prev_state=D ==> next_comm=swapper/1 next_pid=0 next_prio=120
          <idle>-0     [001] d...  1103.234133: sched_switch: prev_comm=swapper/1 prev_pid=0 prev_prio=120 prev_state=R ==> next_comm=irq/86-mmc1 next_pid=80 next_prio=49
     irq/86-mmc1-80    [001] d...  1103.234156: sched_switch: prev_comm=irq/86-mmc1 prev_pid=80 prev_prio=49 prev_state=D ==> next_comm=swapper/1 next_pid=0 next_prio=120
          <idle>-0     [001] d...  1103.234180: sched_switch: prev_comm=swapper/1 prev_pid=0 prev_prio=120 prev_state=R ==> next_comm=irq/86-mmc1 next_pid=80 next_prio=49
     irq/86-mmc1-80    [001] d...  1103.234202: sched_switch: prev_comm=irq/86-mmc1 prev_pid=80 prev_prio=49 prev_state=S ==> next_comm=swapper/1 next_pid=0 next_prio=120
          <idle>-0     [000] d...  1103.234204: sched_switch: prev_comm=swapper/0 prev_pid=0 prev_prio=120 prev_state=R ==> next_comm=kworker/u8:2 next_pid=1381 next_prio=120
    kworker/u8:2-1381  [000] d...  1103.234375: sched_switch: prev_comm=kworker/u8:2 prev_pid=1381 prev_prio=120 prev_state=I ==> next_comm=swapper/0 next_pid=0 next_prio=120
          <idle>-0     [002] d...  1103.246914: sched_switch: prev_comm=swapper/2 prev_pid=0 prev_prio=120 prev_state=R ==> next_comm=brcmf_wdog/mmc1 next_pid=263 next_prio=120
 brcmf_wdog/mmc1-263   [002] d...  1103.246922: sched_switch: prev_comm=brcmf_wdog/mmc1 prev_pid=263 prev_prio=120 prev_state=S ==> next_comm=swapper/2 next_pid=0 next_prio=120
          <idle>-0     [000] d...  1103.246936: sched_switch: prev_comm=swapper/0 prev_pid=0 prev_prio=120 prev_state=R ==> next_comm=kworker/0:0 next_pid=1388 next_prio=120
     kworker/0:0-1388  [000] d...  1103.246966: sched_switch: prev_comm=kworker/0:0 prev_pid=1388 prev_prio=120 prev_state=I ==> next_comm=swapper/0 next_pid=0 next_prio=120
          <idle>-0     [002] d...  1103.266910: sched_switch: prev_comm=swapper/2 prev_pid=0 prev_prio=120 prev_state=R ==> next_comm=brcmf_wdog/mmc1 next_pid=263 next_prio=120
 brcmf_wdog/mmc1-263   [002] d...  1103.266943: sched_switch: prev_comm=brcmf_wdog/mmc1 prev_pid=263 prev_prio=120 prev_state=D ==> next_comm=swapper/2 next_pid=0 next_prio=120
          <idle>-0     [002] d...  1103.266968: sched_switch: prev_comm=swapper/2 prev_pid=0 prev_prio=120 prev_state=R ==> next_comm=brcmf_wdog/mmc1 next_pid=263 next_prio=120
 brcmf_wdog/mmc1-263   [002] d...  1103.266983: sched_switch: prev_comm=brcmf_wdog/mmc1 prev_pid=263 prev_prio=120 prev_state=D ==> next_comm=swapper/2 next_pid=0 next_prio=120
          <idle>-0     [002] d...  1103.267007: sched_switch: prev_comm=swapper/2 prev_pid=0 prev_prio=120 prev_state=R ==> next_comm=brcmf_wdog/mmc1 next_pid=263 next_prio=120
 brcmf_wdog/mmc1-263   [002] d...  1103.267022: sched_switch: prev_comm=brcmf_wdog/mmc1 prev_pid=263 prev_prio=120 prev_state=D ==> next_comm=swapper/2 next_pid=0 next_prio=120
          <idle>-0     [002] d...  1103.267046: sched_switch: prev_comm=swapper/2 prev_pid=0 prev_prio=120 prev_state=R ==> next_comm=brcmf_wdog/mmc1 next_pid=263 next_prio=120
 brcmf_wdog/mmc1-263   [002] d...  1103.267056: sched_switch: prev_comm=brcmf_wdog/mmc1 prev_pid=263 prev_prio=120 prev_state=S ==> next_comm=swapper/2 next_pid=0 next_prio=120
          <idle>-0     [002] d...  1103.269844: sched_switch: prev_comm=swapper/2 prev_pid=0 prev_prio=120 prev_state=R ==> next_comm=rngd next_pid=566 next_prio=120
            rngd-566   [002] d...  1103.269858: sched_switch: prev_comm=rngd prev_pid=566 prev_prio=120 prev_state=S ==> next_comm=swapper/2 next_pid=0 next_prio=120
          <idle>-0     [000] d...  1103.290265: sched_switch: prev_comm=swapper/0 prev_pid=0 prev_prio=120 prev_state=R ==> next_comm=mysqld next_pid=797 next_prio=120
          mysqld-797   [000] d...  1103.290342: sched_switch: prev_comm=mysqld prev_pid=797 prev_prio=120 prev_state=S ==> next_comm=mysqld next_pid=762 next_prio=120
          mysqld-762   [000] d...  1103.290413: sched_switch: prev_comm=mysqld prev_pid=762 prev_prio=120 prev_state=S ==> next_comm=swapper/0 next_pid=0 next_prio=120
          <idle>-0     [003] d...  1103.321055: sched_switch: prev_comm=swapper/3 prev_pid=0 prev_prio=120 prev_state=R ==> next_comm=kworker/3:2 next_pid=164 next_prio=120
     kworker/3:2-164   [003] d...  1103.321076: sched_switch: prev_comm=kworker/3:2 prev_pid=164 prev_prio=120 prev_state=I ==> next_comm=mosquitto next_pid=461 next_prio=120
       mosquitto-461   [003] d...  1103.321123: sched_switch: prev_comm=mosquitto prev_pid=461 prev_prio=120 prev_state=S ==> next_comm=swapper/3 next_pid=0 next_prio=120
          <idle>-0     [003] d...  1103.357439: sched_switch: prev_comm=swapper/3 prev_pid=0 prev_prio=120 prev_state=R ==> next_comm=mysqld next_pid=753 next_prio=120
          mysqld-753   [003] d...  1103.357471: sched_switch: prev_comm=mysqld prev_pid=753 prev_prio=120 prev_state=S ==> next_comm=mysqld next_pid=759 next_prio=120
          mysqld-759   [003] d...  1103.357520: sched_switch: prev_comm=mysqld prev_pid=759 prev_prio=120 prev_state=S ==> next_comm=mysqld next_pid=758 next_prio=120
          mysqld-758   [003] d...  1103.357546: sched_switch: prev_comm=mysqld prev_pid=758 prev_prio=120 prev_state=S ==> next_comm=mysqld next_pid=760 next_prio=120
          mysqld-760   [003] d...  1103.357586: sched_switch: prev_comm=mysqld prev_pid=760 prev_prio=120 prev_state=S ==> next_comm=swapper/3 next_pid=0 next_prio=120
          <idle>-0     [002] d...  1103.366929: sched_switch: prev_comm=swapper/2 prev_pid=0 prev_prio=120 prev_state=R ==> next_comm=kworker/2:2 next_pid=1591 next_prio=120
     kworker/2:2-1591  [002] d...  1103.366976: sched_switch: prev_comm=kworker/2:2 prev_pid=1591 prev_prio=120 prev_state=D ==> next_comm=kworker/2:1 next_pid=33 next_prio=120
     kworker/2:1-33    [002] d...  1103.366992: sched_switch: prev_comm=kworker/2:1 prev_pid=33 prev_prio=120 prev_state=I ==> next_comm=ksoftirqd/2 next_pid=21 next_prio=120
     ksoftirqd/2-21    [002] d...  1103.367018: sched_switch: prev_comm=ksoftirqd/2 prev_pid=21 prev_prio=120 prev_state=S ==> next_comm=kworker/2:1 next_pid=33 next_prio=120
     kworker/2:1-33    [002] d...  1103.367026: sched_switch: prev_comm=kworker/2:1 prev_pid=33 prev_prio=120 prev_state=I ==> next_comm=kworker/2:2 next_pid=1591 next_prio=120
     kworker/2:2-1591  [002] d...  1103.367061: sched_switch: prev_comm=kworker/2:2 prev_pid=1591 prev_prio=120 prev_state=I ==> next_comm=swapper/2 next_pid=0 next_prio=120
          <idle>-0     [003] d...  1103.421232: sched_switch: prev_comm=swapper/3 prev_pid=0 prev_prio=120 prev_state=R ==> next_comm=kworker/3:2 next_pid=164 next_prio=120
     kworker/3:2-164   [003] d...  1103.421251: sched_switch: prev_comm=kworker/3:2 prev_pid=164 prev_prio=120 prev_state=I ==> next_comm=mosquitto next_pid=461 next_prio=120
       mosquitto-461   [003] d...  1103.421292: sched_switch: prev_comm=mosquitto prev_pid=461 prev_prio=120 prev_state=S ==> next_comm=swapper/3 next_pid=0 next_prio=120
          <idle>-0     [000] d...  1103.446919: sched_switch: prev_comm=swapper/0 prev_pid=0 prev_prio=120 prev_state=R ==> next_comm=kworker/u8:2 next_pid=1381 next_prio=120
    kworker/u8:2-1381  [000] d...  1103.446958: sched_switch: prev_comm=kworker/u8:2 prev_pid=1381 prev_prio=120 prev_state=I ==> next_comm=swapper/0 next_pid=0 next_prio=120
          <idle>-0     [001] d...  1103.450298: sched_switch: prev_comm=swapper/1 prev_pid=0 prev_prio=120 prev_state=R ==> next_comm=irq/86-mmc1 next_pid=80 next_prio=49
     irq/86-mmc1-80    [001] d...  1103.450320: sched_switch: prev_comm=irq/86-mmc1 prev_pid=80 prev_prio=49 prev_state=D ==> next_comm=swapper/1 next_pid=0 next_prio=120
          <idle>-0     [001] d...  1103.450344: sched_switch: prev_comm=swapper/1 prev_pid=0 prev_prio=120 prev_state=R ==> next_comm=irq/86-mmc1 next_pid=80 next_prio=49
     irq/86-mmc1-80    [001] d...  1103.450369: sched_switch: prev_comm=irq/86-mmc1 prev_pid=80 prev_prio=49 prev_state=D ==> next_comm=swapper/1 next_pid=0 next_prio=120
          <idle>-0     [001] d...  1103.450393: sched_switch: prev_comm=swapper/1 prev_pid=0 prev_prio=120 prev_state=R ==> next_comm=irq/86-mmc1 next_pid=80 next_prio=49
     irq/86-mmc1-80    [001] d...  1103.450416: sched_switch: prev_comm=irq/86-mmc1 prev_pid=80 prev_prio=49 prev_state=D ==> next_comm=swapper/1 next_pid=0 next_prio=120
          <idle>-0     [001] d...  1103.450440: sched_switch: prev_comm=swapper/1 prev_pid=0 prev_prio=120 prev_state=R ==> next_comm=irq/86-mmc1 next_pid=80 next_prio=49
     irq/86-mmc1-80    [001] d...  1103.450459: sched_switch: prev_comm=irq/86-mmc1 prev_pid=80 prev_prio=49 prev_state=S ==> next_comm=swapper/1 next_pid=0 next_prio=120
          <idle>-0     [000] d...  1103.450463: sched_switch: prev_comm=swapper/0 prev_pid=0 prev_prio=120 prev_state=R ==> next_comm=kworker/u8:2 next_pid=1381 next_prio=120
    kworker/u8:2-1381  [000] d...  1103.450504: sched_switch: prev_comm=kworker/u8:2 prev_pid=1381 prev_prio=120 prev_state=D ==> next_comm=swapper/0 next_pid=0 next_prio=120
          <idle>-0     [000] d...  1103.453516: sched_switch: prev_comm=swapper/0 prev_pid=0 prev_prio=120 prev_state=R ==> next_comm=kworker/u8:2 next_pid=1381 next_prio=120
          <idle>-0     [001] d...  1103.453678: sched_switch: prev_comm=swapper/1 prev_pid=0 prev_prio=120 prev_state=R ==> next_comm=sshd next_pid=1228 next_prio=120
    kworker/u8:2-1381  [000] d...  1103.453714: sched_switch: prev_comm=kworker/u8:2 prev_pid=1381 prev_prio=120 prev_state=I ==> next_comm=swapper/0 next_pid=0 next_prio=120
          <idle>-0     [000] d...  1103.453806: sched_switch: prev_comm=swapper/0 prev_pid=0 prev_prio=120 prev_state=R ==> next_comm=kworker/u8:2 next_pid=1381 next_prio=120
            sshd-1228  [001] d...  1103.453826: sched_switch: prev_comm=sshd prev_pid=1228 prev_prio=120 prev_state=S ==> next_comm=swapper/1 next_pid=0 next_prio=120
    kworker/u8:2-1381  [000] d...  1103.453838: sched_switch: prev_comm=kworker/u8:2 prev_pid=1381 prev_prio=120 prev_state=I ==> next_comm=swapper/0 next_pid=0 next_prio=120
          <idle>-0     [003] d...  1103.453849: sched_switch: prev_comm=swapper/3 prev_pid=0 prev_prio=120 prev_state=R ==> next_comm=bash next_pid=1255 next_prio=120
          <idle>-0     [000] d...  1103.453923: sched_switch: prev_comm=swapper/0 prev_pid=0 prev_prio=120 prev_state=R ==> next_comm=kworker/u8:2 next_pid=1381 next_prio=120
            bash-1255  [003] d...  1103.453932: sched_switch: prev_comm=bash prev_pid=1255 prev_prio=120 prev_state=S ==> next_comm=swapper/3 next_pid=0 next_prio=120
    kworker/u8:2-1381  [000] d...  1103.453939: sched_switch: prev_comm=kworker/u8:2 prev_pid=1381 prev_prio=120 prev_state=I ==> next_comm=swapper/0 next_pid=0 next_prio=120
          <idle>-0     [001] d...  1103.453952: sched_switch: prev_comm=swapper/1 prev_pid=0 prev_prio=120 prev_state=R ==> next_comm=sshd next_pid=1228 next_prio=120
          <idle>-0     [000] d...  1103.454085: sched_switch: prev_comm=swapper/0 prev_pid=0 prev_prio=120 prev_state=R ==> next_comm=kworker/u8:2 next_pid=1381 next_prio=120
            sshd-1228  [001] d...  1103.454106: sched_switch: prev_comm=sshd prev_pid=1228 prev_prio=120 prev_state=S ==> next_comm=swapper/1 next_pid=0 next_prio=120
    kworker/u8:2-1381  [000] d...  1103.454134: sched_switch: prev_comm=kworker/u8:2 prev_pid=1381 prev_prio=120 prev_state=D ==> next_comm=swapper/0 next_pid=0 next_prio=120
          <idle>-0     [000] d...  1103.454155: sched_switch: prev_comm=swapper/0 prev_pid=0 prev_prio=120 prev_state=R ==> next_comm=kworker/u8:2 next_pid=1381 next_prio=120
    kworker/u8:2-1381  [000] d...  1103.454172: sched_switch: prev_comm=kworker/u8:2 prev_pid=1381 prev_prio=120 prev_state=I ==> next_comm=swapper/0 next_pid=0 next_prio=120
          <idle>-0     [001] d...  1103.455317: sched_switch: prev_comm=swapper/1 prev_pid=0 prev_prio=120 prev_state=R ==> next_comm=irq/86-mmc1 next_pid=80 next_prio=49
     irq/86-mmc1-80    [001] d...  1103.455339: sched_switch: prev_comm=irq/86-mmc1 prev_pid=80 prev_prio=49 prev_state=D ==> next_comm=swapper/1 next_pid=0 next_prio=120
          <idle>-0     [001] d...  1103.455363: sched_switch: prev_comm=swapper/1 prev_pid=0 prev_prio=120 prev_state=R ==> next_comm=irq/86-mmc1 next_pid=80 next_prio=49
     irq/86-mmc1-80    [001] d...  1103.455388: sched_switch: prev_comm=irq/86-mmc1 prev_pid=80 prev_prio=49 prev_state=D ==> next_comm=swapper/1 next_pid=0 next_prio=120
          <idle>-0     [001] d...  1103.455415: sched_switch: prev_comm=swapper/1 prev_pid=0 prev_prio=120 prev_state=R ==> next_comm=irq/86-mmc1 next_pid=80 next_prio=49
          <idle>-0     [002] d...  1103.455418: sched_switch: prev_comm=swapper/2 prev_pid=0 prev_prio=120 prev_state=R ==> next_comm=rngd next_pid=566 next_prio=120
            rngd-566   [002] d...  1103.455433: sched_switch: prev_comm=rngd prev_pid=566 prev_prio=120 prev_state=S ==> next_comm=swapper/2 next_pid=0 next_prio=120
     irq/86-mmc1-80    [001] d...  1103.455440: sched_switch: prev_comm=irq/86-mmc1 prev_pid=80 prev_prio=49 prev_state=D ==> next_comm=swapper/1 next_pid=0 next_prio=120
          <idle>-0     [001] d...  1103.455463: sched_switch: prev_comm=swapper/1 prev_pid=0 prev_prio=120 prev_state=R ==> next_comm=irq/86-mmc1 next_pid=80 next_prio=49
     irq/86-mmc1-80    [001] d...  1103.455482: sched_switch: prev_comm=irq/86-mmc1 prev_pid=80 prev_prio=49 prev_state=S ==> next_comm=swapper/1 next_pid=0 next_prio=120
          <idle>-0     [000] d...  1103.455486: sched_switch: prev_comm=swapper/0 prev_pid=0 prev_prio=120 prev_state=R ==> next_comm=kworker/u8:2 next_pid=1381 next_prio=120
    kworker/u8:2-1381  [000] d...  1103.455659: sched_switch: prev_comm=kworker/u8:2 prev_pid=1381 prev_prio=120 prev_state=I ==> next_comm=swapper/0 next_pid=0 next_prio=120
          <idle>-0     [002] d...  1103.466916: sched_switch: prev_comm=swapper/2 prev_pid=0 prev_prio=120 prev_state=R ==> next_comm=brcmf_wdog/mmc1 next_pid=263 next_prio=120
 brcmf_wdog/mmc1-263   [002] d...  1103.466941: sched_switch: prev_comm=brcmf_wdog/mmc1 prev_pid=263 prev_prio=120 prev_state=S ==> next_comm=swapper/2 next_pid=0 next_prio=120
          <idle>-0     [002] d...  1103.486912: sched_switch: prev_comm=swapper/2 prev_pid=0 prev_prio=120 prev_state=R ==> next_comm=brcmf_wdog/mmc1 next_pid=263 next_prio=120
 brcmf_wdog/mmc1-263   [002] d...  1103.486933: sched_switch: prev_comm=brcmf_wdog/mmc1 prev_pid=263 prev_prio=120 prev_state=D ==> next_comm=swapper/2 next_pid=0 next_prio=120
          <idle>-0     [002] d...  1103.486958: sched_switch: prev_comm=swapper/2 prev_pid=0 prev_prio=120 prev_state=R ==> next_comm=brcmf_wdog/mmc1 next_pid=263 next_prio=120
 brcmf_wdog/mmc1-263   [002] d...  1103.486973: sched_switch: prev_comm=brcmf_wdog/mmc1 prev_pid=263 prev_prio=120 prev_state=D ==> next_comm=swapper/2 next_pid=0 next_prio=120
          <idle>-0     [002] d...  1103.486997: sched_switch: prev_comm=swapper/2 prev_pid=0 prev_prio=120 prev_state=R ==> next_comm=brcmf_wdog/mmc1 next_pid=263 next_prio=120
 brcmf_wdog/mmc1-263   [002] d...  1103.487012: sched_switch: prev_comm=brcmf_wdog/mmc1 prev_pid=263 prev_prio=120 prev_state=D ==> next_comm=swapper/2 next_pid=0 next_prio=120
          <idle>-0     [002] d...  1103.487035: sched_switch: prev_comm=swapper/2 prev_pid=0 prev_prio=120 prev_state=R ==> next_comm=brcmf_wdog/mmc1 next_pid=263 next_prio=120
 brcmf_wdog/mmc1-263   [002] d...  1103.487046: sched_switch: prev_comm=brcmf_wdog/mmc1 prev_pid=263 prev_prio=120 prev_state=S ==> next_comm=swapper/2 next_pid=0 next_prio=120
          <idle>-0     [000] d...  1103.510117: sched_switch: prev_comm=swapper/0 prev_pid=0 prev_prio=120 prev_state=R ==> next_comm=mysqld next_pid=754 next_prio=120
          mysqld-754   [000] d...  1103.510165: sched_switch: prev_comm=mysqld prev_pid=754 prev_prio=120 prev_state=S ==> next_comm=swapper/0 next_pid=0 next_prio=120
          <idle>-0     [000] d...  1103.510185: sched_switch: prev_comm=swapper/0 prev_pid=0 prev_prio=120 prev_state=R ==> next_comm=mysqld next_pid=761 next_prio=120
          mysqld-761   [000] d...  1103.510211: sched_switch: prev_comm=mysqld prev_pid=761 prev_prio=120 prev_state=S ==> next_comm=swapper/0 next_pid=0 next_prio=120
          <idle>-0     [000] d...  1103.510265: sched_switch: prev_comm=swapper/0 prev_pid=0 prev_prio=120 prev_state=R ==> next_comm=mysqld next_pid=752 next_prio=120
          mysqld-752   [000] d...  1103.510292: sched_switch: prev_comm=mysqld prev_pid=752 prev_prio=120 prev_state=S ==> next_comm=mysqld next_pid=755 next_prio=120
          mysqld-755   [000] d...  1103.510337: sched_switch: prev_comm=mysqld prev_pid=755 prev_prio=120 prev_state=S ==> next_comm=mysqld next_pid=757 next_prio=120
          mysqld-757   [000] d...  1103.510363: sched_switch: prev_comm=mysqld prev_pid=757 prev_prio=120 prev_state=S ==> next_comm=mysqld next_pid=756 next_prio=120
          mysqld-756   [000] d...  1103.510395: sched_switch: prev_comm=mysqld prev_pid=756 prev_prio=120 prev_state=S ==> next_comm=swapper/0 next_pid=0 next_prio=120
          <idle>-0     [003] d...  1103.521401: sched_switch: prev_comm=swapper/3 prev_pid=0 prev_prio=120 prev_state=R ==> next_comm=kworker/3:2 next_pid=164 next_prio=120
     kworker/3:2-164   [003] d...  1103.521423: sched_switch: prev_comm=kworker/3:2 prev_pid=164 prev_prio=120 prev_state=I ==> next_comm=mosquitto next_pid=461 next_prio=120
       mosquitto-461   [003] d...  1103.521472: sched_switch: prev_comm=mosquitto prev_pid=461 prev_prio=120 prev_state=S ==> next_comm=swapper/3 next_pid=0 next_prio=120
          <idle>-0     [000] d...  1103.526924: sched_switch: prev_comm=swapper/0 prev_pid=0 prev_prio=120 prev_state=R ==> next_comm=kworker/0:0 next_pid=1388 next_prio=120
     kworker/0:0-1388  [000] d...  1103.526990: sched_switch: prev_comm=kworker/0:0 prev_pid=1388 prev_prio=120 prev_state=I ==> next_comm=swapper/0 next_pid=0 next_prio=120
          <idle>-0     [001] d...  1103.547492: sched_switch: prev_comm=swapper/1 prev_pid=0 prev_prio=120 prev_state=R ==> next_comm=mysqld next_pid=789 next_prio=120
          mysqld-789   [001] d...  1103.547537: sched_switch: prev_comm=mysqld prev_pid=789 prev_prio=120 prev_state=S ==> next_comm=swapper/1 next_pid=0 next_prio=120
          <idle>-0     [001] d...  1103.607613: sched_switch: prev_comm=swapper/1 prev_pid=0 prev_prio=120 prev_state=R ==> next_comm=mysqld next_pid=790 next_prio=120
          mysqld-790   [001] d...  1103.607735: sched_switch: prev_comm=mysqld prev_pid=790 prev_prio=120 prev_state=S ==> next_comm=swapper/1 next_pid=0 next_prio=120
          <idle>-0     [003] d...  1103.621579: sched_switch: prev_comm=swapper/3 prev_pid=0 prev_prio=120 prev_state=R ==> next_comm=kworker/3:2 next_pid=164 next_prio=120
     kworker/3:2-164   [003] d...  1103.621597: sched_switch: prev_comm=kworker/3:2 prev_pid=164 prev_prio=120 prev_state=I ==> next_comm=mosquitto next_pid=461 next_prio=120
       mosquitto-461   [003] d...  1103.621638: sched_switch: prev_comm=mosquitto prev_pid=461 prev_prio=120 prev_state=S ==> next_comm=swapper/3 next_pid=0 next_prio=120
          <idle>-0     [002] d...  1103.669849: sched_switch: prev_comm=swapper/2 prev_pid=0 prev_prio=120 prev_state=R ==> next_comm=rngd next_pid=566 next_prio=120
            rngd-566   [002] d...  1103.669882: sched_switch: prev_comm=rngd prev_pid=566 prev_prio=120 prev_state=S ==> next_comm=swapper/2 next_pid=0 next_prio=120
          <idle>-0     [001] d...  1103.686935: sched_switch: prev_comm=swapper/1 prev_pid=0 prev_prio=120 prev_state=R ==> next_comm=kworker/1:3 next_pid=469 next_prio=120
     kworker/1:3-469   [001] d...  1103.686954: sched_switch: prev_comm=kworker/1:3 prev_pid=469 prev_prio=120 prev_state=I ==> next_comm=swapper/1 next_pid=0 next_prio=120
          <idle>-0     [001] d...  1103.689819: sched_switch: prev_comm=swapper/1 prev_pid=0 prev_prio=120 prev_state=R ==> next_comm=irq/86-mmc1 next_pid=80 next_prio=49
     irq/86-mmc1-80    [001] d...  1103.689842: sched_switch: prev_comm=irq/86-mmc1 prev_pid=80 prev_prio=49 prev_state=D ==> next_comm=swapper/1 next_pid=0 next_prio=120
          <idle>-0     [001] d...  1103.689865: sched_switch: prev_comm=swapper/1 prev_pid=0 prev_prio=120 prev_state=R ==> next_comm=irq/86-mmc1 next_pid=80 next_prio=49
     irq/86-mmc1-80    [001] d...  1103.689891: sched_switch: prev_comm=irq/86-mmc1 prev_pid=80 prev_prio=49 prev_state=D ==> next_comm=swapper/1 next_pid=0 next_prio=120
          <idle>-0     [001] d...  1103.689914: sched_switch: prev_comm=swapper/1 prev_pid=0 prev_prio=120 prev_state=R ==> next_comm=irq/86-mmc1 next_pid=80 next_prio=49
     irq/86-mmc1-80    [001] d...  1103.689938: sched_switch: prev_comm=irq/86-mmc1 prev_pid=80 prev_prio=49 prev_state=D ==> next_comm=swapper/1 next_pid=0 next_prio=120
          <idle>-0     [001] d...  1103.689960: sched_switch: prev_comm=swapper/1 prev_pid=0 prev_prio=120 prev_state=R ==> next_comm=irq/86-mmc1 next_pid=80 next_prio=49
     irq/86-mmc1-80    [001] d...  1103.689979: sched_switch: prev_comm=irq/86-mmc1 prev_pid=80 prev_prio=49 prev_state=S ==> next_comm=swapper/1 next_pid=0 next_prio=120
          <idle>-0     [000] d...  1103.689986: sched_switch: prev_comm=swapper/0 prev_pid=0 prev_prio=120 prev_state=R ==> next_comm=kworker/u8:2 next_pid=1381 next_prio=120
    kworker/u8:2-1381  [000] d...  1103.690027: sched_switch: prev_comm=kworker/u8:2 prev_pid=1381 prev_prio=120 prev_state=D ==> next_comm=swapper/0 next_pid=0 next_prio=120
          <idle>-0     [000] d...  1103.693040: sched_switch: prev_comm=swapper/0 prev_pid=0 prev_prio=120 prev_state=R ==> next_comm=kworker/u8:2 next_pid=1381 next_prio=120
          <idle>-0     [001] d...  1103.693205: sched_switch: prev_comm=swapper/1 prev_pid=0 prev_prio=120 prev_state=R ==> next_comm=sshd next_pid=1228 next_prio=120
    kworker/u8:2-1381  [000] d...  1103.693247: sched_switch: prev_comm=kworker/u8:2 prev_pid=1381 prev_prio=120 prev_state=I ==> next_comm=swapper/0 next_pid=0 next_prio=120
          <idle>-0     [000] d...  1103.693346: sched_switch: prev_comm=swapper/0 prev_pid=0 prev_prio=120 prev_state=R ==> next_comm=kworker/u8:2 next_pid=1381 next_prio=120
    kworker/u8:2-1381  [000] d...  1103.693366: sched_switch: prev_comm=kworker/u8:2 prev_pid=1381 prev_prio=120 prev_state=I ==> next_comm=swapper/0 next_pid=0 next_prio=120
            sshd-1228  [001] d...  1103.693368: sched_switch: prev_comm=sshd prev_pid=1228 prev_prio=120 prev_state=S ==> next_comm=swapper/1 next_pid=0 next_prio=120
          <idle>-0     [003] d...  1103.693377: sched_switch: prev_comm=swapper/3 prev_pid=0 prev_prio=120 prev_state=R ==> next_comm=bash next_pid=1255 next_prio=120
          <idle>-0     [000] d...  1103.693453: sched_switch: prev_comm=swapper/0 prev_pid=0 prev_prio=120 prev_state=R ==> next_comm=kworker/u8:2 next_pid=1381 next_prio=120
            bash-1255  [003] d...  1103.693462: sched_switch: prev_comm=bash prev_pid=1255 prev_prio=120 prev_state=S ==> next_comm=swapper/3 next_pid=0 next_prio=120
    kworker/u8:2-1381  [000] d...  1103.693468: sched_switch: prev_comm=kworker/u8:2 prev_pid=1381 prev_prio=120 prev_state=I ==> next_comm=swapper/0 next_pid=0 next_prio=120
          <idle>-0     [001] d...  1103.693478: sched_switch: prev_comm=swapper/1 prev_pid=0 prev_prio=120 prev_state=R ==> next_comm=sshd next_pid=1228 next_prio=120
          <idle>-0     [000] d...  1103.693622: sched_switch: prev_comm=swapper/0 prev_pid=0 prev_prio=120 prev_state=R ==> next_comm=kworker/u8:2 next_pid=1381 next_prio=120
            sshd-1228  [001] d...  1103.693645: sched_switch: prev_comm=sshd prev_pid=1228 prev_prio=120 prev_state=S ==> next_comm=swapper/1 next_pid=0 next_prio=120
    kworker/u8:2-1381  [000] d...  1103.693672: sched_switch: prev_comm=kworker/u8:2 prev_pid=1381 prev_prio=120 prev_state=D ==> next_comm=swapper/0 next_pid=0 next_prio=120
          <idle>-0     [000] d...  1103.693693: sched_switch: prev_comm=swapper/0 prev_pid=0 prev_prio=120 prev_state=R ==> next_comm=kworker/u8:2 next_pid=1381 next_prio=120
    kworker/u8:2-1381  [000] d...  1103.693709: sched_switch: prev_comm=kworker/u8:2 prev_pid=1381 prev_prio=120 prev_state=I ==> next_comm=swapper/0 next_pid=0 next_prio=120
          <idle>-0     [001] d...  1103.694421: sched_switch: prev_comm=swapper/1 prev_pid=0 prev_prio=120 prev_state=R ==> next_comm=irq/86-mmc1 next_pid=80 next_prio=49
     irq/86-mmc1-80    [001] d...  1103.694444: sched_switch: prev_comm=irq/86-mmc1 prev_pid=80 prev_prio=49 prev_state=D ==> next_comm=swapper/1 next_pid=0 next_prio=120
          <idle>-0     [001] d...  1103.694467: sched_switch: prev_comm=swapper/1 prev_pid=0 prev_prio=120 prev_state=R ==> next_comm=irq/86-mmc1 next_pid=80 next_prio=49
     irq/86-mmc1-80    [001] d...  1103.694492: sched_switch: prev_comm=irq/86-mmc1 prev_pid=80 prev_prio=49 prev_state=D ==> next_comm=swapper/1 next_pid=0 next_prio=120
          <idle>-0     [001] d...  1103.694515: sched_switch: prev_comm=swapper/1 prev_pid=0 prev_prio=120 prev_state=R ==> next_comm=irq/86-mmc1 next_pid=80 next_prio=49
     irq/86-mmc1-80    [001] d...  1103.694539: sched_switch: prev_comm=irq/86-mmc1 prev_pid=80 prev_prio=49 prev_state=D ==> next_comm=swapper/1 next_pid=0 next_prio=120
          <idle>-0     [001] d...  1103.694561: sched_switch: prev_comm=swapper/1 prev_pid=0 prev_prio=120 prev_state=R ==> next_comm=irq/86-mmc1 next_pid=80 next_prio=49
     irq/86-mmc1-80    [001] d...  1103.694581: sched_switch: prev_comm=irq/86-mmc1 prev_pid=80 prev_prio=49 prev_state=S ==> next_comm=swapper/1 next_pid=0 next_prio=120
          <idle>-0     [000] d...  1103.694586: sched_switch: prev_comm=swapper/0 prev_pid=0 prev_prio=120 prev_state=R ==> next_comm=kworker/u8:2 next_pid=1381 next_prio=120
    kworker/u8:2-1381  [000] d...  1103.694758: sched_switch: prev_comm=kworker/u8:2 prev_pid=1381 prev_prio=120 prev_state=I ==> next_comm=swapper/0 next_pid=0 next_prio=120
          <idle>-0     [001] d...  1103.705364: sched_switch: prev_comm=swapper/1 prev_pid=0 prev_prio=120 prev_state=R ==> next_comm=lxpanel next_pid=987 next_prio=120
         lxpanel-987   [001] d...  1103.705483: sched_switch: prev_comm=lxpanel prev_pid=987 prev_prio=120 prev_state=S ==> next_comm=swapper/1 next_pid=0 next_prio=120
          <idle>-0     [002] d...  1103.706918: sched_switch: prev_comm=swapper/2 prev_pid=0 prev_prio=120 prev_state=R ==> next_comm=brcmf_wdog/mmc1 next_pid=263 next_prio=120
 brcmf_wdog/mmc1-263   [002] d...  1103.706942: sched_switch: prev_comm=brcmf_wdog/mmc1 prev_pid=263 prev_prio=120 prev_state=S ==> next_comm=swapper/2 next_pid=0 next_prio=120
          <idle>-0     [003] d...  1103.718857: sched_switch: prev_comm=swapper/3 prev_pid=0 prev_prio=120 prev_state=R ==> next_comm=thd next_pid=355 next_prio=120
             thd-355   [003] d...  1103.718889: sched_switch: prev_comm=thd prev_pid=355 prev_prio=120 prev_state=S ==> next_comm=swapper/3 next_pid=0 next_prio=120
          <idle>-0     [003] d...  1103.721744: sched_switch: prev_comm=swapper/3 prev_pid=0 prev_prio=120 prev_state=R ==> next_comm=kworker/3:2 next_pid=164 next_prio=120
     kworker/3:2-164   [003] d...  1103.721764: sched_switch: prev_comm=kworker/3:2 prev_pid=164 prev_prio=120 prev_state=I ==> next_comm=mosquitto next_pid=461 next_prio=120
       mosquitto-461   [003] d...  1103.721812: sched_switch: prev_comm=mosquitto prev_pid=461 prev_prio=120 prev_state=S ==> next_comm=swapper/3 next_pid=0 next_prio=120
          <idle>-0     [002] d...  1103.726916: sched_switch: prev_comm=swapper/2 prev_pid=0 prev_prio=120 prev_state=R ==> next_comm=brcmf_wdog/mmc1 next_pid=263 next_prio=120
