# tracer: function
#
# entries-in-buffer/entries-written: 17117/17117   #P:4
#
#                              _-----=> irqs-off
#                             / _----=> need-resched
#                            | / _---=> hardirq/softirq
#                            || / _--=> preempt-depth
#                            ||| /     delay
#           TASK-PID   CPU#  ||||    TIMESTAMP  FUNCTION
#              | |       |   ||||       |         |
 irq_thread_trac-1398  [002] dn..   247.679719: sched_wakeup: comm=kworker/u8:1 pid=44 prio=120 target_cpu=002
 irq_thread_trac-1398  [002] d...   247.679734: sched_switch: prev_comm=irq_thread_trac prev_pid=1398 prev_prio=120 prev_state=R+ ==> next_comm=kworker/u8:1 next_pid=44 next_prio=120
          <idle>-0     [003] dnh.   247.679761: sched_wakeup: comm=sshd pid=1213 prio=120 target_cpu=003
    kworker/u8:1-44    [002] d...   247.679761: sched_switch: prev_comm=kworker/u8:1 prev_pid=44 prev_prio=120 prev_state=I ==> next_comm=irq_thread_trac next_pid=1398 next_prio=120
 irq_thread_trac-1398  [002] dn..   247.679773: sched_wakeup: comm=kworker/u8:1 pid=44 prio=120 target_cpu=002
          <idle>-0     [003] d...   247.679776: sched_switch: prev_comm=swapper/3 prev_pid=0 prev_prio=120 prev_state=R ==> next_comm=sshd next_pid=1213 next_prio=120
 irq_thread_trac-1398  [002] d...   247.679786: sched_switch: prev_comm=irq_thread_trac prev_pid=1398 prev_prio=120 prev_state=R ==> next_comm=kworker/u8:1 next_pid=44 next_prio=120
    kworker/u8:1-44    [002] d...   247.679800: sched_switch: prev_comm=kworker/u8:1 prev_pid=44 prev_prio=120 prev_state=I ==> next_comm=irq_thread_trac next_pid=1398 next_prio=120
 irq_thread_trac-1398  [002] dnh.   247.680050: sched_wakeup: comm=kworker/u8:1 pid=44 prio=120 target_cpu=002
            sshd-1213  [003] d...   247.680113: sched_switch: prev_comm=sshd prev_pid=1213 prev_prio=120 prev_state=S ==> next_comm=swapper/3 next_pid=0 next_prio=120
 irq_thread_trac-1398  [002] d...   247.680189: sched_switch: prev_comm=irq_thread_trac prev_pid=1398 prev_prio=120 prev_state=R+ ==> next_comm=kworker/u8:1 next_pid=44 next_prio=120
          <idle>-0     [000] d.h.   247.680222: irq_handler_entry: irq=86 name=mmc1
    kworker/u8:1-44    [002] d...   247.680225: sched_switch: prev_comm=kworker/u8:1 prev_pid=44 prev_prio=120 prev_state=D ==> next_comm=irq_thread_trac next_pid=1398 next_prio=120
          <idle>-0     [000] d.h.   247.680228: __handle_irq_event_percpu+0x70/0x26c: [+] irq: [86] handler: bcm2835_mmc_irq+0x0/0x6ec caller: (handle_irq_event_percpu) 
          <idle>-0     [000] d.h.   247.680236: irq_handler_exit: irq=86 ret=handled
 irq_thread_trac-1398  [002] dnh.   247.680251: sched_wakeup: comm=kworker/u8:1 pid=44 prio=120 target_cpu=002
 irq_thread_trac-1398  [002] d...   247.680265: sched_switch: prev_comm=irq_thread_trac prev_pid=1398 prev_prio=120 prev_state=R+ ==> next_comm=kworker/u8:1 next_pid=44 next_prio=120
    kworker/u8:1-44    [002] d...   247.680280: sched_switch: prev_comm=kworker/u8:1 prev_pid=44 prev_prio=120 prev_state=D ==> next_comm=irq_thread_trac next_pid=1398 next_prio=120
          <idle>-0     [000] d.h.   247.680669: irq_handler_entry: irq=56 name=dwc_otg
          <idle>-0     [000] d.h.   247.680673: __handle_irq_event_percpu+0x70/0x26c: [+] irq: [56] handler: dwc_otg_common_irq+0x0/0x28 caller: (handle_irq_event_percpu) 
          <idle>-0     [000] d.h.   247.680677: irq_handler_exit: irq=56 ret=unhandled
          <idle>-0     [000] d.h.   247.680679: irq_handler_entry: irq=56 name=dwc_otg_pcd
          <idle>-0     [000] d.h.   247.680682: __handle_irq_event_percpu+0x70/0x26c: [+] irq: [56] handler: dwc_otg_pcd_irq+0x0/0x28 caller: (handle_irq_event_percpu) 
          <idle>-0     [000] d.h.   247.680684: irq_handler_exit: irq=56 ret=unhandled
          <idle>-0     [000] d.h.   247.680686: irq_handler_entry: irq=56 name=dwc_otg_hcd:usb1
          <idle>-0     [000] d.h.   247.680689: __handle_irq_event_percpu+0x70/0x26c: [+] irq: [56] handler: usb_hcd_irq+0x0/0x48 caller: (handle_irq_event_percpu) 
          <idle>-0     [000] d.h.   247.680698: irq_handler_exit: irq=56 ret=handled
          <idle>-0     [000] d.h.   247.680795: irq_handler_entry: irq=56 name=dwc_otg
          <idle>-0     [000] d.h.   247.680799: __handle_irq_event_percpu+0x70/0x26c: [+] irq: [56] handler: dwc_otg_common_irq+0x0/0x28 caller: (handle_irq_event_percpu) 
          <idle>-0     [000] d.h.   247.680803: irq_handler_exit: irq=56 ret=unhandled
          <idle>-0     [000] d.h.   247.680804: irq_handler_entry: irq=56 name=dwc_otg_pcd
          <idle>-0     [000] d.h.   247.680807: __handle_irq_event_percpu+0x70/0x26c: [+] irq: [56] handler: dwc_otg_pcd_irq+0x0/0x28 caller: (handle_irq_event_percpu) 
          <idle>-0     [000] d.h.   247.680809: irq_handler_exit: irq=56 ret=unhandled
          <idle>-0     [000] d.h.   247.680811: irq_handler_entry: irq=56 name=dwc_otg_hcd:usb1
          <idle>-0     [000] d.h.   247.680814: __handle_irq_event_percpu+0x70/0x26c: [+] irq: [56] handler: usb_hcd_irq+0x0/0x48 caller: (handle_irq_event_percpu) 
          <idle>-0     [000] d.h.   247.680823: irq_handler_exit: irq=56 ret=handled
          <idle>-0     [001] dnh.   247.680899: sched_wakeup: comm=bash pid=1260 prio=120 target_cpu=001
 irq_thread_trac-1398  [002] d...   247.680905: sched_switch: prev_comm=irq_thread_trac prev_pid=1398 prev_prio=120 prev_state=Z ==> next_comm=swapper/2 next_pid=0 next_prio=120
          <idle>-0     [001] d...   247.680918: sched_switch: prev_comm=swapper/1 prev_pid=0 prev_prio=120 prev_state=R ==> next_comm=bash next_pid=1260 next_prio=120
          <idle>-0     [002] dnh.   247.681459: sched_wakeup: comm=kworker/u8:3 pid=144 prio=120 target_cpu=002
          <idle>-0     [002] d...   247.681468: sched_switch: prev_comm=swapper/2 prev_pid=0 prev_prio=120 prev_state=R ==> next_comm=kworker/u8:3 next_pid=144 next_prio=120
            bash-1260  [001] d...   247.681484: sched_switch: prev_comm=bash prev_pid=1260 prev_prio=120 prev_state=S ==> next_comm=swapper/1 next_pid=0 next_prio=120
    kworker/u8:3-144   [002] d...   247.681489: sched_switch: prev_comm=kworker/u8:3 prev_pid=144 prev_prio=120 prev_state=I ==> next_comm=swapper/2 next_pid=0 next_prio=120
          <idle>-0     [003] dnh.   247.681490: sched_wakeup: comm=sshd pid=1213 prio=120 target_cpu=003
          <idle>-0     [003] d...   247.681499: sched_switch: prev_comm=swapper/3 prev_pid=0 prev_prio=120 prev_state=R ==> next_comm=sshd next_pid=1213 next_prio=120
            sshd-1213  [003] d...   247.681642: sched_switch: prev_comm=sshd prev_pid=1213 prev_prio=120 prev_state=S ==> next_comm=swapper/3 next_pid=0 next_prio=120
          <idle>-0     [002] d.h.   247.683274: irq_handler_entry: irq=162 name=arch_timer
          <idle>-0     [002] dnh.   247.683285: sched_wakeup: comm=kworker/u8:1 pid=44 prio=120 target_cpu=002
          <idle>-0     [002] dnh.   247.683291: irq_handler_exit: irq=162 ret=handled
          <idle>-0     [002] d...   247.683297: sched_switch: prev_comm=swapper/2 prev_pid=0 prev_prio=120 prev_state=R ==> next_comm=kworker/u8:1 next_pid=44 next_prio=120
          <idle>-0     [000] d.h.   247.683317: irq_handler_entry: irq=86 name=mmc1
    kworker/u8:1-44    [002] d...   247.683319: sched_switch: prev_comm=kworker/u8:1 prev_pid=44 prev_prio=120 prev_state=D ==> next_comm=swapper/2 next_pid=0 next_prio=120
          <idle>-0     [000] d.h.   247.683320: __handle_irq_event_percpu+0x70/0x26c: [+] irq: [86] handler: bcm2835_mmc_irq+0x0/0x6ec caller: (handle_irq_event_percpu) 
          <idle>-0     [000] d.h.   247.683325: irq_handler_exit: irq=86 ret=handled
          <idle>-0     [002] dnh.   247.683339: sched_wakeup: comm=kworker/u8:1 pid=44 prio=120 target_cpu=002
          <idle>-0     [002] d...   247.683346: sched_switch: prev_comm=swapper/2 prev_pid=0 prev_prio=120 prev_state=R ==> next_comm=kworker/u8:1 next_pid=44 next_prio=120
          <idle>-0     [000] d.h.   247.683395: irq_handler_entry: irq=86 name=mmc1
    kworker/u8:1-44    [002] d...   247.683396: sched_switch: prev_comm=kworker/u8:1 prev_pid=44 prev_prio=120 prev_state=D ==> next_comm=swapper/2 next_pid=0 next_prio=120
          <idle>-0     [000] d.h.   247.683398: __handle_irq_event_percpu+0x70/0x26c: [+] irq: [86] handler: bcm2835_mmc_irq+0x0/0x6ec caller: (handle_irq_event_percpu) 
          <idle>-0     [000] d.h.   247.683410: irq_handler_exit: irq=86 ret=handled
          <idle>-0     [000] d.h.   247.683421: irq_handler_entry: irq=86 name=mmc1
          <idle>-0     [000] d.h.   247.683424: __handle_irq_event_percpu+0x70/0x26c: [+] irq: [86] handler: bcm2835_mmc_irq+0x0/0x6ec caller: (handle_irq_event_percpu) 
          <idle>-0     [000] d.h.   247.683429: irq_handler_exit: irq=86 ret=handled
          <idle>-0     [002] dnh.   247.683442: sched_wakeup: comm=kworker/u8:1 pid=44 prio=120 target_cpu=002
          <idle>-0     [002] d...   247.683449: sched_switch: prev_comm=swapper/2 prev_pid=0 prev_prio=120 prev_state=R ==> next_comm=kworker/u8:1 next_pid=44 next_prio=120
    kworker/u8:1-44    [002] d...   247.683469: sched_wakeup: comm=ksoftirqd/2 pid=21 prio=120 target_cpu=002
    kworker/u8:1-44    [002] d.s1   247.683542: sched_wakeup: comm=kworker/u8:3 pid=144 prio=120 target_cpu=002
          <idle>-0     [000] d.h.   247.683588: irq_handler_entry: irq=86 name=mmc1
          <idle>-0     [000] d.h.   247.683591: __handle_irq_event_percpu+0x70/0x26c: [+] irq: [86] handler: bcm2835_mmc_irq+0x0/0x6ec caller: (handle_irq_event_percpu) 
    kworker/u8:1-44    [002] d...   247.683592: sched_switch: prev_comm=kworker/u8:1 prev_pid=44 prev_prio=120 prev_state=D ==> next_comm=ksoftirqd/2 next_pid=21 next_prio=120
          <idle>-0     [000] d.h.   247.683603: irq_handler_exit: irq=86 ret=handled
     ksoftirqd/2-21    [002] d...   247.683605: sched_switch: prev_comm=ksoftirqd/2 prev_pid=21 prev_prio=120 prev_state=S ==> next_comm=kworker/u8:3 next_pid=144 next_prio=120
          <idle>-0     [000] d.h.   247.683615: irq_handler_entry: irq=86 name=mmc1
          <idle>-0     [000] d.h.   247.683618: __handle_irq_event_percpu+0x70/0x26c: [+] irq: [86] handler: bcm2835_mmc_irq+0x0/0x6ec caller: (handle_irq_event_percpu) 
    kworker/u8:3-144   [002] d...   247.683622: sched_switch: prev_comm=kworker/u8:3 prev_pid=144 prev_prio=120 prev_state=I ==> next_comm=swapper/2 next_pid=0 next_prio=120
          <idle>-0     [000] d.h.   247.683622: irq_handler_exit: irq=86 ret=handled
          <idle>-0     [002] dnh.   247.683635: sched_wakeup: comm=kworker/u8:1 pid=44 prio=120 target_cpu=002
          <idle>-0     [002] d...   247.683642: sched_switch: prev_comm=swapper/2 prev_pid=0 prev_prio=120 prev_state=R ==> next_comm=kworker/u8:1 next_pid=44 next_prio=120
    kworker/u8:1-44    [002] d...   247.683662: sched_switch: prev_comm=kworker/u8:1 prev_pid=44 prev_prio=120 prev_state=I ==> next_comm=swapper/2 next_pid=0 next_prio=120
          <idle>-0     [000] d.h.   247.687392: irq_handler_entry: irq=86 name=mmc1
          <idle>-0     [000] d.h.   247.687395: __handle_irq_event_percpu+0x70/0x26c: [+] irq: [86] handler: bcm2835_mmc_irq+0x0/0x6ec caller: (handle_irq_event_percpu) 
          <idle>-0     [000] d.h.   247.687401: irq_handler_exit: irq=86 ret=handled
          <idle>-0     [002] dnh.   247.687416: sched_wakeup: comm=irq/86-mmc1 pid=81 prio=49 target_cpu=002
          <idle>-0     [002] d...   247.687426: sched_switch: prev_comm=swapper/2 prev_pid=0 prev_prio=120 prev_state=R ==> next_comm=irq/86-mmc1 next_pid=81 next_prio=49
          <idle>-0     [000] d.h.   247.687503: irq_handler_entry: irq=86 name=mmc1
          <idle>-0     [000] d.h.   247.687506: __handle_irq_event_percpu+0x70/0x26c: [+] irq: [86] handler: bcm2835_mmc_irq+0x0/0x6ec caller: (handle_irq_event_percpu) 
     irq/86-mmc1-81    [002] d...   247.687509: sched_switch: prev_comm=irq/86-mmc1 prev_pid=81 prev_prio=49 prev_state=D ==> next_comm=swapper/2 next_pid=0 next_prio=120
          <idle>-0     [000] d.h.   247.687510: irq_handler_exit: irq=86 ret=handled
          <idle>-0     [002] dnh.   247.687522: sched_wakeup: comm=irq/86-mmc1 pid=81 prio=49 target_cpu=002
          <idle>-0     [002] d...   247.687529: sched_switch: prev_comm=swapper/2 prev_pid=0 prev_prio=120 prev_state=R ==> next_comm=irq/86-mmc1 next_pid=81 next_prio=49
          <idle>-0     [000] d.h.   247.687553: irq_handler_entry: irq=86 name=mmc1
     irq/86-mmc1-81    [002] d...   247.687555: sched_switch: prev_comm=irq/86-mmc1 prev_pid=81 prev_prio=49 prev_state=D ==> next_comm=swapper/2 next_pid=0 next_prio=120
          <idle>-0     [000] d.h.   247.687556: __handle_irq_event_percpu+0x70/0x26c: [+] irq: [86] handler: bcm2835_mmc_irq+0x0/0x6ec caller: (handle_irq_event_percpu) 
          <idle>-0     [000] d.h.   247.687563: irq_handler_exit: irq=86 ret=handled
          <idle>-0     [002] dnh.   247.687574: sched_wakeup: comm=irq/86-mmc1 pid=81 prio=49 target_cpu=002
          <idle>-0     [002] d...   247.687581: sched_switch: prev_comm=swapper/2 prev_pid=0 prev_prio=120 prev_state=R ==> next_comm=irq/86-mmc1 next_pid=81 next_prio=49
          <idle>-0     [000] d.h.   247.687602: irq_handler_entry: irq=86 name=mmc1
     irq/86-mmc1-81    [002] d...   247.687604: sched_switch: prev_comm=irq/86-mmc1 prev_pid=81 prev_prio=49 prev_state=D ==> next_comm=swapper/2 next_pid=0 next_prio=120
          <idle>-0     [000] d.h.   247.687605: __handle_irq_event_percpu+0x70/0x26c: [+] irq: [86] handler: bcm2835_mmc_irq+0x0/0x6ec caller: (handle_irq_event_percpu) 
          <idle>-0     [000] d.h.   247.687610: irq_handler_exit: irq=86 ret=handled
          <idle>-0     [000] d.h.   247.687613: irq_handler_entry: irq=86 name=mmc1
          <idle>-0     [000] d.h.   247.687616: __handle_irq_event_percpu+0x70/0x26c: [+] irq: [86] handler: bcm2835_mmc_irq+0x0/0x6ec caller: (handle_irq_event_percpu) 
          <idle>-0     [000] d.h.   247.687620: irq_handler_exit: irq=86 ret=handled
          <idle>-0     [002] dnh.   247.687631: sched_wakeup: comm=irq/86-mmc1 pid=81 prio=49 target_cpu=002
          <idle>-0     [002] d...   247.687638: sched_switch: prev_comm=swapper/2 prev_pid=0 prev_prio=120 prev_state=R ==> next_comm=irq/86-mmc1 next_pid=81 next_prio=49
     irq/86-mmc1-81    [002] d...   247.687649: sched_wakeup: comm=kworker/u8:1 pid=44 prio=120 target_cpu=002
     irq/86-mmc1-81    [002] d...   247.687664: sched_switch: prev_comm=irq/86-mmc1 prev_pid=81 prev_prio=49 prev_state=S ==> next_comm=kworker/u8:1 next_pid=44 next_prio=120
          <idle>-0     [000] d.h.   247.687699: irq_handler_entry: irq=86 name=mmc1
          <idle>-0     [000] d.h.   247.687703: __handle_irq_event_percpu+0x70/0x26c: [+] irq: [86] handler: bcm2835_mmc_irq+0x0/0x6ec caller: (handle_irq_event_percpu) 
    kworker/u8:1-44    [002] d...   247.687710: sched_switch: prev_comm=kworker/u8:1 prev_pid=44 prev_prio=120 prev_state=D ==> next_comm=swapper/2 next_pid=0 next_prio=120
          <idle>-0     [000] d.h.   247.687712: irq_handler_exit: irq=86 ret=handled
          <idle>-0     [002] dnh.   247.687725: sched_wakeup: comm=kworker/u8:1 pid=44 prio=120 target_cpu=002
          <idle>-0     [002] d...   247.687732: sched_switch: prev_comm=swapper/2 prev_pid=0 prev_prio=120 prev_state=R ==> next_comm=kworker/u8:1 next_pid=44 next_prio=120
          <idle>-0     [000] d.h.   247.687760: irq_handler_entry: irq=86 name=mmc1
    kworker/u8:1-44    [002] d...   247.687761: sched_switch: prev_comm=kworker/u8:1 prev_pid=44 prev_prio=120 prev_state=D ==> next_comm=swapper/2 next_pid=0 next_prio=120
          <idle>-0     [000] d.h.   247.687763: __handle_irq_event_percpu+0x70/0x26c: [+] irq: [86] handler: bcm2835_mmc_irq+0x0/0x6ec caller: (handle_irq_event_percpu) 
          <idle>-0     [000] d.h.   247.687770: irq_handler_exit: irq=86 ret=handled
          <idle>-0     [002] dnh.   247.687783: sched_wakeup: comm=kworker/u8:1 pid=44 prio=120 target_cpu=002
          <idle>-0     [002] d...   247.687789: sched_switch: prev_comm=swapper/2 prev_pid=0 prev_prio=120 prev_state=R ==> next_comm=kworker/u8:1 next_pid=44 next_prio=120
          <idle>-0     [000] d.h.   247.687882: irq_handler_entry: irq=86 name=mmc1
    kworker/u8:1-44    [002] d...   247.687885: sched_switch: prev_comm=kworker/u8:1 prev_pid=44 prev_prio=120 prev_state=D ==> next_comm=swapper/2 next_pid=0 next_prio=120
          <idle>-0     [000] d.h.   247.687885: __handle_irq_event_percpu+0x70/0x26c: [+] irq: [86] handler: bcm2835_mmc_irq+0x0/0x6ec caller: (handle_irq_event_percpu) 
          <idle>-0     [000] d.h.   247.687894: irq_handler_exit: irq=86 ret=handled
          <idle>-0     [002] dnh.   247.687907: sched_wakeup: comm=kworker/u8:1 pid=44 prio=120 target_cpu=002
          <idle>-0     [002] d...   247.687914: sched_switch: prev_comm=swapper/2 prev_pid=0 prev_prio=120 prev_state=R ==> next_comm=kworker/u8:1 next_pid=44 next_prio=120
    kworker/u8:1-44    [002] d...   247.687928: sched_switch: prev_comm=kworker/u8:1 prev_pid=44 prev_prio=120 prev_state=I ==> next_comm=swapper/2 next_pid=0 next_prio=120
          <idle>-0     [000] d.h.   247.688669: irq_handler_entry: irq=56 name=dwc_otg
          <idle>-0     [000] d.h.   247.688672: __handle_irq_event_percpu+0x70/0x26c: [+] irq: [56] handler: dwc_otg_common_irq+0x0/0x28 caller: (handle_irq_event_percpu) 
          <idle>-0     [000] d.h.   247.688676: irq_handler_exit: irq=56 ret=unhandled
          <idle>-0     [000] d.h.   247.688677: irq_handler_entry: irq=56 name=dwc_otg_pcd
          <idle>-0     [000] d.h.   247.688680: __handle_irq_event_percpu+0x70/0x26c: [+] irq: [56] handler: dwc_otg_pcd_irq+0x0/0x28 caller: (handle_irq_event_percpu) 
          <idle>-0     [000] d.h.   247.688682: irq_handler_exit: irq=56 ret=unhandled
          <idle>-0     [000] d.h.   247.688684: irq_handler_entry: irq=56 name=dwc_otg_hcd:usb1
          <idle>-0     [000] d.h.   247.688687: __handle_irq_event_percpu+0x70/0x26c: [+] irq: [56] handler: usb_hcd_irq+0x0/0x48 caller: (handle_irq_event_percpu) 
          <idle>-0     [000] d.h.   247.688696: irq_handler_exit: irq=56 ret=handled
          <idle>-0     [000] d.h.   247.688796: irq_handler_entry: irq=56 name=dwc_otg
          <idle>-0     [000] d.h.   247.688800: __handle_irq_event_percpu+0x70/0x26c: [+] irq: [56] handler: dwc_otg_common_irq+0x0/0x28 caller: (handle_irq_event_percpu) 
          <idle>-0     [000] d.h.   247.688803: irq_handler_exit: irq=56 ret=unhandled
          <idle>-0     [000] d.h.   247.688804: irq_handler_entry: irq=56 name=dwc_otg_pcd
          <idle>-0     [000] d.h.   247.688807: __handle_irq_event_percpu+0x70/0x26c: [+] irq: [56] handler: dwc_otg_pcd_irq+0x0/0x28 caller: (handle_irq_event_percpu) 
          <idle>-0     [000] d.h.   247.688809: irq_handler_exit: irq=56 ret=unhandled
          <idle>-0     [000] d.h.   247.688811: irq_handler_entry: irq=56 name=dwc_otg_hcd:usb1
          <idle>-0     [000] d.h.   247.688814: __handle_irq_event_percpu+0x70/0x26c: [+] irq: [56] handler: usb_hcd_irq+0x0/0x48 caller: (handle_irq_event_percpu) 
          <idle>-0     [000] d.h.   247.688822: irq_handler_exit: irq=56 ret=handled
          <idle>-0     [002] d.h.   247.689359: irq_handler_entry: irq=162 name=arch_timer
          <idle>-0     [003] d.h.   247.689359: irq_handler_entry: irq=162 name=arch_timer
          <idle>-0     [001] d.h.   247.689360: irq_handler_entry: irq=162 name=arch_timer
          <idle>-0     [001] d.h.   247.689379: irq_handler_exit: irq=162 ret=handled
          <idle>-0     [003] d.h.   247.689379: irq_handler_exit: irq=162 ret=handled
          <idle>-0     [002] dnh.   247.689389: sched_wakeup: comm=in:imklog pid=422 prio=120 target_cpu=002
          <idle>-0     [003] dns.   247.689391: sched_wakeup: comm=rcu_sched pid=10 prio=120 target_cpu=003
          <idle>-0     [002] dnh.   247.689404: irq_handler_exit: irq=162 ret=handled
          <idle>-0     [003] dnH.   247.689410: sched_wakeup: comm=systemd-journal pid=123 prio=120 target_cpu=003
          <idle>-0     [002] d...   247.689425: sched_switch: prev_comm=swapper/2 prev_pid=0 prev_prio=120 prev_state=R ==> next_comm=in:imklog next_pid=422 next_prio=120
          <idle>-0     [003] d...   247.689429: sched_switch: prev_comm=swapper/3 prev_pid=0 prev_prio=120 prev_state=R ==> next_comm=rcu_sched next_pid=10 next_prio=120
       rcu_sched-10    [003] d...   247.689457: sched_switch: prev_comm=rcu_sched prev_pid=10 prev_prio=120 prev_state=I ==> next_comm=systemd-journal next_pid=123 next_prio=120
       in:imklog-422   [002] d...   247.689605: sched_wakeup: comm=rs:main Q:Reg pid=424 prio=120 target_cpu=002
       in:imklog-422   [002] d...   247.689731: sched_switch: prev_comm=in:imklog prev_pid=422 prev_prio=120 prev_state=S ==> next_comm=rs:main Q:Reg next_pid=424 next_prio=120
   rs:main Q:Reg-424   [002] d...   247.690127: sched_switch: prev_comm=rs:main Q:Reg prev_pid=424 prev_prio=120 prev_state=S ==> next_comm=swapper/2 next_pid=0 next_prio=120
 systemd-journal-123   [003] d...   247.692347: sched_switch: prev_comm=systemd-journal prev_pid=123 prev_prio=120 prev_state=S ==> next_comm=swapper/3 next_pid=0 next_prio=120
          <idle>-0     [000] d.h.   247.696669: irq_handler_entry: irq=56 name=dwc_otg
          <idle>-0     [000] d.h.   247.696673: __handle_irq_event_percpu+0x70/0x26c: [+] irq: [56] handler: dwc_otg_common_irq+0x0/0x28 caller: (handle_irq_event_percpu) 
          <idle>-0     [000] d.h.   247.696676: irq_handler_exit: irq=56 ret=unhandled
          <idle>-0     [000] d.h.   247.696678: irq_handler_entry: irq=56 name=dwc_otg_pcd
          <idle>-0     [000] d.h.   247.696680: __handle_irq_event_percpu+0x70/0x26c: [+] irq: [56] handler: dwc_otg_pcd_irq+0x0/0x28 caller: (handle_irq_event_percpu) 
          <idle>-0     [000] d.h.   247.696682: irq_handler_exit: irq=56 ret=unhandled
          <idle>-0     [000] d.h.   247.696684: irq_handler_entry: irq=56 name=dwc_otg_hcd:usb1
          <idle>-0     [000] d.h.   247.696687: __handle_irq_event_percpu+0x70/0x26c: [+] irq: [56] handler: usb_hcd_irq+0x0/0x48 caller: (handle_irq_event_percpu) 
          <idle>-0     [000] d.h.   247.696696: irq_handler_exit: irq=56 ret=handled
          <idle>-0     [000] d.h.   247.696796: irq_handler_entry: irq=56 name=dwc_otg
          <idle>-0     [000] d.h.   247.696799: __handle_irq_event_percpu+0x70/0x26c: [+] irq: [56] handler: dwc_otg_common_irq+0x0/0x28 caller: (handle_irq_event_percpu) 
          <idle>-0     [000] d.h.   247.696802: irq_handler_exit: irq=56 ret=unhandled
          <idle>-0     [000] d.h.   247.696804: irq_handler_entry: irq=56 name=dwc_otg_pcd
          <idle>-0     [000] d.h.   247.696807: __handle_irq_event_percpu+0x70/0x26c: [+] irq: [56] handler: dwc_otg_pcd_irq+0x0/0x28 caller: (handle_irq_event_percpu) 
          <idle>-0     [000] d.h.   247.696809: irq_handler_exit: irq=56 ret=unhandled
          <idle>-0     [000] d.h.   247.696810: irq_handler_entry: irq=56 name=dwc_otg_hcd:usb1
          <idle>-0     [000] d.h.   247.696813: __handle_irq_event_percpu+0x70/0x26c: [+] irq: [56] handler: usb_hcd_irq+0x0/0x48 caller: (handle_irq_event_percpu) 
          <idle>-0     [000] d.h.   247.696821: irq_handler_exit: irq=56 ret=handled
          <idle>-0     [001] d.h.   247.699360: irq_handler_entry: irq=162 name=arch_timer
          <idle>-0     [003] d.h.   247.699361: irq_handler_entry: irq=162 name=arch_timer
          <idle>-0     [002] d.h.   247.699361: irq_handler_entry: irq=162 name=arch_timer
          <idle>-0     [001] d.h.   247.699376: irq_handler_exit: irq=162 ret=handled
          <idle>-0     [003] d.h.   247.699377: irq_handler_exit: irq=162 ret=handled
          <idle>-0     [002] d.h.   247.699383: irq_handler_exit: irq=162 ret=handled
          <idle>-0     [003] dnH.   247.699401: sched_wakeup: comm=brcmf_wdog/mmc1 pid=253 prio=120 target_cpu=003
          <idle>-0     [003] d...   247.699422: sched_switch: prev_comm=swapper/3 prev_pid=0 prev_prio=120 prev_state=R ==> next_comm=brcmf_wdog/mmc1 next_pid=253 next_prio=120
 brcmf_wdog/mmc1-253   [003] d...   247.699436: sched_switch: prev_comm=brcmf_wdog/mmc1 prev_pid=253 prev_prio=120 prev_state=S ==> next_comm=swapper/3 next_pid=0 next_prio=120
          <idle>-0     [001] d.h.   247.700547: irq_handler_entry: irq=162 name=arch_timer
          <idle>-0     [001] dnh.   247.700561: sched_wakeup: comm=mysqld pid=779 prio=120 target_cpu=001
          <idle>-0     [001] dnh.   247.700572: sched_wakeup: comm=mysqld pid=778 prio=120 target_cpu=001
          <idle>-0     [001] dnh.   247.700576: irq_handler_exit: irq=162 ret=handled
          <idle>-0     [001] d...   247.700584: sched_switch: prev_comm=swapper/1 prev_pid=0 prev_prio=120 prev_state=R ==> next_comm=mysqld next_pid=779 next_prio=120
          mysqld-779   [001] d...   247.700629: sched_switch: prev_comm=mysqld prev_pid=779 prev_prio=120 prev_state=S ==> next_comm=mysqld next_pid=778 next_prio=120
          mysqld-778   [001] d...   247.700668: sched_switch: prev_comm=mysqld prev_pid=778 prev_prio=120 prev_state=S ==> next_comm=swapper/1 next_pid=0 next_prio=120
          <idle>-0     [000] d.h.   247.704669: irq_handler_entry: irq=56 name=dwc_otg
          <idle>-0     [000] d.h.   247.704672: __handle_irq_event_percpu+0x70/0x26c: [+] irq: [56] handler: dwc_otg_common_irq+0x0/0x28 caller: (handle_irq_event_percpu) 
          <idle>-0     [000] d.h.   247.704675: irq_handler_exit: irq=56 ret=unhandled
          <idle>-0     [000] d.h.   247.704677: irq_handler_entry: irq=56 name=dwc_otg_pcd
          <idle>-0     [000] d.h.   247.704680: __handle_irq_event_percpu+0x70/0x26c: [+] irq: [56] handler: dwc_otg_pcd_irq+0x0/0x28 caller: (handle_irq_event_percpu) 
          <idle>-0     [000] d.h.   247.704682: irq_handler_exit: irq=56 ret=unhandled
          <idle>-0     [000] d.h.   247.704683: irq_handler_entry: irq=56 name=dwc_otg_hcd:usb1
          <idle>-0     [000] d.h.   247.704686: __handle_irq_event_percpu+0x70/0x26c: [+] irq: [56] handler: usb_hcd_irq+0x0/0x48 caller: (handle_irq_event_percpu) 
          <idle>-0     [000] d.h.   247.704693: irq_handler_exit: irq=56 ret=handled
          <idle>-0     [000] d.h.   247.704795: irq_handler_entry: irq=56 name=dwc_otg
          <idle>-0     [000] d.h.   247.704799: __handle_irq_event_percpu+0x70/0x26c: [+] irq: [56] handler: dwc_otg_common_irq+0x0/0x28 caller: (handle_irq_event_percpu) 
          <idle>-0     [000] d.h.   247.704802: irq_handler_exit: irq=56 ret=unhandled
          <idle>-0     [000] d.h.   247.704803: irq_handler_entry: irq=56 name=dwc_otg_pcd
          <idle>-0     [000] d.h.   247.704806: __handle_irq_event_percpu+0x70/0x26c: [+] irq: [56] handler: dwc_otg_pcd_irq+0x0/0x28 caller: (handle_irq_event_percpu) 
          <idle>-0     [000] d.h.   247.704808: irq_handler_exit: irq=56 ret=unhandled
          <idle>-0     [000] d.h.   247.704810: irq_handler_entry: irq=56 name=dwc_otg_hcd:usb1
          <idle>-0     [000] d.h.   247.704813: __handle_irq_event_percpu+0x70/0x26c: [+] irq: [56] handler: usb_hcd_irq+0x0/0x48 caller: (handle_irq_event_percpu) 
          <idle>-0     [000] d.h.   247.704819: irq_handler_exit: irq=56 ret=handled
          <idle>-0     [003] d.h.   247.709359: irq_handler_entry: irq=162 name=arch_timer
          <idle>-0     [002] d.h.   247.709359: irq_handler_entry: irq=162 name=arch_timer
          <idle>-0     [001] d.h.   247.709359: irq_handler_entry: irq=162 name=arch_timer
          <idle>-0     [003] d.h.   247.709369: irq_handler_exit: irq=162 ret=handled
          <idle>-0     [001] d.h.   247.709369: irq_handler_exit: irq=162 ret=handled
          <idle>-0     [002] d.h.   247.709374: irq_handler_exit: irq=162 ret=handled
          <idle>-0     [000] d.h.   247.712668: irq_handler_entry: irq=56 name=dwc_otg
          <idle>-0     [000] d.h.   247.712672: __handle_irq_event_percpu+0x70/0x26c: [+] irq: [56] handler: dwc_otg_common_irq+0x0/0x28 caller: (handle_irq_event_percpu) 
          <idle>-0     [000] d.h.   247.712675: irq_handler_exit: irq=56 ret=unhandled
          <idle>-0     [000] d.h.   247.712676: irq_handler_entry: irq=56 name=dwc_otg_pcd
          <idle>-0     [000] d.h.   247.712679: __handle_irq_event_percpu+0x70/0x26c: [+] irq: [56] handler: dwc_otg_pcd_irq+0x0/0x28 caller: (handle_irq_event_percpu) 
          <idle>-0     [000] d.h.   247.712681: irq_handler_exit: irq=56 ret=unhandled
          <idle>-0     [000] d.h.   247.712683: irq_handler_entry: irq=56 name=dwc_otg_hcd:usb1
          <idle>-0     [000] d.h.   247.712686: __handle_irq_event_percpu+0x70/0x26c: [+] irq: [56] handler: usb_hcd_irq+0x0/0x48 caller: (handle_irq_event_percpu) 
          <idle>-0     [000] d.h.   247.712692: irq_handler_exit: irq=56 ret=handled
          <idle>-0     [000] d.h.   247.712795: irq_handler_entry: irq=56 name=dwc_otg
          <idle>-0     [000] d.h.   247.712799: __handle_irq_event_percpu+0x70/0x26c: [+] irq: [56] handler: dwc_otg_common_irq+0x0/0x28 caller: (handle_irq_event_percpu) 
          <idle>-0     [000] d.h.   247.712802: irq_handler_exit: irq=56 ret=unhandled
          <idle>-0     [000] d.h.   247.712803: irq_handler_entry: irq=56 name=dwc_otg_pcd
          <idle>-0     [000] d.h.   247.712806: __handle_irq_event_percpu+0x70/0x26c: [+] irq: [56] handler: dwc_otg_pcd_irq+0x0/0x28 caller: (handle_irq_event_percpu) 
          <idle>-0     [000] d.h.   247.712808: irq_handler_exit: irq=56 ret=unhandled
          <idle>-0     [000] d.h.   247.712810: irq_handler_entry: irq=56 name=dwc_otg_hcd:usb1
          <idle>-0     [000] d.h.   247.712813: __handle_irq_event_percpu+0x70/0x26c: [+] irq: [56] handler: usb_hcd_irq+0x0/0x48 caller: (handle_irq_event_percpu) 
          <idle>-0     [000] d.h.   247.712818: irq_handler_exit: irq=56 ret=handled
          <idle>-0     [002] d.h.   247.719358: irq_handler_entry: irq=162 name=arch_timer
          <idle>-0     [001] d.h.   247.719359: irq_handler_entry: irq=162 name=arch_timer
          <idle>-0     [003] d.h.   247.719359: irq_handler_entry: irq=162 name=arch_timer
          <idle>-0     [001] d.h.   247.719368: irq_handler_exit: irq=162 ret=handled
          <idle>-0     [003] d.h.   247.719369: irq_handler_exit: irq=162 ret=handled
          <idle>-0     [002] d.h.   247.719370: irq_handler_exit: irq=162 ret=handled
          <idle>-0     [003] dns.   247.719379: sched_wakeup: comm=rcu_sched pid=10 prio=120 target_cpu=003
          <idle>-0     [003] dnH.   247.719386: sched_wakeup: comm=brcmf_wdog/mmc1 pid=253 prio=120 target_cpu=003
          <idle>-0     [003] d...   247.719408: sched_switch: prev_comm=swapper/3 prev_pid=0 prev_prio=120 prev_state=R ==> next_comm=rcu_sched next_pid=10 next_prio=120
       rcu_sched-10    [003] d...   247.719434: sched_switch: prev_comm=rcu_sched prev_pid=10 prev_prio=120 prev_state=I ==> next_comm=brcmf_wdog/mmc1 next_pid=253 next_prio=120
          <idle>-0     [000] d.h.   247.719460: irq_handler_entry: irq=86 name=mmc1
          <idle>-0     [000] d.h.   247.719463: __handle_irq_event_percpu+0x70/0x26c: [+] irq: [86] handler: bcm2835_mmc_irq+0x0/0x6ec caller: (handle_irq_event_percpu) 
          <idle>-0     [000] d.h.   247.719470: irq_handler_exit: irq=86 ret=handled
 brcmf_wdog/mmc1-253   [003] d...   247.719471: sched_switch: prev_comm=brcmf_wdog/mmc1 prev_pid=253 prev_prio=120 prev_state=D ==> next_comm=swapper/3 next_pid=0 next_prio=120
          <idle>-0     [003] dnh.   247.719484: sched_wakeup: comm=brcmf_wdog/mmc1 pid=253 prio=120 target_cpu=003
          <idle>-0     [003] d...   247.719491: sched_switch: prev_comm=swapper/3 prev_pid=0 prev_prio=120 prev_state=R ==> next_comm=brcmf_wdog/mmc1 next_pid=253 next_prio=120
          <idle>-0     [000] d.h.   247.719507: irq_handler_entry: irq=86 name=mmc1
 brcmf_wdog/mmc1-253   [003] d...   247.719508: sched_switch: prev_comm=brcmf_wdog/mmc1 prev_pid=253 prev_prio=120 prev_state=D ==> next_comm=swapper/3 next_pid=0 next_prio=120
          <idle>-0     [000] d.h.   247.719511: __handle_irq_event_percpu+0x70/0x26c: [+] irq: [86] handler: bcm2835_mmc_irq+0x0/0x6ec caller: (handle_irq_event_percpu) 
          <idle>-0     [000] d.h.   247.719515: irq_handler_exit: irq=86 ret=handled
          <idle>-0     [003] dnh.   247.719527: sched_wakeup: comm=brcmf_wdog/mmc1 pid=253 prio=120 target_cpu=003
          <idle>-0     [003] d...   247.719534: sched_switch: prev_comm=swapper/3 prev_pid=0 prev_prio=120 prev_state=R ==> next_comm=brcmf_wdog/mmc1 next_pid=253 next_prio=120
          <idle>-0     [000] d.h.   247.719548: irq_handler_entry: irq=86 name=mmc1
 brcmf_wdog/mmc1-253   [003] d...   247.719548: sched_switch: prev_comm=brcmf_wdog/mmc1 prev_pid=253 prev_prio=120 prev_state=D ==> next_comm=swapper/3 next_pid=0 next_prio=120
          <idle>-0     [000] d.h.   247.719551: __handle_irq_event_percpu+0x70/0x26c: [+] irq: [86] handler: bcm2835_mmc_irq+0x0/0x6ec caller: (handle_irq_event_percpu) 
          <idle>-0     [000] d.h.   247.719555: irq_handler_exit: irq=86 ret=handled
          <idle>-0     [003] dnh.   247.719567: sched_wakeup: comm=brcmf_wdog/mmc1 pid=253 prio=120 target_cpu=003
          <idle>-0     [003] d...   247.719574: sched_switch: prev_comm=swapper/3 prev_pid=0 prev_prio=120 prev_state=R ==> next_comm=brcmf_wdog/mmc1 next_pid=253 next_prio=120
 brcmf_wdog/mmc1-253   [003] d...   247.719585: sched_switch: prev_comm=brcmf_wdog/mmc1 prev_pid=253 prev_prio=120 prev_state=S ==> next_comm=swapper/3 next_pid=0 next_prio=120
          <idle>-0     [003] d.h.   247.720525: irq_handler_entry: irq=162 name=arch_timer
          <idle>-0     [003] dnh.   247.720537: sched_wakeup: comm=mysqld pid=780 prio=120 target_cpu=003
          <idle>-0     [003] dnh.   247.720547: sched_wakeup: comm=mysqld pid=773 prio=120 target_cpu=003
          <idle>-0     [003] dnh.   247.720551: irq_handler_exit: irq=162 ret=handled
          <idle>-0     [003] d...   247.720558: sched_switch: prev_comm=swapper/3 prev_pid=0 prev_prio=120 prev_state=R ==> next_comm=mysqld next_pid=780 next_prio=120
          mysqld-780   [003] d...   247.720593: sched_switch: prev_comm=mysqld prev_pid=780 prev_prio=120 prev_state=S ==> next_comm=mysqld next_pid=773 next_prio=120
          mysqld-773   [003] d...   247.720631: sched_switch: prev_comm=mysqld prev_pid=773 prev_prio=120 prev_state=S ==> next_comm=swapper/3 next_pid=0 next_prio=120
          <idle>-0     [000] d.h.   247.720669: irq_handler_entry: irq=56 name=dwc_otg
          <idle>-0     [000] d.h.   247.720672: __handle_irq_event_percpu+0x70/0x26c: [+] irq: [56] handler: dwc_otg_common_irq+0x0/0x28 caller: (handle_irq_event_percpu) 
          <idle>-0     [000] d.h.   247.720675: irq_handler_exit: irq=56 ret=unhandled
          <idle>-0     [000] d.h.   247.720677: irq_handler_entry: irq=56 name=dwc_otg_pcd
          <idle>-0     [000] d.h.   247.720679: __handle_irq_event_percpu+0x70/0x26c: [+] irq: [56] handler: dwc_otg_pcd_irq+0x0/0x28 caller: (handle_irq_event_percpu) 
          <idle>-0     [000] d.h.   247.720684: irq_handler_exit: irq=56 ret=unhandled
          <idle>-0     [000] d.h.   247.720686: irq_handler_entry: irq=56 name=dwc_otg_hcd:usb1
          <idle>-0     [000] d.h.   247.720689: __handle_irq_event_percpu+0x70/0x26c: [+] irq: [56] handler: usb_hcd_irq+0x0/0x48 caller: (handle_irq_event_percpu) 
          <idle>-0     [000] d.h.   247.720696: irq_handler_exit: irq=56 ret=handled
          <idle>-0     [000] d.h.   247.720795: irq_handler_entry: irq=56 name=dwc_otg
          <idle>-0     [000] d.h.   247.720799: __handle_irq_event_percpu+0x70/0x26c: [+] irq: [56] handler: dwc_otg_common_irq+0x0/0x28 caller: (handle_irq_event_percpu) 
          <idle>-0     [000] d.h.   247.720802: irq_handler_exit: irq=56 ret=unhandled
          <idle>-0     [000] d.h.   247.720803: irq_handler_entry: irq=56 name=dwc_otg_pcd
          <idle>-0     [000] d.h.   247.720806: __handle_irq_event_percpu+0x70/0x26c: [+] irq: [56] handler: dwc_otg_pcd_irq+0x0/0x28 caller: (handle_irq_event_percpu) 
          <idle>-0     [000] d.h.   247.720808: irq_handler_exit: irq=56 ret=unhandled
          <idle>-0     [000] d.h.   247.720810: irq_handler_entry: irq=56 name=dwc_otg_hcd:usb1
          <idle>-0     [000] d.h.   247.720813: __handle_irq_event_percpu+0x70/0x26c: [+] irq: [56] handler: usb_hcd_irq+0x0/0x48 caller: (handle_irq_event_percpu) 
          <idle>-0     [000] d.h.   247.720819: irq_handler_exit: irq=56 ret=handled
          <idle>-0     [000] d.h.   247.728668: irq_handler_entry: irq=56 name=dwc_otg
          <idle>-0     [000] d.h.   247.728672: __handle_irq_event_percpu+0x70/0x26c: [+] irq: [56] handler: dwc_otg_common_irq+0x0/0x28 caller: (handle_irq_event_percpu) 
          <idle>-0     [000] d.h.   247.728675: irq_handler_exit: irq=56 ret=unhandled
          <idle>-0     [000] d.h.   247.728676: irq_handler_entry: irq=56 name=dwc_otg_pcd
          <idle>-0     [000] d.h.   247.728679: __handle_irq_event_percpu+0x70/0x26c: [+] irq: [56] handler: dwc_otg_pcd_irq+0x0/0x28 caller: (handle_irq_event_percpu) 
          <idle>-0     [000] d.h.   247.728681: irq_handler_exit: irq=56 ret=unhandled
          <idle>-0     [000] d.h.   247.728683: irq_handler_entry: irq=56 name=dwc_otg_hcd:usb1
          <idle>-0     [000] d.h.   247.728686: __handle_irq_event_percpu+0x70/0x26c: [+] irq: [56] handler: usb_hcd_irq+0x0/0x48 caller: (handle_irq_event_percpu) 
          <idle>-0     [000] d.h.   247.728692: irq_handler_exit: irq=56 ret=handled
          <idle>-0     [000] d.h.   247.728795: irq_handler_entry: irq=56 name=dwc_otg
          <idle>-0     [000] d.h.   247.728798: __handle_irq_event_percpu+0x70/0x26c: [+] irq: [56] handler: dwc_otg_common_irq+0x0/0x28 caller: (handle_irq_event_percpu) 
          <idle>-0     [000] d.h.   247.728801: irq_handler_exit: irq=56 ret=unhandled
          <idle>-0     [000] d.h.   247.728803: irq_handler_entry: irq=56 name=dwc_otg_pcd
          <idle>-0     [000] d.h.   247.728806: __handle_irq_event_percpu+0x70/0x26c: [+] irq: [56] handler: dwc_otg_pcd_irq+0x0/0x28 caller: (handle_irq_event_percpu) 
          <idle>-0     [000] d.h.   247.728808: irq_handler_exit: irq=56 ret=unhandled
          <idle>-0     [000] d.h.   247.728809: irq_handler_entry: irq=56 name=dwc_otg_hcd:usb1
          <idle>-0     [000] d.h.   247.728812: __handle_irq_event_percpu+0x70/0x26c: [+] irq: [56] handler: usb_hcd_irq+0x0/0x48 caller: (handle_irq_event_percpu) 
          <idle>-0     [000] d.h.   247.728818: irq_handler_exit: irq=56 ret=handled
          <idle>-0     [001] d.h.   247.729358: irq_handler_entry: irq=162 name=arch_timer
          <idle>-0     [002] d.h.   247.729359: irq_handler_entry: irq=162 name=arch_timer
          <idle>-0     [003] d.h.   247.729359: irq_handler_entry: irq=162 name=arch_timer
          <idle>-0     [001] d.h.   247.729367: irq_handler_exit: irq=162 ret=handled
          <idle>-0     [003] d.h.   247.729369: irq_handler_exit: irq=162 ret=handled
          <idle>-0     [002] d.h.   247.729370: irq_handler_exit: irq=162 ret=handled
          <idle>-0     [000] d.h.   247.736669: irq_handler_entry: irq=56 name=dwc_otg
          <idle>-0     [000] d.h.   247.736672: __handle_irq_event_percpu+0x70/0x26c: [+] irq: [56] handler: dwc_otg_common_irq+0x0/0x28 caller: (handle_irq_event_percpu) 
          <idle>-0     [000] d.h.   247.736675: irq_handler_exit: irq=56 ret=unhandled
          <idle>-0     [000] d.h.   247.736677: irq_handler_entry: irq=56 name=dwc_otg_pcd
          <idle>-0     [000] d.h.   247.736679: __handle_irq_event_percpu+0x70/0x26c: [+] irq: [56] handler: dwc_otg_pcd_irq+0x0/0x28 caller: (handle_irq_event_percpu) 
          <idle>-0     [000] d.h.   247.736681: irq_handler_exit: irq=56 ret=unhandled
          <idle>-0     [000] d.h.   247.736683: irq_handler_entry: irq=56 name=dwc_otg_hcd:usb1
          <idle>-0     [000] d.h.   247.736686: __handle_irq_event_percpu+0x70/0x26c: [+] irq: [56] handler: usb_hcd_irq+0x0/0x48 caller: (handle_irq_event_percpu) 
          <idle>-0     [000] d.h.   247.736692: irq_handler_exit: irq=56 ret=handled
          <idle>-0     [000] d.h.   247.736795: irq_handler_entry: irq=56 name=dwc_otg
          <idle>-0     [000] d.h.   247.736799: __handle_irq_event_percpu+0x70/0x26c: [+] irq: [56] handler: dwc_otg_common_irq+0x0/0x28 caller: (handle_irq_event_percpu) 
          <idle>-0     [000] d.h.   247.736801: irq_handler_exit: irq=56 ret=unhandled
          <idle>-0     [000] d.h.   247.736803: irq_handler_entry: irq=56 name=dwc_otg_pcd
          <idle>-0     [000] d.h.   247.736806: __handle_irq_event_percpu+0x70/0x26c: [+] irq: [56] handler: dwc_otg_pcd_irq+0x0/0x28 caller: (handle_irq_event_percpu) 
          <idle>-0     [000] d.h.   247.736808: irq_handler_exit: irq=56 ret=unhandled
          <idle>-0     [000] d.h.   247.736810: irq_handler_entry: irq=56 name=dwc_otg_hcd:usb1
          <idle>-0     [000] d.h.   247.736812: __handle_irq_event_percpu+0x70/0x26c: [+] irq: [56] handler: usb_hcd_irq+0x0/0x48 caller: (handle_irq_event_percpu) 
          <idle>-0     [000] d.h.   247.736818: irq_handler_exit: irq=56 ret=handled
          <idle>-0     [001] d.h.   247.739359: irq_handler_entry: irq=162 name=arch_timer
          <idle>-0     [002] d.h.   247.739359: irq_handler_entry: irq=162 name=arch_timer
          <idle>-0     [003] d.h.   247.739359: irq_handler_entry: irq=162 name=arch_timer
          <idle>-0     [001] d.h.   247.739367: irq_handler_exit: irq=162 ret=handled
          <idle>-0     [003] d.h.   247.739368: irq_handler_exit: irq=162 ret=handled
          <idle>-0     [002] d.h.   247.739371: irq_handler_exit: irq=162 ret=handled
          <idle>-0     [003] dns.   247.739377: sched_wakeup: comm=rcu_sched pid=10 prio=120 target_cpu=003
          <idle>-0     [003] d...   247.739397: sched_switch: prev_comm=swapper/3 prev_pid=0 prev_prio=120 prev_state=R ==> next_comm=rcu_sched next_pid=10 next_prio=120
       rcu_sched-10    [003] d...   247.739411: sched_switch: prev_comm=rcu_sched prev_pid=10 prev_prio=120 prev_state=I ==> next_comm=swapper/3 next_pid=0 next_prio=120
          <idle>-0     [000] d.h.   247.744669: irq_handler_entry: irq=56 name=dwc_otg
          <idle>-0     [000] d.h.   247.744672: __handle_irq_event_percpu+0x70/0x26c: [+] irq: [56] handler: dwc_otg_common_irq+0x0/0x28 caller: (handle_irq_event_percpu) 
          <idle>-0     [000] d.h.   247.744675: irq_handler_exit: irq=56 ret=unhandled
          <idle>-0     [000] d.h.   247.744676: irq_handler_entry: irq=56 name=dwc_otg_pcd
          <idle>-0     [000] d.h.   247.744679: __handle_irq_event_percpu+0x70/0x26c: [+] irq: [56] handler: dwc_otg_pcd_irq+0x0/0x28 caller: (handle_irq_event_percpu) 
          <idle>-0     [000] d.h.   247.744681: irq_handler_exit: irq=56 ret=unhandled
          <idle>-0     [000] d.h.   247.744683: irq_handler_entry: irq=56 name=dwc_otg_hcd:usb1
          <idle>-0     [000] d.h.   247.744686: __handle_irq_event_percpu+0x70/0x26c: [+] irq: [56] handler: usb_hcd_irq+0x0/0x48 caller: (handle_irq_event_percpu) 
          <idle>-0     [000] d.h.   247.744692: irq_handler_exit: irq=56 ret=handled
          <idle>-0     [000] d.h.   247.744796: irq_handler_entry: irq=56 name=dwc_otg
          <idle>-0     [000] d.h.   247.744799: __handle_irq_event_percpu+0x70/0x26c: [+] irq: [56] handler: dwc_otg_common_irq+0x0/0x28 caller: (handle_irq_event_percpu) 
          <idle>-0     [000] d.h.   247.744802: irq_handler_exit: irq=56 ret=unhandled
          <idle>-0     [000] d.h.   247.744803: irq_handler_entry: irq=56 name=dwc_otg_pcd
          <idle>-0     [000] d.h.   247.744806: __handle_irq_event_percpu+0x70/0x26c: [+] irq: [56] handler: dwc_otg_pcd_irq+0x0/0x28 caller: (handle_irq_event_percpu) 
          <idle>-0     [000] d.h.   247.744808: irq_handler_exit: irq=56 ret=unhandled
          <idle>-0     [000] d.h.   247.744810: irq_handler_entry: irq=56 name=dwc_otg_hcd:usb1
          <idle>-0     [000] d.h.   247.744813: __handle_irq_event_percpu+0x70/0x26c: [+] irq: [56] handler: usb_hcd_irq+0x0/0x48 caller: (handle_irq_event_percpu) 
          <idle>-0     [000] d.h.   247.744818: irq_handler_exit: irq=56 ret=handled
          <idle>-0     [002] d.h.   247.749359: irq_handler_entry: irq=162 name=arch_timer
          <idle>-0     [001] d.h.   247.749359: irq_handler_entry: irq=162 name=arch_timer
          <idle>-0     [003] d.h.   247.749359: irq_handler_entry: irq=162 name=arch_timer
          <idle>-0     [003] d.h.   247.749368: irq_handler_exit: irq=162 ret=handled
          <idle>-0     [001] d.h.   247.749369: irq_handler_exit: irq=162 ret=handled
          <idle>-0     [002] d.h.   247.749370: irq_handler_exit: irq=162 ret=handled
          <idle>-0     [003] dnh.   247.749396: sched_wakeup: comm=rcu_sched pid=10 prio=120 target_cpu=003
          <idle>-0     [003] d...   247.749403: sched_switch: prev_comm=swapper/3 prev_pid=0 prev_prio=120 prev_state=R ==> next_comm=rcu_sched next_pid=10 next_prio=120
       rcu_sched-10    [003] d...   247.749419: sched_switch: prev_comm=rcu_sched prev_pid=10 prev_prio=120 prev_state=I ==> next_comm=swapper/3 next_pid=0 next_prio=120
          <idle>-0     [000] d.h.   247.752669: irq_handler_entry: irq=56 name=dwc_otg
          <idle>-0     [000] d.h.   247.752672: __handle_irq_event_percpu+0x70/0x26c: [+] irq: [56] handler: dwc_otg_common_irq+0x0/0x28 caller: (handle_irq_event_percpu) 
          <idle>-0     [000] d.h.   247.752675: irq_handler_exit: irq=56 ret=unhandled
          <idle>-0     [000] d.h.   247.752676: irq_handler_entry: irq=56 name=dwc_otg_pcd
          <idle>-0     [000] d.h.   247.752679: __handle_irq_event_percpu+0x70/0x26c: [+] irq: [56] handler: dwc_otg_pcd_irq+0x0/0x28 caller: (handle_irq_event_percpu) 
          <idle>-0     [000] d.h.   247.752681: irq_handler_exit: irq=56 ret=unhandled
          <idle>-0     [000] d.h.   247.752683: irq_handler_entry: irq=56 name=dwc_otg_hcd:usb1
          <idle>-0     [000] d.h.   247.752686: __handle_irq_event_percpu+0x70/0x26c: [+] irq: [56] handler: usb_hcd_irq+0x0/0x48 caller: (handle_irq_event_percpu) 
          <idle>-0     [000] d.h.   247.752692: irq_handler_exit: irq=56 ret=handled
          <idle>-0     [000] d.h.   247.752795: irq_handler_entry: irq=56 name=dwc_otg
          <idle>-0     [000] d.h.   247.752799: __handle_irq_event_percpu+0x70/0x26c: [+] irq: [56] handler: dwc_otg_common_irq+0x0/0x28 caller: (handle_irq_event_percpu) 
          <idle>-0     [000] d.h.   247.752802: irq_handler_exit: irq=56 ret=unhandled
          <idle>-0     [000] d.h.   247.752803: irq_handler_entry: irq=56 name=dwc_otg_pcd
          <idle>-0     [000] d.h.   247.752806: __handle_irq_event_percpu+0x70/0x26c: [+] irq: [56] handler: dwc_otg_pcd_irq+0x0/0x28 caller: (handle_irq_event_percpu) 
          <idle>-0     [000] d.h.   247.752808: irq_handler_exit: irq=56 ret=unhandled
          <idle>-0     [000] d.h.   247.752809: irq_handler_entry: irq=56 name=dwc_otg_hcd:usb1
          <idle>-0     [000] d.h.   247.752812: __handle_irq_event_percpu+0x70/0x26c: [+] irq: [56] handler: usb_hcd_irq+0x0/0x48 caller: (handle_irq_event_percpu) 
          <idle>-0     [000] d.h.   247.752818: irq_handler_exit: irq=56 ret=handled
          <idle>-0     [001] d.h.   247.759359: irq_handler_entry: irq=162 name=arch_timer
          <idle>-0     [002] d.h.   247.759359: irq_handler_entry: irq=162 name=arch_timer
          <idle>-0     [003] d.h.   247.759359: irq_handler_entry: irq=162 name=arch_timer
          <idle>-0     [001] d.h.   247.759368: irq_handler_exit: irq=162 ret=handled
          <idle>-0     [003] d.h.   247.759368: irq_handler_exit: irq=162 ret=handled
          <idle>-0     [002] d.h.   247.759370: irq_handler_exit: irq=162 ret=handled
          <idle>-0     [000] d.h.   247.760669: irq_handler_entry: irq=56 name=dwc_otg
          <idle>-0     [000] d.h.   247.760672: __handle_irq_event_percpu+0x70/0x26c: [+] irq: [56] handler: dwc_otg_common_irq+0x0/0x28 caller: (handle_irq_event_percpu) 
          <idle>-0     [000] d.h.   247.760675: irq_handler_exit: irq=56 ret=unhandled
          <idle>-0     [000] d.h.   247.760676: irq_handler_entry: irq=56 name=dwc_otg_pcd
          <idle>-0     [000] d.h.   247.760679: __handle_irq_event_percpu+0x70/0x26c: [+] irq: [56] handler: dwc_otg_pcd_irq+0x0/0x28 caller: (handle_irq_event_percpu) 
          <idle>-0     [000] d.h.   247.760681: irq_handler_exit: irq=56 ret=unhandled
          <idle>-0     [000] d.h.   247.760683: irq_handler_entry: irq=56 name=dwc_otg_hcd:usb1
          <idle>-0     [000] d.h.   247.760686: __handle_irq_event_percpu+0x70/0x26c: [+] irq: [56] handler: usb_hcd_irq+0x0/0x48 caller: (handle_irq_event_percpu) 
          <idle>-0     [000] d.h.   247.760692: irq_handler_exit: irq=56 ret=handled
          <idle>-0     [000] d.h.   247.760795: irq_handler_entry: irq=56 name=dwc_otg
          <idle>-0     [000] d.h.   247.760799: __handle_irq_event_percpu+0x70/0x26c: [+] irq: [56] handler: dwc_otg_common_irq+0x0/0x28 caller: (handle_irq_event_percpu) 
          <idle>-0     [000] d.h.   247.760802: irq_handler_exit: irq=56 ret=unhandled
          <idle>-0     [000] d.h.   247.760803: irq_handler_entry: irq=56 name=dwc_otg_pcd
          <idle>-0     [000] d.h.   247.760806: __handle_irq_event_percpu+0x70/0x26c: [+] irq: [56] handler: dwc_otg_pcd_irq+0x0/0x28 caller: (handle_irq_event_percpu) 
          <idle>-0     [000] d.h.   247.760808: irq_handler_exit: irq=56 ret=unhandled
          <idle>-0     [000] d.h.   247.760810: irq_handler_entry: irq=56 name=dwc_otg_hcd:usb1
          <idle>-0     [000] d.h.   247.760812: __handle_irq_event_percpu+0x70/0x26c: [+] irq: [56] handler: usb_hcd_irq+0x0/0x48 caller: (handle_irq_event_percpu) 
