          <idle>-0     [002] d...   248.999454: sched_switch: prev_comm=swapper/2 prev_pid=0 prev_prio=120 prev_state=R ==> next_comm=kworker/2:1 next_pid=33 next_prio=120
     kworker/2:1-33    [002] d...   248.999473: sched_switch: prev_comm=kworker/2:1 prev_pid=33 prev_prio=120 prev_state=I ==> next_comm=in:imklog next_pid=422 next_prio=120
       in:imklog-422   [002] d...   248.999651: sched_wakeup: comm=rs:main Q:Reg pid=424 prio=120 target_cpu=002
       in:imklog-422   [002] d...   248.999776: sched_switch: prev_comm=in:imklog prev_pid=422 prev_prio=120 prev_state=S ==> next_comm=rs:main Q:Reg next_pid=424 next_prio=120
   rs:main Q:Reg-424   [002] d...   249.000160: sched_switch: prev_comm=rs:main Q:Reg prev_pid=424 prev_prio=120 prev_state=S ==> next_comm=swapper/2 next_pid=0 next_prio=120
          <idle>-0     [000] d.h.   249.000670: irq_handler_entry: irq=56 name=dwc_otg
          <idle>-0     [000] d.h.   249.000674: __handle_irq_event_percpu+0x70/0x26c: [+] irq: [56] handler: dwc_otg_common_irq+0x0/0x28 caller: (handle_irq_event_percpu) 
          <idle>-0     [000] d.h.   249.000679: irq_handler_exit: irq=56 ret=unhandled
          <idle>-0     [000] d.h.   249.000681: irq_handler_entry: irq=56 name=dwc_otg_pcd
          <idle>-0     [000] d.h.   249.000684: __handle_irq_event_percpu+0x70/0x26c: [+] irq: [56] handler: dwc_otg_pcd_irq+0x0/0x28 caller: (handle_irq_event_percpu) 
          <idle>-0     [000] d.h.   249.000687: irq_handler_exit: irq=56 ret=unhandled
          <idle>-0     [000] d.h.   249.000689: irq_handler_entry: irq=56 name=dwc_otg_hcd:usb1
          <idle>-0     [000] d.h.   249.000692: __handle_irq_event_percpu+0x70/0x26c: [+] irq: [56] handler: usb_hcd_irq+0x0/0x48 caller: (handle_irq_event_percpu) 
          <idle>-0     [000] d.h.   249.000705: irq_handler_exit: irq=56 ret=handled
          <idle>-0     [000] d.h.   249.000797: irq_handler_entry: irq=56 name=dwc_otg
          <idle>-0     [000] d.h.   249.000801: __handle_irq_event_percpu+0x70/0x26c: [+] irq: [56] handler: dwc_otg_common_irq+0x0/0x28 caller: (handle_irq_event_percpu) 
          <idle>-0     [000] d.h.   249.000805: irq_handler_exit: irq=56 ret=unhandled
          <idle>-0     [000] d.h.   249.000806: irq_handler_entry: irq=56 name=dwc_otg_pcd
          <idle>-0     [000] d.h.   249.000809: __handle_irq_event_percpu+0x70/0x26c: [+] irq: [56] handler: dwc_otg_pcd_irq+0x0/0x28 caller: (handle_irq_event_percpu) 
          <idle>-0     [000] d.h.   249.000811: irq_handler_exit: irq=56 ret=unhandled
          <idle>-0     [000] d.h.   249.000813: irq_handler_entry: irq=56 name=dwc_otg_hcd:usb1
          <idle>-0     [000] d.h.   249.000816: __handle_irq_event_percpu+0x70/0x26c: [+] irq: [56] handler: usb_hcd_irq+0x0/0x48 caller: (handle_irq_event_percpu) 
          <idle>-0     [000] d.h.   249.000825: irq_handler_exit: irq=56 ret=handled
 systemd-journal-123   [003] d...   249.002451: sched_switch: prev_comm=systemd-journal prev_pid=123 prev_prio=120 prev_state=S ==> next_comm=swapper/3 next_pid=0 next_prio=120
          <idle>-0     [000] d.h.   249.004389: irq_handler_entry: irq=86 name=mmc1
          <idle>-0     [000] d.h.   249.004393: __handle_irq_event_percpu+0x70/0x26c: [+] irq: [86] handler: bcm2835_mmc_irq+0x0/0x6ec caller: (handle_irq_event_percpu) 
          <idle>-0     [000] d.h.   249.004400: irq_handler_exit: irq=86 ret=handled
          <idle>-0     [002] dnh.   249.004416: sched_wakeup: comm=irq/86-mmc1 pid=81 prio=49 target_cpu=002
          <idle>-0     [002] d...   249.004427: sched_switch: prev_comm=swapper/2 prev_pid=0 prev_prio=120 prev_state=R ==> next_comm=irq/86-mmc1 next_pid=81 next_prio=49
          <idle>-0     [000] d.h.   249.004511: irq_handler_entry: irq=86 name=mmc1
          <idle>-0     [000] d.h.   249.004514: __handle_irq_event_percpu+0x70/0x26c: [+] irq: [86] handler: bcm2835_mmc_irq+0x0/0x6ec caller: (handle_irq_event_percpu) 
     irq/86-mmc1-81    [002] d...   249.004520: sched_switch: prev_comm=irq/86-mmc1 prev_pid=81 prev_prio=49 prev_state=D ==> next_comm=swapper/2 next_pid=0 next_prio=120
          <idle>-0     [000] d.h.   249.004520: irq_handler_exit: irq=86 ret=handled
          <idle>-0     [002] dnh.   249.004534: sched_wakeup: comm=irq/86-mmc1 pid=81 prio=49 target_cpu=002
          <idle>-0     [002] d...   249.004541: sched_switch: prev_comm=swapper/2 prev_pid=0 prev_prio=120 prev_state=R ==> next_comm=irq/86-mmc1 next_pid=81 next_prio=49
          <idle>-0     [000] d.h.   249.004569: irq_handler_entry: irq=86 name=mmc1
     irq/86-mmc1-81    [002] d...   249.004572: sched_switch: prev_comm=irq/86-mmc1 prev_pid=81 prev_prio=49 prev_state=D ==> next_comm=swapper/2 next_pid=0 next_prio=120
          <idle>-0     [000] d.h.   249.004572: __handle_irq_event_percpu+0x70/0x26c: [+] irq: [86] handler: bcm2835_mmc_irq+0x0/0x6ec caller: (handle_irq_event_percpu) 
          <idle>-0     [000] d.h.   249.004581: irq_handler_exit: irq=86 ret=handled
          <idle>-0     [002] dnh.   249.004592: sched_wakeup: comm=irq/86-mmc1 pid=81 prio=49 target_cpu=002
          <idle>-0     [002] d...   249.004599: sched_switch: prev_comm=swapper/2 prev_pid=0 prev_prio=120 prev_state=R ==> next_comm=irq/86-mmc1 next_pid=81 next_prio=49
          <idle>-0     [000] d.h.   249.004620: irq_handler_entry: irq=86 name=mmc1
     irq/86-mmc1-81    [002] d...   249.004622: sched_switch: prev_comm=irq/86-mmc1 prev_pid=81 prev_prio=49 prev_state=D ==> next_comm=swapper/2 next_pid=0 next_prio=120
          <idle>-0     [000] d.h.   249.004624: __handle_irq_event_percpu+0x70/0x26c: [+] irq: [86] handler: bcm2835_mmc_irq+0x0/0x6ec caller: (handle_irq_event_percpu) 
          <idle>-0     [000] d.h.   249.004629: irq_handler_exit: irq=86 ret=handled
          <idle>-0     [000] d.h.   249.004632: irq_handler_entry: irq=86 name=mmc1
          <idle>-0     [000] d.h.   249.004635: __handle_irq_event_percpu+0x70/0x26c: [+] irq: [86] handler: bcm2835_mmc_irq+0x0/0x6ec caller: (handle_irq_event_percpu) 
          <idle>-0     [000] d.h.   249.004639: irq_handler_exit: irq=86 ret=handled
          <idle>-0     [002] dnh.   249.004653: sched_wakeup: comm=irq/86-mmc1 pid=81 prio=49 target_cpu=002
          <idle>-0     [002] d...   249.004659: sched_switch: prev_comm=swapper/2 prev_pid=0 prev_prio=120 prev_state=R ==> next_comm=irq/86-mmc1 next_pid=81 next_prio=49
     irq/86-mmc1-81    [002] d...   249.004674: sched_wakeup: comm=kworker/u8:1 pid=44 prio=120 target_cpu=002
     irq/86-mmc1-81    [002] d...   249.004692: sched_switch: prev_comm=irq/86-mmc1 prev_pid=81 prev_prio=49 prev_state=S ==> next_comm=kworker/u8:1 next_pid=44 next_prio=120
          <idle>-0     [000] d.h.   249.004734: irq_handler_entry: irq=86 name=mmc1
          <idle>-0     [000] d.h.   249.004737: __handle_irq_event_percpu+0x70/0x26c: [+] irq: [86] handler: bcm2835_mmc_irq+0x0/0x6ec caller: (handle_irq_event_percpu) 
          <idle>-0     [000] d.h.   249.004746: irq_handler_exit: irq=86 ret=handled
    kworker/u8:1-44    [002] d...   249.004748: sched_switch: prev_comm=kworker/u8:1 prev_pid=44 prev_prio=120 prev_state=D ==> next_comm=swapper/2 next_pid=0 next_prio=120
          <idle>-0     [002] dnh.   249.004760: sched_wakeup: comm=kworker/u8:1 pid=44 prio=120 target_cpu=002
          <idle>-0     [002] d...   249.004767: sched_switch: prev_comm=swapper/2 prev_pid=0 prev_prio=120 prev_state=R ==> next_comm=kworker/u8:1 next_pid=44 next_prio=120
          <idle>-0     [000] d.h.   249.004796: irq_handler_entry: irq=86 name=mmc1
    kworker/u8:1-44    [002] d...   249.004798: sched_switch: prev_comm=kworker/u8:1 prev_pid=44 prev_prio=120 prev_state=D ==> next_comm=swapper/2 next_pid=0 next_prio=120
          <idle>-0     [000] d.h.   249.004799: __handle_irq_event_percpu+0x70/0x26c: [+] irq: [86] handler: bcm2835_mmc_irq+0x0/0x6ec caller: (handle_irq_event_percpu) 
          <idle>-0     [000] d.h.   249.004807: irq_handler_exit: irq=86 ret=handled
          <idle>-0     [002] dnh.   249.004820: sched_wakeup: comm=kworker/u8:1 pid=44 prio=120 target_cpu=002
          <idle>-0     [002] d...   249.004826: sched_switch: prev_comm=swapper/2 prev_pid=0 prev_prio=120 prev_state=R ==> next_comm=kworker/u8:1 next_pid=44 next_prio=120
          <idle>-0     [000] d.h.   249.004927: irq_handler_entry: irq=86 name=mmc1
    kworker/u8:1-44    [002] d...   249.004930: sched_switch: prev_comm=kworker/u8:1 prev_pid=44 prev_prio=120 prev_state=D ==> next_comm=swapper/2 next_pid=0 next_prio=120
          <idle>-0     [000] d.h.   249.004930: __handle_irq_event_percpu+0x70/0x26c: [+] irq: [86] handler: bcm2835_mmc_irq+0x0/0x6ec caller: (handle_irq_event_percpu) 
          <idle>-0     [000] d.h.   249.004939: irq_handler_exit: irq=86 ret=handled
          <idle>-0     [002] dnh.   249.004952: sched_wakeup: comm=kworker/u8:1 pid=44 prio=120 target_cpu=002
          <idle>-0     [002] d...   249.004959: sched_switch: prev_comm=swapper/2 prev_pid=0 prev_prio=120 prev_state=R ==> next_comm=kworker/u8:1 next_pid=44 next_prio=120
    kworker/u8:1-44    [002] d...   249.004974: sched_switch: prev_comm=kworker/u8:1 prev_pid=44 prev_prio=120 prev_state=I ==> next_comm=swapper/2 next_pid=0 next_prio=120
          <idle>-0     [000] d.h.   249.008669: irq_handler_entry: irq=56 name=dwc_otg
          <idle>-0     [000] d.h.   249.008672: __handle_irq_event_percpu+0x70/0x26c: [+] irq: [56] handler: dwc_otg_common_irq+0x0/0x28 caller: (handle_irq_event_percpu) 
          <idle>-0     [000] d.h.   249.008675: irq_handler_exit: irq=56 ret=unhandled
          <idle>-0     [000] d.h.   249.008676: irq_handler_entry: irq=56 name=dwc_otg_pcd
          <idle>-0     [000] d.h.   249.008679: __handle_irq_event_percpu+0x70/0x26c: [+] irq: [56] handler: dwc_otg_pcd_irq+0x0/0x28 caller: (handle_irq_event_percpu) 
          <idle>-0     [000] d.h.   249.008682: irq_handler_exit: irq=56 ret=unhandled
          <idle>-0     [000] d.h.   249.008683: irq_handler_entry: irq=56 name=dwc_otg_hcd:usb1
          <idle>-0     [000] d.h.   249.008686: __handle_irq_event_percpu+0x70/0x26c: [+] irq: [56] handler: usb_hcd_irq+0x0/0x48 caller: (handle_irq_event_percpu) 
          <idle>-0     [000] d.h.   249.008694: irq_handler_exit: irq=56 ret=handled
          <idle>-0     [000] d.h.   249.008795: irq_handler_entry: irq=56 name=dwc_otg
          <idle>-0     [000] d.h.   249.008799: __handle_irq_event_percpu+0x70/0x26c: [+] irq: [56] handler: dwc_otg_common_irq+0x0/0x28 caller: (handle_irq_event_percpu) 
          <idle>-0     [000] d.h.   249.008802: irq_handler_exit: irq=56 ret=unhandled
          <idle>-0     [000] d.h.   249.008803: irq_handler_entry: irq=56 name=dwc_otg_pcd
          <idle>-0     [000] d.h.   249.008806: __handle_irq_event_percpu+0x70/0x26c: [+] irq: [56] handler: dwc_otg_pcd_irq+0x0/0x28 caller: (handle_irq_event_percpu) 
          <idle>-0     [000] d.h.   249.008808: irq_handler_exit: irq=56 ret=unhandled
          <idle>-0     [000] d.h.   249.008810: irq_handler_entry: irq=56 name=dwc_otg_hcd:usb1
          <idle>-0     [000] d.h.   249.008813: __handle_irq_event_percpu+0x70/0x26c: [+] irq: [56] handler: usb_hcd_irq+0x0/0x48 caller: (handle_irq_event_percpu) 
          <idle>-0     [000] d.h.   249.008820: irq_handler_exit: irq=56 ret=handled
          <idle>-0     [002] d.h.   249.009376: irq_handler_entry: irq=162 name=arch_timer
          <idle>-0     [003] d.h.   249.009377: irq_handler_entry: irq=162 name=arch_timer
          <idle>-0     [003] d.h.   249.009398: irq_handler_exit: irq=162 ret=handled
          <idle>-0     [002] dnh.   249.009403: sched_wakeup: comm=in:imklog pid=422 prio=120 target_cpu=002
          <idle>-0     [002] dnh.   249.009416: irq_handler_exit: irq=162 ret=handled
          <idle>-0     [003] dnH.   249.009421: sched_wakeup: comm=systemd-journal pid=123 prio=120 target_cpu=003
          <idle>-0     [002] d...   249.009437: sched_switch: prev_comm=swapper/2 prev_pid=0 prev_prio=120 prev_state=R ==> next_comm=in:imklog next_pid=422 next_prio=120
          <idle>-0     [003] dns.   249.009441: sched_wakeup: comm=rcu_sched pid=10 prio=120 target_cpu=003
          <idle>-0     [003] d...   249.009452: sched_switch: prev_comm=swapper/3 prev_pid=0 prev_prio=120 prev_state=R ==> next_comm=rcu_sched next_pid=10 next_prio=120
       rcu_sched-10    [003] d...   249.009475: sched_switch: prev_comm=rcu_sched prev_pid=10 prev_prio=120 prev_state=I ==> next_comm=systemd-journal next_pid=123 next_prio=120
       in:imklog-422   [002] d...   249.009565: sched_wakeup: comm=rs:main Q:Reg pid=424 prio=120 target_cpu=002
       in:imklog-422   [002] d...   249.009687: sched_switch: prev_comm=in:imklog prev_pid=422 prev_prio=120 prev_state=S ==> next_comm=rs:main Q:Reg next_pid=424 next_prio=120
   rs:main Q:Reg-424   [002] d...   249.009971: sched_switch: prev_comm=rs:main Q:Reg prev_pid=424 prev_prio=120 prev_state=S ==> next_comm=swapper/2 next_pid=0 next_prio=120
 systemd-journal-123   [003] d...   249.012160: sched_switch: prev_comm=systemd-journal prev_pid=123 prev_prio=120 prev_state=S ==> next_comm=swapper/3 next_pid=0 next_prio=120
          <idle>-0     [000] d.h.   249.016669: irq_handler_entry: irq=56 name=dwc_otg
          <idle>-0     [000] d.h.   249.016673: __handle_irq_event_percpu+0x70/0x26c: [+] irq: [56] handler: dwc_otg_common_irq+0x0/0x28 caller: (handle_irq_event_percpu) 
          <idle>-0     [000] d.h.   249.016676: irq_handler_exit: irq=56 ret=unhandled
          <idle>-0     [000] d.h.   249.016677: irq_handler_entry: irq=56 name=dwc_otg_pcd
          <idle>-0     [000] d.h.   249.016681: __handle_irq_event_percpu+0x70/0x26c: [+] irq: [56] handler: dwc_otg_pcd_irq+0x0/0x28 caller: (handle_irq_event_percpu) 
          <idle>-0     [000] d.h.   249.016683: irq_handler_exit: irq=56 ret=unhandled
          <idle>-0     [000] d.h.   249.016684: irq_handler_entry: irq=56 name=dwc_otg_hcd:usb1
          <idle>-0     [000] d.h.   249.016687: __handle_irq_event_percpu+0x70/0x26c: [+] irq: [56] handler: usb_hcd_irq+0x0/0x48 caller: (handle_irq_event_percpu) 
          <idle>-0     [000] d.h.   249.016695: irq_handler_exit: irq=56 ret=handled
          <idle>-0     [000] d.h.   249.016795: irq_handler_entry: irq=56 name=dwc_otg
          <idle>-0     [000] d.h.   249.016799: __handle_irq_event_percpu+0x70/0x26c: [+] irq: [56] handler: dwc_otg_common_irq+0x0/0x28 caller: (handle_irq_event_percpu) 
          <idle>-0     [000] d.h.   249.016802: irq_handler_exit: irq=56 ret=unhandled
          <idle>-0     [000] d.h.   249.016803: irq_handler_entry: irq=56 name=dwc_otg_pcd
          <idle>-0     [000] d.h.   249.016806: __handle_irq_event_percpu+0x70/0x26c: [+] irq: [56] handler: dwc_otg_pcd_irq+0x0/0x28 caller: (handle_irq_event_percpu) 
          <idle>-0     [000] d.h.   249.016808: irq_handler_exit: irq=56 ret=unhandled
          <idle>-0     [000] d.h.   249.016810: irq_handler_entry: irq=56 name=dwc_otg_hcd:usb1
          <idle>-0     [000] d.h.   249.016813: __handle_irq_event_percpu+0x70/0x26c: [+] irq: [56] handler: usb_hcd_irq+0x0/0x48 caller: (handle_irq_event_percpu) 
          <idle>-0     [000] d.h.   249.016820: irq_handler_exit: irq=56 ret=handled
          <idle>-0     [003] d.h.   249.019378: irq_handler_entry: irq=162 name=arch_timer
          <idle>-0     [002] d.h.   249.019378: irq_handler_entry: irq=162 name=arch_timer
          <idle>-0     [003] d.h.   249.019394: irq_handler_exit: irq=162 ret=handled
          <idle>-0     [002] d.h.   249.019399: irq_handler_exit: irq=162 ret=handled
          <idle>-0     [003] dnH.   249.019415: sched_wakeup: comm=brcmf_wdog/mmc1 pid=253 prio=120 target_cpu=003
          <idle>-0     [003] d...   249.019436: sched_switch: prev_comm=swapper/3 prev_pid=0 prev_prio=120 prev_state=R ==> next_comm=brcmf_wdog/mmc1 next_pid=253 next_prio=120
 brcmf_wdog/mmc1-253   [003] d...   249.019450: sched_switch: prev_comm=brcmf_wdog/mmc1 prev_pid=253 prev_prio=120 prev_state=S ==> next_comm=swapper/3 next_pid=0 next_prio=120
          <idle>-0     [000] d.h.   249.024669: irq_handler_entry: irq=56 name=dwc_otg
          <idle>-0     [000] d.h.   249.024672: __handle_irq_event_percpu+0x70/0x26c: [+] irq: [56] handler: dwc_otg_common_irq+0x0/0x28 caller: (handle_irq_event_percpu) 
          <idle>-0     [000] d.h.   249.024675: irq_handler_exit: irq=56 ret=unhandled
          <idle>-0     [000] d.h.   249.024677: irq_handler_entry: irq=56 name=dwc_otg_pcd
          <idle>-0     [000] d.h.   249.024679: __handle_irq_event_percpu+0x70/0x26c: [+] irq: [56] handler: dwc_otg_pcd_irq+0x0/0x28 caller: (handle_irq_event_percpu) 
          <idle>-0     [000] d.h.   249.024681: irq_handler_exit: irq=56 ret=unhandled
          <idle>-0     [000] d.h.   249.024685: irq_handler_entry: irq=56 name=dwc_otg_hcd:usb1
          <idle>-0     [000] d.h.   249.024688: __handle_irq_event_percpu+0x70/0x26c: [+] irq: [56] handler: usb_hcd_irq+0x0/0x48 caller: (handle_irq_event_percpu) 
          <idle>-0     [000] d.h.   249.024695: irq_handler_exit: irq=56 ret=handled
          <idle>-0     [000] d.h.   249.024795: irq_handler_entry: irq=56 name=dwc_otg
          <idle>-0     [000] d.h.   249.024799: __handle_irq_event_percpu+0x70/0x26c: [+] irq: [56] handler: dwc_otg_common_irq+0x0/0x28 caller: (handle_irq_event_percpu) 
          <idle>-0     [000] d.h.   249.024802: irq_handler_exit: irq=56 ret=unhandled
          <idle>-0     [000] d.h.   249.024804: irq_handler_entry: irq=56 name=dwc_otg_pcd
          <idle>-0     [000] d.h.   249.024806: __handle_irq_event_percpu+0x70/0x26c: [+] irq: [56] handler: dwc_otg_pcd_irq+0x0/0x28 caller: (handle_irq_event_percpu) 
          <idle>-0     [000] d.h.   249.024808: irq_handler_exit: irq=56 ret=unhandled
          <idle>-0     [000] d.h.   249.024810: irq_handler_entry: irq=56 name=dwc_otg_hcd:usb1
          <idle>-0     [000] d.h.   249.024813: __handle_irq_event_percpu+0x70/0x26c: [+] irq: [56] handler: usb_hcd_irq+0x0/0x48 caller: (handle_irq_event_percpu) 
          <idle>-0     [000] d.h.   249.024819: irq_handler_exit: irq=56 ret=handled
          <idle>-0     [003] d.h.   249.029376: irq_handler_entry: irq=162 name=arch_timer
          <idle>-0     [003] d.h.   249.029390: irq_handler_exit: irq=162 ret=handled
          <idle>-0     [003] dns.   249.029401: sched_wakeup: comm=rcu_sched pid=10 prio=120 target_cpu=003
          <idle>-0     [003] d...   249.029423: sched_switch: prev_comm=swapper/3 prev_pid=0 prev_prio=120 prev_state=R ==> next_comm=rcu_sched next_pid=10 next_prio=120
       rcu_sched-10    [003] d...   249.029447: sched_switch: prev_comm=rcu_sched prev_pid=10 prev_prio=120 prev_state=I ==> next_comm=swapper/3 next_pid=0 next_prio=120
          <idle>-0     [000] d.h.   249.032669: irq_handler_entry: irq=56 name=dwc_otg
          <idle>-0     [000] d.h.   249.032672: __handle_irq_event_percpu+0x70/0x26c: [+] irq: [56] handler: dwc_otg_common_irq+0x0/0x28 caller: (handle_irq_event_percpu) 
          <idle>-0     [000] d.h.   249.032675: irq_handler_exit: irq=56 ret=unhandled
          <idle>-0     [000] d.h.   249.032676: irq_handler_entry: irq=56 name=dwc_otg_pcd
          <idle>-0     [000] d.h.   249.032679: __handle_irq_event_percpu+0x70/0x26c: [+] irq: [56] handler: dwc_otg_pcd_irq+0x0/0x28 caller: (handle_irq_event_percpu) 
          <idle>-0     [000] d.h.   249.032681: irq_handler_exit: irq=56 ret=unhandled
          <idle>-0     [000] d.h.   249.032683: irq_handler_entry: irq=56 name=dwc_otg_hcd:usb1
          <idle>-0     [000] d.h.   249.032686: __handle_irq_event_percpu+0x70/0x26c: [+] irq: [56] handler: usb_hcd_irq+0x0/0x48 caller: (handle_irq_event_percpu) 
          <idle>-0     [000] d.h.   249.032692: irq_handler_exit: irq=56 ret=handled
          <idle>-0     [000] d.h.   249.032795: irq_handler_entry: irq=56 name=dwc_otg
          <idle>-0     [000] d.h.   249.032799: __handle_irq_event_percpu+0x70/0x26c: [+] irq: [56] handler: dwc_otg_common_irq+0x0/0x28 caller: (handle_irq_event_percpu) 
          <idle>-0     [000] d.h.   249.032801: irq_handler_exit: irq=56 ret=unhandled
          <idle>-0     [000] d.h.   249.032803: irq_handler_entry: irq=56 name=dwc_otg_pcd
          <idle>-0     [000] d.h.   249.032806: __handle_irq_event_percpu+0x70/0x26c: [+] irq: [56] handler: dwc_otg_pcd_irq+0x0/0x28 caller: (handle_irq_event_percpu) 
          <idle>-0     [000] d.h.   249.032808: irq_handler_exit: irq=56 ret=unhandled
          <idle>-0     [000] d.h.   249.032809: irq_handler_entry: irq=56 name=dwc_otg_hcd:usb1
          <idle>-0     [000] d.h.   249.032812: __handle_irq_event_percpu+0x70/0x26c: [+] irq: [56] handler: usb_hcd_irq+0x0/0x48 caller: (handle_irq_event_percpu) 
          <idle>-0     [000] d.h.   249.032818: irq_handler_exit: irq=56 ret=handled
          <idle>-0     [003] d.h.   249.039376: irq_handler_entry: irq=162 name=arch_timer
          <idle>-0     [002] d.h.   249.039379: irq_handler_entry: irq=162 name=arch_timer
          <idle>-0     [003] d.h.   249.039386: irq_handler_exit: irq=162 ret=handled
          <idle>-0     [002] d.h.   249.039389: irq_handler_exit: irq=162 ret=handled
          <idle>-0     [003] dnH.   249.039401: sched_wakeup: comm=brcmf_wdog/mmc1 pid=253 prio=120 target_cpu=003
          <idle>-0     [003] dns.   249.039433: sched_wakeup: comm=ksoftirqd/3 pid=26 prio=120 target_cpu=003
          <idle>-0     [003] d...   249.039441: sched_switch: prev_comm=swapper/3 prev_pid=0 prev_prio=120 prev_state=R ==> next_comm=ksoftirqd/3 next_pid=26 next_prio=120
     ksoftirqd/3-26    [003] d...   249.039465: sched_switch: prev_comm=ksoftirqd/3 prev_pid=26 prev_prio=120 prev_state=S ==> next_comm=brcmf_wdog/mmc1 next_pid=253 next_prio=120
          <idle>-0     [000] d.h.   249.039489: irq_handler_entry: irq=86 name=mmc1
          <idle>-0     [000] d.h.   249.039492: __handle_irq_event_percpu+0x70/0x26c: [+] irq: [86] handler: bcm2835_mmc_irq+0x0/0x6ec caller: (handle_irq_event_percpu) 
          <idle>-0     [000] d.h.   249.039497: irq_handler_exit: irq=86 ret=handled
 brcmf_wdog/mmc1-253   [003] d...   249.039506: sched_switch: prev_comm=brcmf_wdog/mmc1 prev_pid=253 prev_prio=120 prev_state=D ==> next_comm=swapper/3 next_pid=0 next_prio=120
          <idle>-0     [003] dnh.   249.039518: sched_wakeup: comm=brcmf_wdog/mmc1 pid=253 prio=120 target_cpu=003
          <idle>-0     [003] d...   249.039525: sched_switch: prev_comm=swapper/3 prev_pid=0 prev_prio=120 prev_state=R ==> next_comm=brcmf_wdog/mmc1 next_pid=253 next_prio=120
          <idle>-0     [000] d.h.   249.039540: irq_handler_entry: irq=86 name=mmc1
 brcmf_wdog/mmc1-253   [003] d...   249.039541: sched_switch: prev_comm=brcmf_wdog/mmc1 prev_pid=253 prev_prio=120 prev_state=D ==> next_comm=swapper/3 next_pid=0 next_prio=120
          <idle>-0     [000] d.h.   249.039544: __handle_irq_event_percpu+0x70/0x26c: [+] irq: [86] handler: bcm2835_mmc_irq+0x0/0x6ec caller: (handle_irq_event_percpu) 
          <idle>-0     [000] d.h.   249.039548: irq_handler_exit: irq=86 ret=handled
          <idle>-0     [003] dnh.   249.039560: sched_wakeup: comm=brcmf_wdog/mmc1 pid=253 prio=120 target_cpu=003
          <idle>-0     [003] d...   249.039567: sched_switch: prev_comm=swapper/3 prev_pid=0 prev_prio=120 prev_state=R ==> next_comm=brcmf_wdog/mmc1 next_pid=253 next_prio=120
          <idle>-0     [000] d.h.   249.039580: irq_handler_entry: irq=86 name=mmc1
 brcmf_wdog/mmc1-253   [003] d...   249.039581: sched_switch: prev_comm=brcmf_wdog/mmc1 prev_pid=253 prev_prio=120 prev_state=D ==> next_comm=swapper/3 next_pid=0 next_prio=120
          <idle>-0     [000] d.h.   249.039583: __handle_irq_event_percpu+0x70/0x26c: [+] irq: [86] handler: bcm2835_mmc_irq+0x0/0x6ec caller: (handle_irq_event_percpu) 
          <idle>-0     [000] d.h.   249.039588: irq_handler_exit: irq=86 ret=handled
          <idle>-0     [003] dnh.   249.039599: sched_wakeup: comm=brcmf_wdog/mmc1 pid=253 prio=120 target_cpu=003
          <idle>-0     [003] d...   249.039606: sched_switch: prev_comm=swapper/3 prev_pid=0 prev_prio=120 prev_state=R ==> next_comm=brcmf_wdog/mmc1 next_pid=253 next_prio=120
 brcmf_wdog/mmc1-253   [003] d...   249.039617: sched_switch: prev_comm=brcmf_wdog/mmc1 prev_pid=253 prev_prio=120 prev_state=S ==> next_comm=swapper/3 next_pid=0 next_prio=120
          <idle>-0     [000] d.h.   249.040669: irq_handler_entry: irq=56 name=dwc_otg
          <idle>-0     [000] d.h.   249.040672: __handle_irq_event_percpu+0x70/0x26c: [+] irq: [56] handler: dwc_otg_common_irq+0x0/0x28 caller: (handle_irq_event_percpu) 
          <idle>-0     [000] d.h.   249.040675: irq_handler_exit: irq=56 ret=unhandled
          <idle>-0     [000] d.h.   249.040676: irq_handler_entry: irq=56 name=dwc_otg_pcd
          <idle>-0     [000] d.h.   249.040679: __handle_irq_event_percpu+0x70/0x26c: [+] irq: [56] handler: dwc_otg_pcd_irq+0x0/0x28 caller: (handle_irq_event_percpu) 
          <idle>-0     [000] d.h.   249.040681: irq_handler_exit: irq=56 ret=unhandled
          <idle>-0     [000] d.h.   249.040683: irq_handler_entry: irq=56 name=dwc_otg_hcd:usb1
          <idle>-0     [000] d.h.   249.040686: __handle_irq_event_percpu+0x70/0x26c: [+] irq: [56] handler: usb_hcd_irq+0x0/0x48 caller: (handle_irq_event_percpu) 
          <idle>-0     [000] d.h.   249.040692: irq_handler_exit: irq=56 ret=handled
          <idle>-0     [000] d.h.   249.040795: irq_handler_entry: irq=56 name=dwc_otg
          <idle>-0     [000] d.h.   249.040799: __handle_irq_event_percpu+0x70/0x26c: [+] irq: [56] handler: dwc_otg_common_irq+0x0/0x28 caller: (handle_irq_event_percpu) 
          <idle>-0     [000] d.h.   249.040802: irq_handler_exit: irq=56 ret=unhandled
          <idle>-0     [000] d.h.   249.040803: irq_handler_entry: irq=56 name=dwc_otg_pcd
          <idle>-0     [000] d.h.   249.040806: __handle_irq_event_percpu+0x70/0x26c: [+] irq: [56] handler: dwc_otg_pcd_irq+0x0/0x28 caller: (handle_irq_event_percpu) 
          <idle>-0     [000] d.h.   249.040808: irq_handler_exit: irq=56 ret=unhandled
          <idle>-0     [000] d.h.   249.040810: irq_handler_entry: irq=56 name=dwc_otg_hcd:usb1
          <idle>-0     [000] d.h.   249.040813: __handle_irq_event_percpu+0x70/0x26c: [+] irq: [56] handler: usb_hcd_irq+0x0/0x48 caller: (handle_irq_event_percpu) 
          <idle>-0     [000] d.h.   249.040818: irq_handler_exit: irq=56 ret=handled
          <idle>-0     [000] d.h.   249.044151: irq_handler_entry: irq=86 name=mmc1
          <idle>-0     [000] d.h.   249.044155: __handle_irq_event_percpu+0x70/0x26c: [+] irq: [86] handler: bcm2835_mmc_irq+0x0/0x6ec caller: (handle_irq_event_percpu) 
          <idle>-0     [000] d.h.   249.044161: irq_handler_exit: irq=86 ret=handled
          <idle>-0     [002] dnh.   249.044173: sched_wakeup: comm=irq/86-mmc1 pid=81 prio=49 target_cpu=002
          <idle>-0     [002] d...   249.044189: sched_switch: prev_comm=swapper/2 prev_pid=0 prev_prio=120 prev_state=R ==> next_comm=irq/86-mmc1 next_pid=81 next_prio=49
          <idle>-0     [000] d.h.   249.044262: irq_handler_entry: irq=86 name=mmc1
          <idle>-0     [000] d.h.   249.044265: __handle_irq_event_percpu+0x70/0x26c: [+] irq: [86] handler: bcm2835_mmc_irq+0x0/0x6ec caller: (handle_irq_event_percpu) 
     irq/86-mmc1-81    [002] d...   249.044268: sched_switch: prev_comm=irq/86-mmc1 prev_pid=81 prev_prio=49 prev_state=D ==> next_comm=swapper/2 next_pid=0 next_prio=120
          <idle>-0     [000] d.h.   249.044269: irq_handler_exit: irq=86 ret=handled
          <idle>-0     [002] dnh.   249.044282: sched_wakeup: comm=irq/86-mmc1 pid=81 prio=49 target_cpu=002
          <idle>-0     [002] d...   249.044289: sched_switch: prev_comm=swapper/2 prev_pid=0 prev_prio=120 prev_state=R ==> next_comm=irq/86-mmc1 next_pid=81 next_prio=49
          <idle>-0     [000] d.h.   249.044314: irq_handler_entry: irq=86 name=mmc1
          <idle>-0     [000] d.h.   249.044317: __handle_irq_event_percpu+0x70/0x26c: [+] irq: [86] handler: bcm2835_mmc_irq+0x0/0x6ec caller: (handle_irq_event_percpu) 
     irq/86-mmc1-81    [002] d...   249.044317: sched_switch: prev_comm=irq/86-mmc1 prev_pid=81 prev_prio=49 prev_state=D ==> next_comm=swapper/2 next_pid=0 next_prio=120
          <idle>-0     [000] d.h.   249.044324: irq_handler_exit: irq=86 ret=handled
          <idle>-0     [002] dnh.   249.044336: sched_wakeup: comm=irq/86-mmc1 pid=81 prio=49 target_cpu=002
          <idle>-0     [002] d...   249.044342: sched_switch: prev_comm=swapper/2 prev_pid=0 prev_prio=120 prev_state=R ==> next_comm=irq/86-mmc1 next_pid=81 next_prio=49
          <idle>-0     [000] d.h.   249.044364: irq_handler_entry: irq=86 name=mmc1
     irq/86-mmc1-81    [002] d...   249.044366: sched_switch: prev_comm=irq/86-mmc1 prev_pid=81 prev_prio=49 prev_state=D ==> next_comm=swapper/2 next_pid=0 next_prio=120
          <idle>-0     [000] d.h.   249.044367: __handle_irq_event_percpu+0x70/0x26c: [+] irq: [86] handler: bcm2835_mmc_irq+0x0/0x6ec caller: (handle_irq_event_percpu) 
          <idle>-0     [000] d.h.   249.044372: irq_handler_exit: irq=86 ret=handled
          <idle>-0     [000] d.h.   249.044375: irq_handler_entry: irq=86 name=mmc1
          <idle>-0     [000] d.h.   249.044378: __handle_irq_event_percpu+0x70/0x26c: [+] irq: [86] handler: bcm2835_mmc_irq+0x0/0x6ec caller: (handle_irq_event_percpu) 
          <idle>-0     [000] d.h.   249.044382: irq_handler_exit: irq=86 ret=handled
          <idle>-0     [002] dnh.   249.044393: sched_wakeup: comm=irq/86-mmc1 pid=81 prio=49 target_cpu=002
          <idle>-0     [002] d...   249.044400: sched_switch: prev_comm=swapper/2 prev_pid=0 prev_prio=120 prev_state=R ==> next_comm=irq/86-mmc1 next_pid=81 next_prio=49
     irq/86-mmc1-81    [002] d...   249.044414: sched_wakeup: comm=kworker/u8:1 pid=44 prio=120 target_cpu=002
     irq/86-mmc1-81    [002] d...   249.044430: sched_switch: prev_comm=irq/86-mmc1 prev_pid=81 prev_prio=49 prev_state=S ==> next_comm=kworker/u8:1 next_pid=44 next_prio=120
          <idle>-0     [000] d.h.   249.044452: irq_handler_entry: irq=86 name=mmc1
          <idle>-0     [000] d.h.   249.044455: __handle_irq_event_percpu+0x70/0x26c: [+] irq: [86] handler: bcm2835_mmc_irq+0x0/0x6ec caller: (handle_irq_event_percpu) 
          <idle>-0     [000] d.h.   249.044459: irq_handler_exit: irq=86 ret=handled
          <idle>-0     [000] d.H.   249.044464: irq_handler_entry: irq=162 name=arch_timer
    kworker/u8:1-44    [002] d...   249.044464: sched_switch: prev_comm=kworker/u8:1 prev_pid=44 prev_prio=120 prev_state=D ==> next_comm=swapper/2 next_pid=0 next_prio=120
          <idle>-0     [000] dnH.   249.044479: sched_wakeup: comm=lxpanel pid=1030 prio=120 target_cpu=000
          <idle>-0     [000] dnH.   249.044483: irq_handler_exit: irq=162 ret=handled
          <idle>-0     [002] dnh.   249.044496: sched_wakeup: comm=kworker/u8:1 pid=44 prio=120 target_cpu=002
          <idle>-0     [002] d...   249.044503: sched_switch: prev_comm=swapper/2 prev_pid=0 prev_prio=120 prev_state=R ==> next_comm=kworker/u8:1 next_pid=44 next_prio=120
          <idle>-0     [000] d...   249.044506: sched_switch: prev_comm=swapper/0 prev_pid=0 prev_prio=120 prev_state=R ==> next_comm=lxpanel next_pid=1030 next_prio=120
    kworker/u8:1-44    [002] d...   249.044515: sched_switch: prev_comm=kworker/u8:1 prev_pid=44 prev_prio=120 prev_state=D ==> next_comm=swapper/2 next_pid=0 next_prio=120
         lxpanel-1030  [000] d...   249.044623: sched_switch: prev_comm=lxpanel prev_pid=1030 prev_prio=120 prev_state=S ==> next_comm=swapper/0 next_pid=0 next_prio=120
          <idle>-0     [002] d.h.   249.047510: irq_handler_entry: irq=162 name=arch_timer
          <idle>-0     [002] dnh.   249.047519: sched_wakeup: comm=kworker/u8:1 pid=44 prio=120 target_cpu=002
          <idle>-0     [002] dnh.   249.047523: irq_handler_exit: irq=162 ret=handled
          <idle>-0     [002] d...   249.047529: sched_switch: prev_comm=swapper/2 prev_pid=0 prev_prio=120 prev_state=R ==> next_comm=kworker/u8:1 next_pid=44 next_prio=120
    kworker/u8:1-44    [002] d...   249.047544: sched_switch: prev_comm=kworker/u8:1 prev_pid=44 prev_prio=120 prev_state=D ==> next_comm=swapper/2 next_pid=0 next_prio=120
          <idle>-0     [000] d.h.   249.047544: irq_handler_entry: irq=86 name=mmc1
          <idle>-0     [000] d.h.   249.047548: __handle_irq_event_percpu+0x70/0x26c: [+] irq: [86] handler: bcm2835_mmc_irq+0x0/0x6ec caller: (handle_irq_event_percpu) 
          <idle>-0     [000] d.h.   249.047553: irq_handler_exit: irq=86 ret=handled
          <idle>-0     [002] dnh.   249.047568: sched_wakeup: comm=kworker/u8:1 pid=44 prio=120 target_cpu=002
          <idle>-0     [002] d...   249.047575: sched_switch: prev_comm=swapper/2 prev_pid=0 prev_prio=120 prev_state=R ==> next_comm=kworker/u8:1 next_pid=44 next_prio=120
          <idle>-0     [000] d.h.   249.047611: irq_handler_entry: irq=86 name=mmc1
    kworker/u8:1-44    [002] d...   249.047612: sched_switch: prev_comm=kworker/u8:1 prev_pid=44 prev_prio=120 prev_state=D ==> next_comm=swapper/2 next_pid=0 next_prio=120
          <idle>-0     [000] d.h.   249.047614: __handle_irq_event_percpu+0x70/0x26c: [+] irq: [86] handler: bcm2835_mmc_irq+0x0/0x6ec caller: (handle_irq_event_percpu) 
          <idle>-0     [000] d.h.   249.047625: irq_handler_exit: irq=86 ret=handled
          <idle>-0     [002] dnh.   249.047638: sched_wakeup: comm=kworker/u8:1 pid=44 prio=120 target_cpu=002
          <idle>-0     [002] d...   249.047644: sched_switch: prev_comm=swapper/2 prev_pid=0 prev_prio=120 prev_state=R ==> next_comm=kworker/u8:1 next_pid=44 next_prio=120
          <idle>-0     [000] d.h.   249.047675: irq_handler_entry: irq=86 name=mmc1
    kworker/u8:1-44    [002] d...   249.047676: sched_switch: prev_comm=kworker/u8:1 prev_pid=44 prev_prio=120 prev_state=D ==> next_comm=swapper/2 next_pid=0 next_prio=120
          <idle>-0     [000] d.h.   249.047678: __handle_irq_event_percpu+0x70/0x26c: [+] irq: [86] handler: bcm2835_mmc_irq+0x0/0x6ec caller: (handle_irq_event_percpu) 
          <idle>-0     [000] d.h.   249.047687: irq_handler_exit: irq=86 ret=handled
          <idle>-0     [002] dnh.   249.047699: sched_wakeup: comm=kworker/u8:1 pid=44 prio=120 target_cpu=002
          <idle>-0     [002] d...   249.047705: sched_switch: prev_comm=swapper/2 prev_pid=0 prev_prio=120 prev_state=R ==> next_comm=kworker/u8:1 next_pid=44 next_prio=120
          <idle>-0     [003] dnh.   249.047774: sched_wakeup: comm=sshd pid=1213 prio=120 target_cpu=003
          <idle>-0     [003] d...   249.047782: sched_switch: prev_comm=swapper/3 prev_pid=0 prev_prio=120 prev_state=R ==> next_comm=sshd next_pid=1213 next_prio=120
          <idle>-0     [000] d.h.   249.047793: irq_handler_entry: irq=86 name=mmc1
    kworker/u8:1-44    [002] d...   249.047796: sched_switch: prev_comm=kworker/u8:1 prev_pid=44 prev_prio=120 prev_state=D ==> next_comm=swapper/2 next_pid=0 next_prio=120
          <idle>-0     [000] d.h.   249.047796: __handle_irq_event_percpu+0x70/0x26c: [+] irq: [86] handler: bcm2835_mmc_irq+0x0/0x6ec caller: (handle_irq_event_percpu) 
          <idle>-0     [000] d.h.   249.047807: irq_handler_exit: irq=86 ret=handled
          <idle>-0     [002] dnh.   249.047820: sched_wakeup: comm=kworker/u8:1 pid=44 prio=120 target_cpu=002
          <idle>-0     [002] d...   249.047827: sched_switch: prev_comm=swapper/2 prev_pid=0 prev_prio=120 prev_state=R ==> next_comm=kworker/u8:1 next_pid=44 next_prio=120
    kworker/u8:1-44    [002] d...   249.047844: sched_switch: prev_comm=kworker/u8:1 prev_pid=44 prev_prio=120 prev_state=I ==> next_comm=swapper/2 next_pid=0 next_prio=120
          <idle>-0     [002] dnh.   249.047950: sched_wakeup: comm=kworker/u8:1 pid=44 prio=120 target_cpu=002
          <idle>-0     [002] d...   249.047957: sched_switch: prev_comm=swapper/2 prev_pid=0 prev_prio=120 prev_state=R ==> next_comm=kworker/u8:1 next_pid=44 next_prio=120
    kworker/u8:1-44    [002] d...   249.047978: sched_switch: prev_comm=kworker/u8:1 prev_pid=44 prev_prio=120 prev_state=I ==> next_comm=swapper/2 next_pid=0 next_prio=120
          <idle>-0     [001] dnh.   249.047980: sched_wakeup: comm=bash pid=1260 prio=120 target_cpu=001
            sshd-1213  [003] d...   249.047984: sched_switch: prev_comm=sshd prev_pid=1213 prev_prio=120 prev_state=S ==> next_comm=swapper/3 next_pid=0 next_prio=120
          <idle>-0     [001] d...   249.047994: sched_switch: prev_comm=swapper/1 prev_pid=0 prev_prio=120 prev_state=R ==> next_comm=bash next_pid=1260 next_prio=120
          <idle>-0     [002] dnh.   249.048068: sched_wakeup: comm=kworker/u8:1 pid=44 prio=120 target_cpu=002
          <idle>-0     [002] d...   249.048075: sched_switch: prev_comm=swapper/2 prev_pid=0 prev_prio=120 prev_state=R ==> next_comm=kworker/u8:1 next_pid=44 next_prio=120
            bash-1260  [001] d...   249.048086: sched_switch: prev_comm=bash prev_pid=1260 prev_prio=120 prev_state=S ==> next_comm=swapper/1 next_pid=0 next_prio=120
    kworker/u8:1-44    [002] d...   249.048089: sched_switch: prev_comm=kworker/u8:1 prev_pid=44 prev_prio=120 prev_state=I ==> next_comm=swapper/2 next_pid=0 next_prio=120
          <idle>-0     [003] dnh.   249.048090: sched_wakeup: comm=sshd pid=1213 prio=120 target_cpu=003
          <idle>-0     [003] d...   249.048098: sched_switch: prev_comm=swapper/3 prev_pid=0 prev_prio=120 prev_state=R ==> next_comm=sshd next_pid=1213 next_prio=120
          <idle>-0     [002] dnh.   249.048252: sched_wakeup: comm=kworker/u8:1 pid=44 prio=120 target_cpu=002
          <idle>-0     [002] d...   249.048259: sched_switch: prev_comm=swapper/2 prev_pid=0 prev_prio=120 prev_state=R ==> next_comm=kworker/u8:1 next_pid=44 next_prio=120
            sshd-1213  [003] d...   249.048285: sched_switch: prev_comm=sshd prev_pid=1213 prev_prio=120 prev_state=S ==> next_comm=swapper/3 next_pid=0 next_prio=120
          <idle>-0     [000] d.h.   249.048295: irq_handler_entry: irq=86 name=mmc1
    kworker/u8:1-44    [002] d...   249.048296: sched_switch: prev_comm=kworker/u8:1 prev_pid=44 prev_prio=120 prev_state=D ==> next_comm=swapper/2 next_pid=0 next_prio=120
          <idle>-0     [000] d.h.   249.048298: __handle_irq_event_percpu+0x70/0x26c: [+] irq: [86] handler: bcm2835_mmc_irq+0x0/0x6ec caller: (handle_irq_event_percpu) 
          <idle>-0     [000] d.h.   249.048306: irq_handler_exit: irq=86 ret=handled
          <idle>-0     [000] d.h.   249.048317: irq_handler_entry: irq=86 name=mmc1
          <idle>-0     [000] d.h.   249.048320: __handle_irq_event_percpu+0x70/0x26c: [+] irq: [86] handler: bcm2835_mmc_irq+0x0/0x6ec caller: (handle_irq_event_percpu) 
          <idle>-0     [000] d.h.   249.048324: irq_handler_exit: irq=86 ret=handled
          <idle>-0     [002] dnh.   249.048336: sched_wakeup: comm=kworker/u8:1 pid=44 prio=120 target_cpu=002
          <idle>-0     [002] d...   249.048343: sched_switch: prev_comm=swapper/2 prev_pid=0 prev_prio=120 prev_state=R ==> next_comm=kworker/u8:1 next_pid=44 next_prio=120
    kworker/u8:1-44    [002] d...   249.048363: sched_switch: prev_comm=kworker/u8:1 prev_pid=44 prev_prio=120 prev_state=I ==> next_comm=swapper/2 next_pid=0 next_prio=120
          <idle>-0     [000] d.h.   249.048669: irq_handler_entry: irq=56 name=dwc_otg
          <idle>-0     [000] d.h.   249.048673: __handle_irq_event_percpu+0x70/0x26c: [+] irq: [56] handler: dwc_otg_common_irq+0x0/0x28 caller: (handle_irq_event_percpu) 
          <idle>-0     [000] d.h.   249.048677: irq_handler_exit: irq=56 ret=unhandled
          <idle>-0     [000] d.h.   249.048679: irq_handler_entry: irq=56 name=dwc_otg_pcd
          <idle>-0     [000] d.h.   249.048682: __handle_irq_event_percpu+0x70/0x26c: [+] irq: [56] handler: dwc_otg_pcd_irq+0x0/0x28 caller: (handle_irq_event_percpu) 
          <idle>-0     [000] d.h.   249.048684: irq_handler_exit: irq=56 ret=unhandled
          <idle>-0     [000] d.h.   249.048686: irq_handler_entry: irq=56 name=dwc_otg_hcd:usb1
          <idle>-0     [000] d.h.   249.048689: __handle_irq_event_percpu+0x70/0x26c: [+] irq: [56] handler: usb_hcd_irq+0x0/0x48 caller: (handle_irq_event_percpu) 
          <idle>-0     [000] d.h.   249.048699: irq_handler_exit: irq=56 ret=handled
          <idle>-0     [000] d.h.   249.048796: irq_handler_entry: irq=56 name=dwc_otg
          <idle>-0     [000] d.h.   249.048800: __handle_irq_event_percpu+0x70/0x26c: [+] irq: [56] handler: dwc_otg_common_irq+0x0/0x28 caller: (handle_irq_event_percpu) 
          <idle>-0     [000] d.h.   249.048803: irq_handler_exit: irq=56 ret=unhandled
          <idle>-0     [000] d.h.   249.048805: irq_handler_entry: irq=56 name=dwc_otg_pcd
          <idle>-0     [000] d.h.   249.048808: __handle_irq_event_percpu+0x70/0x26c: [+] irq: [56] handler: dwc_otg_pcd_irq+0x0/0x28 caller: (handle_irq_event_percpu) 
          <idle>-0     [000] d.h.   249.048810: irq_handler_exit: irq=56 ret=unhandled
          <idle>-0     [000] d.h.   249.048811: irq_handler_entry: irq=56 name=dwc_otg_hcd:usb1
          <idle>-0     [000] d.h.   249.048814: __handle_irq_event_percpu+0x70/0x26c: [+] irq: [56] handler: usb_hcd_irq+0x0/0x48 caller: (handle_irq_event_percpu) 
          <idle>-0     [000] d.h.   249.048822: irq_handler_exit: irq=56 ret=handled
          <idle>-0     [000] d.h.   249.049376: irq_handler_entry: irq=162 name=arch_timer
          <idle>-0     [002] d.h.   249.049376: irq_handler_entry: irq=162 name=arch_timer
          <idle>-0     [003] d.h.   249.049377: irq_handler_entry: irq=162 name=arch_timer
          <idle>-0     [000] d.h.   249.049389: irq_handler_exit: irq=162 ret=handled
          <idle>-0     [002] dnh.   249.049393: sched_wakeup: comm=in:imklog pid=422 prio=120 target_cpu=002
          <idle>-0     [003] d.h.   249.049395: irq_handler_exit: irq=162 ret=handled
          <idle>-0     [003] dns.   249.049406: sched_wakeup: comm=rcu_sched pid=10 prio=120 target_cpu=003
          <idle>-0     [002] dnh.   249.049408: irq_handler_exit: irq=162 ret=handled
          <idle>-0     [003] dnH.   249.049416: sched_wakeup: comm=systemd-journal pid=123 prio=120 target_cpu=003
          <idle>-0     [002] d...   249.049426: sched_switch: prev_comm=swapper/2 prev_pid=0 prev_prio=120 prev_state=R ==> next_comm=in:imklog next_pid=422 next_prio=120
          <idle>-0     [003] d...   249.049442: sched_switch: prev_comm=swapper/3 prev_pid=0 prev_prio=120 prev_state=R ==> next_comm=rcu_sched next_pid=10 next_prio=120
       rcu_sched-10    [003] d...   249.049469: sched_switch: prev_comm=rcu_sched prev_pid=10 prev_prio=120 prev_state=I ==> next_comm=systemd-journal next_pid=123 next_prio=120
       in:imklog-422   [002] d...   249.049580: sched_wakeup: comm=rs:main Q:Reg pid=424 prio=120 target_cpu=002
       in:imklog-422   [002] d...   249.049706: sched_switch: prev_comm=in:imklog prev_pid=422 prev_prio=120 prev_state=S ==> next_comm=rs:main Q:Reg next_pid=424 next_prio=120
   rs:main Q:Reg-424   [002] d...   249.050066: sched_switch: prev_comm=rs:main Q:Reg prev_pid=424 prev_prio=120 prev_state=S ==> next_comm=swapper/2 next_pid=0 next_prio=120
          <idle>-0     [000] d.h.   249.052068: irq_handler_entry: irq=86 name=mmc1
          <idle>-0     [000] d.h.   249.052074: __handle_irq_event_percpu+0x70/0x26c: [+] irq: [86] handler: bcm2835_mmc_irq+0x0/0x6ec caller: (handle_irq_event_percpu) 
          <idle>-0     [000] d.h.   249.052081: irq_handler_exit: irq=86 ret=handled
          <idle>-0     [002] dnh.   249.052097: sched_wakeup: comm=irq/86-mmc1 pid=81 prio=49 target_cpu=002
          <idle>-0     [002] d...   249.052109: sched_switch: prev_comm=swapper/2 prev_pid=0 prev_prio=120 prev_state=R ==> next_comm=irq/86-mmc1 next_pid=81 next_prio=49
          <idle>-0     [000] d.h.   249.052189: irq_handler_entry: irq=86 name=mmc1
          <idle>-0     [000] d.h.   249.052192: __handle_irq_event_percpu+0x70/0x26c: [+] irq: [86] handler: bcm2835_mmc_irq+0x0/0x6ec caller: (handle_irq_event_percpu) 
          <idle>-0     [000] d.h.   249.052198: irq_handler_exit: irq=86 ret=handled
     irq/86-mmc1-81    [002] d...   249.052222: sched_switch: prev_comm=irq/86-mmc1 prev_pid=81 prev_prio=49 prev_state=D ==> next_comm=swapper/2 next_pid=0 next_prio=120
          <idle>-0     [002] dnh.   249.052233: sched_wakeup: comm=irq/86-mmc1 pid=81 prio=49 target_cpu=002
          <idle>-0     [002] d...   249.052238: sched_switch: prev_comm=swapper/2 prev_pid=0 prev_prio=120 prev_state=R ==> next_comm=irq/86-mmc1 next_pid=81 next_prio=49
          <idle>-0     [000] d.h.   249.052264: irq_handler_entry: irq=86 name=mmc1
     irq/86-mmc1-81    [002] d...   249.052267: sched_switch: prev_comm=irq/86-mmc1 prev_pid=81 prev_prio=49 prev_state=D ==> next_comm=swapper/2 next_pid=0 next_prio=120
          <idle>-0     [000] d.h.   249.052267: __handle_irq_event_percpu+0x70/0x26c: [+] irq: [86] handler: bcm2835_mmc_irq+0x0/0x6ec caller: (handle_irq_event_percpu) 
          <idle>-0     [000] d.h.   249.052276: irq_handler_exit: irq=86 ret=handled
          <idle>-0     [002] dnh.   249.052288: sched_wakeup: comm=irq/86-mmc1 pid=81 prio=49 target_cpu=002
          <idle>-0     [002] d...   249.052295: sched_switch: prev_comm=swapper/2 prev_pid=0 prev_prio=120 prev_state=R ==> next_comm=irq/86-mmc1 next_pid=81 next_prio=49
          <idle>-0     [000] d.h.   249.052317: irq_handler_entry: irq=86 name=mmc1
     irq/86-mmc1-81    [002] d...   249.052318: sched_switch: prev_comm=irq/86-mmc1 prev_pid=81 prev_prio=49 prev_state=D ==> next_comm=swapper/2 next_pid=0 next_prio=120
          <idle>-0     [000] d.h.   249.052320: __handle_irq_event_percpu+0x70/0x26c: [+] irq: [86] handler: bcm2835_mmc_irq+0x0/0x6ec caller: (handle_irq_event_percpu) 
          <idle>-0     [000] d.h.   249.052325: irq_handler_exit: irq=86 ret=handled
          <idle>-0     [000] d.h.   249.052329: irq_handler_entry: irq=86 name=mmc1
          <idle>-0     [000] d.h.   249.052332: __handle_irq_event_percpu+0x70/0x26c: [+] irq: [86] handler: bcm2835_mmc_irq+0x0/0x6ec caller: (handle_irq_event_percpu) 
          <idle>-0     [000] d.h.   249.052335: irq_handler_exit: irq=86 ret=handled
          <idle>-0     [002] dnh.   249.052347: sched_wakeup: comm=irq/86-mmc1 pid=81 prio=49 target_cpu=002
          <idle>-0     [002] d...   249.052353: sched_switch: prev_comm=swapper/2 prev_pid=0 prev_prio=120 prev_state=R ==> next_comm=irq/86-mmc1 next_pid=81 next_prio=49
     irq/86-mmc1-81    [002] d...   249.052367: sched_wakeup: comm=kworker/u8:1 pid=44 prio=120 target_cpu=002
     irq/86-mmc1-81    [002] d...   249.052384: sched_switch: prev_comm=irq/86-mmc1 prev_pid=81 prev_prio=49 prev_state=S ==> next_comm=kworker/u8:1 next_pid=44 next_prio=120
          <idle>-0     [000] d.h.   249.052426: irq_handler_entry: irq=86 name=mmc1
          <idle>-0     [000] d.h.   249.052429: __handle_irq_event_percpu+0x70/0x26c: [+] irq: [86] handler: bcm2835_mmc_irq+0x0/0x6ec caller: (handle_irq_event_percpu) 
    kworker/u8:1-44    [002] d...   249.052429: sched_switch: prev_comm=kworker/u8:1 prev_pid=44 prev_prio=120 prev_state=D ==> next_comm=swapper/2 next_pid=0 next_prio=120
          <idle>-0     [000] d.h.   249.052438: irq_handler_exit: irq=86 ret=handled
          <idle>-0     [002] dnh.   249.052451: sched_wakeup: comm=kworker/u8:1 pid=44 prio=120 target_cpu=002
          <idle>-0     [002] d...   249.052458: sched_switch: prev_comm=swapper/2 prev_pid=0 prev_prio=120 prev_state=R ==> next_comm=kworker/u8:1 next_pid=44 next_prio=120
          <idle>-0     [000] d.h.   249.052487: irq_handler_entry: irq=86 name=mmc1
    kworker/u8:1-44    [002] d...   249.052488: sched_switch: prev_comm=kworker/u8:1 prev_pid=44 prev_prio=120 prev_state=D ==> next_comm=swapper/2 next_pid=0 next_prio=120
          <idle>-0     [000] d.h.   249.052490: __handle_irq_event_percpu+0x70/0x26c: [+] irq: [86] handler: bcm2835_mmc_irq+0x0/0x6ec caller: (handle_irq_event_percpu) 
          <idle>-0     [000] d.h.   249.052497: irq_handler_exit: irq=86 ret=handled
          <idle>-0     [002] dnh.   249.052510: sched_wakeup: comm=kworker/u8:1 pid=44 prio=120 target_cpu=002
          <idle>-0     [002] d...   249.052516: sched_switch: prev_comm=swapper/2 prev_pid=0 prev_prio=120 prev_state=R ==> next_comm=kworker/u8:1 next_pid=44 next_prio=120
          <idle>-0     [000] d.h.   249.052615: irq_handler_entry: irq=86 name=mmc1
          <idle>-0     [000] d.h.   249.052618: __handle_irq_event_percpu+0x70/0x26c: [+] irq: [86] handler: bcm2835_mmc_irq+0x0/0x6ec caller: (handle_irq_event_percpu) 
    kworker/u8:1-44    [002] d...   249.052619: sched_switch: prev_comm=kworker/u8:1 prev_pid=44 prev_prio=120 prev_state=D ==> next_comm=swapper/2 next_pid=0 next_prio=120
          <idle>-0     [000] d.h.   249.052627: irq_handler_exit: irq=86 ret=handled
          <idle>-0     [002] dnh.   249.052640: sched_wakeup: comm=kworker/u8:1 pid=44 prio=120 target_cpu=002
          <idle>-0     [002] d...   249.052647: sched_switch: prev_comm=swapper/2 prev_pid=0 prev_prio=120 prev_state=R ==> next_comm=kworker/u8:1 next_pid=44 next_prio=120
    kworker/u8:1-44    [002] d...   249.052663: sched_switch: prev_comm=kworker/u8:1 prev_pid=44 prev_prio=120 prev_state=I ==> next_comm=swapper/2 next_pid=0 next_prio=120
 systemd-journal-123   [003] d...   249.054930: sched_switch: prev_comm=systemd-journal prev_pid=123 prev_prio=120 prev_state=S ==> next_comm=swapper/3 next_pid=0 next_prio=120
          <idle>-0     [000] d.h.   249.056669: irq_handler_entry: irq=56 name=dwc_otg
          <idle>-0     [000] d.h.   249.056672: __handle_irq_event_percpu+0x70/0x26c: [+] irq: [56] handler: dwc_otg_common_irq+0x0/0x28 caller: (handle_irq_event_percpu) 
          <idle>-0     [000] d.h.   249.056677: irq_handler_exit: irq=56 ret=unhandled
