          <idle>-0     [000] d.h.   252.230252: __handle_irq_event_percpu: [+] irq: [56] handler: dwc_otg_pcd_irq+0x0/0x28 caller: (handle_irq_event_percpu) 
          <idle>-0     [000] d.h.   252.230255: __handle_irq_event_percpu: [+] irq: [56] handler: usb_hcd_irq+0x0/0x48 caller: (handle_irq_event_percpu) 
          <idle>-0     [000] d.h.   252.238121: __handle_irq_event_percpu: [+] irq: [56] handler: dwc_otg_common_irq+0x0/0x28 caller: (handle_irq_event_percpu) 
          <idle>-0     [000] d.h.   252.238126: __handle_irq_event_percpu: [+] irq: [56] handler: dwc_otg_pcd_irq+0x0/0x28 caller: (handle_irq_event_percpu) 
          <idle>-0     [000] d.h.   252.238129: __handle_irq_event_percpu: [+] irq: [56] handler: usb_hcd_irq+0x0/0x48 caller: (handle_irq_event_percpu) 
          <idle>-0     [000] d.h.   252.238247: __handle_irq_event_percpu: [+] irq: [56] handler: dwc_otg_common_irq+0x0/0x28 caller: (handle_irq_event_percpu) 
          <idle>-0     [000] d.h.   252.238252: __handle_irq_event_percpu: [+] irq: [56] handler: dwc_otg_pcd_irq+0x0/0x28 caller: (handle_irq_event_percpu) 
          <idle>-0     [000] d.h.   252.238255: __handle_irq_event_percpu: [+] irq: [56] handler: usb_hcd_irq+0x0/0x48 caller: (handle_irq_event_percpu) 
          <idle>-0     [000] d.h.   252.240120: __handle_irq_event_percpu: [+] irq: [56] handler: dwc_otg_common_irq+0x0/0x28 caller: (handle_irq_event_percpu) 
          <idle>-0     [000] d.h.   252.240124: __handle_irq_event_percpu: [+] irq: [56] handler: dwc_otg_pcd_irq+0x0/0x28 caller: (handle_irq_event_percpu) 
          <idle>-0     [000] d.h.   252.240128: __handle_irq_event_percpu: [+] irq: [56] handler: usb_hcd_irq+0x0/0x48 caller: (handle_irq_event_percpu) 
          <idle>-0     [000] d.h.   252.240247: __handle_irq_event_percpu: [+] irq: [56] handler: dwc_otg_common_irq+0x0/0x28 caller: (handle_irq_event_percpu) 
          <idle>-0     [000] d.h.   252.240251: __handle_irq_event_percpu: [+] irq: [56] handler: dwc_otg_pcd_irq+0x0/0x28 caller: (handle_irq_event_percpu) 
          <idle>-0     [000] d.h.   252.240254: __handle_irq_event_percpu: [+] irq: [56] handler: usb_hcd_irq+0x0/0x48 caller: (handle_irq_event_percpu) 
          <idle>-0     [000] d.h.   252.246123: __handle_irq_event_percpu: [+] irq: [56] handler: dwc_otg_common_irq+0x0/0x28 caller: (handle_irq_event_percpu) 
          <idle>-0     [000] d.h.   252.246128: __handle_irq_event_percpu: [+] irq: [56] handler: dwc_otg_pcd_irq+0x0/0x28 caller: (handle_irq_event_percpu) 
          <idle>-0     [000] d.h.   252.246131: __handle_irq_event_percpu: [+] irq: [56] handler: usb_hcd_irq+0x0/0x48 caller: (handle_irq_event_percpu) 
          <idle>-0     [000] d.h.   252.246247: __handle_irq_event_percpu: [+] irq: [56] handler: dwc_otg_common_irq+0x0/0x28 caller: (handle_irq_event_percpu) 
          <idle>-0     [000] d.h.   252.246252: __handle_irq_event_percpu: [+] irq: [56] handler: dwc_otg_pcd_irq+0x0/0x28 caller: (handle_irq_event_percpu) 
          <idle>-0     [000] d.h.   252.246255: __handle_irq_event_percpu: [+] irq: [56] handler: usb_hcd_irq+0x0/0x48 caller: (handle_irq_event_percpu) 
          <idle>-0     [000] d.h.   252.254120: __handle_irq_event_percpu: [+] irq: [56] handler: dwc_otg_common_irq+0x0/0x28 caller: (handle_irq_event_percpu) 
          <idle>-0     [000] d.h.   252.254124: __handle_irq_event_percpu: [+] irq: [56] handler: dwc_otg_pcd_irq+0x0/0x28 caller: (handle_irq_event_percpu) 
          <idle>-0     [000] d.h.   252.254128: __handle_irq_event_percpu: [+] irq: [56] handler: usb_hcd_irq+0x0/0x48 caller: (handle_irq_event_percpu) 
          <idle>-0     [000] d.h.   252.254247: __handle_irq_event_percpu: [+] irq: [56] handler: dwc_otg_common_irq+0x0/0x28 caller: (handle_irq_event_percpu) 
          <idle>-0     [000] d.h.   252.254252: __handle_irq_event_percpu: [+] irq: [56] handler: dwc_otg_pcd_irq+0x0/0x28 caller: (handle_irq_event_percpu) 
          <idle>-0     [000] d.h.   252.254255: __handle_irq_event_percpu: [+] irq: [56] handler: usb_hcd_irq+0x0/0x48 caller: (handle_irq_event_percpu) 
          <idle>-0     [000] d.h.   252.262123: __handle_irq_event_percpu: [+] irq: [56] handler: dwc_otg_common_irq+0x0/0x28 caller: (handle_irq_event_percpu) 
          <idle>-0     [000] d.h.   252.262127: __handle_irq_event_percpu: [+] irq: [56] handler: dwc_otg_pcd_irq+0x0/0x28 caller: (handle_irq_event_percpu) 
          <idle>-0     [000] d.h.   252.262131: __handle_irq_event_percpu: [+] irq: [56] handler: usb_hcd_irq+0x0/0x48 caller: (handle_irq_event_percpu) 
          <idle>-0     [000] d.h.   252.262247: __handle_irq_event_percpu: [+] irq: [56] handler: dwc_otg_common_irq+0x0/0x28 caller: (handle_irq_event_percpu) 
          <idle>-0     [000] d.h.   252.262252: __handle_irq_event_percpu: [+] irq: [56] handler: dwc_otg_pcd_irq+0x0/0x28 caller: (handle_irq_event_percpu) 
          <idle>-0     [000] d.h.   252.262255: __handle_irq_event_percpu: [+] irq: [56] handler: usb_hcd_irq+0x0/0x48 caller: (handle_irq_event_percpu) 
          <idle>-0     [001] dnh.   252.264835: sched_wakeup: comm=mosquitto pid=467 prio=120 target_cpu=001
          <idle>-0     [001] dnh.   252.264843: workqueue_queue_work: work struct=8fb842c9 function=dbs_work_handler workqueue=47960adf req_cpu=1 cpu=1
          <idle>-0     [001] dnh.   252.264845: workqueue_activate_work: work struct 8fb842c9
          <idle>-0     [001] dnh.   252.264846: insert_work <-__queue_work
          <idle>-0     [001] dnh.   252.264876: <stack trace>
 => insert_work
 => __queue_work
 => queue_work_on
 => dbs_irq_work
 => irq_work_run_list
 => irq_work_run
 => handle_IPI
 => bcm2836_arm_irqchip_handle_irq
 => __irq_svc
 => arch_cpu_idle
 => arch_cpu_idle
 => default_idle_call
 => do_idle
 => cpu_startup_entry
 => secondary_start_kernel
 => 0x001026ec
          <idle>-0     [001] dnh.   252.264884: sched_wakeup: comm=kworker/1:0 pid=17 prio=120 target_cpu=001
          <idle>-0     [001] d...   252.264899: sched_switch: prev_comm=swapper/1 prev_pid=0 prev_prio=120 prev_state=R ==> next_comm=mosquitto next_pid=467 next_prio=120
       mosquitto-467   [001] d...   252.264924: sched_switch: prev_comm=mosquitto prev_pid=467 prev_prio=120 prev_state=S ==> next_comm=kworker/1:0 next_pid=17 next_prio=120
     kworker/1:0-17    [001] ....   252.264928: workqueue_execute_start: work struct 8fb842c9: function dbs_work_handler
     kworker/1:0-17    [001] ....   252.264936: workqueue_execute_end: work struct 8fb842c9
     kworker/1:0-17    [001] d...   252.264958: sched_switch: prev_comm=kworker/1:0 prev_pid=17 prev_prio=120 prev_state=I ==> next_comm=swapper/1 next_pid=0 next_prio=120
          <idle>-0     [000] d.h.   252.270120: __handle_irq_event_percpu: [+] irq: [56] handler: dwc_otg_common_irq+0x0/0x28 caller: (handle_irq_event_percpu) 
          <idle>-0     [000] d.h.   252.270125: __handle_irq_event_percpu: [+] irq: [56] handler: dwc_otg_pcd_irq+0x0/0x28 caller: (handle_irq_event_percpu) 
          <idle>-0     [000] d.h.   252.270128: __handle_irq_event_percpu: [+] irq: [56] handler: usb_hcd_irq+0x0/0x48 caller: (handle_irq_event_percpu) 
          <idle>-0     [000] d.h.   252.270247: __handle_irq_event_percpu: [+] irq: [56] handler: dwc_otg_common_irq+0x0/0x28 caller: (handle_irq_event_percpu) 
          <idle>-0     [000] d.h.   252.270251: __handle_irq_event_percpu: [+] irq: [56] handler: dwc_otg_pcd_irq+0x0/0x28 caller: (handle_irq_event_percpu) 
          <idle>-0     [000] d.h.   252.270255: __handle_irq_event_percpu: [+] irq: [56] handler: usb_hcd_irq+0x0/0x48 caller: (handle_irq_event_percpu) 
          <idle>-0     [000] d.h.   252.270784: __handle_irq_event_percpu: [+] irq: [86] handler: bcm2835_mmc_irq+0x0/0x6ec caller: (handle_irq_event_percpu) 
          <idle>-0     [003] dnh.   252.270807: sched_wakeup: comm=irq/86-mmc1 pid=81 prio=49 target_cpu=003
          <idle>-0     [003] d...   252.270822: sched_switch: prev_comm=swapper/3 prev_pid=0 prev_prio=120 prev_state=R ==> next_comm=irq/86-mmc1 next_pid=81 next_prio=49
          <idle>-0     [000] d.h.   252.270908: __handle_irq_event_percpu: [+] irq: [86] handler: bcm2835_mmc_irq+0x0/0x6ec caller: (handle_irq_event_percpu) 
     irq/86-mmc1-81    [003] d...   252.270924: sched_switch: prev_comm=irq/86-mmc1 prev_pid=81 prev_prio=49 prev_state=D ==> next_comm=swapper/3 next_pid=0 next_prio=120
          <idle>-0     [003] dnh.   252.270933: sched_wakeup: comm=irq/86-mmc1 pid=81 prio=49 target_cpu=003
          <idle>-0     [003] d...   252.270939: sched_switch: prev_comm=swapper/3 prev_pid=0 prev_prio=120 prev_state=R ==> next_comm=irq/86-mmc1 next_pid=81 next_prio=49
          <idle>-0     [000] d.h.   252.270969: __handle_irq_event_percpu: [+] irq: [86] handler: bcm2835_mmc_irq+0x0/0x6ec caller: (handle_irq_event_percpu) 
     irq/86-mmc1-81    [003] d...   252.270970: sched_switch: prev_comm=irq/86-mmc1 prev_pid=81 prev_prio=49 prev_state=D ==> next_comm=swapper/3 next_pid=0 next_prio=120
          <idle>-0     [003] dnh.   252.270990: sched_wakeup: comm=irq/86-mmc1 pid=81 prio=49 target_cpu=003
          <idle>-0     [003] d...   252.270997: sched_switch: prev_comm=swapper/3 prev_pid=0 prev_prio=120 prev_state=R ==> next_comm=irq/86-mmc1 next_pid=81 next_prio=49
     irq/86-mmc1-81    [003] d...   252.271020: sched_switch: prev_comm=irq/86-mmc1 prev_pid=81 prev_prio=49 prev_state=D ==> next_comm=swapper/3 next_pid=0 next_prio=120
          <idle>-0     [000] d.h.   252.271022: __handle_irq_event_percpu: [+] irq: [86] handler: bcm2835_mmc_irq+0x0/0x6ec caller: (handle_irq_event_percpu) 
          <idle>-0     [000] d.h.   252.271030: __handle_irq_event_percpu: [+] irq: [86] handler: bcm2835_mmc_irq+0x0/0x6ec caller: (handle_irq_event_percpu) 
          <idle>-0     [003] dnh.   252.271044: sched_wakeup: comm=irq/86-mmc1 pid=81 prio=49 target_cpu=003
          <idle>-0     [003] d...   252.271051: sched_switch: prev_comm=swapper/3 prev_pid=0 prev_prio=120 prev_state=R ==> next_comm=irq/86-mmc1 next_pid=81 next_prio=49
     irq/86-mmc1-81    [003] d...   252.271057: workqueue_queue_work: work struct=99ae5102 function=brcmf_sdio_dataworker [brcmfmac] workqueue=75fe9dc2 req_cpu=4 cpu=4294967295
     irq/86-mmc1-81    [003] d...   252.271058: workqueue_activate_work: work struct 99ae5102
     irq/86-mmc1-81    [003] d...   252.271060: insert_work <-__queue_work
     irq/86-mmc1-81    [003] d...   252.271094: <stack trace>
 => insert_work
 => __queue_work
 => queue_work_on
 => brcmf_sdio_isr
 => brcmf_sdiod_ib_irqhandler
 => process_sdio_pending_irqs
 => sdio_run_irqs
 => bcm2835_mmc_thread_irq
 => irq_thread_fn
 => irq_thread
 => kthread
 => ret_from_fork
 => 0
     irq/86-mmc1-81    [003] d...   252.271103: sched_wakeup: comm=kworker/u8:3 pid=464 prio=120 target_cpu=003
     irq/86-mmc1-81    [003] d...   252.271119: sched_switch: prev_comm=irq/86-mmc1 prev_pid=81 prev_prio=49 prev_state=S ==> next_comm=kworker/u8:3 next_pid=464 next_prio=120
    kworker/u8:3-464   [003] ....   252.271125: workqueue_execute_start: work struct 99ae5102: function brcmf_sdio_dataworker [brcmfmac]
          <idle>-0     [000] d.h.   252.271145: __handle_irq_event_percpu: [+] irq: [86] handler: bcm2835_mmc_irq+0x0/0x6ec caller: (handle_irq_event_percpu) 
    kworker/u8:3-464   [003] d...   252.271155: sched_switch: prev_comm=kworker/u8:3 prev_pid=464 prev_prio=120 prev_state=D ==> next_comm=swapper/3 next_pid=0 next_prio=120
          <idle>-0     [003] dnh.   252.271166: sched_wakeup: comm=kworker/u8:3 pid=464 prio=120 target_cpu=003
          <idle>-0     [003] d...   252.271173: sched_switch: prev_comm=swapper/3 prev_pid=0 prev_prio=120 prev_state=R ==> next_comm=kworker/u8:3 next_pid=464 next_prio=120
    kworker/u8:3-464   [003] d...   252.271185: sched_switch: prev_comm=kworker/u8:3 prev_pid=464 prev_prio=120 prev_state=D ==> next_comm=swapper/3 next_pid=0 next_prio=120
          <idle>-0     [003] dnh.   252.274187: sched_wakeup: comm=kworker/u8:3 pid=464 prio=120 target_cpu=003
          <idle>-0     [003] d...   252.274196: sched_switch: prev_comm=swapper/3 prev_pid=0 prev_prio=120 prev_state=R ==> next_comm=kworker/u8:3 next_pid=464 next_prio=120
    kworker/u8:3-464   [003] d...   252.274211: sched_switch: prev_comm=kworker/u8:3 prev_pid=464 prev_prio=120 prev_state=D ==> next_comm=swapper/3 next_pid=0 next_prio=120
          <idle>-0     [000] d.h.   252.274211: __handle_irq_event_percpu: [+] irq: [86] handler: bcm2835_mmc_irq+0x0/0x6ec caller: (handle_irq_event_percpu) 
          <idle>-0     [003] dnh.   252.274226: sched_wakeup: comm=kworker/u8:3 pid=464 prio=120 target_cpu=003
          <idle>-0     [003] d...   252.274233: sched_switch: prev_comm=swapper/3 prev_pid=0 prev_prio=120 prev_state=R ==> next_comm=kworker/u8:3 next_pid=464 next_prio=120
    kworker/u8:3-464   [003] d...   252.274270: sched_switch: prev_comm=kworker/u8:3 prev_pid=464 prev_prio=120 prev_state=D ==> next_comm=swapper/3 next_pid=0 next_prio=120
          <idle>-0     [000] d.h.   252.274270: __handle_irq_event_percpu: [+] irq: [86] handler: bcm2835_mmc_irq+0x0/0x6ec caller: (handle_irq_event_percpu) 
          <idle>-0     [003] dnh.   252.274290: sched_wakeup: comm=kworker/u8:3 pid=464 prio=120 target_cpu=003
          <idle>-0     [000] dnh.   252.274317: sched_wakeup: comm=in:imklog pid=389 prio=120 target_cpu=000
          <idle>-0     [001] dnh.   252.274319: sched_wakeup: comm=systemd-journal pid=114 prio=120 target_cpu=001
          <idle>-0     [000] d...   252.274332: sched_switch: prev_comm=swapper/0 prev_pid=0 prev_prio=120 prev_state=R ==> next_comm=in:imklog next_pid=389 next_prio=120
          <idle>-0     [001] d...   252.274333: sched_switch: prev_comm=swapper/1 prev_pid=0 prev_prio=120 prev_state=R ==> next_comm=systemd-journal next_pid=114 next_prio=120
          <idle>-0     [003] d...   252.274339: sched_switch: prev_comm=swapper/3 prev_pid=0 prev_prio=120 prev_state=R ==> next_comm=kworker/u8:3 next_pid=464 next_prio=120
    kworker/u8:3-464   [003] d...   252.274375: sched_switch: prev_comm=kworker/u8:3 prev_pid=464 prev_prio=120 prev_state=D ==> next_comm=swapper/3 next_pid=0 next_prio=120
       in:imklog-389   [000] d.h.   252.274379: __handle_irq_event_percpu: [+] irq: [86] handler: bcm2835_mmc_irq+0x0/0x6ec caller: (handle_irq_event_percpu) 
          <idle>-0     [003] dnh.   252.274403: sched_wakeup: comm=kworker/u8:3 pid=464 prio=120 target_cpu=003
          <idle>-0     [003] d...   252.274410: sched_switch: prev_comm=swapper/3 prev_pid=0 prev_prio=120 prev_state=R ==> next_comm=kworker/u8:3 next_pid=464 next_prio=120
 systemd-journal-114   [001] dnh.   252.274517: sched_wakeup: comm=sshd pid=1215 prio=120 target_cpu=001
       in:imklog-389   [000] d...   252.274535: sched_wakeup: comm=rs:main Q:Reg pid=393 prio=120 target_cpu=000
       in:imklog-389   [000] d.h.   252.274543: __handle_irq_event_percpu: [+] irq: [86] handler: bcm2835_mmc_irq+0x0/0x6ec caller: (handle_irq_event_percpu) 
 systemd-journal-114   [001] d...   252.274544: sched_switch: prev_comm=systemd-journal prev_pid=114 prev_prio=120 prev_state=R+ ==> next_comm=sshd next_pid=1215 next_prio=120
    kworker/u8:3-464   [003] d...   252.274588: sched_switch: prev_comm=kworker/u8:3 prev_pid=464 prev_prio=120 prev_state=D ==> next_comm=rs:main Q:Reg next_pid=393 next_prio=120
   rs:main Q:Reg-393   [003] d.h.   252.274600: sched_wakeup: comm=kworker/u8:3 pid=464 prio=120 target_cpu=003
            sshd-1215  [001] d...   252.274726: workqueue_queue_work: work struct=e5a8afd4 function=flush_to_ldisc workqueue=6d22f3f5 req_cpu=4 cpu=4294967295
            sshd-1215  [001] d...   252.274730: workqueue_activate_work: work struct e5a8afd4
            sshd-1215  [001] d...   252.274733: insert_work <-__queue_work
       in:imklog-389   [000] d...   252.274739: sched_switch: prev_comm=in:imklog prev_pid=389 prev_prio=120 prev_state=S ==> next_comm=swapper/0 next_pid=0 next_prio=120
            sshd-1215  [001] d...   252.274766: <stack trace>
 => insert_work
 => __queue_work
 => queue_work_on
 => tty_flip_buffer_push
 => pty_write
 => n_tty_write
 => tty_write
 => __vfs_write
 => vfs_write
 => ksys_write
 => sys_write
 => ret_fast_syscall
 => 0x7e937220
          <idle>-0     [000] dnh.   252.274780: sched_wakeup: comm=kworker/u8:1 pid=45 prio=120 target_cpu=000
          <idle>-0     [000] d...   252.274793: sched_switch: prev_comm=swapper/0 prev_pid=0 prev_prio=120 prev_state=R ==> next_comm=kworker/u8:1 next_pid=45 next_prio=120
    kworker/u8:1-45    [000] ....   252.274800: workqueue_execute_start: work struct e5a8afd4: function flush_to_ldisc
    kworker/u8:1-45    [000] ....   252.274815: workqueue_execute_end: work struct e5a8afd4
            sshd-1215  [001] d...   252.274818: sched_switch: prev_comm=sshd prev_pid=1215 prev_prio=120 prev_state=S ==> next_comm=systemd-journal next_pid=114 next_prio=120
          <idle>-0     [002] dnh.   252.274823: sched_wakeup: comm=bash pid=1256 prio=120 target_cpu=002
    kworker/u8:1-45    [000] d...   252.274834: sched_switch: prev_comm=kworker/u8:1 prev_pid=45 prev_prio=120 prev_state=I ==> next_comm=swapper/0 next_pid=0 next_prio=120
          <idle>-0     [002] d...   252.274838: sched_switch: prev_comm=swapper/2 prev_pid=0 prev_prio=120 prev_state=R ==> next_comm=bash next_pid=1256 next_prio=120
            bash-1256  [002] d...   252.274920: workqueue_queue_work: work struct=2a27e01a function=flush_to_ldisc workqueue=6d22f3f5 req_cpu=4 cpu=4294967295
            bash-1256  [002] d...   252.274922: workqueue_activate_work: work struct 2a27e01a
            bash-1256  [002] d...   252.274924: insert_work <-__queue_work
            bash-1256  [002] d...   252.274949: <stack trace>
 => insert_work
 => __queue_work
 => queue_work_on
 => tty_flip_buffer_push
 => pty_write
 => n_tty_write
 => tty_write
 => __vfs_write
 => vfs_write
 => ksys_write
 => sys_write
 => ret_fast_syscall
 => 0x7eb08168
          <idle>-0     [000] dnh.   252.274960: sched_wakeup: comm=kworker/u8:1 pid=45 prio=120 target_cpu=000
          <idle>-0     [000] d...   252.274971: sched_switch: prev_comm=swapper/0 prev_pid=0 prev_prio=120 prev_state=R ==> next_comm=kworker/u8:1 next_pid=45 next_prio=120
    kworker/u8:1-45    [000] ....   252.274975: workqueue_execute_start: work struct 2a27e01a: function flush_to_ldisc
    kworker/u8:1-45    [000] ....   252.274983: workqueue_execute_end: work struct 2a27e01a
 systemd-journal-114   [001] dnh.   252.274993: sched_wakeup: comm=sshd pid=1215 prio=120 target_cpu=001
            bash-1256  [002] d...   252.275000: sched_switch: prev_comm=bash prev_pid=1256 prev_prio=120 prev_state=S ==> next_comm=swapper/2 next_pid=0 next_prio=120
    kworker/u8:1-45    [000] d...   252.275000: sched_switch: prev_comm=kworker/u8:1 prev_pid=45 prev_prio=120 prev_state=I ==> next_comm=swapper/0 next_pid=0 next_prio=120
   rs:main Q:Reg-393   [003] d...   252.275007: sched_switch: prev_comm=rs:main Q:Reg prev_pid=393 prev_prio=120 prev_state=S ==> next_comm=kworker/u8:3 next_pid=464 next_prio=120
 systemd-journal-114   [001] d...   252.275015: sched_switch: prev_comm=systemd-journal prev_pid=114 prev_prio=120 prev_state=R+ ==> next_comm=sshd next_pid=1215 next_prio=120
    kworker/u8:3-464   [003] ....   252.275024: workqueue_execute_end: work struct 99ae5102
    kworker/u8:3-464   [003] d...   252.275045: sched_switch: prev_comm=kworker/u8:3 prev_pid=464 prev_prio=120 prev_state=I ==> next_comm=swapper/3 next_pid=0 next_prio=120
            sshd-1215  [001] d...   252.275190: workqueue_queue_work: work struct=99ae5102 function=brcmf_sdio_dataworker [brcmfmac] workqueue=75fe9dc2 req_cpu=4 cpu=4294967295
            sshd-1215  [001] d...   252.275192: workqueue_activate_work: work struct 99ae5102
            sshd-1215  [001] d...   252.275194: insert_work <-__queue_work
            sshd-1215  [001] d...   252.275261: <stack trace>
 => insert_work
 => __queue_work
 => queue_work_on
 => brcmf_sdio_bus_txdata
 => brcmf_proto_bcdc_txdata
 => brcmf_proto_bcdc_tx_queue_data
 => brcmf_netdev_start_xmit
 => dev_hard_start_xmit
 => sch_direct_xmit
 => __qdisc_run
 => __dev_queue_xmit
 => dev_queue_xmit
 => ip_finish_output2
 => ip_finish_output
 => ip_output
 => ip_local_out
 => __ip_queue_xmit
 => ip_queue_xmit
 => __tcp_transmit_skb
 => tcp_write_xmit
 => __tcp_push_pending_frames
 => tcp_push
 => tcp_sendmsg_locked
 => tcp_sendmsg
 => inet_sendmsg
 => sock_sendmsg
 => sock_write_iter
 => __vfs_write
 => vfs_write
 => ksys_write
 => sys_write
 => ret_fast_syscall
 => 0x7e9372c0
          <idle>-0     [003] dnh.   252.275273: sched_wakeup: comm=kworker/u8:3 pid=464 prio=120 target_cpu=003
          <idle>-0     [003] d...   252.275280: sched_switch: prev_comm=swapper/3 prev_pid=0 prev_prio=120 prev_state=R ==> next_comm=kworker/u8:3 next_pid=464 next_prio=120
    kworker/u8:3-464   [003] ....   252.275286: workqueue_execute_start: work struct 99ae5102: function brcmf_sdio_dataworker [brcmfmac]
            sshd-1215  [001] d...   252.275311: sched_switch: prev_comm=sshd prev_pid=1215 prev_prio=120 prev_state=S ==> next_comm=systemd-journal next_pid=114 next_prio=120
          <idle>-0     [000] d.h.   252.275336: __handle_irq_event_percpu: [+] irq: [86] handler: bcm2835_mmc_irq+0x0/0x6ec caller: (handle_irq_event_percpu) 
    kworker/u8:3-464   [003] d...   252.275340: sched_switch: prev_comm=kworker/u8:3 prev_pid=464 prev_prio=120 prev_state=D ==> next_comm=swapper/3 next_pid=0 next_prio=120
          <idle>-0     [000] d.h.   252.275367: __handle_irq_event_percpu: [+] irq: [86] handler: bcm2835_mmc_irq+0x0/0x6ec caller: (handle_irq_event_percpu) 
          <idle>-0     [003] dnh.   252.275385: sched_wakeup: comm=kworker/u8:3 pid=464 prio=120 target_cpu=003
          <idle>-0     [003] d...   252.275400: sched_switch: prev_comm=swapper/3 prev_pid=0 prev_prio=120 prev_state=R ==> next_comm=kworker/u8:3 next_pid=464 next_prio=120
    kworker/u8:3-464   [003] ....   252.275414: workqueue_execute_end: work struct 99ae5102
    kworker/u8:3-464   [003] d...   252.275421: sched_switch: prev_comm=kworker/u8:3 prev_pid=464 prev_prio=120 prev_state=I ==> next_comm=swapper/3 next_pid=0 next_prio=120
 systemd-journal-114   [001] d...   252.278011: sched_switch: prev_comm=systemd-journal prev_pid=114 prev_prio=120 prev_state=S ==> next_comm=swapper/1 next_pid=0 next_prio=120
          <idle>-0     [000] d.h.   252.278122: __handle_irq_event_percpu: [+] irq: [56] handler: dwc_otg_common_irq+0x0/0x28 caller: (handle_irq_event_percpu) 
          <idle>-0     [000] d.h.   252.278129: __handle_irq_event_percpu: [+] irq: [56] handler: dwc_otg_pcd_irq+0x0/0x28 caller: (handle_irq_event_percpu) 
          <idle>-0     [000] d.h.   252.278133: __handle_irq_event_percpu: [+] irq: [56] handler: usb_hcd_irq+0x0/0x48 caller: (handle_irq_event_percpu) 
          <idle>-0     [000] d.h.   252.278248: __handle_irq_event_percpu: [+] irq: [56] handler: dwc_otg_common_irq+0x0/0x28 caller: (handle_irq_event_percpu) 
          <idle>-0     [000] d.h.   252.278253: __handle_irq_event_percpu: [+] irq: [56] handler: dwc_otg_pcd_irq+0x0/0x28 caller: (handle_irq_event_percpu) 
          <idle>-0     [000] d.h.   252.278256: __handle_irq_event_percpu: [+] irq: [56] handler: usb_hcd_irq+0x0/0x48 caller: (handle_irq_event_percpu) 
          <idle>-0     [002] dnh.   252.284369: sched_wakeup: comm=rcu_sched pid=10 prio=120 target_cpu=002
          <idle>-0     [002] d...   252.284383: sched_switch: prev_comm=swapper/2 prev_pid=0 prev_prio=120 prev_state=R ==> next_comm=rcu_sched next_pid=10 next_prio=120
       rcu_sched-10    [002] d...   252.284401: sched_switch: prev_comm=rcu_sched prev_pid=10 prev_prio=120 prev_state=I ==> next_comm=swapper/2 next_pid=0 next_prio=120
          <idle>-0     [000] d.h.   252.286120: __handle_irq_event_percpu: [+] irq: [56] handler: dwc_otg_common_irq+0x0/0x28 caller: (handle_irq_event_percpu) 
          <idle>-0     [000] d.h.   252.286125: __handle_irq_event_percpu: [+] irq: [56] handler: dwc_otg_pcd_irq+0x0/0x28 caller: (handle_irq_event_percpu) 
          <idle>-0     [000] d.h.   252.286128: __handle_irq_event_percpu: [+] irq: [56] handler: usb_hcd_irq+0x0/0x48 caller: (handle_irq_event_percpu) 
          <idle>-0     [000] d.h.   252.286247: __handle_irq_event_percpu: [+] irq: [56] handler: dwc_otg_common_irq+0x0/0x28 caller: (handle_irq_event_percpu) 
          <idle>-0     [000] d.h.   252.286251: __handle_irq_event_percpu: [+] irq: [56] handler: dwc_otg_pcd_irq+0x0/0x28 caller: (handle_irq_event_percpu) 
          <idle>-0     [000] d.h.   252.286255: __handle_irq_event_percpu: [+] irq: [56] handler: usb_hcd_irq+0x0/0x48 caller: (handle_irq_event_percpu) 
          <idle>-0     [000] d.h.   252.286710: __handle_irq_event_percpu: [+] irq: [86] handler: bcm2835_mmc_irq+0x0/0x6ec caller: (handle_irq_event_percpu) 
          <idle>-0     [003] dnh.   252.286729: sched_wakeup: comm=irq/86-mmc1 pid=81 prio=49 target_cpu=003
          <idle>-0     [003] d...   252.286745: sched_switch: prev_comm=swapper/3 prev_pid=0 prev_prio=120 prev_state=R ==> next_comm=irq/86-mmc1 next_pid=81 next_prio=49
          <idle>-0     [000] d.h.   252.286825: __handle_irq_event_percpu: [+] irq: [86] handler: bcm2835_mmc_irq+0x0/0x6ec caller: (handle_irq_event_percpu) 
     irq/86-mmc1-81    [003] d...   252.286830: sched_switch: prev_comm=irq/86-mmc1 prev_pid=81 prev_prio=49 prev_state=D ==> next_comm=swapper/3 next_pid=0 next_prio=120
          <idle>-0     [003] dnh.   252.286842: sched_wakeup: comm=irq/86-mmc1 pid=81 prio=49 target_cpu=003
          <idle>-0     [003] d...   252.286849: sched_switch: prev_comm=swapper/3 prev_pid=0 prev_prio=120 prev_state=R ==> next_comm=irq/86-mmc1 next_pid=81 next_prio=49
          <idle>-0     [000] d.h.   252.286875: __handle_irq_event_percpu: [+] irq: [86] handler: bcm2835_mmc_irq+0x0/0x6ec caller: (handle_irq_event_percpu) 
     irq/86-mmc1-81    [003] d...   252.286876: sched_switch: prev_comm=irq/86-mmc1 prev_pid=81 prev_prio=49 prev_state=D ==> next_comm=swapper/3 next_pid=0 next_prio=120
          <idle>-0     [003] dnh.   252.286893: sched_wakeup: comm=irq/86-mmc1 pid=81 prio=49 target_cpu=003
          <idle>-0     [003] d...   252.286899: sched_switch: prev_comm=swapper/3 prev_pid=0 prev_prio=120 prev_state=R ==> next_comm=irq/86-mmc1 next_pid=81 next_prio=49
     irq/86-mmc1-81    [003] d...   252.286922: sched_switch: prev_comm=irq/86-mmc1 prev_pid=81 prev_prio=49 prev_state=D ==> next_comm=swapper/3 next_pid=0 next_prio=120
          <idle>-0     [000] d.h.   252.286922: __handle_irq_event_percpu: [+] irq: [86] handler: bcm2835_mmc_irq+0x0/0x6ec caller: (handle_irq_event_percpu) 
          <idle>-0     [000] d.h.   252.286930: __handle_irq_event_percpu: [+] irq: [86] handler: bcm2835_mmc_irq+0x0/0x6ec caller: (handle_irq_event_percpu) 
          <idle>-0     [003] dnh.   252.286944: sched_wakeup: comm=irq/86-mmc1 pid=81 prio=49 target_cpu=003
          <idle>-0     [003] d...   252.286950: sched_switch: prev_comm=swapper/3 prev_pid=0 prev_prio=120 prev_state=R ==> next_comm=irq/86-mmc1 next_pid=81 next_prio=49
     irq/86-mmc1-81    [003] d...   252.286956: workqueue_queue_work: work struct=99ae5102 function=brcmf_sdio_dataworker [brcmfmac] workqueue=75fe9dc2 req_cpu=4 cpu=4294967295
     irq/86-mmc1-81    [003] d...   252.286958: workqueue_activate_work: work struct 99ae5102
     irq/86-mmc1-81    [003] d...   252.286960: insert_work <-__queue_work
     irq/86-mmc1-81    [003] d...   252.286995: <stack trace>
 => insert_work
 => __queue_work
 => queue_work_on
 => brcmf_sdio_isr
 => brcmf_sdiod_ib_irqhandler
 => process_sdio_pending_irqs
 => sdio_run_irqs
 => bcm2835_mmc_thread_irq
 => irq_thread_fn
 => irq_thread
 => kthread
 => ret_from_fork
 => 0
     irq/86-mmc1-81    [003] d...   252.287005: sched_wakeup: comm=kworker/u8:3 pid=464 prio=120 target_cpu=003
     irq/86-mmc1-81    [003] d...   252.287021: sched_switch: prev_comm=irq/86-mmc1 prev_pid=81 prev_prio=49 prev_state=S ==> next_comm=kworker/u8:3 next_pid=464 next_prio=120
    kworker/u8:3-464   [003] ....   252.287027: workqueue_execute_start: work struct 99ae5102: function brcmf_sdio_dataworker [brcmfmac]
          <idle>-0     [000] d.h.   252.287063: __handle_irq_event_percpu: [+] irq: [86] handler: bcm2835_mmc_irq+0x0/0x6ec caller: (handle_irq_event_percpu) 
    kworker/u8:3-464   [003] d...   252.287083: sched_switch: prev_comm=kworker/u8:3 prev_pid=464 prev_prio=120 prev_state=D ==> next_comm=swapper/3 next_pid=0 next_prio=120
          <idle>-0     [003] dnh.   252.287095: sched_wakeup: comm=kworker/u8:3 pid=464 prio=120 target_cpu=003
          <idle>-0     [003] d...   252.287102: sched_switch: prev_comm=swapper/3 prev_pid=0 prev_prio=120 prev_state=R ==> next_comm=kworker/u8:3 next_pid=464 next_prio=120
          <idle>-0     [000] d.h.   252.287132: __handle_irq_event_percpu: [+] irq: [86] handler: bcm2835_mmc_irq+0x0/0x6ec caller: (handle_irq_event_percpu) 
    kworker/u8:3-464   [003] d...   252.287132: sched_switch: prev_comm=kworker/u8:3 prev_pid=464 prev_prio=120 prev_state=D ==> next_comm=swapper/3 next_pid=0 next_prio=120
          <idle>-0     [003] dnh.   252.287150: sched_wakeup: comm=kworker/u8:3 pid=464 prio=120 target_cpu=003
          <idle>-0     [003] d...   252.287157: sched_switch: prev_comm=swapper/3 prev_pid=0 prev_prio=120 prev_state=R ==> next_comm=kworker/u8:3 next_pid=464 next_prio=120
          <idle>-0     [000] d.h.   252.287260: __handle_irq_event_percpu: [+] irq: [86] handler: bcm2835_mmc_irq+0x0/0x6ec caller: (handle_irq_event_percpu) 
    kworker/u8:3-464   [003] d...   252.287261: sched_switch: prev_comm=kworker/u8:3 prev_pid=464 prev_prio=120 prev_state=D ==> next_comm=swapper/3 next_pid=0 next_prio=120
          <idle>-0     [003] dnh.   252.287280: sched_wakeup: comm=kworker/u8:3 pid=464 prio=120 target_cpu=003
          <idle>-0     [003] d...   252.287287: sched_switch: prev_comm=swapper/3 prev_pid=0 prev_prio=120 prev_state=R ==> next_comm=kworker/u8:3 next_pid=464 next_prio=120
    kworker/u8:3-464   [003] ....   252.287296: workqueue_execute_end: work struct 99ae5102
    kworker/u8:3-464   [003] d...   252.287303: sched_switch: prev_comm=kworker/u8:3 prev_pid=464 prev_prio=120 prev_state=I ==> next_comm=swapper/3 next_pid=0 next_prio=120
          <idle>-0     [000] d.h.   252.294120: __handle_irq_event_percpu: [+] irq: [56] handler: dwc_otg_common_irq+0x0/0x28 caller: (handle_irq_event_percpu) 
          <idle>-0     [000] d.h.   252.294125: __handle_irq_event_percpu: [+] irq: [56] handler: dwc_otg_pcd_irq+0x0/0x28 caller: (handle_irq_event_percpu) 
          <idle>-0     [000] d.h.   252.294128: __handle_irq_event_percpu: [+] irq: [56] handler: usb_hcd_irq+0x0/0x48 caller: (handle_irq_event_percpu) 
          <idle>-0     [000] d.h.   252.294247: __handle_irq_event_percpu: [+] irq: [56] handler: dwc_otg_common_irq+0x0/0x28 caller: (handle_irq_event_percpu) 
          <idle>-0     [000] d.h.   252.294252: __handle_irq_event_percpu: [+] irq: [56] handler: dwc_otg_pcd_irq+0x0/0x28 caller: (handle_irq_event_percpu) 
          <idle>-0     [000] d.h.   252.294255: __handle_irq_event_percpu: [+] irq: [56] handler: usb_hcd_irq+0x0/0x48 caller: (handle_irq_event_percpu) 
          <idle>-0     [000] dnh.   252.294317: sched_wakeup: comm=in:imklog pid=389 prio=120 target_cpu=000
          <idle>-0     [001] dnH.   252.294325: sched_wakeup: comm=systemd-journal pid=114 prio=120 target_cpu=001
          <idle>-0     [000] d...   252.294332: sched_switch: prev_comm=swapper/0 prev_pid=0 prev_prio=120 prev_state=R ==> next_comm=in:imklog next_pid=389 next_prio=120
          <idle>-0     [001] d...   252.294344: sched_switch: prev_comm=swapper/1 prev_pid=0 prev_prio=120 prev_state=R ==> next_comm=systemd-journal next_pid=114 next_prio=120
          <idle>-0     [003] dnh.   252.294475: sched_wakeup: comm=rs:main Q:Reg pid=393 prio=120 target_cpu=003
          <idle>-0     [003] d...   252.294484: sched_switch: prev_comm=swapper/3 prev_pid=0 prev_prio=120 prev_state=R ==> next_comm=rs:main Q:Reg next_pid=393 next_prio=120
       in:imklog-389   [000] d...   252.294509: sched_switch: prev_comm=in:imklog prev_pid=389 prev_prio=120 prev_state=S ==> next_comm=swapper/0 next_pid=0 next_prio=120
          <idle>-0     [000] dnh.   252.294531: sched_wakeup: comm=in:imklog pid=389 prio=120 target_cpu=000
          <idle>-0     [000] d...   252.294543: sched_switch: prev_comm=swapper/0 prev_pid=0 prev_prio=120 prev_state=R ==> next_comm=in:imklog next_pid=389 next_prio=120
       in:imklog-389   [000] d...   252.294642: sched_switch: prev_comm=in:imklog prev_pid=389 prev_prio=120 prev_state=S ==> next_comm=swapper/0 next_pid=0 next_prio=120
   rs:main Q:Reg-393   [003] d...   252.294922: sched_switch: prev_comm=rs:main Q:Reg prev_pid=393 prev_prio=120 prev_state=S ==> next_comm=swapper/3 next_pid=0 next_prio=120
 systemd-journal-114   [001] d...   252.297089: sched_switch: prev_comm=systemd-journal prev_pid=114 prev_prio=120 prev_state=S ==> next_comm=swapper/1 next_pid=0 next_prio=120
          <idle>-0     [000] d.h.   252.302126: __handle_irq_event_percpu: [+] irq: [56] handler: dwc_otg_common_irq+0x0/0x28 caller: (handle_irq_event_percpu) 
          <idle>-0     [000] d.h.   252.302133: __handle_irq_event_percpu: [+] irq: [56] handler: dwc_otg_pcd_irq+0x0/0x28 caller: (handle_irq_event_percpu) 
          <idle>-0     [000] d.h.   252.302137: __handle_irq_event_percpu: [+] irq: [56] handler: usb_hcd_irq+0x0/0x48 caller: (handle_irq_event_percpu) 
          <idle>-0     [000] d.h.   252.302248: __handle_irq_event_percpu: [+] irq: [56] handler: dwc_otg_common_irq+0x0/0x28 caller: (handle_irq_event_percpu) 
          <idle>-0     [000] d.h.   252.302252: __handle_irq_event_percpu: [+] irq: [56] handler: dwc_otg_pcd_irq+0x0/0x28 caller: (handle_irq_event_percpu) 
          <idle>-0     [000] d.h.   252.302256: __handle_irq_event_percpu: [+] irq: [56] handler: usb_hcd_irq+0x0/0x48 caller: (handle_irq_event_percpu) 
          <idle>-0     [002] dns.   252.304326: sched_wakeup: comm=rcu_sched pid=10 prio=120 target_cpu=002
          <idle>-0     [000] dnh.   252.304332: sched_wakeup: comm=brcmf_wdog/mmc1 pid=248 prio=120 target_cpu=000
          <idle>-0     [000] d...   252.304348: sched_switch: prev_comm=swapper/0 prev_pid=0 prev_prio=120 prev_state=R ==> next_comm=brcmf_wdog/mmc1 next_pid=248 next_prio=120
 brcmf_wdog/mmc1-248   [000] d...   252.304362: sched_switch: prev_comm=brcmf_wdog/mmc1 prev_pid=248 prev_prio=120 prev_state=S ==> next_comm=swapper/0 next_pid=0 next_prio=120
          <idle>-0     [002] d...   252.304365: sched_switch: prev_comm=swapper/2 prev_pid=0 prev_prio=120 prev_state=R ==> next_comm=rcu_sched next_pid=10 next_prio=120
       rcu_sched-10    [002] d...   252.304387: sched_switch: prev_comm=rcu_sched prev_pid=10 prev_prio=120 prev_state=I ==> next_comm=swapper/2 next_pid=0 next_prio=120
          <idle>-0     [000] d.h.   252.310121: __handle_irq_event_percpu: [+] irq: [56] handler: dwc_otg_common_irq+0x0/0x28 caller: (handle_irq_event_percpu) 
          <idle>-0     [000] d.h.   252.310126: __handle_irq_event_percpu: [+] irq: [56] handler: dwc_otg_pcd_irq+0x0/0x28 caller: (handle_irq_event_percpu) 
          <idle>-0     [000] d.h.   252.310129: __handle_irq_event_percpu: [+] irq: [56] handler: usb_hcd_irq+0x0/0x48 caller: (handle_irq_event_percpu) 
          <idle>-0     [000] d.h.   252.310247: __handle_irq_event_percpu: [+] irq: [56] handler: dwc_otg_common_irq+0x0/0x28 caller: (handle_irq_event_percpu) 
          <idle>-0     [000] d.h.   252.310252: __handle_irq_event_percpu: [+] irq: [56] handler: dwc_otg_pcd_irq+0x0/0x28 caller: (handle_irq_event_percpu) 
          <idle>-0     [000] d.h.   252.310255: __handle_irq_event_percpu: [+] irq: [56] handler: usb_hcd_irq+0x0/0x48 caller: (handle_irq_event_percpu) 
          <idle>-0     [000] d.h.   252.318120: __handle_irq_event_percpu: [+] irq: [56] handler: dwc_otg_common_irq+0x0/0x28 caller: (handle_irq_event_percpu) 
          <idle>-0     [000] d.h.   252.318125: __handle_irq_event_percpu: [+] irq: [56] handler: dwc_otg_pcd_irq+0x0/0x28 caller: (handle_irq_event_percpu) 
          <idle>-0     [000] d.h.   252.318128: __handle_irq_event_percpu: [+] irq: [56] handler: usb_hcd_irq+0x0/0x48 caller: (handle_irq_event_percpu) 
          <idle>-0     [000] d.h.   252.318247: __handle_irq_event_percpu: [+] irq: [56] handler: dwc_otg_common_irq+0x0/0x28 caller: (handle_irq_event_percpu) 
          <idle>-0     [000] d.h.   252.318252: __handle_irq_event_percpu: [+] irq: [56] handler: dwc_otg_pcd_irq+0x0/0x28 caller: (handle_irq_event_percpu) 
          <idle>-0     [000] d.h.   252.318255: __handle_irq_event_percpu: [+] irq: [56] handler: usb_hcd_irq+0x0/0x48 caller: (handle_irq_event_percpu) 
          <idle>-0     [001] dnh.   252.321595: sched_wakeup: comm=apache2 pid=677 prio=120 target_cpu=001
          <idle>-0     [001] d...   252.321606: sched_switch: prev_comm=swapper/1 prev_pid=0 prev_prio=120 prev_state=R ==> next_comm=apache2 next_pid=677 next_prio=120
         apache2-677   [001] d...   252.321681: sched_switch: prev_comm=apache2 prev_pid=677 prev_prio=120 prev_state=S ==> next_comm=swapper/1 next_pid=0 next_prio=120
          <idle>-0     [002] dns.   252.324314: sched_wakeup: comm=rcu_sched pid=10 prio=120 target_cpu=002
          <idle>-0     [000] dnh.   252.324318: sched_wakeup: comm=brcmf_wdog/mmc1 pid=248 prio=120 target_cpu=000
          <idle>-0     [000] d...   252.324331: sched_switch: prev_comm=swapper/0 prev_pid=0 prev_prio=120 prev_state=R ==> next_comm=brcmf_wdog/mmc1 next_pid=248 next_prio=120
          <idle>-0     [002] d...   252.324341: sched_switch: prev_comm=swapper/2 prev_pid=0 prev_prio=120 prev_state=R ==> next_comm=rcu_sched next_pid=10 next_prio=120
 brcmf_wdog/mmc1-248   [000] d.h.   252.324359: __handle_irq_event_percpu: [+] irq: [86] handler: bcm2835_mmc_irq+0x0/0x6ec caller: (handle_irq_event_percpu) 
       rcu_sched-10    [002] d...   252.324366: sched_switch: prev_comm=rcu_sched prev_pid=10 prev_prio=120 prev_state=I ==> next_comm=swapper/2 next_pid=0 next_prio=120
 brcmf_wdog/mmc1-248   [000] d.h.   252.324387: __handle_irq_event_percpu: [+] irq: [86] handler: bcm2835_mmc_irq+0x0/0x6ec caller: (handle_irq_event_percpu) 
 brcmf_wdog/mmc1-248   [000] d.s.   252.324398: sched_wakeup: comm=brcmf_wdog/mmc1 pid=248 prio=120 target_cpu=000
 brcmf_wdog/mmc1-248   [000] d.h.   252.324415: __handle_irq_event_percpu: [+] irq: [86] handler: bcm2835_mmc_irq+0x0/0x6ec caller: (handle_irq_event_percpu) 
 brcmf_wdog/mmc1-248   [000] d.s.   252.324425: sched_wakeup: comm=brcmf_wdog/mmc1 pid=248 prio=120 target_cpu=000
 brcmf_wdog/mmc1-248   [000] d...   252.324440: sched_switch: prev_comm=brcmf_wdog/mmc1 prev_pid=248 prev_prio=120 prev_state=S ==> next_comm=swapper/0 next_pid=0 next_prio=120
          <idle>-0     [000] d.h.   252.326121: __handle_irq_event_percpu: [+] irq: [56] handler: dwc_otg_common_irq+0x0/0x28 caller: (handle_irq_event_percpu) 
          <idle>-0     [000] d.h.   252.326126: __handle_irq_event_percpu: [+] irq: [56] handler: dwc_otg_pcd_irq+0x0/0x28 caller: (handle_irq_event_percpu) 
          <idle>-0     [000] d.h.   252.326129: __handle_irq_event_percpu: [+] irq: [56] handler: usb_hcd_irq+0x0/0x48 caller: (handle_irq_event_percpu) 
          <idle>-0     [000] d.h.   252.326247: __handle_irq_event_percpu: [+] irq: [56] handler: dwc_otg_common_irq+0x0/0x28 caller: (handle_irq_event_percpu) 
          <idle>-0     [000] d.h.   252.326252: __handle_irq_event_percpu: [+] irq: [56] handler: dwc_otg_pcd_irq+0x0/0x28 caller: (handle_irq_event_percpu) 
          <idle>-0     [000] d.h.   252.326255: __handle_irq_event_percpu: [+] irq: [56] handler: usb_hcd_irq+0x0/0x48 caller: (handle_irq_event_percpu) 
          <idle>-0     [000] d.h.   252.334120: __handle_irq_event_percpu: [+] irq: [56] handler: dwc_otg_common_irq+0x0/0x28 caller: (handle_irq_event_percpu) 
          <idle>-0     [000] d.h.   252.334125: __handle_irq_event_percpu: [+] irq: [56] handler: dwc_otg_pcd_irq+0x0/0x28 caller: (handle_irq_event_percpu) 
          <idle>-0     [000] d.h.   252.334128: __handle_irq_event_percpu: [+] irq: [56] handler: usb_hcd_irq+0x0/0x48 caller: (handle_irq_event_percpu) 
          <idle>-0     [000] d.h.   252.334247: __handle_irq_event_percpu: [+] irq: [56] handler: dwc_otg_common_irq+0x0/0x28 caller: (handle_irq_event_percpu) 
          <idle>-0     [000] d.h.   252.334252: __handle_irq_event_percpu: [+] irq: [56] handler: dwc_otg_pcd_irq+0x0/0x28 caller: (handle_irq_event_percpu) 
          <idle>-0     [000] d.h.   252.334255: __handle_irq_event_percpu: [+] irq: [56] handler: usb_hcd_irq+0x0/0x48 caller: (handle_irq_event_percpu) 
          <idle>-0     [001] dnh.   252.340281: sched_wakeup: comm=mysqld pid=783 prio=120 target_cpu=001
          <idle>-0     [001] d...   252.340291: sched_switch: prev_comm=swapper/1 prev_pid=0 prev_prio=120 prev_state=R ==> next_comm=mysqld next_pid=783 next_prio=120
          mysqld-783   [001] d...   252.340332: sched_switch: prev_comm=mysqld prev_pid=783 prev_prio=120 prev_state=S ==> next_comm=swapper/1 next_pid=0 next_prio=120
          <idle>-0     [000] d.h.   252.342120: __handle_irq_event_percpu: [+] irq: [56] handler: dwc_otg_common_irq+0x0/0x28 caller: (handle_irq_event_percpu) 
          <idle>-0     [000] d.h.   252.342125: __handle_irq_event_percpu: [+] irq: [56] handler: dwc_otg_pcd_irq+0x0/0x28 caller: (handle_irq_event_percpu) 
          <idle>-0     [000] d.h.   252.342128: __handle_irq_event_percpu: [+] irq: [56] handler: usb_hcd_irq+0x0/0x48 caller: (handle_irq_event_percpu) 
          <idle>-0     [000] d.h.   252.342247: __handle_irq_event_percpu: [+] irq: [56] handler: dwc_otg_common_irq+0x0/0x28 caller: (handle_irq_event_percpu) 
          <idle>-0     [000] d.h.   252.342251: __handle_irq_event_percpu: [+] irq: [56] handler: dwc_otg_pcd_irq+0x0/0x28 caller: (handle_irq_event_percpu) 
          <idle>-0     [000] d.h.   252.342255: __handle_irq_event_percpu: [+] irq: [56] handler: usb_hcd_irq+0x0/0x48 caller: (handle_irq_event_percpu) 
          <idle>-0     [002] dns.   252.344312: sched_wakeup: comm=rcu_sched pid=10 prio=120 target_cpu=002
          <idle>-0     [002] d...   252.344334: sched_switch: prev_comm=swapper/2 prev_pid=0 prev_prio=120 prev_state=R ==> next_comm=rcu_sched next_pid=10 next_prio=120
       rcu_sched-10    [002] d...   252.344352: sched_switch: prev_comm=rcu_sched prev_pid=10 prev_prio=120 prev_state=I ==> next_comm=swapper/2 next_pid=0 next_prio=120
          <idle>-0     [001] dnh.   252.349080: sched_wakeup: comm=mysqld pid=784 prio=120 target_cpu=001
          <idle>-0     [001] d...   252.349090: sched_switch: prev_comm=swapper/1 prev_pid=0 prev_prio=120 prev_state=R ==> next_comm=mysqld next_pid=784 next_prio=120
          mysqld-784   [001] d...   252.349118: sched_switch: prev_comm=mysqld prev_pid=784 prev_prio=120 prev_state=S ==> next_comm=swapper/1 next_pid=0 next_prio=120
          <idle>-0     [000] d.h.   252.350120: __handle_irq_event_percpu: [+] irq: [56] handler: dwc_otg_common_irq+0x0/0x28 caller: (handle_irq_event_percpu) 
          <idle>-0     [000] d.h.   252.350125: __handle_irq_event_percpu: [+] irq: [56] handler: dwc_otg_pcd_irq+0x0/0x28 caller: (handle_irq_event_percpu) 
          <idle>-0     [000] d.h.   252.350128: __handle_irq_event_percpu: [+] irq: [56] handler: usb_hcd_irq+0x0/0x48 caller: (handle_irq_event_percpu) 
          <idle>-0     [000] d.h.   252.350247: __handle_irq_event_percpu: [+] irq: [56] handler: dwc_otg_common_irq+0x0/0x28 caller: (handle_irq_event_percpu) 
          <idle>-0     [000] d.h.   252.350251: __handle_irq_event_percpu: [+] irq: [56] handler: dwc_otg_pcd_irq+0x0/0x28 caller: (handle_irq_event_percpu) 
          <idle>-0     [000] d.h.   252.350255: __handle_irq_event_percpu: [+] irq: [56] handler: usb_hcd_irq+0x0/0x48 caller: (handle_irq_event_percpu) 
          <idle>-0     [003] dnh.   252.353878: sched_wakeup: comm=mysqld pid=785 prio=120 target_cpu=003
          <idle>-0     [003] d...   252.353893: sched_switch: prev_comm=swapper/3 prev_pid=0 prev_prio=120 prev_state=R ==> next_comm=mysqld next_pid=785 next_prio=120
          mysqld-785   [003] d...   252.353924: sched_switch: prev_comm=mysqld prev_pid=785 prev_prio=120 prev_state=S ==> next_comm=swapper/3 next_pid=0 next_prio=120
          <idle>-0     [000] d.h.   252.358120: __handle_irq_event_percpu: [+] irq: [56] handler: dwc_otg_common_irq+0x0/0x28 caller: (handle_irq_event_percpu) 
          <idle>-0     [000] d.h.   252.358125: __handle_irq_event_percpu: [+] irq: [56] handler: dwc_otg_pcd_irq+0x0/0x28 caller: (handle_irq_event_percpu) 
          <idle>-0     [000] d.h.   252.358128: __handle_irq_event_percpu: [+] irq: [56] handler: usb_hcd_irq+0x0/0x48 caller: (handle_irq_event_percpu) 
          <idle>-0     [000] d.h.   252.358249: __handle_irq_event_percpu: [+] irq: [56] handler: dwc_otg_common_irq+0x0/0x28 caller: (handle_irq_event_percpu) 
          <idle>-0     [000] d.h.   252.358253: __handle_irq_event_percpu: [+] irq: [56] handler: dwc_otg_pcd_irq+0x0/0x28 caller: (handle_irq_event_percpu) 
          <idle>-0     [000] d.h.   252.358256: __handle_irq_event_percpu: [+] irq: [56] handler: usb_hcd_irq+0x0/0x48 caller: (handle_irq_event_percpu) 
          <idle>-0     [002] dns.   252.364314: sched_wakeup: comm=rcu_sched pid=10 prio=120 target_cpu=002
          <idle>-0     [002] d...   252.364338: sched_switch: prev_comm=swapper/2 prev_pid=0 prev_prio=120 prev_state=R ==> next_comm=rcu_sched next_pid=10 next_prio=120
       rcu_sched-10    [002] d...   252.364374: sched_switch: prev_comm=rcu_sched prev_pid=10 prev_prio=120 prev_state=I ==> next_comm=swapper/2 next_pid=0 next_prio=120
          <idle>-0     [001] dnh.   252.365029: sched_wakeup: comm=mosquitto pid=467 prio=120 target_cpu=001
          <idle>-0     [001] dnh.   252.365042: workqueue_queue_work: work struct=8fb842c9 function=dbs_work_handler workqueue=47960adf req_cpu=1 cpu=1
          <idle>-0     [001] dnh.   252.365044: workqueue_activate_work: work struct 8fb842c9
          <idle>-0     [001] dnh.   252.365047: insert_work <-__queue_work
          <idle>-0     [001] dnh.   252.365091: <stack trace>
 => insert_work
 => __queue_work
 => queue_work_on
 => dbs_irq_work
 => irq_work_run_list
 => irq_work_run
 => handle_IPI
 => bcm2836_arm_irqchip_handle_irq
 => __irq_svc
 => arch_cpu_idle
 => arch_cpu_idle
 => default_idle_call
 => do_idle
 => cpu_startup_entry
 => secondary_start_kernel
 => 0x001026ec
          <idle>-0     [001] dnh.   252.365101: sched_wakeup: comm=kworker/1:0 pid=17 prio=120 target_cpu=001
          <idle>-0     [001] d...   252.365116: sched_switch: prev_comm=swapper/1 prev_pid=0 prev_prio=120 prev_state=R ==> next_comm=mosquitto next_pid=467 next_prio=120
       mosquitto-467   [001] d...   252.365159: sched_switch: prev_comm=mosquitto prev_pid=467 prev_prio=120 prev_state=S ==> next_comm=kworker/1:0 next_pid=17 next_prio=120
     kworker/1:0-17    [001] ....   252.365170: workqueue_execute_start: work struct 8fb842c9: function dbs_work_handler
     kworker/1:0-17    [001] ....   252.365183: workqueue_execute_end: work struct 8fb842c9
     kworker/1:0-17    [001] d...   252.365205: sched_switch: prev_comm=kworker/1:0 prev_pid=17 prev_prio=120 prev_state=I ==> next_comm=swapper/1 next_pid=0 next_prio=120
          <idle>-0     [000] d.h.   252.366120: __handle_irq_event_percpu: [+] irq: [56] handler: dwc_otg_common_irq+0x0/0x28 caller: (handle_irq_event_percpu) 
          <idle>-0     [000] d.h.   252.366125: __handle_irq_event_percpu: [+] irq: [56] handler: dwc_otg_pcd_irq+0x0/0x28 caller: (handle_irq_event_percpu) 
          <idle>-0     [000] d.h.   252.366128: __handle_irq_event_percpu: [+] irq: [56] handler: usb_hcd_irq+0x0/0x48 caller: (handle_irq_event_percpu) 
          <idle>-0     [000] d.h.   252.366247: __handle_irq_event_percpu: [+] irq: [56] handler: dwc_otg_common_irq+0x0/0x28 caller: (handle_irq_event_percpu) 
          <idle>-0     [000] d.h.   252.366252: __handle_irq_event_percpu: [+] irq: [56] handler: dwc_otg_pcd_irq+0x0/0x28 caller: (handle_irq_event_percpu) 
          <idle>-0     [000] d.h.   252.366255: __handle_irq_event_percpu: [+] irq: [56] handler: usb_hcd_irq+0x0/0x48 caller: (handle_irq_event_percpu) 
          <idle>-0     [000] d.h.   252.374120: __handle_irq_event_percpu: [+] irq: [56] handler: dwc_otg_common_irq+0x0/0x28 caller: (handle_irq_event_percpu) 
          <idle>-0     [000] d.h.   252.374125: __handle_irq_event_percpu: [+] irq: [56] handler: dwc_otg_pcd_irq+0x0/0x28 caller: (handle_irq_event_percpu) 
          <idle>-0     [000] d.h.   252.374128: __handle_irq_event_percpu: [+] irq: [56] handler: usb_hcd_irq+0x0/0x48 caller: (handle_irq_event_percpu) 
          <idle>-0     [000] d.h.   252.374247: __handle_irq_event_percpu: [+] irq: [56] handler: dwc_otg_common_irq+0x0/0x28 caller: (handle_irq_event_percpu) 
          <idle>-0     [000] d.h.   252.374251: __handle_irq_event_percpu: [+] irq: [56] handler: dwc_otg_pcd_irq+0x0/0x28 caller: (handle_irq_event_percpu) 
          <idle>-0     [000] d.h.   252.374255: __handle_irq_event_percpu: [+] irq: [56] handler: usb_hcd_irq+0x0/0x48 caller: (handle_irq_event_percpu) 
          <idle>-0     [000] d.h.   252.382124: __handle_irq_event_percpu: [+] irq: [56] handler: dwc_otg_common_irq+0x0/0x28 caller: (handle_irq_event_percpu) 
          <idle>-0     [000] d.h.   252.382129: __handle_irq_event_percpu: [+] irq: [56] handler: dwc_otg_pcd_irq+0x0/0x28 caller: (handle_irq_event_percpu) 
          <idle>-0     [000] d.h.   252.382132: __handle_irq_event_percpu: [+] irq: [56] handler: usb_hcd_irq+0x0/0x48 caller: (handle_irq_event_percpu) 
