          <idle>-0     [001] d...   251.457606: sched_switch: prev_comm=swapper/1 prev_pid=0 prev_prio=120 prev_state=R ==> next_comm=mysqld next_pid=778 next_prio=120
          mysqld-778   [001] d...   251.457642: sched_switch: prev_comm=mysqld prev_pid=778 prev_prio=120 prev_state=S ==> next_comm=swapper/1 next_pid=0 next_prio=120
          <idle>-0     [000] d.h.   251.462120: __handle_irq_event_percpu: [+] irq: [56] handler: dwc_otg_common_irq+0x0/0x28 caller: (handle_irq_event_percpu) 
          <idle>-0     [000] d.h.   251.462125: __handle_irq_event_percpu: [+] irq: [56] handler: dwc_otg_pcd_irq+0x0/0x28 caller: (handle_irq_event_percpu) 
          <idle>-0     [000] d.h.   251.462128: __handle_irq_event_percpu: [+] irq: [56] handler: usb_hcd_irq+0x0/0x48 caller: (handle_irq_event_percpu) 
          <idle>-0     [000] d.h.   251.462247: __handle_irq_event_percpu: [+] irq: [56] handler: dwc_otg_common_irq+0x0/0x28 caller: (handle_irq_event_percpu) 
          <idle>-0     [000] d.h.   251.462252: __handle_irq_event_percpu: [+] irq: [56] handler: dwc_otg_pcd_irq+0x0/0x28 caller: (handle_irq_event_percpu) 
          <idle>-0     [000] d.h.   251.462255: __handle_irq_event_percpu: [+] irq: [56] handler: usb_hcd_irq+0x0/0x48 caller: (handle_irq_event_percpu) 
          <idle>-0     [001] dnh.   251.463535: sched_wakeup: comm=mosquitto pid=467 prio=120 target_cpu=001
          <idle>-0     [001] dnh.   251.463543: workqueue_queue_work: work struct=8fb842c9 function=dbs_work_handler workqueue=47960adf req_cpu=1 cpu=1
          <idle>-0     [001] dnh.   251.463545: workqueue_activate_work: work struct 8fb842c9
          <idle>-0     [001] dnh.   251.463547: insert_work <-__queue_work
          <idle>-0     [001] dnh.   251.463576: <stack trace>
 => insert_work
 => __queue_work
 => queue_work_on
 => dbs_irq_work
 => irq_work_run_list
 => irq_work_run
 => handle_IPI
 => bcm2836_arm_irqchip_handle_irq
 => __irq_svc
 => arch_cpu_idle
 => arch_cpu_idle
 => default_idle_call
 => do_idle
 => cpu_startup_entry
 => secondary_start_kernel
 => 0x001026ec
          <idle>-0     [001] dnh.   251.463582: sched_wakeup: comm=kworker/1:0 pid=17 prio=120 target_cpu=001
          <idle>-0     [001] d...   251.463595: sched_switch: prev_comm=swapper/1 prev_pid=0 prev_prio=120 prev_state=R ==> next_comm=mosquitto next_pid=467 next_prio=120
       mosquitto-467   [001] d...   251.463623: sched_switch: prev_comm=mosquitto prev_pid=467 prev_prio=120 prev_state=S ==> next_comm=kworker/1:0 next_pid=17 next_prio=120
     kworker/1:0-17    [001] ....   251.463628: workqueue_execute_start: work struct 8fb842c9: function dbs_work_handler
     kworker/1:0-17    [001] ....   251.463636: workqueue_execute_end: work struct 8fb842c9
     kworker/1:0-17    [001] d...   251.463654: sched_switch: prev_comm=kworker/1:0 prev_pid=17 prev_prio=120 prev_state=I ==> next_comm=swapper/1 next_pid=0 next_prio=120
          <idle>-0     [000] d.h.   251.470123: __handle_irq_event_percpu: [+] irq: [56] handler: dwc_otg_common_irq+0x0/0x28 caller: (handle_irq_event_percpu) 
          <idle>-0     [000] d.h.   251.470127: __handle_irq_event_percpu: [+] irq: [56] handler: dwc_otg_pcd_irq+0x0/0x28 caller: (handle_irq_event_percpu) 
          <idle>-0     [000] d.h.   251.470131: __handle_irq_event_percpu: [+] irq: [56] handler: usb_hcd_irq+0x0/0x48 caller: (handle_irq_event_percpu) 
          <idle>-0     [000] d.h.   251.470247: __handle_irq_event_percpu: [+] irq: [56] handler: dwc_otg_common_irq+0x0/0x28 caller: (handle_irq_event_percpu) 
          <idle>-0     [000] d.h.   251.470252: __handle_irq_event_percpu: [+] irq: [56] handler: dwc_otg_pcd_irq+0x0/0x28 caller: (handle_irq_event_percpu) 
          <idle>-0     [000] d.h.   251.470255: __handle_irq_event_percpu: [+] irq: [56] handler: usb_hcd_irq+0x0/0x48 caller: (handle_irq_event_percpu) 
          <idle>-0     [000] d.h.   251.472120: __handle_irq_event_percpu: [+] irq: [56] handler: dwc_otg_common_irq+0x0/0x28 caller: (handle_irq_event_percpu) 
          <idle>-0     [000] d.h.   251.472124: __handle_irq_event_percpu: [+] irq: [56] handler: dwc_otg_pcd_irq+0x0/0x28 caller: (handle_irq_event_percpu) 
          <idle>-0     [000] d.h.   251.472128: __handle_irq_event_percpu: [+] irq: [56] handler: usb_hcd_irq+0x0/0x48 caller: (handle_irq_event_percpu) 
          <idle>-0     [000] d.h.   251.472247: __handle_irq_event_percpu: [+] irq: [56] handler: dwc_otg_common_irq+0x0/0x28 caller: (handle_irq_event_percpu) 
          <idle>-0     [000] d.h.   251.472251: __handle_irq_event_percpu: [+] irq: [56] handler: dwc_otg_pcd_irq+0x0/0x28 caller: (handle_irq_event_percpu) 
          <idle>-0     [000] d.h.   251.472255: __handle_irq_event_percpu: [+] irq: [56] handler: usb_hcd_irq+0x0/0x48 caller: (handle_irq_event_percpu) 
          <idle>-0     [000] d.h.   251.478121: __handle_irq_event_percpu: [+] irq: [56] handler: dwc_otg_common_irq+0x0/0x28 caller: (handle_irq_event_percpu) 
          <idle>-0     [000] d.h.   251.478125: __handle_irq_event_percpu: [+] irq: [56] handler: dwc_otg_pcd_irq+0x0/0x28 caller: (handle_irq_event_percpu) 
          <idle>-0     [000] d.h.   251.478129: __handle_irq_event_percpu: [+] irq: [56] handler: usb_hcd_irq+0x0/0x48 caller: (handle_irq_event_percpu) 
          <idle>-0     [000] d.h.   251.478247: __handle_irq_event_percpu: [+] irq: [56] handler: dwc_otg_common_irq+0x0/0x28 caller: (handle_irq_event_percpu) 
          <idle>-0     [000] d.h.   251.478252: __handle_irq_event_percpu: [+] irq: [56] handler: dwc_otg_pcd_irq+0x0/0x28 caller: (handle_irq_event_percpu) 
          <idle>-0     [000] d.h.   251.478255: __handle_irq_event_percpu: [+] irq: [56] handler: usb_hcd_irq+0x0/0x48 caller: (handle_irq_event_percpu) 
          <idle>-0     [000] d.h.   251.486123: __handle_irq_event_percpu: [+] irq: [56] handler: dwc_otg_common_irq+0x0/0x28 caller: (handle_irq_event_percpu) 
          <idle>-0     [000] d.h.   251.486127: __handle_irq_event_percpu: [+] irq: [56] handler: dwc_otg_pcd_irq+0x0/0x28 caller: (handle_irq_event_percpu) 
          <idle>-0     [000] d.h.   251.486130: __handle_irq_event_percpu: [+] irq: [56] handler: usb_hcd_irq+0x0/0x48 caller: (handle_irq_event_percpu) 
          <idle>-0     [000] d.h.   251.486247: __handle_irq_event_percpu: [+] irq: [56] handler: dwc_otg_common_irq+0x0/0x28 caller: (handle_irq_event_percpu) 
          <idle>-0     [000] d.h.   251.486251: __handle_irq_event_percpu: [+] irq: [56] handler: dwc_otg_pcd_irq+0x0/0x28 caller: (handle_irq_event_percpu) 
          <idle>-0     [000] d.h.   251.486255: __handle_irq_event_percpu: [+] irq: [56] handler: usb_hcd_irq+0x0/0x48 caller: (handle_irq_event_percpu) 
          <idle>-0     [000] d.h.   251.494120: __handle_irq_event_percpu: [+] irq: [56] handler: dwc_otg_common_irq+0x0/0x28 caller: (handle_irq_event_percpu) 
          <idle>-0     [000] d.h.   251.494125: __handle_irq_event_percpu: [+] irq: [56] handler: dwc_otg_pcd_irq+0x0/0x28 caller: (handle_irq_event_percpu) 
          <idle>-0     [000] d.h.   251.494128: __handle_irq_event_percpu: [+] irq: [56] handler: usb_hcd_irq+0x0/0x48 caller: (handle_irq_event_percpu) 
          <idle>-0     [000] d.h.   251.494247: __handle_irq_event_percpu: [+] irq: [56] handler: dwc_otg_common_irq+0x0/0x28 caller: (handle_irq_event_percpu) 
          <idle>-0     [000] d.h.   251.494252: __handle_irq_event_percpu: [+] irq: [56] handler: dwc_otg_pcd_irq+0x0/0x28 caller: (handle_irq_event_percpu) 
          <idle>-0     [000] d.h.   251.494255: __handle_irq_event_percpu: [+] irq: [56] handler: usb_hcd_irq+0x0/0x48 caller: (handle_irq_event_percpu) 
          <idle>-0     [000] d.h.   251.502123: __handle_irq_event_percpu: [+] irq: [56] handler: dwc_otg_common_irq+0x0/0x28 caller: (handle_irq_event_percpu) 
          <idle>-0     [000] d.h.   251.502127: __handle_irq_event_percpu: [+] irq: [56] handler: dwc_otg_pcd_irq+0x0/0x28 caller: (handle_irq_event_percpu) 
          <idle>-0     [000] d.h.   251.502130: __handle_irq_event_percpu: [+] irq: [56] handler: usb_hcd_irq+0x0/0x48 caller: (handle_irq_event_percpu) 
          <idle>-0     [000] d.h.   251.502247: __handle_irq_event_percpu: [+] irq: [56] handler: dwc_otg_common_irq+0x0/0x28 caller: (handle_irq_event_percpu) 
          <idle>-0     [000] d.h.   251.502251: __handle_irq_event_percpu: [+] irq: [56] handler: dwc_otg_pcd_irq+0x0/0x28 caller: (handle_irq_event_percpu) 
          <idle>-0     [000] d.h.   251.502255: __handle_irq_event_percpu: [+] irq: [56] handler: usb_hcd_irq+0x0/0x48 caller: (handle_irq_event_percpu) 
          <idle>-0     [000] d.h.   251.510123: __handle_irq_event_percpu: [+] irq: [56] handler: dwc_otg_common_irq+0x0/0x28 caller: (handle_irq_event_percpu) 
          <idle>-0     [000] d.h.   251.510127: __handle_irq_event_percpu: [+] irq: [56] handler: dwc_otg_pcd_irq+0x0/0x28 caller: (handle_irq_event_percpu) 
          <idle>-0     [000] d.h.   251.510130: __handle_irq_event_percpu: [+] irq: [56] handler: usb_hcd_irq+0x0/0x48 caller: (handle_irq_event_percpu) 
          <idle>-0     [000] d.h.   251.510247: __handle_irq_event_percpu: [+] irq: [56] handler: dwc_otg_common_irq+0x0/0x28 caller: (handle_irq_event_percpu) 
          <idle>-0     [000] d.h.   251.510251: __handle_irq_event_percpu: [+] irq: [56] handler: dwc_otg_pcd_irq+0x0/0x28 caller: (handle_irq_event_percpu) 
          <idle>-0     [000] d.h.   251.510255: __handle_irq_event_percpu: [+] irq: [56] handler: usb_hcd_irq+0x0/0x48 caller: (handle_irq_event_percpu) 
          <idle>-0     [001] dnh.   251.516089: sched_wakeup: comm=mysqld pid=813 prio=120 target_cpu=001
          <idle>-0     [001] d...   251.516106: sched_switch: prev_comm=swapper/1 prev_pid=0 prev_prio=120 prev_state=R ==> next_comm=mysqld next_pid=813 next_prio=120
          mysqld-813   [001] d...   251.516159: sched_switch: prev_comm=mysqld prev_pid=813 prev_prio=120 prev_state=S ==> next_comm=swapper/1 next_pid=0 next_prio=120
          <idle>-0     [000] d.h.   251.518120: __handle_irq_event_percpu: [+] irq: [56] handler: dwc_otg_common_irq+0x0/0x28 caller: (handle_irq_event_percpu) 
          <idle>-0     [000] d.h.   251.518125: __handle_irq_event_percpu: [+] irq: [56] handler: dwc_otg_pcd_irq+0x0/0x28 caller: (handle_irq_event_percpu) 
          <idle>-0     [000] d.h.   251.518128: __handle_irq_event_percpu: [+] irq: [56] handler: usb_hcd_irq+0x0/0x48 caller: (handle_irq_event_percpu) 
          <idle>-0     [000] d.h.   251.518247: __handle_irq_event_percpu: [+] irq: [56] handler: dwc_otg_common_irq+0x0/0x28 caller: (handle_irq_event_percpu) 
          <idle>-0     [000] d.h.   251.518251: __handle_irq_event_percpu: [+] irq: [56] handler: dwc_otg_pcd_irq+0x0/0x28 caller: (handle_irq_event_percpu) 
          <idle>-0     [000] d.h.   251.518255: __handle_irq_event_percpu: [+] irq: [56] handler: usb_hcd_irq+0x0/0x48 caller: (handle_irq_event_percpu) 
          <idle>-0     [000] d.h.   251.526123: __handle_irq_event_percpu: [+] irq: [56] handler: dwc_otg_common_irq+0x0/0x28 caller: (handle_irq_event_percpu) 
          <idle>-0     [000] d.h.   251.526127: __handle_irq_event_percpu: [+] irq: [56] handler: dwc_otg_pcd_irq+0x0/0x28 caller: (handle_irq_event_percpu) 
          <idle>-0     [000] d.h.   251.526130: __handle_irq_event_percpu: [+] irq: [56] handler: usb_hcd_irq+0x0/0x48 caller: (handle_irq_event_percpu) 
          <idle>-0     [001] dnh.   251.526149: sched_wakeup: comm=rngd pid=591 prio=120 target_cpu=001
          <idle>-0     [001] d...   251.526163: sched_switch: prev_comm=swapper/1 prev_pid=0 prev_prio=120 prev_state=R ==> next_comm=rngd next_pid=591 next_prio=120
            rngd-591   [001] d...   251.526177: sched_switch: prev_comm=rngd prev_pid=591 prev_prio=120 prev_state=S ==> next_comm=swapper/1 next_pid=0 next_prio=120
          <idle>-0     [000] d.h.   251.526248: __handle_irq_event_percpu: [+] irq: [56] handler: dwc_otg_common_irq+0x0/0x28 caller: (handle_irq_event_percpu) 
          <idle>-0     [000] d.h.   251.526252: __handle_irq_event_percpu: [+] irq: [56] handler: dwc_otg_pcd_irq+0x0/0x28 caller: (handle_irq_event_percpu) 
          <idle>-0     [000] d.h.   251.526255: __handle_irq_event_percpu: [+] irq: [56] handler: usb_hcd_irq+0x0/0x48 caller: (handle_irq_event_percpu) 
          <idle>-0     [002] dnh.   251.528183: sched_wakeup: comm=mysqld pid=814 prio=120 target_cpu=002
          <idle>-0     [002] d...   251.528198: sched_switch: prev_comm=swapper/2 prev_pid=0 prev_prio=120 prev_state=R ==> next_comm=mysqld next_pid=814 next_prio=120
          mysqld-814   [002] d...   251.528302: sched_switch: prev_comm=mysqld prev_pid=814 prev_prio=120 prev_state=S ==> next_comm=swapper/2 next_pid=0 next_prio=120
          <idle>-0     [000] d.h.   251.534120: __handle_irq_event_percpu: [+] irq: [56] handler: dwc_otg_common_irq+0x0/0x28 caller: (handle_irq_event_percpu) 
          <idle>-0     [000] d.h.   251.534125: __handle_irq_event_percpu: [+] irq: [56] handler: dwc_otg_pcd_irq+0x0/0x28 caller: (handle_irq_event_percpu) 
          <idle>-0     [000] d.h.   251.534128: __handle_irq_event_percpu: [+] irq: [56] handler: usb_hcd_irq+0x0/0x48 caller: (handle_irq_event_percpu) 
          <idle>-0     [000] d.h.   251.534247: __handle_irq_event_percpu: [+] irq: [56] handler: dwc_otg_common_irq+0x0/0x28 caller: (handle_irq_event_percpu) 
          <idle>-0     [000] d.h.   251.534251: __handle_irq_event_percpu: [+] irq: [56] handler: dwc_otg_pcd_irq+0x0/0x28 caller: (handle_irq_event_percpu) 
          <idle>-0     [000] d.h.   251.534255: __handle_irq_event_percpu: [+] irq: [56] handler: usb_hcd_irq+0x0/0x48 caller: (handle_irq_event_percpu) 
          <idle>-0     [000] d.h.   251.542123: __handle_irq_event_percpu: [+] irq: [56] handler: dwc_otg_common_irq+0x0/0x28 caller: (handle_irq_event_percpu) 
          <idle>-0     [000] d.h.   251.542127: __handle_irq_event_percpu: [+] irq: [56] handler: dwc_otg_pcd_irq+0x0/0x28 caller: (handle_irq_event_percpu) 
          <idle>-0     [000] d.h.   251.542131: __handle_irq_event_percpu: [+] irq: [56] handler: usb_hcd_irq+0x0/0x48 caller: (handle_irq_event_percpu) 
          <idle>-0     [000] d.h.   251.542247: __handle_irq_event_percpu: [+] irq: [56] handler: dwc_otg_common_irq+0x0/0x28 caller: (handle_irq_event_percpu) 
          <idle>-0     [000] d.h.   251.542251: __handle_irq_event_percpu: [+] irq: [56] handler: dwc_otg_pcd_irq+0x0/0x28 caller: (handle_irq_event_percpu) 
          <idle>-0     [000] d.h.   251.542255: __handle_irq_event_percpu: [+] irq: [56] handler: usb_hcd_irq+0x0/0x48 caller: (handle_irq_event_percpu) 
          <idle>-0     [000] d.h.   251.550123: __handle_irq_event_percpu: [+] irq: [56] handler: dwc_otg_common_irq+0x0/0x28 caller: (handle_irq_event_percpu) 
          <idle>-0     [000] d.h.   251.550127: __handle_irq_event_percpu: [+] irq: [56] handler: dwc_otg_pcd_irq+0x0/0x28 caller: (handle_irq_event_percpu) 
          <idle>-0     [000] d.h.   251.550131: __handle_irq_event_percpu: [+] irq: [56] handler: usb_hcd_irq+0x0/0x48 caller: (handle_irq_event_percpu) 
          <idle>-0     [000] d.h.   251.550247: __handle_irq_event_percpu: [+] irq: [56] handler: dwc_otg_common_irq+0x0/0x28 caller: (handle_irq_event_percpu) 
          <idle>-0     [000] d.h.   251.550251: __handle_irq_event_percpu: [+] irq: [56] handler: dwc_otg_pcd_irq+0x0/0x28 caller: (handle_irq_event_percpu) 
          <idle>-0     [000] d.h.   251.550255: __handle_irq_event_percpu: [+] irq: [56] handler: usb_hcd_irq+0x0/0x48 caller: (handle_irq_event_percpu) 
          <idle>-0     [000] d.h.   251.558120: __handle_irq_event_percpu: [+] irq: [56] handler: dwc_otg_common_irq+0x0/0x28 caller: (handle_irq_event_percpu) 
          <idle>-0     [000] d.h.   251.558126: __handle_irq_event_percpu: [+] irq: [56] handler: dwc_otg_pcd_irq+0x0/0x28 caller: (handle_irq_event_percpu) 
          <idle>-0     [000] d.h.   251.558129: __handle_irq_event_percpu: [+] irq: [56] handler: usb_hcd_irq+0x0/0x48 caller: (handle_irq_event_percpu) 
          <idle>-0     [000] d.h.   251.558247: __handle_irq_event_percpu: [+] irq: [56] handler: dwc_otg_common_irq+0x0/0x28 caller: (handle_irq_event_percpu) 
          <idle>-0     [000] d.h.   251.558251: __handle_irq_event_percpu: [+] irq: [56] handler: dwc_otg_pcd_irq+0x0/0x28 caller: (handle_irq_event_percpu) 
          <idle>-0     [000] d.h.   251.558255: __handle_irq_event_percpu: [+] irq: [56] handler: usb_hcd_irq+0x0/0x48 caller: (handle_irq_event_percpu) 
          <idle>-0     [001] dnh.   251.562213: sched_wakeup: comm=mysqld pid=780 prio=120 target_cpu=001
          <idle>-0     [001] d...   251.562227: sched_switch: prev_comm=swapper/1 prev_pid=0 prev_prio=120 prev_state=R ==> next_comm=mysqld next_pid=780 next_prio=120
          mysqld-780   [001] d...   251.562264: sched_switch: prev_comm=mysqld prev_pid=780 prev_prio=120 prev_state=S ==> next_comm=swapper/1 next_pid=0 next_prio=120
          <idle>-0     [001] dnh.   251.563436: sched_wakeup: comm=mysqld pid=779 prio=120 target_cpu=001
          <idle>-0     [001] dnh.   251.563446: sched_wakeup: comm=mysqld pid=777 prio=120 target_cpu=001
          <idle>-0     [001] d...   251.563458: sched_switch: prev_comm=swapper/1 prev_pid=0 prev_prio=120 prev_state=R ==> next_comm=mysqld next_pid=777 next_prio=120
          mysqld-777   [001] d...   251.563486: sched_switch: prev_comm=mysqld prev_pid=777 prev_prio=120 prev_state=S ==> next_comm=mysqld next_pid=779 next_prio=120
          mysqld-779   [001] d...   251.563522: sched_switch: prev_comm=mysqld prev_pid=779 prev_prio=120 prev_state=S ==> next_comm=swapper/1 next_pid=0 next_prio=120
          <idle>-0     [001] dnh.   251.563723: sched_wakeup: comm=mosquitto pid=467 prio=120 target_cpu=001
          <idle>-0     [001] d...   251.563736: sched_switch: prev_comm=swapper/1 prev_pid=0 prev_prio=120 prev_state=R ==> next_comm=mosquitto next_pid=467 next_prio=120
       mosquitto-467   [001] d...   251.563761: sched_switch: prev_comm=mosquitto prev_pid=467 prev_prio=120 prev_state=S ==> next_comm=swapper/1 next_pid=0 next_prio=120
          <idle>-0     [000] d.h.   251.566123: __handle_irq_event_percpu: [+] irq: [56] handler: dwc_otg_common_irq+0x0/0x28 caller: (handle_irq_event_percpu) 
          <idle>-0     [000] d.h.   251.566128: __handle_irq_event_percpu: [+] irq: [56] handler: dwc_otg_pcd_irq+0x0/0x28 caller: (handle_irq_event_percpu) 
          <idle>-0     [000] d.h.   251.566131: __handle_irq_event_percpu: [+] irq: [56] handler: usb_hcd_irq+0x0/0x48 caller: (handle_irq_event_percpu) 
          <idle>-0     [000] d.h.   251.566247: __handle_irq_event_percpu: [+] irq: [56] handler: dwc_otg_common_irq+0x0/0x28 caller: (handle_irq_event_percpu) 
          <idle>-0     [000] d.h.   251.566252: __handle_irq_event_percpu: [+] irq: [56] handler: dwc_otg_pcd_irq+0x0/0x28 caller: (handle_irq_event_percpu) 
          <idle>-0     [000] d.h.   251.566255: __handle_irq_event_percpu: [+] irq: [56] handler: usb_hcd_irq+0x0/0x48 caller: (handle_irq_event_percpu) 
          <idle>-0     [000] d.h.   251.574120: __handle_irq_event_percpu: [+] irq: [56] handler: dwc_otg_common_irq+0x0/0x28 caller: (handle_irq_event_percpu) 
          <idle>-0     [000] d.h.   251.574124: __handle_irq_event_percpu: [+] irq: [56] handler: dwc_otg_pcd_irq+0x0/0x28 caller: (handle_irq_event_percpu) 
          <idle>-0     [000] d.h.   251.574128: __handle_irq_event_percpu: [+] irq: [56] handler: usb_hcd_irq+0x0/0x48 caller: (handle_irq_event_percpu) 
          <idle>-0     [000] d.h.   251.574247: __handle_irq_event_percpu: [+] irq: [56] handler: dwc_otg_common_irq+0x0/0x28 caller: (handle_irq_event_percpu) 
          <idle>-0     [000] d.h.   251.574251: __handle_irq_event_percpu: [+] irq: [56] handler: dwc_otg_pcd_irq+0x0/0x28 caller: (handle_irq_event_percpu) 
          <idle>-0     [000] d.h.   251.574255: __handle_irq_event_percpu: [+] irq: [56] handler: usb_hcd_irq+0x0/0x48 caller: (handle_irq_event_percpu) 
          <idle>-0     [001] dnh.   251.575644: sched_wakeup: comm=mysqld pid=782 prio=120 target_cpu=001
          <idle>-0     [001] dnh.   251.575653: sched_wakeup: comm=mysqld pid=786 prio=120 target_cpu=001
          <idle>-0     [001] dnh.   251.575662: sched_wakeup: comm=mysqld pid=781 prio=120 target_cpu=001
          <idle>-0     [001] dnh.   251.575670: workqueue_queue_work: work struct=8fb842c9 function=dbs_work_handler workqueue=47960adf req_cpu=1 cpu=1
          <idle>-0     [001] dnh.   251.575671: workqueue_activate_work: work struct 8fb842c9
          <idle>-0     [001] dnh.   251.575673: insert_work <-__queue_work
          <idle>-0     [001] dnh.   251.575702: <stack trace>
 => insert_work
 => __queue_work
 => queue_work_on
 => dbs_irq_work
 => irq_work_run_list
 => irq_work_run
 => handle_IPI
 => bcm2836_arm_irqchip_handle_irq
 => __irq_svc
 => arch_cpu_idle
 => arch_cpu_idle
 => default_idle_call
 => do_idle
 => cpu_startup_entry
 => secondary_start_kernel
 => 0x001026ec
          <idle>-0     [001] dnh.   251.575708: sched_wakeup: comm=kworker/1:0 pid=17 prio=120 target_cpu=001
          <idle>-0     [001] d...   251.575723: sched_switch: prev_comm=swapper/1 prev_pid=0 prev_prio=120 prev_state=R ==> next_comm=kworker/1:0 next_pid=17 next_prio=120
     kworker/1:0-17    [001] ....   251.575728: workqueue_execute_start: work struct 8fb842c9: function dbs_work_handler
     kworker/1:0-17    [001] ....   251.575736: workqueue_execute_end: work struct 8fb842c9
     kworker/1:0-17    [001] d...   251.575745: sched_switch: prev_comm=kworker/1:0 prev_pid=17 prev_prio=120 prev_state=I ==> next_comm=mysqld next_pid=782 next_prio=120
          mysqld-782   [001] d...   251.575772: sched_switch: prev_comm=mysqld prev_pid=782 prev_prio=120 prev_state=S ==> next_comm=mysqld next_pid=786 next_prio=120
          mysqld-786   [001] d...   251.575795: sched_switch: prev_comm=mysqld prev_pid=786 prev_prio=120 prev_state=S ==> next_comm=mysqld next_pid=781 next_prio=120
          mysqld-781   [001] d...   251.575833: sched_switch: prev_comm=mysqld prev_pid=781 prev_prio=120 prev_state=S ==> next_comm=swapper/1 next_pid=0 next_prio=120
          <idle>-0     [000] d.h.   251.582120: __handle_irq_event_percpu: [+] irq: [56] handler: dwc_otg_common_irq+0x0/0x28 caller: (handle_irq_event_percpu) 
          <idle>-0     [000] d.h.   251.582125: __handle_irq_event_percpu: [+] irq: [56] handler: dwc_otg_pcd_irq+0x0/0x28 caller: (handle_irq_event_percpu) 
          <idle>-0     [000] d.h.   251.582128: __handle_irq_event_percpu: [+] irq: [56] handler: usb_hcd_irq+0x0/0x48 caller: (handle_irq_event_percpu) 
          <idle>-0     [000] d.h.   251.582247: __handle_irq_event_percpu: [+] irq: [56] handler: dwc_otg_common_irq+0x0/0x28 caller: (handle_irq_event_percpu) 
          <idle>-0     [000] d.h.   251.582251: __handle_irq_event_percpu: [+] irq: [56] handler: dwc_otg_pcd_irq+0x0/0x28 caller: (handle_irq_event_percpu) 
          <idle>-0     [000] d.h.   251.582255: __handle_irq_event_percpu: [+] irq: [56] handler: usb_hcd_irq+0x0/0x48 caller: (handle_irq_event_percpu) 
          <idle>-0     [000] d.h.   251.582910: __handle_irq_event_percpu: [+] irq: [86] handler: bcm2835_mmc_irq+0x0/0x6ec caller: (handle_irq_event_percpu) 
          <idle>-0     [003] dnh.   251.582934: sched_wakeup: comm=irq/86-mmc1 pid=81 prio=49 target_cpu=003
          <idle>-0     [003] d...   251.582951: sched_switch: prev_comm=swapper/3 prev_pid=0 prev_prio=120 prev_state=R ==> next_comm=irq/86-mmc1 next_pid=81 next_prio=49
          <idle>-0     [000] d.h.   251.583041: __handle_irq_event_percpu: [+] irq: [86] handler: bcm2835_mmc_irq+0x0/0x6ec caller: (handle_irq_event_percpu) 
     irq/86-mmc1-81    [003] d...   251.583046: sched_switch: prev_comm=irq/86-mmc1 prev_pid=81 prev_prio=49 prev_state=D ==> next_comm=swapper/3 next_pid=0 next_prio=120
          <idle>-0     [003] dnh.   251.583060: sched_wakeup: comm=irq/86-mmc1 pid=81 prio=49 target_cpu=003
          <idle>-0     [003] d...   251.583067: sched_switch: prev_comm=swapper/3 prev_pid=0 prev_prio=120 prev_state=R ==> next_comm=irq/86-mmc1 next_pid=81 next_prio=49
          <idle>-0     [000] d.h.   251.583097: __handle_irq_event_percpu: [+] irq: [86] handler: bcm2835_mmc_irq+0x0/0x6ec caller: (handle_irq_event_percpu) 
     irq/86-mmc1-81    [003] d...   251.583098: sched_switch: prev_comm=irq/86-mmc1 prev_pid=81 prev_prio=49 prev_state=D ==> next_comm=swapper/3 next_pid=0 next_prio=120
          <idle>-0     [003] dnh.   251.583117: sched_wakeup: comm=irq/86-mmc1 pid=81 prio=49 target_cpu=003
          <idle>-0     [003] d...   251.583124: sched_switch: prev_comm=swapper/3 prev_pid=0 prev_prio=120 prev_state=R ==> next_comm=irq/86-mmc1 next_pid=81 next_prio=49
          <idle>-0     [000] d.h.   251.583147: __handle_irq_event_percpu: [+] irq: [86] handler: bcm2835_mmc_irq+0x0/0x6ec caller: (handle_irq_event_percpu) 
     irq/86-mmc1-81    [003] d...   251.583148: sched_switch: prev_comm=irq/86-mmc1 prev_pid=81 prev_prio=49 prev_state=D ==> next_comm=swapper/3 next_pid=0 next_prio=120
          <idle>-0     [000] d.h.   251.583156: __handle_irq_event_percpu: [+] irq: [86] handler: bcm2835_mmc_irq+0x0/0x6ec caller: (handle_irq_event_percpu) 
          <idle>-0     [003] dnh.   251.583170: sched_wakeup: comm=irq/86-mmc1 pid=81 prio=49 target_cpu=003
          <idle>-0     [003] d...   251.583176: sched_switch: prev_comm=swapper/3 prev_pid=0 prev_prio=120 prev_state=R ==> next_comm=irq/86-mmc1 next_pid=81 next_prio=49
     irq/86-mmc1-81    [003] d...   251.583182: workqueue_queue_work: work struct=99ae5102 function=brcmf_sdio_dataworker [brcmfmac] workqueue=75fe9dc2 req_cpu=4 cpu=4294967295
     irq/86-mmc1-81    [003] d...   251.583184: workqueue_activate_work: work struct 99ae5102
     irq/86-mmc1-81    [003] d...   251.583186: insert_work <-__queue_work
     irq/86-mmc1-81    [003] d...   251.583219: <stack trace>
 => insert_work
 => __queue_work
 => queue_work_on
 => brcmf_sdio_isr
 => brcmf_sdiod_ib_irqhandler
 => process_sdio_pending_irqs
 => sdio_run_irqs
 => bcm2835_mmc_thread_irq
 => irq_thread_fn
 => irq_thread
 => kthread
 => ret_from_fork
 => 0
     irq/86-mmc1-81    [003] d...   251.583229: sched_wakeup: comm=kworker/u8:3 pid=464 prio=120 target_cpu=003
     irq/86-mmc1-81    [003] d...   251.583245: sched_switch: prev_comm=irq/86-mmc1 prev_pid=81 prev_prio=49 prev_state=S ==> next_comm=kworker/u8:3 next_pid=464 next_prio=120
    kworker/u8:3-464   [003] ....   251.583251: workqueue_execute_start: work struct 99ae5102: function brcmf_sdio_dataworker [brcmfmac]
          <idle>-0     [000] d.h.   251.583271: __handle_irq_event_percpu: [+] irq: [86] handler: bcm2835_mmc_irq+0x0/0x6ec caller: (handle_irq_event_percpu) 
    kworker/u8:3-464   [003] d...   251.583282: sched_switch: prev_comm=kworker/u8:3 prev_pid=464 prev_prio=120 prev_state=D ==> next_comm=swapper/3 next_pid=0 next_prio=120
          <idle>-0     [003] dnh.   251.583294: sched_wakeup: comm=kworker/u8:3 pid=464 prio=120 target_cpu=003
          <idle>-0     [003] d...   251.583301: sched_switch: prev_comm=swapper/3 prev_pid=0 prev_prio=120 prev_state=R ==> next_comm=kworker/u8:3 next_pid=464 next_prio=120
    kworker/u8:3-464   [003] d...   251.583312: sched_switch: prev_comm=kworker/u8:3 prev_pid=464 prev_prio=120 prev_state=D ==> next_comm=swapper/3 next_pid=0 next_prio=120
          <idle>-0     [000] dnh.   251.584310: sched_wakeup: comm=in:imklog pid=389 prio=120 target_cpu=000
          <idle>-0     [001] dnh.   251.584312: sched_wakeup: comm=systemd-journal pid=114 prio=120 target_cpu=001
          <idle>-0     [001] d...   251.584326: sched_switch: prev_comm=swapper/1 prev_pid=0 prev_prio=120 prev_state=R ==> next_comm=systemd-journal next_pid=114 next_prio=120
          <idle>-0     [000] d...   251.584326: sched_switch: prev_comm=swapper/0 prev_pid=0 prev_prio=120 prev_state=R ==> next_comm=in:imklog next_pid=389 next_prio=120
       in:imklog-389   [000] d...   251.584496: sched_wakeup: comm=rs:main Q:Reg pid=393 prio=120 target_cpu=000
       in:imklog-389   [000] d...   251.584618: sched_switch: prev_comm=in:imklog prev_pid=389 prev_prio=120 prev_state=S ==> next_comm=rs:main Q:Reg next_pid=393 next_prio=120
   rs:main Q:Reg-393   [000] d...   251.584953: sched_switch: prev_comm=rs:main Q:Reg prev_pid=393 prev_prio=120 prev_state=S ==> next_comm=swapper/0 next_pid=0 next_prio=120
          <idle>-0     [003] dnh.   251.586320: sched_wakeup: comm=kworker/u8:3 pid=464 prio=120 target_cpu=003
          <idle>-0     [003] d...   251.586335: sched_switch: prev_comm=swapper/3 prev_pid=0 prev_prio=120 prev_state=R ==> next_comm=kworker/u8:3 next_pid=464 next_prio=120
    kworker/u8:3-464   [003] d...   251.586356: sched_switch: prev_comm=kworker/u8:3 prev_pid=464 prev_prio=120 prev_state=D ==> next_comm=swapper/3 next_pid=0 next_prio=120
          <idle>-0     [000] d.h.   251.586361: __handle_irq_event_percpu: [+] irq: [86] handler: bcm2835_mmc_irq+0x0/0x6ec caller: (handle_irq_event_percpu) 
          <idle>-0     [003] dnh.   251.586383: sched_wakeup: comm=kworker/u8:3 pid=464 prio=120 target_cpu=003
          <idle>-0     [003] d...   251.586393: sched_switch: prev_comm=swapper/3 prev_pid=0 prev_prio=120 prev_state=R ==> next_comm=kworker/u8:3 next_pid=464 next_prio=120
    kworker/u8:3-464   [003] d...   251.586437: sched_switch: prev_comm=kworker/u8:3 prev_pid=464 prev_prio=120 prev_state=D ==> next_comm=swapper/3 next_pid=0 next_prio=120
          <idle>-0     [000] d.h.   251.586438: __handle_irq_event_percpu: [+] irq: [86] handler: bcm2835_mmc_irq+0x0/0x6ec caller: (handle_irq_event_percpu) 
          <idle>-0     [003] dnh.   251.586462: sched_wakeup: comm=kworker/u8:3 pid=464 prio=120 target_cpu=003
          <idle>-0     [003] d...   251.586473: sched_switch: prev_comm=swapper/3 prev_pid=0 prev_prio=120 prev_state=R ==> next_comm=kworker/u8:3 next_pid=464 next_prio=120
    kworker/u8:3-464   [003] d...   251.586506: sched_switch: prev_comm=kworker/u8:3 prev_pid=464 prev_prio=120 prev_state=D ==> next_comm=swapper/3 next_pid=0 next_prio=120
          <idle>-0     [000] d.h.   251.586506: __handle_irq_event_percpu: [+] irq: [86] handler: bcm2835_mmc_irq+0x0/0x6ec caller: (handle_irq_event_percpu) 
          <idle>-0     [003] dnh.   251.586526: sched_wakeup: comm=kworker/u8:3 pid=464 prio=120 target_cpu=003
          <idle>-0     [003] d...   251.586537: sched_switch: prev_comm=swapper/3 prev_pid=0 prev_prio=120 prev_state=R ==> next_comm=kworker/u8:3 next_pid=464 next_prio=120
 systemd-journal-114   [001] dnh.   251.586626: sched_wakeup: comm=sshd pid=1215 prio=120 target_cpu=001
 systemd-journal-114   [001] d...   251.586639: sched_switch: prev_comm=systemd-journal prev_pid=114 prev_prio=120 prev_state=R ==> next_comm=sshd next_pid=1215 next_prio=120
          <idle>-0     [000] d.h.   251.586645: __handle_irq_event_percpu: [+] irq: [86] handler: bcm2835_mmc_irq+0x0/0x6ec caller: (handle_irq_event_percpu) 
    kworker/u8:3-464   [003] d...   251.586661: sched_switch: prev_comm=kworker/u8:3 prev_pid=464 prev_prio=120 prev_state=D ==> next_comm=swapper/3 next_pid=0 next_prio=120
          <idle>-0     [003] dnh.   251.586671: sched_wakeup: comm=kworker/u8:3 pid=464 prio=120 target_cpu=003
          <idle>-0     [003] d...   251.586679: sched_switch: prev_comm=swapper/3 prev_pid=0 prev_prio=120 prev_state=R ==> next_comm=kworker/u8:3 next_pid=464 next_prio=120
    kworker/u8:3-464   [003] ....   251.586690: workqueue_execute_end: work struct 99ae5102
    kworker/u8:3-464   [003] d...   251.586707: sched_switch: prev_comm=kworker/u8:3 prev_pid=464 prev_prio=120 prev_state=I ==> next_comm=swapper/3 next_pid=0 next_prio=120
            sshd-1215  [001] d...   251.586809: workqueue_queue_work: work struct=e5a8afd4 function=flush_to_ldisc workqueue=6d22f3f5 req_cpu=4 cpu=4294967295
            sshd-1215  [001] d...   251.586812: workqueue_activate_work: work struct e5a8afd4
            sshd-1215  [001] d...   251.586815: insert_work <-__queue_work
            sshd-1215  [001] d...   251.586851: <stack trace>
 => insert_work
 => __queue_work
 => queue_work_on
 => tty_flip_buffer_push
 => pty_write
 => n_tty_write
 => tty_write
 => __vfs_write
 => vfs_write
 => ksys_write
 => sys_write
 => ret_fast_syscall
 => 0x7e937220
          <idle>-0     [003] dnh.   251.586862: sched_wakeup: comm=kworker/u8:3 pid=464 prio=120 target_cpu=003
          <idle>-0     [003] d...   251.586873: sched_switch: prev_comm=swapper/3 prev_pid=0 prev_prio=120 prev_state=R ==> next_comm=kworker/u8:3 next_pid=464 next_prio=120
    kworker/u8:3-464   [003] ....   251.586880: workqueue_execute_start: work struct e5a8afd4: function flush_to_ldisc
    kworker/u8:3-464   [003] ....   251.586894: workqueue_execute_end: work struct e5a8afd4
    kworker/u8:3-464   [003] d...   251.586901: sched_switch: prev_comm=kworker/u8:3 prev_pid=464 prev_prio=120 prev_state=I ==> next_comm=swapper/3 next_pid=0 next_prio=120
          <idle>-0     [002] dnh.   251.586903: sched_wakeup: comm=bash pid=1256 prio=120 target_cpu=002
            sshd-1215  [001] d...   251.586904: sched_switch: prev_comm=sshd prev_pid=1215 prev_prio=120 prev_state=S ==> next_comm=systemd-journal next_pid=114 next_prio=120
          <idle>-0     [002] d...   251.586918: sched_switch: prev_comm=swapper/2 prev_pid=0 prev_prio=120 prev_state=R ==> next_comm=bash next_pid=1256 next_prio=120
            bash-1256  [002] d...   251.587015: workqueue_queue_work: work struct=2a27e01a function=flush_to_ldisc workqueue=6d22f3f5 req_cpu=4 cpu=4294967295
            bash-1256  [002] d...   251.587018: workqueue_activate_work: work struct 2a27e01a
            bash-1256  [002] d...   251.587020: insert_work <-__queue_work
            bash-1256  [002] d...   251.587046: <stack trace>
 => insert_work
 => __queue_work
 => queue_work_on
 => tty_flip_buffer_push
 => pty_write
 => n_tty_write
 => tty_write
 => __vfs_write
 => vfs_write
 => ksys_write
 => sys_write
 => ret_fast_syscall
 => 0x7eb08168
          <idle>-0     [003] dnh.   251.587057: sched_wakeup: comm=kworker/u8:3 pid=464 prio=120 target_cpu=003
          <idle>-0     [003] d...   251.587069: sched_switch: prev_comm=swapper/3 prev_pid=0 prev_prio=120 prev_state=R ==> next_comm=kworker/u8:3 next_pid=464 next_prio=120
    kworker/u8:3-464   [003] ....   251.587073: workqueue_execute_start: work struct 2a27e01a: function flush_to_ldisc
    kworker/u8:3-464   [003] ....   251.587081: workqueue_execute_end: work struct 2a27e01a
    kworker/u8:3-464   [003] d...   251.587087: sched_switch: prev_comm=kworker/u8:3 prev_pid=464 prev_prio=120 prev_state=I ==> next_comm=swapper/3 next_pid=0 next_prio=120
 systemd-journal-114   [001] dnh.   251.587091: sched_wakeup: comm=sshd pid=1215 prio=120 target_cpu=001
            bash-1256  [002] d...   251.587098: sched_switch: prev_comm=bash prev_pid=1256 prev_prio=120 prev_state=S ==> next_comm=swapper/2 next_pid=0 next_prio=120
 systemd-journal-114   [001] d...   251.587108: sched_switch: prev_comm=systemd-journal prev_pid=114 prev_prio=120 prev_state=R ==> next_comm=sshd next_pid=1215 next_prio=120
            sshd-1215  [001] d...   251.587275: workqueue_queue_work: work struct=99ae5102 function=brcmf_sdio_dataworker [brcmfmac] workqueue=75fe9dc2 req_cpu=4 cpu=4294967295
            sshd-1215  [001] d...   251.587277: workqueue_activate_work: work struct 99ae5102
            sshd-1215  [001] d...   251.587279: insert_work <-__queue_work
            sshd-1215  [001] d...   251.587346: <stack trace>
 => insert_work
 => __queue_work
 => queue_work_on
 => brcmf_sdio_bus_txdata
 => brcmf_proto_bcdc_txdata
 => brcmf_proto_bcdc_tx_queue_data
 => brcmf_netdev_start_xmit
 => dev_hard_start_xmit
 => sch_direct_xmit
 => __qdisc_run
 => __dev_queue_xmit
 => dev_queue_xmit
 => ip_finish_output2
 => ip_finish_output
 => ip_output
 => ip_local_out
 => __ip_queue_xmit
 => ip_queue_xmit
 => __tcp_transmit_skb
 => tcp_write_xmit
 => __tcp_push_pending_frames
 => tcp_push
 => tcp_sendmsg_locked
 => tcp_sendmsg
 => inet_sendmsg
 => sock_sendmsg
 => sock_write_iter
 => __vfs_write
 => vfs_write
 => ksys_write
 => sys_write
 => ret_fast_syscall
 => 0x7e9372c0
          <idle>-0     [003] dnh.   251.587357: sched_wakeup: comm=kworker/u8:3 pid=464 prio=120 target_cpu=003
          <idle>-0     [003] d...   251.587368: sched_switch: prev_comm=swapper/3 prev_pid=0 prev_prio=120 prev_state=R ==> next_comm=kworker/u8:3 next_pid=464 next_prio=120
    kworker/u8:3-464   [003] ....   251.587372: workqueue_execute_start: work struct 99ae5102: function brcmf_sdio_dataworker [brcmfmac]
            sshd-1215  [001] d...   251.587397: sched_switch: prev_comm=sshd prev_pid=1215 prev_prio=120 prev_state=S ==> next_comm=systemd-journal next_pid=114 next_prio=120
    kworker/u8:3-464   [003] d...   251.587414: sched_switch: prev_comm=kworker/u8:3 prev_pid=464 prev_prio=120 prev_state=D ==> next_comm=swapper/3 next_pid=0 next_prio=120
          <idle>-0     [000] d.h.   251.587415: __handle_irq_event_percpu: [+] irq: [86] handler: bcm2835_mmc_irq+0x0/0x6ec caller: (handle_irq_event_percpu) 
          <idle>-0     [000] d.h.   251.587436: __handle_irq_event_percpu: [+] irq: [86] handler: bcm2835_mmc_irq+0x0/0x6ec caller: (handle_irq_event_percpu) 
          <idle>-0     [003] dnh.   251.587452: sched_wakeup: comm=kworker/u8:3 pid=464 prio=120 target_cpu=003
          <idle>-0     [003] d...   251.587463: sched_switch: prev_comm=swapper/3 prev_pid=0 prev_prio=120 prev_state=R ==> next_comm=kworker/u8:3 next_pid=464 next_prio=120
    kworker/u8:3-464   [003] ....   251.587476: workqueue_execute_end: work struct 99ae5102
    kworker/u8:3-464   [003] d...   251.587483: sched_switch: prev_comm=kworker/u8:3 prev_pid=464 prev_prio=120 prev_state=I ==> next_comm=swapper/3 next_pid=0 next_prio=120
 systemd-journal-114   [001] d...   251.587985: sched_switch: prev_comm=systemd-journal prev_pid=114 prev_prio=120 prev_state=S ==> next_comm=swapper/1 next_pid=0 next_prio=120
          <idle>-0     [000] d.h.   251.590122: __handle_irq_event_percpu: [+] irq: [56] handler: dwc_otg_common_irq+0x0/0x28 caller: (handle_irq_event_percpu) 
          <idle>-0     [000] d.h.   251.590129: __handle_irq_event_percpu: [+] irq: [56] handler: dwc_otg_pcd_irq+0x0/0x28 caller: (handle_irq_event_percpu) 
          <idle>-0     [000] d.h.   251.590133: __handle_irq_event_percpu: [+] irq: [56] handler: usb_hcd_irq+0x0/0x48 caller: (handle_irq_event_percpu) 
          <idle>-0     [000] d.h.   251.590248: __handle_irq_event_percpu: [+] irq: [56] handler: dwc_otg_common_irq+0x0/0x28 caller: (handle_irq_event_percpu) 
          <idle>-0     [000] d.h.   251.590253: __handle_irq_event_percpu: [+] irq: [56] handler: dwc_otg_pcd_irq+0x0/0x28 caller: (handle_irq_event_percpu) 
          <idle>-0     [000] d.h.   251.590256: __handle_irq_event_percpu: [+] irq: [56] handler: usb_hcd_irq+0x0/0x48 caller: (handle_irq_event_percpu) 
          <idle>-0     [002] dnh.   251.594356: sched_wakeup: comm=rcu_sched pid=10 prio=120 target_cpu=002
          <idle>-0     [002] d...   251.594370: sched_switch: prev_comm=swapper/2 prev_pid=0 prev_prio=120 prev_state=R ==> next_comm=rcu_sched next_pid=10 next_prio=120
       rcu_sched-10    [002] d...   251.594388: sched_switch: prev_comm=rcu_sched prev_pid=10 prev_prio=120 prev_state=I ==> next_comm=swapper/2 next_pid=0 next_prio=120
          <idle>-0     [000] d.h.   251.598121: __handle_irq_event_percpu: [+] irq: [56] handler: dwc_otg_common_irq+0x0/0x28 caller: (handle_irq_event_percpu) 
          <idle>-0     [000] d.h.   251.598125: __handle_irq_event_percpu: [+] irq: [56] handler: dwc_otg_pcd_irq+0x0/0x28 caller: (handle_irq_event_percpu) 
          <idle>-0     [000] d.h.   251.598128: __handle_irq_event_percpu: [+] irq: [56] handler: usb_hcd_irq+0x0/0x48 caller: (handle_irq_event_percpu) 
          <idle>-0     [000] d.h.   251.598247: __handle_irq_event_percpu: [+] irq: [56] handler: dwc_otg_common_irq+0x0/0x28 caller: (handle_irq_event_percpu) 
          <idle>-0     [000] d.h.   251.598252: __handle_irq_event_percpu: [+] irq: [56] handler: dwc_otg_pcd_irq+0x0/0x28 caller: (handle_irq_event_percpu) 
          <idle>-0     [000] d.h.   251.598255: __handle_irq_event_percpu: [+] irq: [56] handler: usb_hcd_irq+0x0/0x48 caller: (handle_irq_event_percpu) 
          <idle>-0     [000] d.h.   251.598432: __handle_irq_event_percpu: [+] irq: [86] handler: bcm2835_mmc_irq+0x0/0x6ec caller: (handle_irq_event_percpu) 
          <idle>-0     [003] dnh.   251.598451: sched_wakeup: comm=irq/86-mmc1 pid=81 prio=49 target_cpu=003
          <idle>-0     [003] d...   251.598466: sched_switch: prev_comm=swapper/3 prev_pid=0 prev_prio=120 prev_state=R ==> next_comm=irq/86-mmc1 next_pid=81 next_prio=49
          <idle>-0     [000] d.h.   251.598546: __handle_irq_event_percpu: [+] irq: [86] handler: bcm2835_mmc_irq+0x0/0x6ec caller: (handle_irq_event_percpu) 
     irq/86-mmc1-81    [003] d...   251.598551: sched_switch: prev_comm=irq/86-mmc1 prev_pid=81 prev_prio=49 prev_state=D ==> next_comm=swapper/3 next_pid=0 next_prio=120
          <idle>-0     [003] dnh.   251.598562: sched_wakeup: comm=irq/86-mmc1 pid=81 prio=49 target_cpu=003
          <idle>-0     [003] d...   251.598569: sched_switch: prev_comm=swapper/3 prev_pid=0 prev_prio=120 prev_state=R ==> next_comm=irq/86-mmc1 next_pid=81 next_prio=49
          <idle>-0     [000] d.h.   251.598595: __handle_irq_event_percpu: [+] irq: [86] handler: bcm2835_mmc_irq+0x0/0x6ec caller: (handle_irq_event_percpu) 
     irq/86-mmc1-81    [003] d...   251.598596: sched_switch: prev_comm=irq/86-mmc1 prev_pid=81 prev_prio=49 prev_state=D ==> next_comm=swapper/3 next_pid=0 next_prio=120
          <idle>-0     [003] dnh.   251.598613: sched_wakeup: comm=irq/86-mmc1 pid=81 prio=49 target_cpu=003
          <idle>-0     [003] d...   251.598622: sched_switch: prev_comm=swapper/3 prev_pid=0 prev_prio=120 prev_state=R ==> next_comm=irq/86-mmc1 next_pid=81 next_prio=49
     irq/86-mmc1-81    [003] d...   251.598644: sched_switch: prev_comm=irq/86-mmc1 prev_pid=81 prev_prio=49 prev_state=D ==> next_comm=swapper/3 next_pid=0 next_prio=120
          <idle>-0     [000] d.h.   251.598645: __handle_irq_event_percpu: [+] irq: [86] handler: bcm2835_mmc_irq+0x0/0x6ec caller: (handle_irq_event_percpu) 
          <idle>-0     [000] d.h.   251.598652: __handle_irq_event_percpu: [+] irq: [86] handler: bcm2835_mmc_irq+0x0/0x6ec caller: (handle_irq_event_percpu) 
          <idle>-0     [003] dnh.   251.598666: sched_wakeup: comm=irq/86-mmc1 pid=81 prio=49 target_cpu=003
          <idle>-0     [003] d...   251.598672: sched_switch: prev_comm=swapper/3 prev_pid=0 prev_prio=120 prev_state=R ==> next_comm=irq/86-mmc1 next_pid=81 next_prio=49
     irq/86-mmc1-81    [003] d...   251.598678: workqueue_queue_work: work struct=99ae5102 function=brcmf_sdio_dataworker [brcmfmac] workqueue=75fe9dc2 req_cpu=4 cpu=4294967295
     irq/86-mmc1-81    [003] d...   251.598680: workqueue_activate_work: work struct 99ae5102
     irq/86-mmc1-81    [003] d...   251.598682: insert_work <-__queue_work
     irq/86-mmc1-81    [003] d...   251.598714: <stack trace>
 => insert_work
 => __queue_work
 => queue_work_on
 => brcmf_sdio_isr
 => brcmf_sdiod_ib_irqhandler
 => process_sdio_pending_irqs
 => sdio_run_irqs
 => bcm2835_mmc_thread_irq
 => irq_thread_fn
 => irq_thread
 => kthread
 => ret_from_fork
 => 0
     irq/86-mmc1-81    [003] d...   251.598723: sched_wakeup: comm=kworker/u8:3 pid=464 prio=120 target_cpu=003
     irq/86-mmc1-81    [003] d...   251.598739: sched_switch: prev_comm=irq/86-mmc1 prev_pid=81 prev_prio=49 prev_state=S ==> next_comm=kworker/u8:3 next_pid=464 next_prio=120
    kworker/u8:3-464   [003] ....   251.598744: workqueue_execute_start: work struct 99ae5102: function brcmf_sdio_dataworker [brcmfmac]
          <idle>-0     [000] d.h.   251.598779: __handle_irq_event_percpu: [+] irq: [86] handler: bcm2835_mmc_irq+0x0/0x6ec caller: (handle_irq_event_percpu) 
    kworker/u8:3-464   [003] d...   251.598798: sched_switch: prev_comm=kworker/u8:3 prev_pid=464 prev_prio=120 prev_state=D ==> next_comm=swapper/3 next_pid=0 next_prio=120
          <idle>-0     [003] dnh.   251.598810: sched_wakeup: comm=kworker/u8:3 pid=464 prio=120 target_cpu=003
          <idle>-0     [003] d...   251.598818: sched_switch: prev_comm=swapper/3 prev_pid=0 prev_prio=120 prev_state=R ==> next_comm=kworker/u8:3 next_pid=464 next_prio=120
          <idle>-0     [000] d.h.   251.598847: __handle_irq_event_percpu: [+] irq: [86] handler: bcm2835_mmc_irq+0x0/0x6ec caller: (handle_irq_event_percpu) 
    kworker/u8:3-464   [003] d...   251.598847: sched_switch: prev_comm=kworker/u8:3 prev_pid=464 prev_prio=120 prev_state=D ==> next_comm=swapper/3 next_pid=0 next_prio=120
          <idle>-0     [003] dnh.   251.598865: sched_wakeup: comm=kworker/u8:3 pid=464 prio=120 target_cpu=003
          <idle>-0     [003] d...   251.598872: sched_switch: prev_comm=swapper/3 prev_pid=0 prev_prio=120 prev_state=R ==> next_comm=kworker/u8:3 next_pid=464 next_prio=120
          <idle>-0     [000] d.h.   251.598965: __handle_irq_event_percpu: [+] irq: [86] handler: bcm2835_mmc_irq+0x0/0x6ec caller: (handle_irq_event_percpu) 
    kworker/u8:3-464   [003] d...   251.598966: sched_switch: prev_comm=kworker/u8:3 prev_pid=464 prev_prio=120 prev_state=D ==> next_comm=swapper/3 next_pid=0 next_prio=120
          <idle>-0     [003] dnh.   251.598985: sched_wakeup: comm=kworker/u8:3 pid=464 prio=120 target_cpu=003
          <idle>-0     [003] d...   251.598992: sched_switch: prev_comm=swapper/3 prev_pid=0 prev_prio=120 prev_state=R ==> next_comm=kworker/u8:3 next_pid=464 next_prio=120
    kworker/u8:3-464   [003] ....   251.599001: workqueue_execute_end: work struct 99ae5102
    kworker/u8:3-464   [003] d...   251.599008: sched_switch: prev_comm=kworker/u8:3 prev_pid=464 prev_prio=120 prev_state=I ==> next_comm=swapper/3 next_pid=0 next_prio=120
          <idle>-0     [000] dnh.   251.604306: sched_wakeup: comm=in:imklog pid=389 prio=120 target_cpu=000
          <idle>-0     [001] dnH.   251.604309: sched_wakeup: comm=systemd-journal pid=114 prio=120 target_cpu=001
          <idle>-0     [000] d...   251.604323: sched_switch: prev_comm=swapper/0 prev_pid=0 prev_prio=120 prev_state=R ==> next_comm=in:imklog next_pid=389 next_prio=120
          <idle>-0     [001] d...   251.604337: sched_switch: prev_comm=swapper/1 prev_pid=0 prev_prio=120 prev_state=R ==> next_comm=systemd-journal next_pid=114 next_prio=120
       in:imklog-389   [000] d...   251.604474: sched_wakeup: comm=rs:main Q:Reg pid=393 prio=120 target_cpu=000
       in:imklog-389   [000] d...   251.604592: sched_switch: prev_comm=in:imklog prev_pid=389 prev_prio=120 prev_state=S ==> next_comm=rs:main Q:Reg next_pid=393 next_prio=120
   rs:main Q:Reg-393   [000] d...   251.604968: sched_switch: prev_comm=rs:main Q:Reg prev_pid=393 prev_prio=120 prev_state=S ==> next_comm=swapper/0 next_pid=0 next_prio=120
          <idle>-0     [000] d.h.   251.606128: __handle_irq_event_percpu: [+] irq: [56] handler: dwc_otg_common_irq+0x0/0x28 caller: (handle_irq_event_percpu) 
          <idle>-0     [000] d.h.   251.606135: __handle_irq_event_percpu: [+] irq: [56] handler: dwc_otg_pcd_irq+0x0/0x28 caller: (handle_irq_event_percpu) 
          <idle>-0     [000] d.h.   251.606139: __handle_irq_event_percpu: [+] irq: [56] handler: usb_hcd_irq+0x0/0x48 caller: (handle_irq_event_percpu) 
          <idle>-0     [000] d.h.   251.606248: __handle_irq_event_percpu: [+] irq: [56] handler: dwc_otg_common_irq+0x0/0x28 caller: (handle_irq_event_percpu) 
          <idle>-0     [000] d.h.   251.606254: __handle_irq_event_percpu: [+] irq: [56] handler: dwc_otg_pcd_irq+0x0/0x28 caller: (handle_irq_event_percpu) 
          <idle>-0     [000] d.h.   251.606257: __handle_irq_event_percpu: [+] irq: [56] handler: usb_hcd_irq+0x0/0x48 caller: (handle_irq_event_percpu) 
 systemd-journal-114   [001] d...   251.607039: sched_switch: prev_comm=systemd-journal prev_pid=114 prev_prio=120 prev_state=S ==> next_comm=swapper/1 next_pid=0 next_prio=120
          <idle>-0     [003] dnh.   251.608606: sched_wakeup: comm=lxpanel pid=997 prio=120 target_cpu=003
          <idle>-0     [003] d...   251.608617: sched_switch: prev_comm=swapper/3 prev_pid=0 prev_prio=120 prev_state=R ==> next_comm=lxpanel next_pid=997 next_prio=120
         lxpanel-997   [003] d...   251.608733: sched_switch: prev_comm=lxpanel prev_pid=997 prev_prio=120 prev_state=S ==> next_comm=swapper/3 next_pid=0 next_prio=120
          <idle>-0     [000] d.h.   251.614120: __handle_irq_event_percpu: [+] irq: [56] handler: dwc_otg_common_irq+0x0/0x28 caller: (handle_irq_event_percpu) 
          <idle>-0     [000] d.h.   251.614125: __handle_irq_event_percpu: [+] irq: [56] handler: dwc_otg_pcd_irq+0x0/0x28 caller: (handle_irq_event_percpu) 
          <idle>-0     [000] d.h.   251.614128: __handle_irq_event_percpu: [+] irq: [56] handler: usb_hcd_irq+0x0/0x48 caller: (handle_irq_event_percpu) 
          <idle>-0     [000] d.h.   251.614247: __handle_irq_event_percpu: [+] irq: [56] handler: dwc_otg_common_irq+0x0/0x28 caller: (handle_irq_event_percpu) 
          <idle>-0     [000] d.h.   251.614252: __handle_irq_event_percpu: [+] irq: [56] handler: dwc_otg_pcd_irq+0x0/0x28 caller: (handle_irq_event_percpu) 
          <idle>-0     [000] d.h.   251.614255: __handle_irq_event_percpu: [+] irq: [56] handler: usb_hcd_irq+0x0/0x48 caller: (handle_irq_event_percpu) 
          <idle>-0     [002] dns.   251.614314: sched_wakeup: comm=rcu_sched pid=10 prio=120 target_cpu=002
          <idle>-0     [000] dnh.   251.614318: sched_wakeup: comm=brcmf_wdog/mmc1 pid=248 prio=120 target_cpu=000
