          <idle>-0     [000] d...   251.614333: sched_switch: prev_comm=swapper/0 prev_pid=0 prev_prio=120 prev_state=R ==> next_comm=brcmf_wdog/mmc1 next_pid=248 next_prio=120
          <idle>-0     [002] d...   251.614343: sched_switch: prev_comm=swapper/2 prev_pid=0 prev_prio=120 prev_state=R ==> next_comm=rcu_sched next_pid=10 next_prio=120
 brcmf_wdog/mmc1-248   [000] d...   251.614346: sched_switch: prev_comm=brcmf_wdog/mmc1 prev_pid=248 prev_prio=120 prev_state=S ==> next_comm=swapper/0 next_pid=0 next_prio=120
       rcu_sched-10    [002] d...   251.614359: sched_switch: prev_comm=rcu_sched prev_pid=10 prev_prio=120 prev_state=I ==> next_comm=swapper/2 next_pid=0 next_prio=120
          <idle>-0     [000] d.h.   251.622121: __handle_irq_event_percpu: [+] irq: [56] handler: dwc_otg_common_irq+0x0/0x28 caller: (handle_irq_event_percpu) 
          <idle>-0     [000] d.h.   251.622126: __handle_irq_event_percpu: [+] irq: [56] handler: dwc_otg_pcd_irq+0x0/0x28 caller: (handle_irq_event_percpu) 
          <idle>-0     [000] d.h.   251.622129: __handle_irq_event_percpu: [+] irq: [56] handler: usb_hcd_irq+0x0/0x48 caller: (handle_irq_event_percpu) 
          <idle>-0     [000] d.h.   251.622247: __handle_irq_event_percpu: [+] irq: [56] handler: dwc_otg_common_irq+0x0/0x28 caller: (handle_irq_event_percpu) 
          <idle>-0     [000] d.h.   251.622252: __handle_irq_event_percpu: [+] irq: [56] handler: dwc_otg_pcd_irq+0x0/0x28 caller: (handle_irq_event_percpu) 
          <idle>-0     [000] d.h.   251.622255: __handle_irq_event_percpu: [+] irq: [56] handler: usb_hcd_irq+0x0/0x48 caller: (handle_irq_event_percpu) 
          <idle>-0     [000] d.h.   251.630120: __handle_irq_event_percpu: [+] irq: [56] handler: dwc_otg_common_irq+0x0/0x28 caller: (handle_irq_event_percpu) 
          <idle>-0     [000] d.h.   251.630124: __handle_irq_event_percpu: [+] irq: [56] handler: dwc_otg_pcd_irq+0x0/0x28 caller: (handle_irq_event_percpu) 
          <idle>-0     [000] d.h.   251.630128: __handle_irq_event_percpu: [+] irq: [56] handler: usb_hcd_irq+0x0/0x48 caller: (handle_irq_event_percpu) 
          <idle>-0     [000] d.h.   251.630247: __handle_irq_event_percpu: [+] irq: [56] handler: dwc_otg_common_irq+0x0/0x28 caller: (handle_irq_event_percpu) 
          <idle>-0     [000] d.h.   251.630251: __handle_irq_event_percpu: [+] irq: [56] handler: dwc_otg_pcd_irq+0x0/0x28 caller: (handle_irq_event_percpu) 
          <idle>-0     [000] d.h.   251.630255: __handle_irq_event_percpu: [+] irq: [56] handler: usb_hcd_irq+0x0/0x48 caller: (handle_irq_event_percpu) 
          <idle>-0     [000] d.h.   251.633478: __handle_irq_event_percpu: [+] irq: [86] handler: bcm2835_mmc_irq+0x0/0x6ec caller: (handle_irq_event_percpu) 
          <idle>-0     [003] dnh.   251.633498: sched_wakeup: comm=irq/86-mmc1 pid=81 prio=49 target_cpu=003
          <idle>-0     [003] d...   251.633513: sched_switch: prev_comm=swapper/3 prev_pid=0 prev_prio=120 prev_state=R ==> next_comm=irq/86-mmc1 next_pid=81 next_prio=49
          <idle>-0     [000] d.h.   251.633592: __handle_irq_event_percpu: [+] irq: [86] handler: bcm2835_mmc_irq+0x0/0x6ec caller: (handle_irq_event_percpu) 
     irq/86-mmc1-81    [003] d...   251.633597: sched_switch: prev_comm=irq/86-mmc1 prev_pid=81 prev_prio=49 prev_state=D ==> next_comm=swapper/3 next_pid=0 next_prio=120
          <idle>-0     [003] dnh.   251.633610: sched_wakeup: comm=irq/86-mmc1 pid=81 prio=49 target_cpu=003
          <idle>-0     [003] d...   251.633617: sched_switch: prev_comm=swapper/3 prev_pid=0 prev_prio=120 prev_state=R ==> next_comm=irq/86-mmc1 next_pid=81 next_prio=49
          <idle>-0     [000] d.h.   251.633645: __handle_irq_event_percpu: [+] irq: [86] handler: bcm2835_mmc_irq+0x0/0x6ec caller: (handle_irq_event_percpu) 
     irq/86-mmc1-81    [003] d...   251.633646: sched_switch: prev_comm=irq/86-mmc1 prev_pid=81 prev_prio=49 prev_state=D ==> next_comm=swapper/3 next_pid=0 next_prio=120
          <idle>-0     [003] dnh.   251.633664: sched_wakeup: comm=irq/86-mmc1 pid=81 prio=49 target_cpu=003
          <idle>-0     [003] d...   251.633671: sched_switch: prev_comm=swapper/3 prev_pid=0 prev_prio=120 prev_state=R ==> next_comm=irq/86-mmc1 next_pid=81 next_prio=49
          <idle>-0     [000] d.h.   251.633694: __handle_irq_event_percpu: [+] irq: [86] handler: bcm2835_mmc_irq+0x0/0x6ec caller: (handle_irq_event_percpu) 
     irq/86-mmc1-81    [003] d...   251.633694: sched_switch: prev_comm=irq/86-mmc1 prev_pid=81 prev_prio=49 prev_state=D ==> next_comm=swapper/3 next_pid=0 next_prio=120
          <idle>-0     [000] d.h.   251.633702: __handle_irq_event_percpu: [+] irq: [86] handler: bcm2835_mmc_irq+0x0/0x6ec caller: (handle_irq_event_percpu) 
          <idle>-0     [003] dnh.   251.633716: sched_wakeup: comm=irq/86-mmc1 pid=81 prio=49 target_cpu=003
          <idle>-0     [003] d...   251.633723: sched_switch: prev_comm=swapper/3 prev_pid=0 prev_prio=120 prev_state=R ==> next_comm=irq/86-mmc1 next_pid=81 next_prio=49
     irq/86-mmc1-81    [003] d...   251.633730: workqueue_queue_work: work struct=99ae5102 function=brcmf_sdio_dataworker [brcmfmac] workqueue=75fe9dc2 req_cpu=4 cpu=4294967295
     irq/86-mmc1-81    [003] d...   251.633732: workqueue_activate_work: work struct 99ae5102
     irq/86-mmc1-81    [003] d...   251.633735: insert_work <-__queue_work
     irq/86-mmc1-81    [003] d...   251.633774: <stack trace>
 => insert_work
 => __queue_work
 => queue_work_on
 => brcmf_sdio_isr
 => brcmf_sdiod_ib_irqhandler
 => process_sdio_pending_irqs
 => sdio_run_irqs
 => bcm2835_mmc_thread_irq
 => irq_thread_fn
 => irq_thread
 => kthread
 => ret_from_fork
 => 0
     irq/86-mmc1-81    [003] d...   251.633785: sched_wakeup: comm=kworker/u8:3 pid=464 prio=120 target_cpu=003
     irq/86-mmc1-81    [003] d...   251.633802: sched_switch: prev_comm=irq/86-mmc1 prev_pid=81 prev_prio=49 prev_state=S ==> next_comm=kworker/u8:3 next_pid=464 next_prio=120
    kworker/u8:3-464   [003] ....   251.633809: workqueue_execute_start: work struct 99ae5102: function brcmf_sdio_dataworker [brcmfmac]
          <idle>-0     [000] d.h.   251.633845: __handle_irq_event_percpu: [+] irq: [86] handler: bcm2835_mmc_irq+0x0/0x6ec caller: (handle_irq_event_percpu) 
    kworker/u8:3-464   [003] d...   251.633864: sched_switch: prev_comm=kworker/u8:3 prev_pid=464 prev_prio=120 prev_state=D ==> next_comm=swapper/3 next_pid=0 next_prio=120
          <idle>-0     [003] dnh.   251.633877: sched_wakeup: comm=kworker/u8:3 pid=464 prio=120 target_cpu=003
          <idle>-0     [003] d...   251.633884: sched_switch: prev_comm=swapper/3 prev_pid=0 prev_prio=120 prev_state=R ==> next_comm=kworker/u8:3 next_pid=464 next_prio=120
          <idle>-0     [000] d.h.   251.633915: __handle_irq_event_percpu: [+] irq: [86] handler: bcm2835_mmc_irq+0x0/0x6ec caller: (handle_irq_event_percpu) 
    kworker/u8:3-464   [003] d...   251.633916: sched_switch: prev_comm=kworker/u8:3 prev_pid=464 prev_prio=120 prev_state=D ==> next_comm=swapper/3 next_pid=0 next_prio=120
          <idle>-0     [003] dnh.   251.633935: sched_wakeup: comm=kworker/u8:3 pid=464 prio=120 target_cpu=003
          <idle>-0     [003] d...   251.633942: sched_switch: prev_comm=swapper/3 prev_pid=0 prev_prio=120 prev_state=R ==> next_comm=kworker/u8:3 next_pid=464 next_prio=120
          <idle>-0     [001] dnh.   251.634011: sched_wakeup: comm=sshd pid=1215 prio=120 target_cpu=001
          <idle>-0     [001] d...   251.634021: sched_switch: prev_comm=swapper/1 prev_pid=0 prev_prio=120 prev_state=R ==> next_comm=sshd next_pid=1215 next_prio=120
          <idle>-0     [000] d.h.   251.634034: __handle_irq_event_percpu: [+] irq: [86] handler: bcm2835_mmc_irq+0x0/0x6ec caller: (handle_irq_event_percpu) 
    kworker/u8:3-464   [003] d...   251.634036: sched_switch: prev_comm=kworker/u8:3 prev_pid=464 prev_prio=120 prev_state=D ==> next_comm=swapper/3 next_pid=0 next_prio=120
          <idle>-0     [003] dnh.   251.634056: sched_wakeup: comm=kworker/u8:3 pid=464 prio=120 target_cpu=003
          <idle>-0     [003] d...   251.634063: sched_switch: prev_comm=swapper/3 prev_pid=0 prev_prio=120 prev_state=R ==> next_comm=kworker/u8:3 next_pid=464 next_prio=120
    kworker/u8:3-464   [003] ....   251.634074: workqueue_execute_end: work struct 99ae5102
    kworker/u8:3-464   [003] d...   251.634081: sched_switch: prev_comm=kworker/u8:3 prev_pid=464 prev_prio=120 prev_state=I ==> next_comm=swapper/3 next_pid=0 next_prio=120
            sshd-1215  [001] d...   251.634175: workqueue_queue_work: work struct=e5a8afd4 function=flush_to_ldisc workqueue=6d22f3f5 req_cpu=4 cpu=4294967295
            sshd-1215  [001] d...   251.634177: workqueue_activate_work: work struct e5a8afd4
            sshd-1215  [001] d...   251.634180: insert_work <-__queue_work
            sshd-1215  [001] d...   251.634209: <stack trace>
 => insert_work
 => __queue_work
 => queue_work_on
 => tty_flip_buffer_push
 => pty_write
 => n_tty_write
 => tty_write
 => __vfs_write
 => vfs_write
 => ksys_write
 => sys_write
 => ret_fast_syscall
 => 0x7e937220
          <idle>-0     [003] dnh.   251.634220: sched_wakeup: comm=kworker/u8:3 pid=464 prio=120 target_cpu=003
          <idle>-0     [003] d...   251.634226: sched_switch: prev_comm=swapper/3 prev_pid=0 prev_prio=120 prev_state=R ==> next_comm=kworker/u8:3 next_pid=464 next_prio=120
    kworker/u8:3-464   [003] ....   251.634231: workqueue_execute_start: work struct e5a8afd4: function flush_to_ldisc
    kworker/u8:3-464   [003] ....   251.634244: workqueue_execute_end: work struct e5a8afd4
    kworker/u8:3-464   [003] d...   251.634251: sched_switch: prev_comm=kworker/u8:3 prev_pid=464 prev_prio=120 prev_state=I ==> next_comm=swapper/3 next_pid=0 next_prio=120
          <idle>-0     [002] dnh.   251.634251: sched_wakeup: comm=bash pid=1256 prio=120 target_cpu=002
            sshd-1215  [001] d...   251.634257: sched_switch: prev_comm=sshd prev_pid=1215 prev_prio=120 prev_state=S ==> next_comm=swapper/1 next_pid=0 next_prio=120
          <idle>-0     [002] d...   251.634265: sched_switch: prev_comm=swapper/2 prev_pid=0 prev_prio=120 prev_state=R ==> next_comm=bash next_pid=1256 next_prio=120
          <idle>-0     [000] dnh.   251.634306: sched_wakeup: comm=in:imklog pid=389 prio=120 target_cpu=000
          <idle>-0     [001] dnH.   251.634309: sched_wakeup: comm=systemd-journal pid=114 prio=120 target_cpu=001
            bash-1256  [002] dns.   251.634311: sched_wakeup: comm=rcu_sched pid=10 prio=120 target_cpu=002
          <idle>-0     [000] d...   251.634320: sched_switch: prev_comm=swapper/0 prev_pid=0 prev_prio=120 prev_state=R ==> next_comm=in:imklog next_pid=389 next_prio=120
            bash-1256  [002] d...   251.634332: sched_switch: prev_comm=bash prev_pid=1256 prev_prio=120 prev_state=R ==> next_comm=rcu_sched next_pid=10 next_prio=120
          <idle>-0     [001] d...   251.634334: sched_switch: prev_comm=swapper/1 prev_pid=0 prev_prio=120 prev_state=R ==> next_comm=systemd-journal next_pid=114 next_prio=120
       rcu_sched-10    [002] d...   251.634356: sched_switch: prev_comm=rcu_sched prev_pid=10 prev_prio=120 prev_state=I ==> next_comm=bash next_pid=1256 next_prio=120
            bash-1256  [002] d...   251.634409: workqueue_queue_work: work struct=2a27e01a function=flush_to_ldisc workqueue=6d22f3f5 req_cpu=4 cpu=4294967295
            bash-1256  [002] d...   251.634412: workqueue_activate_work: work struct 2a27e01a
            bash-1256  [002] d...   251.634413: insert_work <-__queue_work
            bash-1256  [002] d...   251.634438: <stack trace>
 => insert_work
 => __queue_work
 => queue_work_on
 => tty_flip_buffer_push
 => pty_write
 => n_tty_write
 => tty_write
 => __vfs_write
 => vfs_write
 => ksys_write
 => sys_write
 => ret_fast_syscall
 => 0x7eb08168
          <idle>-0     [003] dnh.   251.634449: sched_wakeup: comm=kworker/u8:3 pid=464 prio=120 target_cpu=003
          <idle>-0     [003] d...   251.634456: sched_switch: prev_comm=swapper/3 prev_pid=0 prev_prio=120 prev_state=R ==> next_comm=kworker/u8:3 next_pid=464 next_prio=120
    kworker/u8:3-464   [003] ....   251.634461: workqueue_execute_start: work struct 2a27e01a: function flush_to_ldisc
       in:imklog-389   [000] d...   251.634462: sched_wakeup: comm=rs:main Q:Reg pid=393 prio=120 target_cpu=000
    kworker/u8:3-464   [003] ....   251.634470: workqueue_execute_end: work struct 2a27e01a
    kworker/u8:3-464   [003] d...   251.634477: sched_switch: prev_comm=kworker/u8:3 prev_pid=464 prev_prio=120 prev_state=I ==> next_comm=swapper/3 next_pid=0 next_prio=120
 systemd-journal-114   [001] dnh.   251.634478: sched_wakeup: comm=sshd pid=1215 prio=120 target_cpu=001
            bash-1256  [002] d...   251.634486: sched_switch: prev_comm=bash prev_pid=1256 prev_prio=120 prev_state=S ==> next_comm=swapper/2 next_pid=0 next_prio=120
 systemd-journal-114   [001] d...   251.634495: sched_switch: prev_comm=systemd-journal prev_pid=114 prev_prio=120 prev_state=R+ ==> next_comm=sshd next_pid=1215 next_prio=120
       in:imklog-389   [000] d...   251.634583: sched_switch: prev_comm=in:imklog prev_pid=389 prev_prio=120 prev_state=S ==> next_comm=rs:main Q:Reg next_pid=393 next_prio=120
            sshd-1215  [001] d...   251.634659: workqueue_queue_work: work struct=99ae5102 function=brcmf_sdio_dataworker [brcmfmac] workqueue=75fe9dc2 req_cpu=4 cpu=4294967295
            sshd-1215  [001] d...   251.634662: workqueue_activate_work: work struct 99ae5102
            sshd-1215  [001] d...   251.634664: insert_work <-__queue_work
            sshd-1215  [001] d...   251.634729: <stack trace>
 => insert_work
 => __queue_work
 => queue_work_on
 => brcmf_sdio_bus_txdata
 => brcmf_proto_bcdc_txdata
 => brcmf_proto_bcdc_tx_queue_data
 => brcmf_netdev_start_xmit
 => dev_hard_start_xmit
 => sch_direct_xmit
 => __qdisc_run
 => __dev_queue_xmit
 => dev_queue_xmit
 => ip_finish_output2
 => ip_finish_output
 => ip_output
 => ip_local_out
 => __ip_queue_xmit
 => ip_queue_xmit
 => __tcp_transmit_skb
 => tcp_write_xmit
 => __tcp_push_pending_frames
 => tcp_push
 => tcp_sendmsg_locked
 => tcp_sendmsg
 => inet_sendmsg
 => sock_sendmsg
 => sock_write_iter
 => __vfs_write
 => vfs_write
 => ksys_write
 => sys_write
 => ret_fast_syscall
 => 0x7e9372c0
          <idle>-0     [003] dnh.   251.634740: sched_wakeup: comm=kworker/u8:3 pid=464 prio=120 target_cpu=003
          <idle>-0     [003] d...   251.634747: sched_switch: prev_comm=swapper/3 prev_pid=0 prev_prio=120 prev_state=R ==> next_comm=kworker/u8:3 next_pid=464 next_prio=120
    kworker/u8:3-464   [003] ....   251.634751: workqueue_execute_start: work struct 99ae5102: function brcmf_sdio_dataworker [brcmfmac]
            sshd-1215  [001] d...   251.634782: sched_switch: prev_comm=sshd prev_pid=1215 prev_prio=120 prev_state=S ==> next_comm=systemd-journal next_pid=114 next_prio=120
    kworker/u8:3-464   [003] d...   251.634796: sched_switch: prev_comm=kworker/u8:3 prev_pid=464 prev_prio=120 prev_state=D ==> next_comm=swapper/3 next_pid=0 next_prio=120
   rs:main Q:Reg-393   [000] d.h.   251.634800: __handle_irq_event_percpu: [+] irq: [86] handler: bcm2835_mmc_irq+0x0/0x6ec caller: (handle_irq_event_percpu) 
   rs:main Q:Reg-393   [000] d.h.   251.634824: __handle_irq_event_percpu: [+] irq: [86] handler: bcm2835_mmc_irq+0x0/0x6ec caller: (handle_irq_event_percpu) 
          <idle>-0     [003] dnh.   251.634843: sched_wakeup: comm=kworker/u8:3 pid=464 prio=120 target_cpu=003
          <idle>-0     [003] d...   251.634856: sched_switch: prev_comm=swapper/3 prev_pid=0 prev_prio=120 prev_state=R ==> next_comm=kworker/u8:3 next_pid=464 next_prio=120
    kworker/u8:3-464   [003] ....   251.634871: workqueue_execute_end: work struct 99ae5102
    kworker/u8:3-464   [003] d...   251.634878: sched_switch: prev_comm=kworker/u8:3 prev_pid=464 prev_prio=120 prev_state=I ==> next_comm=swapper/3 next_pid=0 next_prio=120
   rs:main Q:Reg-393   [000] d...   251.634934: sched_switch: prev_comm=rs:main Q:Reg prev_pid=393 prev_prio=120 prev_state=S ==> next_comm=swapper/0 next_pid=0 next_prio=120
 systemd-journal-114   [001] d...   251.637503: sched_switch: prev_comm=systemd-journal prev_pid=114 prev_prio=120 prev_state=S ==> next_comm=swapper/1 next_pid=0 next_prio=120
          <idle>-0     [000] d.h.   251.638125: __handle_irq_event_percpu: [+] irq: [56] handler: dwc_otg_common_irq+0x0/0x28 caller: (handle_irq_event_percpu) 
          <idle>-0     [000] d.h.   251.638133: __handle_irq_event_percpu: [+] irq: [56] handler: dwc_otg_pcd_irq+0x0/0x28 caller: (handle_irq_event_percpu) 
          <idle>-0     [000] d.h.   251.638137: __handle_irq_event_percpu: [+] irq: [56] handler: usb_hcd_irq+0x0/0x48 caller: (handle_irq_event_percpu) 
          <idle>-0     [000] d.h.   251.638248: __handle_irq_event_percpu: [+] irq: [56] handler: dwc_otg_common_irq+0x0/0x28 caller: (handle_irq_event_percpu) 
          <idle>-0     [000] d.h.   251.638253: __handle_irq_event_percpu: [+] irq: [56] handler: dwc_otg_pcd_irq+0x0/0x28 caller: (handle_irq_event_percpu) 
          <idle>-0     [000] d.h.   251.638256: __handle_irq_event_percpu: [+] irq: [56] handler: usb_hcd_irq+0x0/0x48 caller: (handle_irq_event_percpu) 
          <idle>-0     [000] d.h.   251.645193: __handle_irq_event_percpu: [+] irq: [86] handler: bcm2835_mmc_irq+0x0/0x6ec caller: (handle_irq_event_percpu) 
          <idle>-0     [003] dnh.   251.645215: sched_wakeup: comm=irq/86-mmc1 pid=81 prio=49 target_cpu=003
          <idle>-0     [003] d...   251.645231: sched_switch: prev_comm=swapper/3 prev_pid=0 prev_prio=120 prev_state=R ==> next_comm=irq/86-mmc1 next_pid=81 next_prio=49
          <idle>-0     [000] d.h.   251.645312: __handle_irq_event_percpu: [+] irq: [86] handler: bcm2835_mmc_irq+0x0/0x6ec caller: (handle_irq_event_percpu) 
     irq/86-mmc1-81    [003] d...   251.645314: sched_switch: prev_comm=irq/86-mmc1 prev_pid=81 prev_prio=49 prev_state=D ==> next_comm=swapper/3 next_pid=0 next_prio=120
          <idle>-0     [003] dnh.   251.645330: sched_wakeup: comm=irq/86-mmc1 pid=81 prio=49 target_cpu=003
          <idle>-0     [003] d...   251.645337: sched_switch: prev_comm=swapper/3 prev_pid=0 prev_prio=120 prev_state=R ==> next_comm=irq/86-mmc1 next_pid=81 next_prio=49
          <idle>-0     [000] d.h.   251.645363: __handle_irq_event_percpu: [+] irq: [86] handler: bcm2835_mmc_irq+0x0/0x6ec caller: (handle_irq_event_percpu) 
     irq/86-mmc1-81    [003] d...   251.645364: sched_switch: prev_comm=irq/86-mmc1 prev_pid=81 prev_prio=49 prev_state=D ==> next_comm=swapper/3 next_pid=0 next_prio=120
          <idle>-0     [003] dnh.   251.645382: sched_wakeup: comm=irq/86-mmc1 pid=81 prio=49 target_cpu=003
          <idle>-0     [003] d...   251.645389: sched_switch: prev_comm=swapper/3 prev_pid=0 prev_prio=120 prev_state=R ==> next_comm=irq/86-mmc1 next_pid=81 next_prio=49
          <idle>-0     [000] d.h.   251.645411: __handle_irq_event_percpu: [+] irq: [86] handler: bcm2835_mmc_irq+0x0/0x6ec caller: (handle_irq_event_percpu) 
     irq/86-mmc1-81    [003] d...   251.645412: sched_switch: prev_comm=irq/86-mmc1 prev_pid=81 prev_prio=49 prev_state=D ==> next_comm=swapper/3 next_pid=0 next_prio=120
          <idle>-0     [000] d.h.   251.645419: __handle_irq_event_percpu: [+] irq: [86] handler: bcm2835_mmc_irq+0x0/0x6ec caller: (handle_irq_event_percpu) 
          <idle>-0     [001] dnh.   251.645444: sched_wakeup: comm=rngd pid=591 prio=120 target_cpu=001
          <idle>-0     [003] dnh.   251.645444: sched_wakeup: comm=irq/86-mmc1 pid=81 prio=49 target_cpu=003
          <idle>-0     [003] d...   251.645451: sched_switch: prev_comm=swapper/3 prev_pid=0 prev_prio=120 prev_state=R ==> next_comm=irq/86-mmc1 next_pid=81 next_prio=49
          <idle>-0     [001] d...   251.645455: sched_switch: prev_comm=swapper/1 prev_pid=0 prev_prio=120 prev_state=R ==> next_comm=rngd next_pid=591 next_prio=120
     irq/86-mmc1-81    [003] d...   251.645457: workqueue_queue_work: work struct=99ae5102 function=brcmf_sdio_dataworker [brcmfmac] workqueue=75fe9dc2 req_cpu=4 cpu=4294967295
     irq/86-mmc1-81    [003] d...   251.645459: workqueue_activate_work: work struct 99ae5102
     irq/86-mmc1-81    [003] d...   251.645461: insert_work <-__queue_work
            rngd-591   [001] d...   251.645478: sched_switch: prev_comm=rngd prev_pid=591 prev_prio=120 prev_state=S ==> next_comm=swapper/1 next_pid=0 next_prio=120
     irq/86-mmc1-81    [003] d...   251.645496: <stack trace>
 => insert_work
 => __queue_work
 => queue_work_on
 => brcmf_sdio_isr
 => brcmf_sdiod_ib_irqhandler
 => process_sdio_pending_irqs
 => sdio_run_irqs
 => bcm2835_mmc_thread_irq
 => irq_thread_fn
 => irq_thread
 => kthread
 => ret_from_fork
 => 0
     irq/86-mmc1-81    [003] d...   251.645506: sched_wakeup: comm=kworker/u8:3 pid=464 prio=120 target_cpu=003
     irq/86-mmc1-81    [003] d...   251.645521: sched_switch: prev_comm=irq/86-mmc1 prev_pid=81 prev_prio=49 prev_state=S ==> next_comm=kworker/u8:3 next_pid=464 next_prio=120
    kworker/u8:3-464   [003] ....   251.645528: workqueue_execute_start: work struct 99ae5102: function brcmf_sdio_dataworker [brcmfmac]
          <idle>-0     [000] d.h.   251.645565: __handle_irq_event_percpu: [+] irq: [86] handler: bcm2835_mmc_irq+0x0/0x6ec caller: (handle_irq_event_percpu) 
    kworker/u8:3-464   [003] d...   251.645585: sched_switch: prev_comm=kworker/u8:3 prev_pid=464 prev_prio=120 prev_state=D ==> next_comm=swapper/3 next_pid=0 next_prio=120
          <idle>-0     [003] dnh.   251.645595: sched_wakeup: comm=kworker/u8:3 pid=464 prio=120 target_cpu=003
          <idle>-0     [003] d...   251.645601: sched_switch: prev_comm=swapper/3 prev_pid=0 prev_prio=120 prev_state=R ==> next_comm=kworker/u8:3 next_pid=464 next_prio=120
          <idle>-0     [000] d.h.   251.645631: __handle_irq_event_percpu: [+] irq: [86] handler: bcm2835_mmc_irq+0x0/0x6ec caller: (handle_irq_event_percpu) 
    kworker/u8:3-464   [003] d...   251.645631: sched_switch: prev_comm=kworker/u8:3 prev_pid=464 prev_prio=120 prev_state=D ==> next_comm=swapper/3 next_pid=0 next_prio=120
          <idle>-0     [003] dnh.   251.645649: sched_wakeup: comm=kworker/u8:3 pid=464 prio=120 target_cpu=003
          <idle>-0     [003] d...   251.645656: sched_switch: prev_comm=swapper/3 prev_pid=0 prev_prio=120 prev_state=R ==> next_comm=kworker/u8:3 next_pid=464 next_prio=120
          <idle>-0     [000] d.h.   251.645753: __handle_irq_event_percpu: [+] irq: [86] handler: bcm2835_mmc_irq+0x0/0x6ec caller: (handle_irq_event_percpu) 
    kworker/u8:3-464   [003] d...   251.645756: sched_switch: prev_comm=kworker/u8:3 prev_pid=464 prev_prio=120 prev_state=D ==> next_comm=swapper/3 next_pid=0 next_prio=120
          <idle>-0     [003] dnh.   251.645774: sched_wakeup: comm=kworker/u8:3 pid=464 prio=120 target_cpu=003
          <idle>-0     [003] d...   251.645781: sched_switch: prev_comm=swapper/3 prev_pid=0 prev_prio=120 prev_state=R ==> next_comm=kworker/u8:3 next_pid=464 next_prio=120
    kworker/u8:3-464   [003] ....   251.645790: workqueue_execute_end: work struct 99ae5102
    kworker/u8:3-464   [003] d...   251.645797: sched_switch: prev_comm=kworker/u8:3 prev_pid=464 prev_prio=120 prev_state=I ==> next_comm=swapper/3 next_pid=0 next_prio=120
          <idle>-0     [000] d.h.   251.646120: __handle_irq_event_percpu: [+] irq: [56] handler: dwc_otg_common_irq+0x0/0x28 caller: (handle_irq_event_percpu) 
          <idle>-0     [000] d.h.   251.646125: __handle_irq_event_percpu: [+] irq: [56] handler: dwc_otg_pcd_irq+0x0/0x28 caller: (handle_irq_event_percpu) 
          <idle>-0     [000] d.h.   251.646129: __handle_irq_event_percpu: [+] irq: [56] handler: usb_hcd_irq+0x0/0x48 caller: (handle_irq_event_percpu) 
          <idle>-0     [000] d.h.   251.646248: __handle_irq_event_percpu: [+] irq: [56] handler: dwc_otg_common_irq+0x0/0x28 caller: (handle_irq_event_percpu) 
          <idle>-0     [000] d.h.   251.646252: __handle_irq_event_percpu: [+] irq: [56] handler: dwc_otg_pcd_irq+0x0/0x28 caller: (handle_irq_event_percpu) 
          <idle>-0     [000] d.h.   251.646255: __handle_irq_event_percpu: [+] irq: [56] handler: usb_hcd_irq+0x0/0x48 caller: (handle_irq_event_percpu) 
          <idle>-0     [000] d.h.   251.654120: __handle_irq_event_percpu: [+] irq: [56] handler: dwc_otg_common_irq+0x0/0x28 caller: (handle_irq_event_percpu) 
          <idle>-0     [000] d.h.   251.654125: __handle_irq_event_percpu: [+] irq: [56] handler: dwc_otg_pcd_irq+0x0/0x28 caller: (handle_irq_event_percpu) 
          <idle>-0     [000] d.h.   251.654128: __handle_irq_event_percpu: [+] irq: [56] handler: usb_hcd_irq+0x0/0x48 caller: (handle_irq_event_percpu) 
          <idle>-0     [000] d.h.   251.654247: __handle_irq_event_percpu: [+] irq: [56] handler: dwc_otg_common_irq+0x0/0x28 caller: (handle_irq_event_percpu) 
          <idle>-0     [000] d.h.   251.654252: __handle_irq_event_percpu: [+] irq: [56] handler: dwc_otg_pcd_irq+0x0/0x28 caller: (handle_irq_event_percpu) 
          <idle>-0     [000] d.h.   251.654255: __handle_irq_event_percpu: [+] irq: [56] handler: usb_hcd_irq+0x0/0x48 caller: (handle_irq_event_percpu) 
          <idle>-0     [000] dnh.   251.654307: sched_wakeup: comm=in:imklog pid=389 prio=120 target_cpu=000
          <idle>-0     [001] dnH.   251.654308: sched_wakeup: comm=systemd-journal pid=114 prio=120 target_cpu=001
          <idle>-0     [002] dns.   251.654312: sched_wakeup: comm=rcu_sched pid=10 prio=120 target_cpu=002
          <idle>-0     [000] d...   251.654322: sched_switch: prev_comm=swapper/0 prev_pid=0 prev_prio=120 prev_state=R ==> next_comm=in:imklog next_pid=389 next_prio=120
          <idle>-0     [001] d...   251.654335: sched_switch: prev_comm=swapper/1 prev_pid=0 prev_prio=120 prev_state=R ==> next_comm=systemd-journal next_pid=114 next_prio=120
          <idle>-0     [002] d...   251.654340: sched_switch: prev_comm=swapper/2 prev_pid=0 prev_prio=120 prev_state=R ==> next_comm=rcu_sched next_pid=10 next_prio=120
       rcu_sched-10    [002] d...   251.654358: sched_switch: prev_comm=rcu_sched prev_pid=10 prev_prio=120 prev_state=I ==> next_comm=swapper/2 next_pid=0 next_prio=120
       in:imklog-389   [000] d...   251.654460: sched_wakeup: comm=rs:main Q:Reg pid=393 prio=120 target_cpu=000
       in:imklog-389   [000] d...   251.654577: sched_switch: prev_comm=in:imklog prev_pid=389 prev_prio=120 prev_state=S ==> next_comm=rs:main Q:Reg next_pid=393 next_prio=120
   rs:main Q:Reg-393   [000] d...   251.654925: sched_switch: prev_comm=rs:main Q:Reg prev_pid=393 prev_prio=120 prev_state=S ==> next_comm=swapper/0 next_pid=0 next_prio=120
 systemd-journal-114   [001] d...   251.657072: sched_switch: prev_comm=systemd-journal prev_pid=114 prev_prio=120 prev_state=S ==> next_comm=swapper/1 next_pid=0 next_prio=120
          <idle>-0     [000] d.h.   251.662126: __handle_irq_event_percpu: [+] irq: [56] handler: dwc_otg_common_irq+0x0/0x28 caller: (handle_irq_event_percpu) 
          <idle>-0     [000] d.h.   251.662133: __handle_irq_event_percpu: [+] irq: [56] handler: dwc_otg_pcd_irq+0x0/0x28 caller: (handle_irq_event_percpu) 
          <idle>-0     [000] d.h.   251.662136: __handle_irq_event_percpu: [+] irq: [56] handler: usb_hcd_irq+0x0/0x48 caller: (handle_irq_event_percpu) 
          <idle>-0     [000] d.h.   251.662249: __handle_irq_event_percpu: [+] irq: [56] handler: dwc_otg_common_irq+0x0/0x28 caller: (handle_irq_event_percpu) 
          <idle>-0     [000] d.h.   251.662253: __handle_irq_event_percpu: [+] irq: [56] handler: dwc_otg_pcd_irq+0x0/0x28 caller: (handle_irq_event_percpu) 
          <idle>-0     [000] d.h.   251.662257: __handle_irq_event_percpu: [+] irq: [56] handler: usb_hcd_irq+0x0/0x48 caller: (handle_irq_event_percpu) 
          <idle>-0     [001] dnh.   251.663872: sched_wakeup: comm=mosquitto pid=467 prio=120 target_cpu=001
          <idle>-0     [001] d...   251.663885: sched_switch: prev_comm=swapper/1 prev_pid=0 prev_prio=120 prev_state=R ==> next_comm=mosquitto next_pid=467 next_prio=120
       mosquitto-467   [001] d...   251.663932: sched_switch: prev_comm=mosquitto prev_pid=467 prev_prio=120 prev_state=S ==> next_comm=swapper/1 next_pid=0 next_prio=120
          <idle>-0     [000] dnh.   251.664313: sched_wakeup: comm=brcmf_wdog/mmc1 pid=248 prio=120 target_cpu=000
          <idle>-0     [000] d...   251.664328: sched_switch: prev_comm=swapper/0 prev_pid=0 prev_prio=120 prev_state=R ==> next_comm=brcmf_wdog/mmc1 next_pid=248 next_prio=120
 brcmf_wdog/mmc1-248   [000] d...   251.664341: sched_switch: prev_comm=brcmf_wdog/mmc1 prev_pid=248 prev_prio=120 prev_state=S ==> next_comm=swapper/0 next_pid=0 next_prio=120
          <idle>-0     [000] d.h.   251.670121: __handle_irq_event_percpu: [+] irq: [56] handler: dwc_otg_common_irq+0x0/0x28 caller: (handle_irq_event_percpu) 
          <idle>-0     [000] d.h.   251.670126: __handle_irq_event_percpu: [+] irq: [56] handler: dwc_otg_pcd_irq+0x0/0x28 caller: (handle_irq_event_percpu) 
          <idle>-0     [000] d.h.   251.670130: __handle_irq_event_percpu: [+] irq: [56] handler: usb_hcd_irq+0x0/0x48 caller: (handle_irq_event_percpu) 
          <idle>-0     [000] d.h.   251.670247: __handle_irq_event_percpu: [+] irq: [56] handler: dwc_otg_common_irq+0x0/0x28 caller: (handle_irq_event_percpu) 
          <idle>-0     [000] d.h.   251.670252: __handle_irq_event_percpu: [+] irq: [56] handler: dwc_otg_pcd_irq+0x0/0x28 caller: (handle_irq_event_percpu) 
          <idle>-0     [000] d.h.   251.670255: __handle_irq_event_percpu: [+] irq: [56] handler: usb_hcd_irq+0x0/0x48 caller: (handle_irq_event_percpu) 
          <idle>-0     [002] dns.   251.674306: sched_wakeup: comm=rcu_sched pid=10 prio=120 target_cpu=002
          <idle>-0     [002] d...   251.674330: sched_switch: prev_comm=swapper/2 prev_pid=0 prev_prio=120 prev_state=R ==> next_comm=rcu_sched next_pid=10 next_prio=120
       rcu_sched-10    [002] d...   251.674353: sched_switch: prev_comm=rcu_sched prev_pid=10 prev_prio=120 prev_state=I ==> next_comm=swapper/2 next_pid=0 next_prio=120
          <idle>-0     [000] d.h.   251.678121: __handle_irq_event_percpu: [+] irq: [56] handler: dwc_otg_common_irq+0x0/0x28 caller: (handle_irq_event_percpu) 
          <idle>-0     [000] d.h.   251.678125: __handle_irq_event_percpu: [+] irq: [56] handler: dwc_otg_pcd_irq+0x0/0x28 caller: (handle_irq_event_percpu) 
          <idle>-0     [000] d.h.   251.678128: __handle_irq_event_percpu: [+] irq: [56] handler: usb_hcd_irq+0x0/0x48 caller: (handle_irq_event_percpu) 
          <idle>-0     [000] d.h.   251.678247: __handle_irq_event_percpu: [+] irq: [56] handler: dwc_otg_common_irq+0x0/0x28 caller: (handle_irq_event_percpu) 
          <idle>-0     [000] d.h.   251.678252: __handle_irq_event_percpu: [+] irq: [56] handler: dwc_otg_pcd_irq+0x0/0x28 caller: (handle_irq_event_percpu) 
          <idle>-0     [000] d.h.   251.678255: __handle_irq_event_percpu: [+] irq: [56] handler: usb_hcd_irq+0x0/0x48 caller: (handle_irq_event_percpu) 
          <idle>-0     [000] dnh.   251.684307: sched_wakeup: comm=brcmf_wdog/mmc1 pid=248 prio=120 target_cpu=000
          <idle>-0     [000] dnh.   251.684316: workqueue_queue_work: work struct=8fb842c9 function=dbs_work_handler workqueue=47960adf req_cpu=0 cpu=0
          <idle>-0     [000] dnh.   251.684318: workqueue_activate_work: work struct 8fb842c9
          <idle>-0     [000] dnh.   251.684321: insert_work <-__queue_work
          <idle>-0     [000] dnh.   251.684364: <stack trace>
 => insert_work
 => __queue_work
 => queue_work_on
 => dbs_irq_work
 => irq_work_run_list
 => irq_work_run
 => handle_IPI
 => bcm2836_arm_irqchip_handle_irq
 => __irq_svc
 => arch_cpu_idle
 => arch_cpu_idle
 => default_idle_call
 => do_idle
 => cpu_startup_entry
 => rest_init
 => start_kernel
          <idle>-0     [000] dnh.   251.684374: sched_wakeup: comm=kworker/0:1 pid=31 prio=120 target_cpu=000
          <idle>-0     [000] d...   251.684388: sched_switch: prev_comm=swapper/0 prev_pid=0 prev_prio=120 prev_state=R ==> next_comm=kworker/0:1 next_pid=31 next_prio=120
     kworker/0:1-31    [000] ....   251.684396: workqueue_execute_start: work struct 8fb842c9: function dbs_work_handler
     kworker/0:1-31    [000] ....   251.684410: workqueue_execute_end: work struct 8fb842c9
     kworker/0:1-31    [000] d...   251.684420: sched_switch: prev_comm=kworker/0:1 prev_pid=31 prev_prio=120 prev_state=I ==> next_comm=brcmf_wdog/mmc1 next_pid=248 next_prio=120
 brcmf_wdog/mmc1-248   [000] d.h.   251.684449: __handle_irq_event_percpu: [+] irq: [86] handler: bcm2835_mmc_irq+0x0/0x6ec caller: (handle_irq_event_percpu) 
 brcmf_wdog/mmc1-248   [000] d.h.   251.684474: __handle_irq_event_percpu: [+] irq: [86] handler: bcm2835_mmc_irq+0x0/0x6ec caller: (handle_irq_event_percpu) 
 brcmf_wdog/mmc1-248   [000] d.s.   251.684485: sched_wakeup: comm=brcmf_wdog/mmc1 pid=248 prio=120 target_cpu=000
 brcmf_wdog/mmc1-248   [000] d.h.   251.684503: __handle_irq_event_percpu: [+] irq: [86] handler: bcm2835_mmc_irq+0x0/0x6ec caller: (handle_irq_event_percpu) 
 brcmf_wdog/mmc1-248   [000] d.s.   251.684512: sched_wakeup: comm=brcmf_wdog/mmc1 pid=248 prio=120 target_cpu=000
 brcmf_wdog/mmc1-248   [000] d...   251.684542: sched_switch: prev_comm=brcmf_wdog/mmc1 prev_pid=248 prev_prio=120 prev_state=S ==> next_comm=swapper/0 next_pid=0 next_prio=120
          <idle>-0     [000] d.h.   251.686122: __handle_irq_event_percpu: [+] irq: [56] handler: dwc_otg_common_irq+0x0/0x28 caller: (handle_irq_event_percpu) 
          <idle>-0     [000] d.h.   251.686127: __handle_irq_event_percpu: [+] irq: [56] handler: dwc_otg_pcd_irq+0x0/0x28 caller: (handle_irq_event_percpu) 
          <idle>-0     [000] d.h.   251.686130: __handle_irq_event_percpu: [+] irq: [56] handler: usb_hcd_irq+0x0/0x48 caller: (handle_irq_event_percpu) 
          <idle>-0     [000] d.h.   251.686247: __handle_irq_event_percpu: [+] irq: [56] handler: dwc_otg_common_irq+0x0/0x28 caller: (handle_irq_event_percpu) 
          <idle>-0     [000] d.h.   251.686252: __handle_irq_event_percpu: [+] irq: [56] handler: dwc_otg_pcd_irq+0x0/0x28 caller: (handle_irq_event_percpu) 
          <idle>-0     [000] d.h.   251.686255: __handle_irq_event_percpu: [+] irq: [56] handler: usb_hcd_irq+0x0/0x48 caller: (handle_irq_event_percpu) 
          <idle>-0     [000] d.h.   251.694120: __handle_irq_event_percpu: [+] irq: [56] handler: dwc_otg_common_irq+0x0/0x28 caller: (handle_irq_event_percpu) 
          <idle>-0     [000] d.h.   251.694125: __handle_irq_event_percpu: [+] irq: [56] handler: dwc_otg_pcd_irq+0x0/0x28 caller: (handle_irq_event_percpu) 
          <idle>-0     [000] d.h.   251.694128: __handle_irq_event_percpu: [+] irq: [56] handler: usb_hcd_irq+0x0/0x48 caller: (handle_irq_event_percpu) 
          <idle>-0     [000] d.h.   251.694247: __handle_irq_event_percpu: [+] irq: [56] handler: dwc_otg_common_irq+0x0/0x28 caller: (handle_irq_event_percpu) 
          <idle>-0     [000] d.h.   251.694251: __handle_irq_event_percpu: [+] irq: [56] handler: dwc_otg_pcd_irq+0x0/0x28 caller: (handle_irq_event_percpu) 
          <idle>-0     [000] d.h.   251.694255: __handle_irq_event_percpu: [+] irq: [56] handler: usb_hcd_irq+0x0/0x48 caller: (handle_irq_event_percpu) 
          <idle>-0     [002] dns.   251.694306: sched_wakeup: comm=rcu_sched pid=10 prio=120 target_cpu=002
          <idle>-0     [002] d...   251.694331: sched_switch: prev_comm=swapper/2 prev_pid=0 prev_prio=120 prev_state=R ==> next_comm=rcu_sched next_pid=10 next_prio=120
       rcu_sched-10    [002] d...   251.694349: sched_switch: prev_comm=rcu_sched prev_pid=10 prev_prio=120 prev_state=I ==> next_comm=swapper/2 next_pid=0 next_prio=120
          <idle>-0     [000] d.h.   251.702120: __handle_irq_event_percpu: [+] irq: [56] handler: dwc_otg_common_irq+0x0/0x28 caller: (handle_irq_event_percpu) 
          <idle>-0     [000] d.h.   251.702125: __handle_irq_event_percpu: [+] irq: [56] handler: dwc_otg_pcd_irq+0x0/0x28 caller: (handle_irq_event_percpu) 
          <idle>-0     [000] d.h.   251.702128: __handle_irq_event_percpu: [+] irq: [56] handler: usb_hcd_irq+0x0/0x48 caller: (handle_irq_event_percpu) 
          <idle>-0     [000] d.h.   251.702247: __handle_irq_event_percpu: [+] irq: [56] handler: dwc_otg_common_irq+0x0/0x28 caller: (handle_irq_event_percpu) 
          <idle>-0     [000] d.h.   251.702251: __handle_irq_event_percpu: [+] irq: [56] handler: dwc_otg_pcd_irq+0x0/0x28 caller: (handle_irq_event_percpu) 
          <idle>-0     [000] d.h.   251.702255: __handle_irq_event_percpu: [+] irq: [56] handler: usb_hcd_irq+0x0/0x48 caller: (handle_irq_event_percpu) 
          <idle>-0     [000] d.h.   251.710120: __handle_irq_event_percpu: [+] irq: [56] handler: dwc_otg_common_irq+0x0/0x28 caller: (handle_irq_event_percpu) 
          <idle>-0     [000] d.h.   251.710125: __handle_irq_event_percpu: [+] irq: [56] handler: dwc_otg_pcd_irq+0x0/0x28 caller: (handle_irq_event_percpu) 
          <idle>-0     [000] d.h.   251.710128: __handle_irq_event_percpu: [+] irq: [56] handler: usb_hcd_irq+0x0/0x48 caller: (handle_irq_event_percpu) 
          <idle>-0     [000] d.h.   251.710247: __handle_irq_event_percpu: [+] irq: [56] handler: dwc_otg_common_irq+0x0/0x28 caller: (handle_irq_event_percpu) 
          <idle>-0     [000] d.h.   251.710251: __handle_irq_event_percpu: [+] irq: [56] handler: dwc_otg_pcd_irq+0x0/0x28 caller: (handle_irq_event_percpu) 
          <idle>-0     [000] d.h.   251.710255: __handle_irq_event_percpu: [+] irq: [56] handler: usb_hcd_irq+0x0/0x48 caller: (handle_irq_event_percpu) 
          <idle>-0     [002] dns.   251.714306: sched_wakeup: comm=rcu_sched pid=10 prio=120 target_cpu=002
          <idle>-0     [002] d...   251.714330: sched_switch: prev_comm=swapper/2 prev_pid=0 prev_prio=120 prev_state=R ==> next_comm=rcu_sched next_pid=10 next_prio=120
       rcu_sched-10    [002] d...   251.714348: sched_switch: prev_comm=rcu_sched prev_pid=10 prev_prio=120 prev_state=I ==> next_comm=swapper/2 next_pid=0 next_prio=120
          <idle>-0     [000] d.h.   251.718120: __handle_irq_event_percpu: [+] irq: [56] handler: dwc_otg_common_irq+0x0/0x28 caller: (handle_irq_event_percpu) 
          <idle>-0     [000] d.h.   251.718125: __handle_irq_event_percpu: [+] irq: [56] handler: dwc_otg_pcd_irq+0x0/0x28 caller: (handle_irq_event_percpu) 
          <idle>-0     [000] d.h.   251.718128: __handle_irq_event_percpu: [+] irq: [56] handler: usb_hcd_irq+0x0/0x48 caller: (handle_irq_event_percpu) 
          <idle>-0     [000] d.h.   251.718247: __handle_irq_event_percpu: [+] irq: [56] handler: dwc_otg_common_irq+0x0/0x28 caller: (handle_irq_event_percpu) 
          <idle>-0     [000] d.h.   251.718251: __handle_irq_event_percpu: [+] irq: [56] handler: dwc_otg_pcd_irq+0x0/0x28 caller: (handle_irq_event_percpu) 
          <idle>-0     [000] d.h.   251.718255: __handle_irq_event_percpu: [+] irq: [56] handler: usb_hcd_irq+0x0/0x48 caller: (handle_irq_event_percpu) 
          <idle>-0     [000] d.h.   251.726120: __handle_irq_event_percpu: [+] irq: [56] handler: dwc_otg_common_irq+0x0/0x28 caller: (handle_irq_event_percpu) 
          <idle>-0     [000] d.h.   251.726125: __handle_irq_event_percpu: [+] irq: [56] handler: dwc_otg_pcd_irq+0x0/0x28 caller: (handle_irq_event_percpu) 
          <idle>-0     [000] d.h.   251.726128: __handle_irq_event_percpu: [+] irq: [56] handler: usb_hcd_irq+0x0/0x48 caller: (handle_irq_event_percpu) 
          <idle>-0     [000] d.h.   251.726247: __handle_irq_event_percpu: [+] irq: [56] handler: dwc_otg_common_irq+0x0/0x28 caller: (handle_irq_event_percpu) 
          <idle>-0     [000] d.h.   251.726251: __handle_irq_event_percpu: [+] irq: [56] handler: dwc_otg_pcd_irq+0x0/0x28 caller: (handle_irq_event_percpu) 
          <idle>-0     [000] d.h.   251.726255: __handle_irq_event_percpu: [+] irq: [56] handler: usb_hcd_irq+0x0/0x48 caller: (handle_irq_event_percpu) 
          <idle>-0     [000] d.h.   251.728120: __handle_irq_event_percpu: [+] irq: [56] handler: dwc_otg_common_irq+0x0/0x28 caller: (handle_irq_event_percpu) 
          <idle>-0     [000] d.h.   251.728125: __handle_irq_event_percpu: [+] irq: [56] handler: dwc_otg_pcd_irq+0x0/0x28 caller: (handle_irq_event_percpu) 
          <idle>-0     [000] d.h.   251.728128: __handle_irq_event_percpu: [+] irq: [56] handler: usb_hcd_irq+0x0/0x48 caller: (handle_irq_event_percpu) 
          <idle>-0     [000] d.h.   251.728247: __handle_irq_event_percpu: [+] irq: [56] handler: dwc_otg_common_irq+0x0/0x28 caller: (handle_irq_event_percpu) 
          <idle>-0     [000] d.h.   251.728251: __handle_irq_event_percpu: [+] irq: [56] handler: dwc_otg_pcd_irq+0x0/0x28 caller: (handle_irq_event_percpu) 
          <idle>-0     [000] d.h.   251.728254: __handle_irq_event_percpu: [+] irq: [56] handler: usb_hcd_irq+0x0/0x48 caller: (handle_irq_event_percpu) 
          <idle>-0     [000] d.h.   251.734120: __handle_irq_event_percpu: [+] irq: [56] handler: dwc_otg_common_irq+0x0/0x28 caller: (handle_irq_event_percpu) 
          <idle>-0     [000] d.h.   251.734125: __handle_irq_event_percpu: [+] irq: [56] handler: dwc_otg_pcd_irq+0x0/0x28 caller: (handle_irq_event_percpu) 
          <idle>-0     [000] d.h.   251.734128: __handle_irq_event_percpu: [+] irq: [56] handler: usb_hcd_irq+0x0/0x48 caller: (handle_irq_event_percpu) 
          <idle>-0     [000] d.h.   251.734247: __handle_irq_event_percpu: [+] irq: [56] handler: dwc_otg_common_irq+0x0/0x28 caller: (handle_irq_event_percpu) 
          <idle>-0     [000] d.h.   251.734251: __handle_irq_event_percpu: [+] irq: [56] handler: dwc_otg_pcd_irq+0x0/0x28 caller: (handle_irq_event_percpu) 
          <idle>-0     [000] d.h.   251.734255: __handle_irq_event_percpu: [+] irq: [56] handler: usb_hcd_irq+0x0/0x48 caller: (handle_irq_event_percpu) 
          <idle>-0     [002] dns.   251.734306: sched_wakeup: comm=rcu_sched pid=10 prio=120 target_cpu=002
          <idle>-0     [002] d...   251.734330: sched_switch: prev_comm=swapper/2 prev_pid=0 prev_prio=120 prev_state=R ==> next_comm=rcu_sched next_pid=10 next_prio=120
       rcu_sched-10    [002] d...   251.734367: sched_switch: prev_comm=rcu_sched prev_pid=10 prev_prio=120 prev_state=I ==> next_comm=swapper/2 next_pid=0 next_prio=120
          <idle>-0     [000] d.h.   251.742120: __handle_irq_event_percpu: [+] irq: [56] handler: dwc_otg_common_irq+0x0/0x28 caller: (handle_irq_event_percpu) 
          <idle>-0     [000] d.h.   251.742125: __handle_irq_event_percpu: [+] irq: [56] handler: dwc_otg_pcd_irq+0x0/0x28 caller: (handle_irq_event_percpu) 
          <idle>-0     [000] d.h.   251.742128: __handle_irq_event_percpu: [+] irq: [56] handler: usb_hcd_irq+0x0/0x48 caller: (handle_irq_event_percpu) 
          <idle>-0     [000] d.h.   251.742247: __handle_irq_event_percpu: [+] irq: [56] handler: dwc_otg_common_irq+0x0/0x28 caller: (handle_irq_event_percpu) 
          <idle>-0     [000] d.h.   251.742252: __handle_irq_event_percpu: [+] irq: [56] handler: dwc_otg_pcd_irq+0x0/0x28 caller: (handle_irq_event_percpu) 
          <idle>-0     [000] d.h.   251.742255: __handle_irq_event_percpu: [+] irq: [56] handler: usb_hcd_irq+0x0/0x48 caller: (handle_irq_event_percpu) 
          <idle>-0     [000] d.h.   251.750124: __handle_irq_event_percpu: [+] irq: [56] handler: dwc_otg_common_irq+0x0/0x28 caller: (handle_irq_event_percpu) 
          <idle>-0     [000] d.h.   251.750129: __handle_irq_event_percpu: [+] irq: [56] handler: dwc_otg_pcd_irq+0x0/0x28 caller: (handle_irq_event_percpu) 
          <idle>-0     [000] d.h.   251.750135: __handle_irq_event_percpu: [+] irq: [56] handler: usb_hcd_irq+0x0/0x48 caller: (handle_irq_event_percpu) 
          <idle>-0     [000] d.h.   251.750247: __handle_irq_event_percpu: [+] irq: [56] handler: dwc_otg_common_irq+0x0/0x28 caller: (handle_irq_event_percpu) 
          <idle>-0     [000] d.h.   251.750252: __handle_irq_event_percpu: [+] irq: [56] handler: dwc_otg_pcd_irq+0x0/0x28 caller: (handle_irq_event_percpu) 
          <idle>-0     [000] d.h.   251.750255: __handle_irq_event_percpu: [+] irq: [56] handler: usb_hcd_irq+0x0/0x48 caller: (handle_irq_event_percpu) 
          <idle>-0     [000] d.h.   251.758121: __handle_irq_event_percpu: [+] irq: [56] handler: dwc_otg_common_irq+0x0/0x28 caller: (handle_irq_event_percpu) 
          <idle>-0     [000] d.h.   251.758125: __handle_irq_event_percpu: [+] irq: [56] handler: dwc_otg_pcd_irq+0x0/0x28 caller: (handle_irq_event_percpu) 
          <idle>-0     [000] d.h.   251.758129: __handle_irq_event_percpu: [+] irq: [56] handler: usb_hcd_irq+0x0/0x48 caller: (handle_irq_event_percpu) 
          <idle>-0     [000] d.h.   251.758247: __handle_irq_event_percpu: [+] irq: [56] handler: dwc_otg_common_irq+0x0/0x28 caller: (handle_irq_event_percpu) 
          <idle>-0     [000] d.h.   251.758251: __handle_irq_event_percpu: [+] irq: [56] handler: dwc_otg_pcd_irq+0x0/0x28 caller: (handle_irq_event_percpu) 
          <idle>-0     [000] d.h.   251.758255: __handle_irq_event_percpu: [+] irq: [56] handler: usb_hcd_irq+0x0/0x48 caller: (handle_irq_event_percpu) 
          <idle>-0     [001] dnh.   251.764029: sched_wakeup: comm=mosquitto pid=467 prio=120 target_cpu=001
          <idle>-0     [001] d...   251.764046: sched_switch: prev_comm=swapper/1 prev_pid=0 prev_prio=120 prev_state=R ==> next_comm=mosquitto next_pid=467 next_prio=120
       mosquitto-467   [001] d...   251.764077: sched_switch: prev_comm=mosquitto prev_pid=467 prev_prio=120 prev_state=S ==> next_comm=swapper/1 next_pid=0 next_prio=120
          <idle>-0     [000] d.h.   251.765905: __handle_irq_event_percpu: [+] irq: [86] handler: bcm2835_mmc_irq+0x0/0x6ec caller: (handle_irq_event_percpu) 
          <idle>-0     [003] dnh.   251.765924: sched_wakeup: comm=irq/86-mmc1 pid=81 prio=49 target_cpu=003
          <idle>-0     [003] d...   251.765939: sched_switch: prev_comm=swapper/3 prev_pid=0 prev_prio=120 prev_state=R ==> next_comm=irq/86-mmc1 next_pid=81 next_prio=49
          <idle>-0     [000] d.h.   251.766013: __handle_irq_event_percpu: [+] irq: [86] handler: bcm2835_mmc_irq+0x0/0x6ec caller: (handle_irq_event_percpu) 
     irq/86-mmc1-81    [003] d...   251.766017: sched_switch: prev_comm=irq/86-mmc1 prev_pid=81 prev_prio=49 prev_state=D ==> next_comm=swapper/3 next_pid=0 next_prio=120
          <idle>-0     [003] dnh.   251.766029: sched_wakeup: comm=irq/86-mmc1 pid=81 prio=49 target_cpu=003
          <idle>-0     [003] d...   251.766036: sched_switch: prev_comm=swapper/3 prev_pid=0 prev_prio=120 prev_state=R ==> next_comm=irq/86-mmc1 next_pid=81 next_prio=49
          <idle>-0     [000] d.h.   251.766063: __handle_irq_event_percpu: [+] irq: [86] handler: bcm2835_mmc_irq+0x0/0x6ec caller: (handle_irq_event_percpu) 
     irq/86-mmc1-81    [003] d...   251.766064: sched_switch: prev_comm=irq/86-mmc1 prev_pid=81 prev_prio=49 prev_state=D ==> next_comm=swapper/3 next_pid=0 next_prio=120
          <idle>-0     [003] dnh.   251.766083: sched_wakeup: comm=irq/86-mmc1 pid=81 prio=49 target_cpu=003
          <idle>-0     [003] d...   251.766090: sched_switch: prev_comm=swapper/3 prev_pid=0 prev_prio=120 prev_state=R ==> next_comm=irq/86-mmc1 next_pid=81 next_prio=49
          <idle>-0     [000] d.h.   251.766114: __handle_irq_event_percpu: [+] irq: [86] handler: bcm2835_mmc_irq+0x0/0x6ec caller: (handle_irq_event_percpu) 
     irq/86-mmc1-81    [003] d...   251.766114: sched_switch: prev_comm=irq/86-mmc1 prev_pid=81 prev_prio=49 prev_state=D ==> next_comm=swapper/3 next_pid=0 next_prio=120
          <idle>-0     [000] d.h.   251.766122: __handle_irq_event_percpu: [+] irq: [86] handler: bcm2835_mmc_irq+0x0/0x6ec caller: (handle_irq_event_percpu) 
          <idle>-0     [000] d.h.   251.766129: __handle_irq_event_percpu: [+] irq: [56] handler: dwc_otg_common_irq+0x0/0x28 caller: (handle_irq_event_percpu) 
          <idle>-0     [000] d.h.   251.766133: __handle_irq_event_percpu: [+] irq: [56] handler: dwc_otg_pcd_irq+0x0/0x28 caller: (handle_irq_event_percpu) 
          <idle>-0     [000] d.h.   251.766136: __handle_irq_event_percpu: [+] irq: [56] handler: usb_hcd_irq+0x0/0x48 caller: (handle_irq_event_percpu) 
          <idle>-0     [003] dnh.   251.766153: sched_wakeup: comm=irq/86-mmc1 pid=81 prio=49 target_cpu=003
          <idle>-0     [003] d...   251.766159: sched_switch: prev_comm=swapper/3 prev_pid=0 prev_prio=120 prev_state=R ==> next_comm=irq/86-mmc1 next_pid=81 next_prio=49
     irq/86-mmc1-81    [003] d...   251.766165: workqueue_queue_work: work struct=99ae5102 function=brcmf_sdio_dataworker [brcmfmac] workqueue=75fe9dc2 req_cpu=4 cpu=4294967295
     irq/86-mmc1-81    [003] d...   251.766167: workqueue_activate_work: work struct 99ae5102
     irq/86-mmc1-81    [003] d...   251.766169: insert_work <-__queue_work
     irq/86-mmc1-81    [003] d...   251.766201: <stack trace>
 => insert_work
 => __queue_work
 => queue_work_on
 => brcmf_sdio_isr
 => brcmf_sdiod_ib_irqhandler
 => process_sdio_pending_irqs
 => sdio_run_irqs
 => bcm2835_mmc_thread_irq
 => irq_thread_fn
 => irq_thread
 => kthread
 => ret_from_fork
 => 0
     irq/86-mmc1-81    [003] d...   251.766210: sched_wakeup: comm=kworker/u8:3 pid=464 prio=120 target_cpu=003
     irq/86-mmc1-81    [003] d...   251.766226: sched_switch: prev_comm=irq/86-mmc1 prev_pid=81 prev_prio=49 prev_state=S ==> next_comm=kworker/u8:3 next_pid=464 next_prio=120
    kworker/u8:3-464   [003] ....   251.766231: workqueue_execute_start: work struct 99ae5102: function brcmf_sdio_dataworker [brcmfmac]
          <idle>-0     [000] d.h.   251.766247: __handle_irq_event_percpu: [+] irq: [86] handler: bcm2835_mmc_irq+0x0/0x6ec caller: (handle_irq_event_percpu) 
          <idle>-0     [000] d.h.   251.766255: __handle_irq_event_percpu: [+] irq: [56] handler: dwc_otg_common_irq+0x0/0x28 caller: (handle_irq_event_percpu) 
