# tracer: function
#
# entries-in-buffer/entries-written: 14687/14687   #P:4
#
#                              _-----=> irqs-off
#                             / _----=> need-resched
#                            | / _---=> hardirq/softirq
#                            || / _--=> preempt-depth
#                            ||| /     delay
#           TASK-PID   CPU#  ||||    TIMESTAMP  FUNCTION
#              | |       |   ||||       |         |
 work_queue_trac-1323  [000] d...   250.374574: workqueue_queue_work: work struct=2a27e01a function=flush_to_ldisc workqueue=6d22f3f5 req_cpu=4 cpu=4294967295
 work_queue_trac-1323  [000] d...   250.374581: workqueue_activate_work: work struct 2a27e01a
 work_queue_trac-1323  [000] d...   250.374583: insert_work <-__queue_work
 work_queue_trac-1323  [000] d...   250.374615: <stack trace>
 => insert_work
 => __queue_work
 => queue_work_on
 => tty_flip_buffer_push
 => pty_write
 => n_tty_write
 => tty_write
 => __vfs_write
 => vfs_write
 => ksys_write
 => sys_write
 => ret_fast_syscall
 => 0x7e901858
          <idle>-0     [003] dnh.   250.374629: sched_wakeup: comm=kworker/u8:3 pid=464 prio=120 target_cpu=003
          <idle>-0     [003] d...   250.374644: sched_switch: prev_comm=swapper/3 prev_pid=0 prev_prio=120 prev_state=R ==> next_comm=kworker/u8:3 next_pid=464 next_prio=120
    kworker/u8:3-464   [003] ....   250.374650: workqueue_execute_start: work struct 2a27e01a: function flush_to_ldisc
    kworker/u8:3-464   [003] ....   250.374664: workqueue_execute_end: work struct 2a27e01a
          <idle>-0     [001] dnh.   250.374671: sched_wakeup: comm=sshd pid=1215 prio=120 target_cpu=001
    kworker/u8:3-464   [003] d...   250.374673: sched_switch: prev_comm=kworker/u8:3 prev_pid=464 prev_prio=120 prev_state=I ==> next_comm=swapper/3 next_pid=0 next_prio=120
          <idle>-0     [001] d...   250.374686: sched_switch: prev_comm=swapper/1 prev_pid=0 prev_prio=120 prev_state=R ==> next_comm=sshd next_pid=1215 next_prio=120
            sshd-1215  [001] d...   250.374928: workqueue_queue_work: work struct=99ae5102 function=brcmf_sdio_dataworker [brcmfmac] workqueue=75fe9dc2 req_cpu=4 cpu=4294967295
            sshd-1215  [001] d...   250.374931: workqueue_activate_work: work struct 99ae5102
            sshd-1215  [001] d...   250.374933: insert_work <-__queue_work
            sshd-1215  [001] d...   250.375000: <stack trace>
 => insert_work
 => __queue_work
 => queue_work_on
 => brcmf_sdio_bus_txdata
 => brcmf_proto_bcdc_txdata
 => brcmf_proto_bcdc_tx_queue_data
 => brcmf_netdev_start_xmit
 => dev_hard_start_xmit
 => sch_direct_xmit
 => __qdisc_run
 => __dev_queue_xmit
 => dev_queue_xmit
 => ip_finish_output2
 => ip_finish_output
 => ip_output
 => ip_local_out
 => __ip_queue_xmit
 => ip_queue_xmit
 => __tcp_transmit_skb
 => tcp_write_xmit
 => __tcp_push_pending_frames
 => tcp_push
 => tcp_sendmsg_locked
 => tcp_sendmsg
 => inet_sendmsg
 => sock_sendmsg
 => sock_write_iter
 => __vfs_write
 => vfs_write
 => ksys_write
 => sys_write
 => ret_fast_syscall
 => 0x7e9372c0
          <idle>-0     [003] dnh.   250.375012: sched_wakeup: comm=kworker/u8:3 pid=464 prio=120 target_cpu=003
          <idle>-0     [003] d...   250.375022: sched_switch: prev_comm=swapper/3 prev_pid=0 prev_prio=120 prev_state=R ==> next_comm=kworker/u8:3 next_pid=464 next_prio=120
    kworker/u8:3-464   [003] ....   250.375027: workqueue_execute_start: work struct 99ae5102: function brcmf_sdio_dataworker [brcmfmac]
    kworker/u8:3-464   [003] d...   250.375055: sched_switch: prev_comm=kworker/u8:3 prev_pid=464 prev_prio=120 prev_state=D ==> next_comm=swapper/3 next_pid=0 next_prio=120
            sshd-1215  [001] d...   250.375055: sched_switch: prev_comm=sshd prev_pid=1215 prev_prio=120 prev_state=S ==> next_comm=swapper/1 next_pid=0 next_prio=120
 work_queue_trac-1323  [000] d.h.   250.375060: __handle_irq_event_percpu: [+] irq: [86] handler: bcm2835_mmc_irq+0x0/0x6ec caller: (handle_irq_event_percpu) 
          <idle>-0     [003] dnh.   250.375082: sched_wakeup: comm=kworker/u8:3 pid=464 prio=120 target_cpu=003
          <idle>-0     [003] d...   250.375093: sched_switch: prev_comm=swapper/3 prev_pid=0 prev_prio=120 prev_state=R ==> next_comm=kworker/u8:3 next_pid=464 next_prio=120
    kworker/u8:3-464   [003] d...   250.375105: sched_switch: prev_comm=kworker/u8:3 prev_pid=464 prev_prio=120 prev_state=D ==> next_comm=swapper/3 next_pid=0 next_prio=120
 work_queue_trac-1323  [000] d...   250.375668: sched_switch: prev_comm=work_queue_trac prev_pid=1323 prev_prio=120 prev_state=Z ==> next_comm=swapper/0 next_pid=0 next_prio=120
          <idle>-0     [002] dnh.   250.375671: sched_wakeup: comm=bash pid=1256 prio=120 target_cpu=002
          <idle>-0     [002] d...   250.375688: sched_switch: prev_comm=swapper/2 prev_pid=0 prev_prio=120 prev_state=R ==> next_comm=bash next_pid=1256 next_prio=120
            bash-1256  [002] d...   250.376343: workqueue_queue_work: work struct=2a27e01a function=flush_to_ldisc workqueue=6d22f3f5 req_cpu=4 cpu=4294967295
            bash-1256  [002] d...   250.376346: workqueue_activate_work: work struct 2a27e01a
            bash-1256  [002] d...   250.376348: insert_work <-__queue_work
            bash-1256  [002] d...   250.376378: <stack trace>
 => insert_work
 => __queue_work
 => queue_work_on
 => tty_flip_buffer_push
 => pty_write
 => n_tty_write
 => tty_write
 => __vfs_write
 => vfs_write
 => ksys_write
 => sys_write
 => ret_fast_syscall
 => 0x7eb08180
          <idle>-0     [000] dnh.   250.376394: sched_wakeup: comm=kworker/u8:1 pid=45 prio=120 target_cpu=000
          <idle>-0     [000] d...   250.376402: sched_switch: prev_comm=swapper/0 prev_pid=0 prev_prio=120 prev_state=R ==> next_comm=kworker/u8:1 next_pid=45 next_prio=120
    kworker/u8:1-45    [000] ....   250.376410: workqueue_execute_start: work struct 2a27e01a: function flush_to_ldisc
            bash-1256  [002] d...   250.376417: sched_switch: prev_comm=bash prev_pid=1256 prev_prio=120 prev_state=S ==> next_comm=swapper/2 next_pid=0 next_prio=120
    kworker/u8:1-45    [000] ....   250.376421: workqueue_execute_end: work struct 2a27e01a
          <idle>-0     [001] dnh.   250.376429: sched_wakeup: comm=sshd pid=1215 prio=120 target_cpu=001
    kworker/u8:1-45    [000] d...   250.376431: sched_switch: prev_comm=kworker/u8:1 prev_pid=45 prev_prio=120 prev_state=I ==> next_comm=swapper/0 next_pid=0 next_prio=120
          <idle>-0     [001] d...   250.376442: sched_switch: prev_comm=swapper/1 prev_pid=0 prev_prio=120 prev_state=R ==> next_comm=sshd next_pid=1215 next_prio=120
            sshd-1215  [001] d...   250.376585: sched_switch: prev_comm=sshd prev_pid=1215 prev_prio=120 prev_state=S ==> next_comm=swapper/1 next_pid=0 next_prio=120
          <idle>-0     [003] dnh.   250.378112: sched_wakeup: comm=kworker/u8:3 pid=464 prio=120 target_cpu=003
          <idle>-0     [003] d...   250.378124: sched_switch: prev_comm=swapper/3 prev_pid=0 prev_prio=120 prev_state=R ==> next_comm=kworker/u8:3 next_pid=464 next_prio=120
    kworker/u8:3-464   [003] d...   250.378143: sched_switch: prev_comm=kworker/u8:3 prev_pid=464 prev_prio=120 prev_state=D ==> next_comm=swapper/3 next_pid=0 next_prio=120
          <idle>-0     [000] d.h.   250.378148: __handle_irq_event_percpu: [+] irq: [86] handler: bcm2835_mmc_irq+0x0/0x6ec caller: (handle_irq_event_percpu) 
          <idle>-0     [003] dnh.   250.378166: sched_wakeup: comm=kworker/u8:3 pid=464 prio=120 target_cpu=003
          <idle>-0     [003] d...   250.378176: sched_switch: prev_comm=swapper/3 prev_pid=0 prev_prio=120 prev_state=R ==> next_comm=kworker/u8:3 next_pid=464 next_prio=120
    kworker/u8:3-464   [003] d...   250.378224: sched_switch: prev_comm=kworker/u8:3 prev_pid=464 prev_prio=120 prev_state=D ==> next_comm=swapper/3 next_pid=0 next_prio=120
          <idle>-0     [000] d.h.   250.378224: __handle_irq_event_percpu: [+] irq: [86] handler: bcm2835_mmc_irq+0x0/0x6ec caller: (handle_irq_event_percpu) 
          <idle>-0     [000] d.h.   250.378247: __handle_irq_event_percpu: [+] irq: [86] handler: bcm2835_mmc_irq+0x0/0x6ec caller: (handle_irq_event_percpu) 
          <idle>-0     [003] dnh.   250.378263: sched_wakeup: comm=kworker/u8:3 pid=464 prio=120 target_cpu=003
          <idle>-0     [003] d...   250.378274: sched_switch: prev_comm=swapper/3 prev_pid=0 prev_prio=120 prev_state=R ==> next_comm=kworker/u8:3 next_pid=464 next_prio=120
    kworker/u8:3-464   [003] d...   250.378296: sched_wakeup: comm=ksoftirqd/3 pid=26 prio=120 target_cpu=003
    kworker/u8:3-464   [003] d.s1   250.378363: workqueue_queue_work: work struct=99ae5102 function=brcmf_sdio_dataworker [brcmfmac] workqueue=75fe9dc2 req_cpu=4 cpu=4294967295
    kworker/u8:3-464   [003] d.s1   250.378366: insert_work <-__queue_work
    kworker/u8:3-464   [003] d.s1   250.378431: <stack trace>
 => insert_work
 => __queue_work
 => queue_work_on
 => brcmf_sdio_bus_txdata
 => brcmf_proto_bcdc_txdata
 => brcmf_proto_bcdc_tx_queue_data
 => brcmf_netdev_start_xmit
 => dev_hard_start_xmit
 => sch_direct_xmit
 => __qdisc_run
 => __dev_queue_xmit
 => dev_queue_xmit
 => ip_finish_output2
 => ip_finish_output
 => ip_output
 => ip_local_out
 => __ip_queue_xmit
 => ip_queue_xmit
 => __tcp_transmit_skb
 => tcp_write_xmit
 => tcp_tsq_write.part.0
 => tcp_tsq_handler
 => tcp_tasklet_func
 => tasklet_action_common.constprop.0
 => tasklet_action
 => __do_softirq
 => do_softirq.part.0
 => __local_bh_enable_ip
 => _raw_spin_unlock_bh
 => brcmf_sdio_dataworker
 => process_one_work
 => worker_thread
 => kthread
 => ret_from_fork
 => 0
          <idle>-0     [000] dnh.   250.378443: sched_wakeup: comm=kworker/u8:1 pid=45 prio=120 target_cpu=000
          <idle>-0     [000] d...   250.378450: sched_switch: prev_comm=swapper/0 prev_pid=0 prev_prio=120 prev_state=R ==> next_comm=kworker/u8:1 next_pid=45 next_prio=120
    kworker/u8:3-464   [003] d...   250.378483: sched_switch: prev_comm=kworker/u8:3 prev_pid=464 prev_prio=120 prev_state=D ==> next_comm=ksoftirqd/3 next_pid=26 next_prio=120
    kworker/u8:1-45    [000] d...   250.378498: sched_switch: prev_comm=kworker/u8:1 prev_pid=45 prev_prio=120 prev_state=I ==> next_comm=swapper/0 next_pid=0 next_prio=120
     ksoftirqd/3-26    [003] d...   250.378499: sched_switch: prev_comm=ksoftirqd/3 prev_pid=26 prev_prio=120 prev_state=S ==> next_comm=swapper/3 next_pid=0 next_prio=120
          <idle>-0     [000] d.h.   250.378506: __handle_irq_event_percpu: [+] irq: [86] handler: bcm2835_mmc_irq+0x0/0x6ec caller: (handle_irq_event_percpu) 
          <idle>-0     [000] d.h.   250.378529: __handle_irq_event_percpu: [+] irq: [86] handler: bcm2835_mmc_irq+0x0/0x6ec caller: (handle_irq_event_percpu) 
          <idle>-0     [003] dnh.   250.378546: sched_wakeup: comm=kworker/u8:3 pid=464 prio=120 target_cpu=003
          <idle>-0     [003] d...   250.378558: sched_switch: prev_comm=swapper/3 prev_pid=0 prev_prio=120 prev_state=R ==> next_comm=kworker/u8:3 next_pid=464 next_prio=120
    kworker/u8:3-464   [003] ....   250.378570: workqueue_execute_end: work struct 99ae5102
    kworker/u8:3-464   [003] d...   250.378573: workqueue_activate_work: work struct 99ae5102
    kworker/u8:3-464   [003] ....   250.378576: workqueue_execute_start: work struct 99ae5102: function brcmf_sdio_dataworker [brcmfmac]
    kworker/u8:3-464   [003] ....   250.378578: workqueue_execute_end: work struct 99ae5102
    kworker/u8:3-464   [003] d...   250.378585: sched_switch: prev_comm=kworker/u8:3 prev_pid=464 prev_prio=120 prev_state=I ==> next_comm=swapper/3 next_pid=0 next_prio=120
          <idle>-0     [000] d.h.   250.382121: __handle_irq_event_percpu: [+] irq: [56] handler: dwc_otg_common_irq+0x0/0x28 caller: (handle_irq_event_percpu) 
          <idle>-0     [000] d.h.   250.382129: __handle_irq_event_percpu: [+] irq: [56] handler: dwc_otg_pcd_irq+0x0/0x28 caller: (handle_irq_event_percpu) 
          <idle>-0     [000] d.h.   250.382133: __handle_irq_event_percpu: [+] irq: [56] handler: usb_hcd_irq+0x0/0x48 caller: (handle_irq_event_percpu) 
          <idle>-0     [000] d.h.   250.382248: __handle_irq_event_percpu: [+] irq: [56] handler: dwc_otg_common_irq+0x0/0x28 caller: (handle_irq_event_percpu) 
          <idle>-0     [000] d.h.   250.382253: __handle_irq_event_percpu: [+] irq: [56] handler: dwc_otg_pcd_irq+0x0/0x28 caller: (handle_irq_event_percpu) 
          <idle>-0     [000] d.h.   250.382256: __handle_irq_event_percpu: [+] irq: [56] handler: usb_hcd_irq+0x0/0x48 caller: (handle_irq_event_percpu) 
          <idle>-0     [002] dns.   250.384298: sched_wakeup: comm=rcu_sched pid=10 prio=120 target_cpu=002
          <idle>-0     [002] d...   250.384323: sched_switch: prev_comm=swapper/2 prev_pid=0 prev_prio=120 prev_state=R ==> next_comm=rcu_sched next_pid=10 next_prio=120
       rcu_sched-10    [002] d...   250.384348: sched_switch: prev_comm=rcu_sched prev_pid=10 prev_prio=120 prev_state=I ==> next_comm=swapper/2 next_pid=0 next_prio=120
          <idle>-0     [000] d.h.   250.390121: __handle_irq_event_percpu: [+] irq: [56] handler: dwc_otg_common_irq+0x0/0x28 caller: (handle_irq_event_percpu) 
          <idle>-0     [000] d.h.   250.390126: __handle_irq_event_percpu: [+] irq: [56] handler: dwc_otg_pcd_irq+0x0/0x28 caller: (handle_irq_event_percpu) 
          <idle>-0     [000] d.h.   250.390129: __handle_irq_event_percpu: [+] irq: [56] handler: usb_hcd_irq+0x0/0x48 caller: (handle_irq_event_percpu) 
          <idle>-0     [000] d.h.   250.390248: __handle_irq_event_percpu: [+] irq: [56] handler: dwc_otg_common_irq+0x0/0x28 caller: (handle_irq_event_percpu) 
          <idle>-0     [000] d.h.   250.390252: __handle_irq_event_percpu: [+] irq: [56] handler: dwc_otg_pcd_irq+0x0/0x28 caller: (handle_irq_event_percpu) 
          <idle>-0     [000] d.h.   250.390256: __handle_irq_event_percpu: [+] irq: [56] handler: usb_hcd_irq+0x0/0x48 caller: (handle_irq_event_percpu) 
          <idle>-0     [000] dnH.   250.394296: sched_wakeup: comm=brcmf_wdog/mmc1 pid=248 prio=120 target_cpu=000
          <idle>-0     [000] d...   250.394312: sched_switch: prev_comm=swapper/0 prev_pid=0 prev_prio=120 prev_state=R ==> next_comm=brcmf_wdog/mmc1 next_pid=248 next_prio=120
 brcmf_wdog/mmc1-248   [000] d...   250.394324: sched_switch: prev_comm=brcmf_wdog/mmc1 prev_pid=248 prev_prio=120 prev_state=S ==> next_comm=swapper/0 next_pid=0 next_prio=120
          <idle>-0     [000] d.h.   250.398121: __handle_irq_event_percpu: [+] irq: [56] handler: dwc_otg_common_irq+0x0/0x28 caller: (handle_irq_event_percpu) 
          <idle>-0     [000] d.h.   250.398126: __handle_irq_event_percpu: [+] irq: [56] handler: dwc_otg_pcd_irq+0x0/0x28 caller: (handle_irq_event_percpu) 
          <idle>-0     [000] d.h.   250.398129: __handle_irq_event_percpu: [+] irq: [56] handler: usb_hcd_irq+0x0/0x48 caller: (handle_irq_event_percpu) 
          <idle>-0     [000] d.h.   250.398247: __handle_irq_event_percpu: [+] irq: [56] handler: dwc_otg_common_irq+0x0/0x28 caller: (handle_irq_event_percpu) 
          <idle>-0     [000] d.h.   250.398251: __handle_irq_event_percpu: [+] irq: [56] handler: dwc_otg_pcd_irq+0x0/0x28 caller: (handle_irq_event_percpu) 
          <idle>-0     [000] d.h.   250.398255: __handle_irq_event_percpu: [+] irq: [56] handler: usb_hcd_irq+0x0/0x48 caller: (handle_irq_event_percpu) 
          <idle>-0     [000] d.h.   250.406121: __handle_irq_event_percpu: [+] irq: [56] handler: dwc_otg_common_irq+0x0/0x28 caller: (handle_irq_event_percpu) 
          <idle>-0     [000] d.h.   250.406126: __handle_irq_event_percpu: [+] irq: [56] handler: dwc_otg_pcd_irq+0x0/0x28 caller: (handle_irq_event_percpu) 
          <idle>-0     [000] d.h.   250.406129: __handle_irq_event_percpu: [+] irq: [56] handler: usb_hcd_irq+0x0/0x48 caller: (handle_irq_event_percpu) 
          <idle>-0     [000] d.h.   250.406247: __handle_irq_event_percpu: [+] irq: [56] handler: dwc_otg_common_irq+0x0/0x28 caller: (handle_irq_event_percpu) 
          <idle>-0     [000] d.h.   250.406251: __handle_irq_event_percpu: [+] irq: [56] handler: dwc_otg_pcd_irq+0x0/0x28 caller: (handle_irq_event_percpu) 
          <idle>-0     [000] d.h.   250.406254: __handle_irq_event_percpu: [+] irq: [56] handler: usb_hcd_irq+0x0/0x48 caller: (handle_irq_event_percpu) 
          <idle>-0     [003] dnh.   250.407126: sched_wakeup: comm=lxpanel pid=997 prio=120 target_cpu=003
          <idle>-0     [003] d...   250.407144: sched_switch: prev_comm=swapper/3 prev_pid=0 prev_prio=120 prev_state=R ==> next_comm=lxpanel next_pid=997 next_prio=120
         lxpanel-997   [003] d...   250.407272: sched_switch: prev_comm=lxpanel prev_pid=997 prev_prio=120 prev_state=S ==> next_comm=swapper/3 next_pid=0 next_prio=120
          <idle>-0     [000] d.h.   250.414120: __handle_irq_event_percpu: [+] irq: [56] handler: dwc_otg_common_irq+0x0/0x28 caller: (handle_irq_event_percpu) 
          <idle>-0     [000] d.h.   250.414125: __handle_irq_event_percpu: [+] irq: [56] handler: dwc_otg_pcd_irq+0x0/0x28 caller: (handle_irq_event_percpu) 
          <idle>-0     [000] d.h.   250.414128: __handle_irq_event_percpu: [+] irq: [56] handler: usb_hcd_irq+0x0/0x48 caller: (handle_irq_event_percpu) 
          <idle>-0     [000] d.h.   250.414247: __handle_irq_event_percpu: [+] irq: [56] handler: dwc_otg_common_irq+0x0/0x28 caller: (handle_irq_event_percpu) 
          <idle>-0     [000] d.h.   250.414251: __handle_irq_event_percpu: [+] irq: [56] handler: dwc_otg_pcd_irq+0x0/0x28 caller: (handle_irq_event_percpu) 
          <idle>-0     [000] d.h.   250.414255: __handle_irq_event_percpu: [+] irq: [56] handler: usb_hcd_irq+0x0/0x48 caller: (handle_irq_event_percpu) 
          <idle>-0     [002] dns.   250.414285: sched_wakeup: comm=rcu_sched pid=10 prio=120 target_cpu=002
          <idle>-0     [000] dnH.   250.414293: sched_wakeup: comm=brcmf_wdog/mmc1 pid=248 prio=120 target_cpu=000
          <idle>-0     [002] d...   250.414304: sched_switch: prev_comm=swapper/2 prev_pid=0 prev_prio=120 prev_state=R ==> next_comm=rcu_sched next_pid=10 next_prio=120
          <idle>-0     [000] d...   250.414307: sched_switch: prev_comm=swapper/0 prev_pid=0 prev_prio=120 prev_state=R ==> next_comm=brcmf_wdog/mmc1 next_pid=248 next_prio=120
 brcmf_wdog/mmc1-248   [000] d.h.   250.414330: __handle_irq_event_percpu: [+] irq: [86] handler: bcm2835_mmc_irq+0x0/0x6ec caller: (handle_irq_event_percpu) 
       rcu_sched-10    [002] d...   250.414340: sched_switch: prev_comm=rcu_sched prev_pid=10 prev_prio=120 prev_state=I ==> next_comm=swapper/2 next_pid=0 next_prio=120
 brcmf_wdog/mmc1-248   [000] d.s.   250.414341: sched_wakeup: comm=brcmf_wdog/mmc1 pid=248 prio=120 target_cpu=000
 brcmf_wdog/mmc1-248   [000] d.h.   250.414360: __handle_irq_event_percpu: [+] irq: [86] handler: bcm2835_mmc_irq+0x0/0x6ec caller: (handle_irq_event_percpu) 
 brcmf_wdog/mmc1-248   [000] d.s.   250.414370: sched_wakeup: comm=brcmf_wdog/mmc1 pid=248 prio=120 target_cpu=000
 brcmf_wdog/mmc1-248   [000] d.h.   250.414388: __handle_irq_event_percpu: [+] irq: [86] handler: bcm2835_mmc_irq+0x0/0x6ec caller: (handle_irq_event_percpu) 
 brcmf_wdog/mmc1-248   [000] d.s.   250.414397: sched_wakeup: comm=brcmf_wdog/mmc1 pid=248 prio=120 target_cpu=000
 brcmf_wdog/mmc1-248   [000] d...   250.414411: sched_switch: prev_comm=brcmf_wdog/mmc1 prev_pid=248 prev_prio=120 prev_state=S ==> next_comm=swapper/0 next_pid=0 next_prio=120
          <idle>-0     [000] d.h.   250.422121: __handle_irq_event_percpu: [+] irq: [56] handler: dwc_otg_common_irq+0x0/0x28 caller: (handle_irq_event_percpu) 
          <idle>-0     [000] d.h.   250.422126: __handle_irq_event_percpu: [+] irq: [56] handler: dwc_otg_pcd_irq+0x0/0x28 caller: (handle_irq_event_percpu) 
          <idle>-0     [000] d.h.   250.422129: __handle_irq_event_percpu: [+] irq: [56] handler: usb_hcd_irq+0x0/0x48 caller: (handle_irq_event_percpu) 
          <idle>-0     [000] d.h.   250.422247: __handle_irq_event_percpu: [+] irq: [56] handler: dwc_otg_common_irq+0x0/0x28 caller: (handle_irq_event_percpu) 
          <idle>-0     [000] d.h.   250.422252: __handle_irq_event_percpu: [+] irq: [56] handler: dwc_otg_pcd_irq+0x0/0x28 caller: (handle_irq_event_percpu) 
          <idle>-0     [000] d.h.   250.422255: __handle_irq_event_percpu: [+] irq: [56] handler: usb_hcd_irq+0x0/0x48 caller: (handle_irq_event_percpu) 
          <idle>-0     [000] d.h.   250.430121: __handle_irq_event_percpu: [+] irq: [56] handler: dwc_otg_common_irq+0x0/0x28 caller: (handle_irq_event_percpu) 
          <idle>-0     [000] d.h.   250.430126: __handle_irq_event_percpu: [+] irq: [56] handler: dwc_otg_pcd_irq+0x0/0x28 caller: (handle_irq_event_percpu) 
          <idle>-0     [000] d.h.   250.430129: __handle_irq_event_percpu: [+] irq: [56] handler: usb_hcd_irq+0x0/0x48 caller: (handle_irq_event_percpu) 
          <idle>-0     [000] d.h.   250.430247: __handle_irq_event_percpu: [+] irq: [56] handler: dwc_otg_common_irq+0x0/0x28 caller: (handle_irq_event_percpu) 
          <idle>-0     [000] d.h.   250.430251: __handle_irq_event_percpu: [+] irq: [56] handler: dwc_otg_pcd_irq+0x0/0x28 caller: (handle_irq_event_percpu) 
          <idle>-0     [000] d.h.   250.430255: __handle_irq_event_percpu: [+] irq: [56] handler: usb_hcd_irq+0x0/0x48 caller: (handle_irq_event_percpu) 
          <idle>-0     [002] dns.   250.434288: sched_wakeup: comm=rcu_sched pid=10 prio=120 target_cpu=002
          <idle>-0     [002] d...   250.434307: sched_switch: prev_comm=swapper/2 prev_pid=0 prev_prio=120 prev_state=R ==> next_comm=rcu_sched next_pid=10 next_prio=120
       rcu_sched-10    [002] d...   250.434325: sched_switch: prev_comm=rcu_sched prev_pid=10 prev_prio=120 prev_state=I ==> next_comm=swapper/2 next_pid=0 next_prio=120
          <idle>-0     [000] d.h.   250.438121: __handle_irq_event_percpu: [+] irq: [56] handler: dwc_otg_common_irq+0x0/0x28 caller: (handle_irq_event_percpu) 
          <idle>-0     [000] d.h.   250.438126: __handle_irq_event_percpu: [+] irq: [56] handler: dwc_otg_pcd_irq+0x0/0x28 caller: (handle_irq_event_percpu) 
          <idle>-0     [000] d.h.   250.438129: __handle_irq_event_percpu: [+] irq: [56] handler: usb_hcd_irq+0x0/0x48 caller: (handle_irq_event_percpu) 
          <idle>-0     [000] d.h.   250.438247: __handle_irq_event_percpu: [+] irq: [56] handler: dwc_otg_common_irq+0x0/0x28 caller: (handle_irq_event_percpu) 
          <idle>-0     [000] d.h.   250.438251: __handle_irq_event_percpu: [+] irq: [56] handler: dwc_otg_pcd_irq+0x0/0x28 caller: (handle_irq_event_percpu) 
          <idle>-0     [000] d.h.   250.438255: __handle_irq_event_percpu: [+] irq: [56] handler: usb_hcd_irq+0x0/0x48 caller: (handle_irq_event_percpu) 
          <idle>-0     [000] d.h.   250.439574: __handle_irq_event_percpu: [+] irq: [86] handler: bcm2835_mmc_irq+0x0/0x6ec caller: (handle_irq_event_percpu) 
          <idle>-0     [003] dnh.   250.439595: sched_wakeup: comm=irq/86-mmc1 pid=81 prio=49 target_cpu=003
          <idle>-0     [003] d...   250.439610: sched_switch: prev_comm=swapper/3 prev_pid=0 prev_prio=120 prev_state=R ==> next_comm=irq/86-mmc1 next_pid=81 next_prio=49
          <idle>-0     [000] d.h.   250.439692: __handle_irq_event_percpu: [+] irq: [86] handler: bcm2835_mmc_irq+0x0/0x6ec caller: (handle_irq_event_percpu) 
     irq/86-mmc1-81    [003] d...   250.439699: sched_switch: prev_comm=irq/86-mmc1 prev_pid=81 prev_prio=49 prev_state=D ==> next_comm=swapper/3 next_pid=0 next_prio=120
          <idle>-0     [003] dnh.   250.439708: sched_wakeup: comm=irq/86-mmc1 pid=81 prio=49 target_cpu=003
          <idle>-0     [003] d...   250.439716: sched_switch: prev_comm=swapper/3 prev_pid=0 prev_prio=120 prev_state=R ==> next_comm=irq/86-mmc1 next_pid=81 next_prio=49
          <idle>-0     [000] d.h.   250.439741: __handle_irq_event_percpu: [+] irq: [86] handler: bcm2835_mmc_irq+0x0/0x6ec caller: (handle_irq_event_percpu) 
     irq/86-mmc1-81    [003] d...   250.439742: sched_switch: prev_comm=irq/86-mmc1 prev_pid=81 prev_prio=49 prev_state=D ==> next_comm=swapper/3 next_pid=0 next_prio=120
          <idle>-0     [003] dnh.   250.439759: sched_wakeup: comm=irq/86-mmc1 pid=81 prio=49 target_cpu=003
          <idle>-0     [003] d...   250.439766: sched_switch: prev_comm=swapper/3 prev_pid=0 prev_prio=120 prev_state=R ==> next_comm=irq/86-mmc1 next_pid=81 next_prio=49
          <idle>-0     [000] d.h.   250.439789: __handle_irq_event_percpu: [+] irq: [86] handler: bcm2835_mmc_irq+0x0/0x6ec caller: (handle_irq_event_percpu) 
     irq/86-mmc1-81    [003] d...   250.439789: sched_switch: prev_comm=irq/86-mmc1 prev_pid=81 prev_prio=49 prev_state=D ==> next_comm=swapper/3 next_pid=0 next_prio=120
          <idle>-0     [000] d.h.   250.439797: __handle_irq_event_percpu: [+] irq: [86] handler: bcm2835_mmc_irq+0x0/0x6ec caller: (handle_irq_event_percpu) 
          <idle>-0     [003] dnh.   250.439811: sched_wakeup: comm=irq/86-mmc1 pid=81 prio=49 target_cpu=003
          <idle>-0     [003] d...   250.439818: sched_switch: prev_comm=swapper/3 prev_pid=0 prev_prio=120 prev_state=R ==> next_comm=irq/86-mmc1 next_pid=81 next_prio=49
     irq/86-mmc1-81    [003] d...   250.439823: workqueue_queue_work: work struct=99ae5102 function=brcmf_sdio_dataworker [brcmfmac] workqueue=75fe9dc2 req_cpu=4 cpu=4294967295
     irq/86-mmc1-81    [003] d...   250.439825: workqueue_activate_work: work struct 99ae5102
     irq/86-mmc1-81    [003] d...   250.439827: insert_work <-__queue_work
     irq/86-mmc1-81    [003] d...   250.439857: <stack trace>
 => insert_work
 => __queue_work
 => queue_work_on
 => brcmf_sdio_isr
 => brcmf_sdiod_ib_irqhandler
 => process_sdio_pending_irqs
 => sdio_run_irqs
 => bcm2835_mmc_thread_irq
 => irq_thread_fn
 => irq_thread
 => kthread
 => ret_from_fork
 => 0
     irq/86-mmc1-81    [003] d...   250.439867: sched_wakeup: comm=kworker/u8:3 pid=464 prio=120 target_cpu=003
     irq/86-mmc1-81    [003] d...   250.439883: sched_switch: prev_comm=irq/86-mmc1 prev_pid=81 prev_prio=49 prev_state=S ==> next_comm=kworker/u8:3 next_pid=464 next_prio=120
    kworker/u8:3-464   [003] ....   250.439887: workqueue_execute_start: work struct 99ae5102: function brcmf_sdio_dataworker [brcmfmac]
          <idle>-0     [000] d.h.   250.439905: __handle_irq_event_percpu: [+] irq: [86] handler: bcm2835_mmc_irq+0x0/0x6ec caller: (handle_irq_event_percpu) 
    kworker/u8:3-464   [003] d...   250.439921: sched_switch: prev_comm=kworker/u8:3 prev_pid=464 prev_prio=120 prev_state=D ==> next_comm=swapper/3 next_pid=0 next_prio=120
          <idle>-0     [003] dnh.   250.439933: sched_wakeup: comm=kworker/u8:3 pid=464 prio=120 target_cpu=003
          <idle>-0     [003] d...   250.439940: sched_switch: prev_comm=swapper/3 prev_pid=0 prev_prio=120 prev_state=R ==> next_comm=kworker/u8:3 next_pid=464 next_prio=120
    kworker/u8:3-464   [003] d...   250.439952: sched_switch: prev_comm=kworker/u8:3 prev_pid=464 prev_prio=120 prev_state=D ==> next_comm=swapper/3 next_pid=0 next_prio=120
          <idle>-0     [003] dnh.   250.442954: sched_wakeup: comm=kworker/u8:3 pid=464 prio=120 target_cpu=003
          <idle>-0     [003] d...   250.442963: sched_switch: prev_comm=swapper/3 prev_pid=0 prev_prio=120 prev_state=R ==> next_comm=kworker/u8:3 next_pid=464 next_prio=120
          <idle>-0     [000] d.h.   250.442977: __handle_irq_event_percpu: [+] irq: [86] handler: bcm2835_mmc_irq+0x0/0x6ec caller: (handle_irq_event_percpu) 
    kworker/u8:3-464   [003] d...   250.442977: sched_switch: prev_comm=kworker/u8:3 prev_pid=464 prev_prio=120 prev_state=D ==> next_comm=swapper/3 next_pid=0 next_prio=120
          <idle>-0     [003] dnh.   250.442992: sched_wakeup: comm=kworker/u8:3 pid=464 prio=120 target_cpu=003
          <idle>-0     [003] d...   250.442998: sched_switch: prev_comm=swapper/3 prev_pid=0 prev_prio=120 prev_state=R ==> next_comm=kworker/u8:3 next_pid=464 next_prio=120
          <idle>-0     [000] d.h.   250.443033: __handle_irq_event_percpu: [+] irq: [86] handler: bcm2835_mmc_irq+0x0/0x6ec caller: (handle_irq_event_percpu) 
    kworker/u8:3-464   [003] d...   250.443033: sched_switch: prev_comm=kworker/u8:3 prev_pid=464 prev_prio=120 prev_state=D ==> next_comm=swapper/3 next_pid=0 next_prio=120
          <idle>-0     [003] dnh.   250.443053: sched_wakeup: comm=kworker/u8:3 pid=464 prio=120 target_cpu=003
          <idle>-0     [003] d...   250.443060: sched_switch: prev_comm=swapper/3 prev_pid=0 prev_prio=120 prev_state=R ==> next_comm=kworker/u8:3 next_pid=464 next_prio=120
    kworker/u8:3-464   [003] d...   250.443088: sched_switch: prev_comm=kworker/u8:3 prev_pid=464 prev_prio=120 prev_state=D ==> next_comm=swapper/3 next_pid=0 next_prio=120
          <idle>-0     [000] d.h.   250.443088: __handle_irq_event_percpu: [+] irq: [86] handler: bcm2835_mmc_irq+0x0/0x6ec caller: (handle_irq_event_percpu) 
          <idle>-0     [003] dnh.   250.443106: sched_wakeup: comm=kworker/u8:3 pid=464 prio=120 target_cpu=003
          <idle>-0     [003] d...   250.443113: sched_switch: prev_comm=swapper/3 prev_pid=0 prev_prio=120 prev_state=R ==> next_comm=kworker/u8:3 next_pid=464 next_prio=120
          <idle>-0     [000] d.h.   250.443212: __handle_irq_event_percpu: [+] irq: [86] handler: bcm2835_mmc_irq+0x0/0x6ec caller: (handle_irq_event_percpu) 
    kworker/u8:3-464   [003] d...   250.443213: sched_switch: prev_comm=kworker/u8:3 prev_pid=464 prev_prio=120 prev_state=D ==> next_comm=swapper/3 next_pid=0 next_prio=120
          <idle>-0     [003] dnh.   250.443231: sched_wakeup: comm=kworker/u8:3 pid=464 prio=120 target_cpu=003
          <idle>-0     [003] d...   250.443238: sched_switch: prev_comm=swapper/3 prev_pid=0 prev_prio=120 prev_state=R ==> next_comm=kworker/u8:3 next_pid=464 next_prio=120
    kworker/u8:3-464   [003] ....   250.443248: workqueue_execute_end: work struct 99ae5102
    kworker/u8:3-464   [003] d...   250.443255: sched_switch: prev_comm=kworker/u8:3 prev_pid=464 prev_prio=120 prev_state=I ==> next_comm=swapper/3 next_pid=0 next_prio=120
          <idle>-0     [000] dnH.   250.444293: sched_wakeup: comm=in:imklog pid=389 prio=120 target_cpu=000
          <idle>-0     [001] dnh.   250.444295: sched_wakeup: comm=systemd-journal pid=114 prio=120 target_cpu=001
          <idle>-0     [001] d...   250.444311: sched_switch: prev_comm=swapper/1 prev_pid=0 prev_prio=120 prev_state=R ==> next_comm=systemd-journal next_pid=114 next_prio=120
          <idle>-0     [000] d...   250.444312: sched_switch: prev_comm=swapper/0 prev_pid=0 prev_prio=120 prev_state=R ==> next_comm=in:imklog next_pid=389 next_prio=120
       in:imklog-389   [000] d...   250.444496: sched_wakeup: comm=rs:main Q:Reg pid=393 prio=120 target_cpu=000
       in:imklog-389   [000] d...   250.444623: sched_switch: prev_comm=in:imklog prev_pid=389 prev_prio=120 prev_state=S ==> next_comm=rs:main Q:Reg next_pid=393 next_prio=120
   rs:main Q:Reg-393   [000] d...   250.445031: sched_switch: prev_comm=rs:main Q:Reg prev_pid=393 prev_prio=120 prev_state=S ==> next_comm=swapper/0 next_pid=0 next_prio=120
          <idle>-0     [000] d.h.   250.446127: __handle_irq_event_percpu: [+] irq: [56] handler: dwc_otg_common_irq+0x0/0x28 caller: (handle_irq_event_percpu) 
          <idle>-0     [000] d.h.   250.446135: __handle_irq_event_percpu: [+] irq: [56] handler: dwc_otg_pcd_irq+0x0/0x28 caller: (handle_irq_event_percpu) 
          <idle>-0     [000] d.h.   250.446139: __handle_irq_event_percpu: [+] irq: [56] handler: usb_hcd_irq+0x0/0x48 caller: (handle_irq_event_percpu) 
          <idle>-0     [000] d.h.   250.446248: __handle_irq_event_percpu: [+] irq: [56] handler: dwc_otg_common_irq+0x0/0x28 caller: (handle_irq_event_percpu) 
          <idle>-0     [000] d.h.   250.446253: __handle_irq_event_percpu: [+] irq: [56] handler: dwc_otg_pcd_irq+0x0/0x28 caller: (handle_irq_event_percpu) 
          <idle>-0     [000] d.h.   250.446256: __handle_irq_event_percpu: [+] irq: [56] handler: usb_hcd_irq+0x0/0x48 caller: (handle_irq_event_percpu) 
 systemd-journal-114   [001] d...   250.447360: sched_switch: prev_comm=systemd-journal prev_pid=114 prev_prio=120 prev_state=S ==> next_comm=swapper/1 next_pid=0 next_prio=120
          <idle>-0     [000] d.h.   250.448120: __handle_irq_event_percpu: [+] irq: [56] handler: dwc_otg_common_irq+0x0/0x28 caller: (handle_irq_event_percpu) 
          <idle>-0     [000] d.h.   250.448125: __handle_irq_event_percpu: [+] irq: [56] handler: dwc_otg_pcd_irq+0x0/0x28 caller: (handle_irq_event_percpu) 
          <idle>-0     [000] d.h.   250.448128: __handle_irq_event_percpu: [+] irq: [56] handler: usb_hcd_irq+0x0/0x48 caller: (handle_irq_event_percpu) 
          <idle>-0     [000] d.h.   250.448247: __handle_irq_event_percpu: [+] irq: [56] handler: dwc_otg_common_irq+0x0/0x28 caller: (handle_irq_event_percpu) 
          <idle>-0     [000] d.h.   250.448252: __handle_irq_event_percpu: [+] irq: [56] handler: dwc_otg_pcd_irq+0x0/0x28 caller: (handle_irq_event_percpu) 
          <idle>-0     [000] d.h.   250.448255: __handle_irq_event_percpu: [+] irq: [56] handler: usb_hcd_irq+0x0/0x48 caller: (handle_irq_event_percpu) 
          <idle>-0     [000] d.h.   250.454120: __handle_irq_event_percpu: [+] irq: [56] handler: dwc_otg_common_irq+0x0/0x28 caller: (handle_irq_event_percpu) 
          <idle>-0     [000] d.h.   250.454124: __handle_irq_event_percpu: [+] irq: [56] handler: dwc_otg_pcd_irq+0x0/0x28 caller: (handle_irq_event_percpu) 
          <idle>-0     [000] d.h.   250.454128: __handle_irq_event_percpu: [+] irq: [56] handler: usb_hcd_irq+0x0/0x48 caller: (handle_irq_event_percpu) 
          <idle>-0     [000] d.h.   250.454247: __handle_irq_event_percpu: [+] irq: [56] handler: dwc_otg_common_irq+0x0/0x28 caller: (handle_irq_event_percpu) 
          <idle>-0     [000] d.h.   250.454251: __handle_irq_event_percpu: [+] irq: [56] handler: dwc_otg_pcd_irq+0x0/0x28 caller: (handle_irq_event_percpu) 
          <idle>-0     [000] d.h.   250.454254: __handle_irq_event_percpu: [+] irq: [56] handler: usb_hcd_irq+0x0/0x48 caller: (handle_irq_event_percpu) 
          <idle>-0     [002] dns.   250.454302: sched_wakeup: comm=rcu_sched pid=10 prio=120 target_cpu=002
          <idle>-0     [000] dnH.   250.454307: sched_wakeup: comm=brcmf_wdog/mmc1 pid=248 prio=120 target_cpu=000
          <idle>-0     [002] d...   250.454331: sched_switch: prev_comm=swapper/2 prev_pid=0 prev_prio=120 prev_state=R ==> next_comm=rcu_sched next_pid=10 next_prio=120
          <idle>-0     [000] d...   250.454331: sched_switch: prev_comm=swapper/0 prev_pid=0 prev_prio=120 prev_state=R ==> next_comm=brcmf_wdog/mmc1 next_pid=248 next_prio=120
 brcmf_wdog/mmc1-248   [000] d...   250.454345: sched_switch: prev_comm=brcmf_wdog/mmc1 prev_pid=248 prev_prio=120 prev_state=S ==> next_comm=swapper/0 next_pid=0 next_prio=120
       rcu_sched-10    [002] d...   250.454353: sched_switch: prev_comm=rcu_sched prev_pid=10 prev_prio=120 prev_state=I ==> next_comm=swapper/2 next_pid=0 next_prio=120
          <idle>-0     [001] dnh.   250.457358: sched_wakeup: comm=mysqld pid=778 prio=120 target_cpu=001
          <idle>-0     [001] d...   250.457371: sched_switch: prev_comm=swapper/1 prev_pid=0 prev_prio=120 prev_state=R ==> next_comm=mysqld next_pid=778 next_prio=120
          mysqld-778   [001] d...   250.457412: sched_switch: prev_comm=mysqld prev_pid=778 prev_prio=120 prev_state=S ==> next_comm=swapper/1 next_pid=0 next_prio=120
          <idle>-0     [001] dnh.   250.461369: sched_wakeup: comm=mosquitto pid=467 prio=120 target_cpu=001
          <idle>-0     [001] dnh.   250.461379: workqueue_queue_work: work struct=8fb842c9 function=dbs_work_handler workqueue=47960adf req_cpu=1 cpu=1
          <idle>-0     [001] dnh.   250.461382: workqueue_activate_work: work struct 8fb842c9
          <idle>-0     [001] dnh.   250.461384: insert_work <-__queue_work
          <idle>-0     [001] dnh.   250.461429: <stack trace>
 => insert_work
 => __queue_work
 => queue_work_on
 => dbs_irq_work
 => irq_work_run_list
 => irq_work_run
 => handle_IPI
 => bcm2836_arm_irqchip_handle_irq
 => __irq_svc
 => arch_cpu_idle
 => arch_cpu_idle
 => default_idle_call
 => do_idle
 => cpu_startup_entry
 => secondary_start_kernel
 => 0x001026ec
          <idle>-0     [001] dnh.   250.461439: sched_wakeup: comm=kworker/1:0 pid=17 prio=120 target_cpu=001
          <idle>-0     [001] d...   250.461449: sched_switch: prev_comm=swapper/1 prev_pid=0 prev_prio=120 prev_state=R ==> next_comm=mosquitto next_pid=467 next_prio=120
       mosquitto-467   [001] d...   250.461495: sched_switch: prev_comm=mosquitto prev_pid=467 prev_prio=120 prev_state=S ==> next_comm=kworker/1:0 next_pid=17 next_prio=120
     kworker/1:0-17    [001] ....   250.461503: workqueue_execute_start: work struct 8fb842c9: function dbs_work_handler
     kworker/1:0-17    [001] ....   250.461517: workqueue_execute_end: work struct 8fb842c9
     kworker/1:0-17    [001] d...   250.461539: sched_switch: prev_comm=kworker/1:0 prev_pid=17 prev_prio=120 prev_state=I ==> next_comm=swapper/1 next_pid=0 next_prio=120
          <idle>-0     [000] d.h.   250.462121: __handle_irq_event_percpu: [+] irq: [56] handler: dwc_otg_common_irq+0x0/0x28 caller: (handle_irq_event_percpu) 
          <idle>-0     [000] d.h.   250.462127: __handle_irq_event_percpu: [+] irq: [56] handler: dwc_otg_pcd_irq+0x0/0x28 caller: (handle_irq_event_percpu) 
          <idle>-0     [000] d.h.   250.462130: __handle_irq_event_percpu: [+] irq: [56] handler: usb_hcd_irq+0x0/0x48 caller: (handle_irq_event_percpu) 
          <idle>-0     [000] d.h.   250.462247: __handle_irq_event_percpu: [+] irq: [56] handler: dwc_otg_common_irq+0x0/0x28 caller: (handle_irq_event_percpu) 
          <idle>-0     [000] d.h.   250.462252: __handle_irq_event_percpu: [+] irq: [56] handler: dwc_otg_pcd_irq+0x0/0x28 caller: (handle_irq_event_percpu) 
          <idle>-0     [000] d.h.   250.462255: __handle_irq_event_percpu: [+] irq: [56] handler: usb_hcd_irq+0x0/0x48 caller: (handle_irq_event_percpu) 
          <idle>-0     [000] d.h.   250.470122: __handle_irq_event_percpu: [+] irq: [56] handler: dwc_otg_common_irq+0x0/0x28 caller: (handle_irq_event_percpu) 
          <idle>-0     [000] d.h.   250.470127: __handle_irq_event_percpu: [+] irq: [56] handler: dwc_otg_pcd_irq+0x0/0x28 caller: (handle_irq_event_percpu) 
          <idle>-0     [000] d.h.   250.470130: __handle_irq_event_percpu: [+] irq: [56] handler: usb_hcd_irq+0x0/0x48 caller: (handle_irq_event_percpu) 
          <idle>-0     [000] d.h.   250.470247: __handle_irq_event_percpu: [+] irq: [56] handler: dwc_otg_common_irq+0x0/0x28 caller: (handle_irq_event_percpu) 
          <idle>-0     [000] d.h.   250.470252: __handle_irq_event_percpu: [+] irq: [56] handler: dwc_otg_pcd_irq+0x0/0x28 caller: (handle_irq_event_percpu) 
          <idle>-0     [000] d.h.   250.470255: __handle_irq_event_percpu: [+] irq: [56] handler: usb_hcd_irq+0x0/0x48 caller: (handle_irq_event_percpu) 
          <idle>-0     [002] dns.   250.474289: sched_wakeup: comm=rcu_sched pid=10 prio=120 target_cpu=002
          <idle>-0     [000] dnh.   250.474294: sched_wakeup: comm=brcmf_wdog/mmc1 pid=248 prio=120 target_cpu=000
          <idle>-0     [000] d...   250.474307: sched_switch: prev_comm=swapper/0 prev_pid=0 prev_prio=120 prev_state=R ==> next_comm=brcmf_wdog/mmc1 next_pid=248 next_prio=120
          <idle>-0     [002] d...   250.474314: sched_switch: prev_comm=swapper/2 prev_pid=0 prev_prio=120 prev_state=R ==> next_comm=rcu_sched next_pid=10 next_prio=120
       rcu_sched-10    [002] d...   250.474328: sched_switch: prev_comm=rcu_sched prev_pid=10 prev_prio=120 prev_state=I ==> next_comm=swapper/2 next_pid=0 next_prio=120
 brcmf_wdog/mmc1-248   [000] d.h.   250.474340: __handle_irq_event_percpu: [+] irq: [86] handler: bcm2835_mmc_irq+0x0/0x6ec caller: (handle_irq_event_percpu) 
 brcmf_wdog/mmc1-248   [000] d.h.   250.474366: __handle_irq_event_percpu: [+] irq: [86] handler: bcm2835_mmc_irq+0x0/0x6ec caller: (handle_irq_event_percpu) 
 brcmf_wdog/mmc1-248   [000] d.s.   250.474376: sched_wakeup: comm=brcmf_wdog/mmc1 pid=248 prio=120 target_cpu=000
 brcmf_wdog/mmc1-248   [000] d.h.   250.474394: __handle_irq_event_percpu: [+] irq: [86] handler: bcm2835_mmc_irq+0x0/0x6ec caller: (handle_irq_event_percpu) 
 brcmf_wdog/mmc1-248   [000] d.s.   250.474403: sched_wakeup: comm=brcmf_wdog/mmc1 pid=248 prio=120 target_cpu=000
 brcmf_wdog/mmc1-248   [000] d...   250.474419: sched_switch: prev_comm=brcmf_wdog/mmc1 prev_pid=248 prev_prio=120 prev_state=S ==> next_comm=swapper/0 next_pid=0 next_prio=120
          <idle>-0     [000] d.h.   250.478121: __handle_irq_event_percpu: [+] irq: [56] handler: dwc_otg_common_irq+0x0/0x28 caller: (handle_irq_event_percpu) 
          <idle>-0     [000] d.h.   250.478126: __handle_irq_event_percpu: [+] irq: [56] handler: dwc_otg_pcd_irq+0x0/0x28 caller: (handle_irq_event_percpu) 
          <idle>-0     [000] d.h.   250.478130: __handle_irq_event_percpu: [+] irq: [56] handler: usb_hcd_irq+0x0/0x48 caller: (handle_irq_event_percpu) 
          <idle>-0     [000] d.h.   250.478247: __handle_irq_event_percpu: [+] irq: [56] handler: dwc_otg_common_irq+0x0/0x28 caller: (handle_irq_event_percpu) 
          <idle>-0     [000] d.h.   250.478252: __handle_irq_event_percpu: [+] irq: [56] handler: dwc_otg_pcd_irq+0x0/0x28 caller: (handle_irq_event_percpu) 
          <idle>-0     [000] d.h.   250.478255: __handle_irq_event_percpu: [+] irq: [56] handler: usb_hcd_irq+0x0/0x48 caller: (handle_irq_event_percpu) 
          <idle>-0     [000] d.h.   250.486120: __handle_irq_event_percpu: [+] irq: [56] handler: dwc_otg_common_irq+0x0/0x28 caller: (handle_irq_event_percpu) 
          <idle>-0     [000] d.h.   250.486125: __handle_irq_event_percpu: [+] irq: [56] handler: dwc_otg_pcd_irq+0x0/0x28 caller: (handle_irq_event_percpu) 
          <idle>-0     [000] d.h.   250.486128: __handle_irq_event_percpu: [+] irq: [56] handler: usb_hcd_irq+0x0/0x48 caller: (handle_irq_event_percpu) 
          <idle>-0     [000] d.h.   250.486247: __handle_irq_event_percpu: [+] irq: [56] handler: dwc_otg_common_irq+0x0/0x28 caller: (handle_irq_event_percpu) 
          <idle>-0     [000] d.h.   250.486251: __handle_irq_event_percpu: [+] irq: [56] handler: dwc_otg_pcd_irq+0x0/0x28 caller: (handle_irq_event_percpu) 
          <idle>-0     [000] d.h.   250.486255: __handle_irq_event_percpu: [+] irq: [56] handler: usb_hcd_irq+0x0/0x48 caller: (handle_irq_event_percpu) 
          <idle>-0     [000] d.h.   250.494120: __handle_irq_event_percpu: [+] irq: [56] handler: dwc_otg_common_irq+0x0/0x28 caller: (handle_irq_event_percpu) 
          <idle>-0     [000] d.h.   250.494125: __handle_irq_event_percpu: [+] irq: [56] handler: dwc_otg_pcd_irq+0x0/0x28 caller: (handle_irq_event_percpu) 
          <idle>-0     [000] d.h.   250.494128: __handle_irq_event_percpu: [+] irq: [56] handler: usb_hcd_irq+0x0/0x48 caller: (handle_irq_event_percpu) 
          <idle>-0     [000] d.h.   250.494247: __handle_irq_event_percpu: [+] irq: [56] handler: dwc_otg_common_irq+0x0/0x28 caller: (handle_irq_event_percpu) 
          <idle>-0     [000] d.h.   250.494251: __handle_irq_event_percpu: [+] irq: [56] handler: dwc_otg_pcd_irq+0x0/0x28 caller: (handle_irq_event_percpu) 
          <idle>-0     [000] d.h.   250.494255: __handle_irq_event_percpu: [+] irq: [56] handler: usb_hcd_irq+0x0/0x48 caller: (handle_irq_event_percpu) 
          <idle>-0     [002] dns.   250.494289: sched_wakeup: comm=rcu_sched pid=10 prio=120 target_cpu=002
          <idle>-0     [002] d...   250.494311: sched_switch: prev_comm=swapper/2 prev_pid=0 prev_prio=120 prev_state=R ==> next_comm=rcu_sched next_pid=10 next_prio=120
       rcu_sched-10    [002] d...   250.494349: sched_switch: prev_comm=rcu_sched prev_pid=10 prev_prio=120 prev_state=I ==> next_comm=swapper/2 next_pid=0 next_prio=120
          <idle>-0     [003] dnh.   250.500759: sched_wakeup: comm=mysqld pid=817 prio=120 target_cpu=003
          <idle>-0     [003] dnh.   250.500771: sched_wakeup: comm=mysqld pid=815 prio=120 target_cpu=003
          <idle>-0     [003] d...   250.500787: sched_switch: prev_comm=swapper/3 prev_pid=0 prev_prio=120 prev_state=R ==> next_comm=mysqld next_pid=817 next_prio=120
          mysqld-817   [003] d...   250.500842: sched_switch: prev_comm=mysqld prev_pid=817 prev_prio=120 prev_state=S ==> next_comm=mysqld next_pid=815 next_prio=120
          mysqld-815   [003] d...   250.500887: sched_switch: prev_comm=mysqld prev_pid=815 prev_prio=120 prev_state=S ==> next_comm=swapper/3 next_pid=0 next_prio=120
          <idle>-0     [000] d.h.   250.502120: __handle_irq_event_percpu: [+] irq: [56] handler: dwc_otg_common_irq+0x0/0x28 caller: (handle_irq_event_percpu) 
          <idle>-0     [000] d.h.   250.502125: __handle_irq_event_percpu: [+] irq: [56] handler: dwc_otg_pcd_irq+0x0/0x28 caller: (handle_irq_event_percpu) 
          <idle>-0     [000] d.h.   250.502128: __handle_irq_event_percpu: [+] irq: [56] handler: usb_hcd_irq+0x0/0x48 caller: (handle_irq_event_percpu) 
          <idle>-0     [000] d.h.   250.502247: __handle_irq_event_percpu: [+] irq: [56] handler: dwc_otg_common_irq+0x0/0x28 caller: (handle_irq_event_percpu) 
          <idle>-0     [000] d.h.   250.502251: __handle_irq_event_percpu: [+] irq: [56] handler: dwc_otg_pcd_irq+0x0/0x28 caller: (handle_irq_event_percpu) 
          <idle>-0     [000] d.h.   250.502255: __handle_irq_event_percpu: [+] irq: [56] handler: usb_hcd_irq+0x0/0x48 caller: (handle_irq_event_percpu) 
          <idle>-0     [000] d.h.   250.510120: __handle_irq_event_percpu: [+] irq: [56] handler: dwc_otg_common_irq+0x0/0x28 caller: (handle_irq_event_percpu) 
          <idle>-0     [000] d.h.   250.510125: __handle_irq_event_percpu: [+] irq: [56] handler: dwc_otg_pcd_irq+0x0/0x28 caller: (handle_irq_event_percpu) 
          <idle>-0     [000] d.h.   250.510128: __handle_irq_event_percpu: [+] irq: [56] handler: usb_hcd_irq+0x0/0x48 caller: (handle_irq_event_percpu) 
          <idle>-0     [000] d.h.   250.510247: __handle_irq_event_percpu: [+] irq: [56] handler: dwc_otg_common_irq+0x0/0x28 caller: (handle_irq_event_percpu) 
          <idle>-0     [000] d.h.   250.510252: __handle_irq_event_percpu: [+] irq: [56] handler: dwc_otg_pcd_irq+0x0/0x28 caller: (handle_irq_event_percpu) 
          <idle>-0     [000] d.h.   250.510255: __handle_irq_event_percpu: [+] irq: [56] handler: usb_hcd_irq+0x0/0x48 caller: (handle_irq_event_percpu) 
          <idle>-0     [002] dns.   250.514291: sched_wakeup: comm=rcu_sched pid=10 prio=120 target_cpu=002
          <idle>-0     [002] d...   250.514315: sched_switch: prev_comm=swapper/2 prev_pid=0 prev_prio=120 prev_state=R ==> next_comm=rcu_sched next_pid=10 next_prio=120
       rcu_sched-10    [002] d...   250.514330: sched_switch: prev_comm=rcu_sched prev_pid=10 prev_prio=120 prev_state=I ==> next_comm=swapper/2 next_pid=0 next_prio=120
          <idle>-0     [001] dnh.   250.515978: sched_wakeup: comm=mysqld pid=813 prio=120 target_cpu=001
          <idle>-0     [001] d...   250.515996: sched_switch: prev_comm=swapper/1 prev_pid=0 prev_prio=120 prev_state=R ==> next_comm=mysqld next_pid=813 next_prio=120
          mysqld-813   [001] d...   250.516030: sched_switch: prev_comm=mysqld prev_pid=813 prev_prio=120 prev_state=S ==> next_comm=swapper/1 next_pid=0 next_prio=120
          <idle>-0     [000] d.h.   250.518120: __handle_irq_event_percpu: [+] irq: [56] handler: dwc_otg_common_irq+0x0/0x28 caller: (handle_irq_event_percpu) 
          <idle>-0     [000] d.h.   250.518125: __handle_irq_event_percpu: [+] irq: [56] handler: dwc_otg_pcd_irq+0x0/0x28 caller: (handle_irq_event_percpu) 
          <idle>-0     [000] d.h.   250.518128: __handle_irq_event_percpu: [+] irq: [56] handler: usb_hcd_irq+0x0/0x48 caller: (handle_irq_event_percpu) 
          <idle>-0     [000] d.h.   250.518247: __handle_irq_event_percpu: [+] irq: [56] handler: dwc_otg_common_irq+0x0/0x28 caller: (handle_irq_event_percpu) 
          <idle>-0     [000] d.h.   250.518251: __handle_irq_event_percpu: [+] irq: [56] handler: dwc_otg_pcd_irq+0x0/0x28 caller: (handle_irq_event_percpu) 
          <idle>-0     [000] d.h.   250.518255: __handle_irq_event_percpu: [+] irq: [56] handler: usb_hcd_irq+0x0/0x48 caller: (handle_irq_event_percpu) 
          <idle>-0     [000] d.h.   250.526120: __handle_irq_event_percpu: [+] irq: [56] handler: dwc_otg_common_irq+0x0/0x28 caller: (handle_irq_event_percpu) 
          <idle>-0     [000] d.h.   250.526125: __handle_irq_event_percpu: [+] irq: [56] handler: dwc_otg_pcd_irq+0x0/0x28 caller: (handle_irq_event_percpu) 
          <idle>-0     [000] d.h.   250.526128: __handle_irq_event_percpu: [+] irq: [56] handler: usb_hcd_irq+0x0/0x48 caller: (handle_irq_event_percpu) 
          <idle>-0     [000] d.h.   250.526247: __handle_irq_event_percpu: [+] irq: [56] handler: dwc_otg_common_irq+0x0/0x28 caller: (handle_irq_event_percpu) 
          <idle>-0     [000] d.h.   250.526251: __handle_irq_event_percpu: [+] irq: [56] handler: dwc_otg_pcd_irq+0x0/0x28 caller: (handle_irq_event_percpu) 
          <idle>-0     [000] d.h.   250.526255: __handle_irq_event_percpu: [+] irq: [56] handler: usb_hcd_irq+0x0/0x48 caller: (handle_irq_event_percpu) 
          <idle>-0     [002] dnh.   250.528004: sched_wakeup: comm=mysqld pid=814 prio=120 target_cpu=002
          <idle>-0     [002] d...   250.528019: sched_switch: prev_comm=swapper/2 prev_pid=0 prev_prio=120 prev_state=R ==> next_comm=mysqld next_pid=814 next_prio=120
          mysqld-814   [002] d...   250.528125: sched_switch: prev_comm=mysqld prev_pid=814 prev_prio=120 prev_state=S ==> next_comm=swapper/2 next_pid=0 next_prio=120
          <idle>-0     [000] d.h.   250.534120: __handle_irq_event_percpu: [+] irq: [56] handler: dwc_otg_common_irq+0x0/0x28 caller: (handle_irq_event_percpu) 
