# tracer: function
#
# entries-in-buffer/entries-written: 13002/13002   #P:4
#
#                              _-----=> irqs-off
#                             / _----=> need-resched
#                            | / _---=> hardirq/softirq
#                            || / _--=> preempt-depth
#                            ||| /     delay
#           TASK-PID   CPU#  ||||    TIMESTAMP  FUNCTION
#              | |       |   ||||       |         |
 delayed_work_tr-1365  [003] d...   291.251526: workqueue_queue_work: work struct=d6b0cc88 function=flush_to_ldisc workqueue=b404c34b req_cpu=4 cpu=4294967295
 delayed_work_tr-1365  [003] d...   291.251533: workqueue_activate_work: work struct d6b0cc88
 delayed_work_tr-1365  [003] d...   291.251535: insert_work <-__queue_work
 delayed_work_tr-1365  [003] d...   291.251566: <stack trace>
 => insert_work
 => __queue_work
 => queue_work_on
 => tty_flip_buffer_push
 => pty_write
 => n_tty_write
 => tty_write
 => __vfs_write
 => vfs_write
 => ksys_write
 => sys_write
 => ret_fast_syscall
 => 0x7efa01e8
          <idle>-0     [001] dnh.   291.251583: sched_wakeup: comm=kworker/u8:1 pid=45 prio=120 target_cpu=001
          <idle>-0     [001] d...   291.251599: sched_switch: prev_comm=swapper/1 prev_pid=0 prev_prio=120 prev_state=R ==> next_comm=kworker/u8:1 next_pid=45 next_prio=120
    kworker/u8:1-45    [001] ....   291.251607: workqueue_execute_start: work struct d6b0cc88: function flush_to_ldisc
    kworker/u8:1-45    [001] d...   291.251626: sched_wakeup: comm=sshd pid=1208 prio=120 target_cpu=001
    kworker/u8:1-45    [001] ....   291.251631: workqueue_execute_end: work struct d6b0cc88
    kworker/u8:1-45    [001] d...   291.251642: sched_switch: prev_comm=kworker/u8:1 prev_pid=45 prev_prio=120 prev_state=I ==> next_comm=sshd next_pid=1208 next_prio=120
            sshd-1208  [001] d...   291.251884: workqueue_queue_work: work struct=15323760 function=brcmf_sdio_dataworker [brcmfmac] workqueue=6549a096 req_cpu=4 cpu=4294967295
            sshd-1208  [001] d...   291.251887: workqueue_activate_work: work struct 15323760
            sshd-1208  [001] d...   291.251889: insert_work <-__queue_work
            sshd-1208  [001] d...   291.251957: <stack trace>
 => insert_work
 => __queue_work
 => queue_work_on
 => brcmf_sdio_bus_txdata
 => brcmf_proto_bcdc_txdata
 => brcmf_proto_bcdc_tx_queue_data
 => brcmf_netdev_start_xmit
 => dev_hard_start_xmit
 => sch_direct_xmit
 => __qdisc_run
 => __dev_queue_xmit
 => dev_queue_xmit
 => ip_finish_output2
 => ip_finish_output
 => ip_output
 => ip_local_out
 => __ip_queue_xmit
 => ip_queue_xmit
 => __tcp_transmit_skb
 => tcp_write_xmit
 => __tcp_push_pending_frames
 => tcp_push
 => tcp_sendmsg_locked
 => tcp_sendmsg
 => inet_sendmsg
 => sock_sendmsg
 => sock_write_iter
 => __vfs_write
 => vfs_write
 => ksys_write
 => sys_write
 => ret_fast_syscall
 => 0x7ef642c0
            sshd-1208  [001] dn..   291.251967: sched_wakeup: comm=kworker/u8:1 pid=45 prio=120 target_cpu=001
            sshd-1208  [001] dn..   291.251983: timer_start: timer=168ec138 function=tcp_write_timer expires=4294966444 [timeout=24] cpu=1 idx=7 flags=
            sshd-1208  [001] d...   291.252001: sched_switch: prev_comm=sshd prev_pid=1208 prev_prio=120 prev_state=R ==> next_comm=kworker/u8:1 next_pid=45 next_prio=120
    kworker/u8:1-45    [001] ....   291.252007: workqueue_execute_start: work struct 15323760: function brcmf_sdio_dataworker [brcmfmac]
    kworker/u8:1-45    [001] d...   291.252027: timer_start: timer=9e1bef99 function=bcm2835_mmc_timeout_timer expires=124 [timeout=1000] cpu=1 idx=130 flags=
          <idle>-0     [000] d.h.   291.252040: __handle_irq_event_percpu: [+] irq: [86] handler: bcm2835_mmc_irq+0x0/0x6ec caller: (handle_irq_event_percpu) 
    kworker/u8:1-45    [001] d...   291.252042: sched_switch: prev_comm=kworker/u8:1 prev_pid=45 prev_prio=120 prev_state=D ==> next_comm=sshd next_pid=1208 next_prio=120
          <idle>-0     [000] d.s.   291.252054: timer_cancel: timer=9e1bef99
            sshd-1208  [001] dnh.   291.252068: sched_wakeup: comm=kworker/u8:1 pid=45 prio=120 target_cpu=001
            sshd-1208  [001] d...   291.252078: sched_switch: prev_comm=sshd prev_pid=1208 prev_prio=120 prev_state=R+ ==> next_comm=kworker/u8:1 next_pid=45 next_prio=120
    kworker/u8:1-45    [001] d...   291.252094: sched_switch: prev_comm=kworker/u8:1 prev_pid=45 prev_prio=120 prev_state=D ==> next_comm=sshd next_pid=1208 next_prio=120
            sshd-1208  [001] d...   291.252131: sched_switch: prev_comm=sshd prev_pid=1208 prev_prio=120 prev_state=S ==> next_comm=swapper/1 next_pid=0 next_prio=120
 delayed_work_tr-1365  [003] d...   291.252551: sched_switch: prev_comm=delayed_work_tr prev_pid=1365 prev_prio=120 prev_state=Z ==> next_comm=swapper/3 next_pid=0 next_prio=120
          <idle>-0     [000] dnh.   291.252553: sched_wakeup: comm=bash pid=1238 prio=120 target_cpu=000
          <idle>-0     [000] d...   291.252568: sched_switch: prev_comm=swapper/0 prev_pid=0 prev_prio=120 prev_state=R ==> next_comm=bash next_pid=1238 next_prio=120
            bash-1238  [000] d...   291.253065: workqueue_queue_work: work struct=d6b0cc88 function=flush_to_ldisc workqueue=b404c34b req_cpu=4 cpu=4294967295
            bash-1238  [000] d...   291.253067: workqueue_activate_work: work struct d6b0cc88
            bash-1238  [000] d...   291.253070: insert_work <-__queue_work
            bash-1238  [000] d...   291.253099: <stack trace>
 => insert_work
 => __queue_work
 => queue_work_on
 => tty_flip_buffer_push
 => pty_write
 => n_tty_write
 => tty_write
 => __vfs_write
 => vfs_write
 => ksys_write
 => sys_write
 => ret_fast_syscall
 => 0x7ea29ac0
            bash-1238  [000] dn..   291.253110: sched_wakeup: comm=kworker/u8:0 pid=7 prio=120 target_cpu=000
            bash-1238  [000] d...   291.253125: sched_switch: prev_comm=bash prev_pid=1238 prev_prio=120 prev_state=R ==> next_comm=kworker/u8:0 next_pid=7 next_prio=120
    kworker/u8:0-7     [000] ....   291.253131: workqueue_execute_start: work struct d6b0cc88: function flush_to_ldisc
    kworker/u8:0-7     [000] ....   291.253142: workqueue_execute_end: work struct d6b0cc88
          <idle>-0     [001] dnh.   291.253150: sched_wakeup: comm=sshd pid=1208 prio=120 target_cpu=001
    kworker/u8:0-7     [000] d...   291.253153: sched_switch: prev_comm=kworker/u8:0 prev_pid=7 prev_prio=120 prev_state=I ==> next_comm=bash next_pid=1238 next_prio=120
          <idle>-0     [001] d...   291.253161: sched_switch: prev_comm=swapper/1 prev_pid=0 prev_prio=120 prev_state=R ==> next_comm=sshd next_pid=1208 next_prio=120
            bash-1238  [000] d...   291.253195: sched_switch: prev_comm=bash prev_pid=1238 prev_prio=120 prev_state=S ==> next_comm=swapper/0 next_pid=0 next_prio=120
            sshd-1208  [001] d...   291.253303: sched_switch: prev_comm=sshd prev_pid=1208 prev_prio=120 prev_state=S ==> next_comm=swapper/1 next_pid=0 next_prio=120
          <idle>-0     [001] dnh.   291.255097: sched_wakeup: comm=kworker/u8:1 pid=45 prio=120 target_cpu=001
          <idle>-0     [001] d...   291.255114: sched_switch: prev_comm=swapper/1 prev_pid=0 prev_prio=120 prev_state=R ==> next_comm=kworker/u8:1 next_pid=45 next_prio=120
    kworker/u8:1-45    [001] d...   291.255123: timer_start: timer=9e1bef99 function=bcm2835_mmc_timeout_timer expires=124 [timeout=1000] cpu=1 idx=130 flags=
    kworker/u8:1-45    [001] d...   291.255135: sched_switch: prev_comm=kworker/u8:1 prev_pid=45 prev_prio=120 prev_state=D ==> next_comm=swapper/1 next_pid=0 next_prio=120
          <idle>-0     [000] d.h.   291.255140: __handle_irq_event_percpu: [+] irq: [86] handler: bcm2835_mmc_irq+0x0/0x6ec caller: (handle_irq_event_percpu) 
          <idle>-0     [000] d.s.   291.255152: timer_cancel: timer=9e1bef99
          <idle>-0     [001] dnh.   291.255162: sched_wakeup: comm=kworker/u8:1 pid=45 prio=120 target_cpu=001
          <idle>-0     [001] d...   291.255174: sched_switch: prev_comm=swapper/1 prev_pid=0 prev_prio=120 prev_state=R ==> next_comm=kworker/u8:1 next_pid=45 next_prio=120
    kworker/u8:1-45    [001] d...   291.255182: timer_start: timer=207e6b2c function=brcmf_sdio_watchdog [brcmfmac] expires=4294966421 [timeout=1] cpu=1 idx=3 flags=
    kworker/u8:1-45    [001] d...   291.255209: timer_start: timer=9e1bef99 function=bcm2835_mmc_timeout_timer expires=124 [timeout=1000] cpu=1 idx=130 flags=
          <idle>-0     [000] d.h.   291.255228: __handle_irq_event_percpu: [+] irq: [86] handler: bcm2835_mmc_irq+0x0/0x6ec caller: (handle_irq_event_percpu) 
    kworker/u8:1-45    [001] d...   291.255228: sched_switch: prev_comm=kworker/u8:1 prev_pid=45 prev_prio=120 prev_state=D ==> next_comm=swapper/1 next_pid=0 next_prio=120
          <idle>-0     [000] d.h.   291.255250: __handle_irq_event_percpu: [+] irq: [86] handler: bcm2835_mmc_irq+0x0/0x6ec caller: (handle_irq_event_percpu) 
          <idle>-0     [002] dnh.   291.255257: sched_wakeup: comm=rngd pid=576 prio=120 target_cpu=002
          <idle>-0     [000] d.s.   291.255258: timer_cancel: timer=9e1bef99
          <idle>-0     [001] dnh.   291.255268: sched_wakeup: comm=kworker/u8:1 pid=45 prio=120 target_cpu=001
          <idle>-0     [002] d...   291.255273: sched_switch: prev_comm=swapper/2 prev_pid=0 prev_prio=120 prev_state=R ==> next_comm=rngd next_pid=576 next_prio=120
          <idle>-0     [001] d...   291.255279: sched_switch: prev_comm=swapper/1 prev_pid=0 prev_prio=120 prev_state=R ==> next_comm=kworker/u8:1 next_pid=45 next_prio=120
            rngd-576   [002] d...   291.255293: sched_switch: prev_comm=rngd prev_pid=576 prev_prio=120 prev_state=S ==> next_comm=swapper/2 next_pid=0 next_prio=120
    kworker/u8:1-45    [001] d...   291.255300: sched_wakeup: comm=ksoftirqd/1 pid=16 prio=120 target_cpu=001
    kworker/u8:1-45    [001] d.s1   291.255363: workqueue_queue_work: work struct=15323760 function=brcmf_sdio_dataworker [brcmfmac] workqueue=6549a096 req_cpu=4 cpu=4294967295
    kworker/u8:1-45    [001] d.s1   291.255366: insert_work <-__queue_work
    kworker/u8:1-45    [001] d.s1   291.255431: <stack trace>
 => insert_work
 => __queue_work
 => queue_work_on
 => brcmf_sdio_bus_txdata
 => brcmf_proto_bcdc_txdata
 => brcmf_proto_bcdc_tx_queue_data
 => brcmf_netdev_start_xmit
 => dev_hard_start_xmit
 => sch_direct_xmit
 => __qdisc_run
 => __dev_queue_xmit
 => dev_queue_xmit
 => ip_finish_output2
 => ip_finish_output
 => ip_output
 => ip_local_out
 => __ip_queue_xmit
 => ip_queue_xmit
 => __tcp_transmit_skb
 => tcp_write_xmit
 => tcp_tsq_write.part.0
 => tcp_tsq_handler
 => tcp_tasklet_func
 => tasklet_action_common.constprop.0
 => tasklet_action
 => __do_softirq
 => do_softirq.part.0
 => __local_bh_enable_ip
 => _raw_spin_unlock_bh
 => brcmf_sdio_dataworker
 => process_one_work
 => worker_thread
 => kthread
 => ret_from_fork
 => 0
          <idle>-0     [000] dnh.   291.255443: sched_wakeup: comm=kworker/u8:0 pid=7 prio=120 target_cpu=000
    kworker/u8:1-45    [001] d.s1   291.255446: timer_cancel: timer=168ec138
    kworker/u8:1-45    [001] d.s1   291.255448: timer_start: timer=168ec138 function=tcp_write_timer expires=4294966429 [timeout=9] cpu=1 idx=45 flags=
          <idle>-0     [000] d...   291.255451: sched_switch: prev_comm=swapper/0 prev_pid=0 prev_prio=120 prev_state=R ==> next_comm=kworker/u8:0 next_pid=7 next_prio=120
    kworker/u8:1-45    [001] d...   291.255470: timer_start: timer=9e1bef99 function=bcm2835_mmc_timeout_timer expires=124 [timeout=1000] cpu=1 idx=130 flags=
    kworker/u8:0-7     [000] d...   291.255471: sched_switch: prev_comm=kworker/u8:0 prev_pid=7 prev_prio=120 prev_state=I ==> next_comm=swapper/0 next_pid=0 next_prio=120
          <idle>-0     [000] d.h.   291.255488: __handle_irq_event_percpu: [+] irq: [86] handler: bcm2835_mmc_irq+0x0/0x6ec caller: (handle_irq_event_percpu) 
    kworker/u8:1-45    [001] d...   291.255491: sched_switch: prev_comm=kworker/u8:1 prev_pid=45 prev_prio=120 prev_state=D ==> next_comm=ksoftirqd/1 next_pid=16 next_prio=120
     ksoftirqd/1-16    [001] d...   291.255513: sched_switch: prev_comm=ksoftirqd/1 prev_pid=16 prev_prio=120 prev_state=S ==> next_comm=swapper/1 next_pid=0 next_prio=120
          <idle>-0     [000] d.h.   291.255513: __handle_irq_event_percpu: [+] irq: [86] handler: bcm2835_mmc_irq+0x0/0x6ec caller: (handle_irq_event_percpu) 
          <idle>-0     [000] d.s.   291.255521: timer_cancel: timer=9e1bef99
          <idle>-0     [001] dnh.   291.255532: sched_wakeup: comm=kworker/u8:1 pid=45 prio=120 target_cpu=001
          <idle>-0     [001] d...   291.255544: sched_switch: prev_comm=swapper/1 prev_pid=0 prev_prio=120 prev_state=R ==> next_comm=kworker/u8:1 next_pid=45 next_prio=120
    kworker/u8:1-45    [001] ....   291.255555: workqueue_execute_end: work struct 15323760
    kworker/u8:1-45    [001] d...   291.255558: workqueue_activate_work: work struct 15323760
    kworker/u8:1-45    [001] ....   291.255562: workqueue_execute_start: work struct 15323760: function brcmf_sdio_dataworker [brcmfmac]
    kworker/u8:1-45    [001] ....   291.255564: workqueue_execute_end: work struct 15323760
    kworker/u8:1-45    [001] d...   291.255572: sched_switch: prev_comm=kworker/u8:1 prev_pid=45 prev_prio=120 prev_state=I ==> next_comm=swapper/1 next_pid=0 next_prio=120
          <idle>-0     [000] d.h.   291.258195: __handle_irq_event_percpu: [+] irq: [56] handler: dwc_otg_common_irq+0x0/0x28 caller: (handle_irq_event_percpu) 
          <idle>-0     [000] d.h.   291.258202: __handle_irq_event_percpu: [+] irq: [56] handler: dwc_otg_pcd_irq+0x0/0x28 caller: (handle_irq_event_percpu) 
          <idle>-0     [000] d.h.   291.258206: __handle_irq_event_percpu: [+] irq: [56] handler: usb_hcd_irq+0x0/0x48 caller: (handle_irq_event_percpu) 
          <idle>-0     [000] d.h.   291.258322: __handle_irq_event_percpu: [+] irq: [56] handler: dwc_otg_common_irq+0x0/0x28 caller: (handle_irq_event_percpu) 
          <idle>-0     [000] d.h.   291.258327: __handle_irq_event_percpu: [+] irq: [56] handler: dwc_otg_pcd_irq+0x0/0x28 caller: (handle_irq_event_percpu) 
          <idle>-0     [000] d.h.   291.258330: __handle_irq_event_percpu: [+] irq: [56] handler: usb_hcd_irq+0x0/0x48 caller: (handle_irq_event_percpu) 
          <idle>-0     [002] d.s.   291.261258: timer_cancel: timer=2e94b101
          <idle>-0     [000] d.s.   291.261260: timer_cancel: timer=44e12cfc
          <idle>-0     [002] ..s.   291.261260: timer_expire_entry: timer=2e94b101 function=process_timeout now=4294966421
          <idle>-0     [000] d.s.   291.261262: timer_expire_entry: timer=44e12cfc function=delayed_work_timer_fn now=4294966421
          <idle>-0     [000] d.s.   291.261265: workqueue_queue_work: work struct=c92451b5 function=vmstat_shepherd workqueue=0f1ce6da req_cpu=4 cpu=0
          <idle>-0     [000] d.s.   291.261267: workqueue_activate_work: work struct c92451b5
          <idle>-0     [002] dns.   291.261267: sched_wakeup: comm=rcu_sched pid=10 prio=120 target_cpu=002
          <idle>-0     [000] d.s.   291.261269: insert_work <-__queue_work
          <idle>-0     [002] .ns.   291.261270: timer_expire_exit: timer=2e94b101
          <idle>-0     [002] d...   291.261293: sched_switch: prev_comm=swapper/2 prev_pid=0 prev_prio=120 prev_state=R ==> next_comm=rcu_sched next_pid=10 next_prio=120
       rcu_sched-10    [002] ....   291.261304: timer_init: timer=2e94b101
          <idle>-0     [000] d.s.   291.261307: <stack trace>
 => insert_work
 => __queue_work
 => delayed_work_timer_fn
 => call_timer_fn
 => expire_timers
 => run_timer_softirq
 => __do_softirq
 => irq_exit
 => __handle_domain_irq
 => bcm2836_arm_irqchip_handle_irq
 => __irq_svc
 => arch_cpu_idle
 => arch_cpu_idle
 => default_idle_call
 => do_idle
 => cpu_startup_entry
 => rest_init
 => start_kernel
       rcu_sched-10    [002] d...   291.261307: timer_start: timer=2e94b101 function=process_timeout expires=4294966422 [timeout=1] cpu=2 idx=0 flags=
       rcu_sched-10    [002] d...   291.261314: sched_switch: prev_comm=rcu_sched prev_pid=10 prev_prio=120 prev_state=I ==> next_comm=swapper/2 next_pid=0 next_prio=120
          <idle>-0     [000] dns.   291.261317: sched_wakeup: comm=kworker/0:0 pid=5 prio=120 target_cpu=000
          <idle>-0     [000] dns.   291.261320: timer_expire_exit: timer=44e12cfc
          <idle>-0     [000] d...   291.261346: sched_switch: prev_comm=swapper/0 prev_pid=0 prev_prio=120 prev_state=R ==> next_comm=kworker/0:0 next_pid=5 next_prio=120
     kworker/0:0-5     [000] ....   291.261351: workqueue_execute_start: work struct c92451b5: function vmstat_shepherd
     kworker/0:0-5     [000] d...   291.261359: workqueue_queue_work: work struct=4d27c845 function=vmstat_update workqueue=a66da3ed req_cpu=0 cpu=0
     kworker/0:0-5     [000] d...   291.261360: workqueue_activate_work: work struct 4d27c845
     kworker/0:0-5     [000] d...   291.261362: insert_work <-__queue_work
     kworker/0:0-5     [000] d...   291.261383: <stack trace>
 => insert_work
 => __queue_work
 => __queue_delayed_work
 => queue_delayed_work_on
 => vmstat_shepherd
 => process_one_work
 => worker_thread
 => kthread
 => ret_from_fork
 => 0
     kworker/0:0-5     [000] d...   291.261388: workqueue_queue_work: work struct=82c7ecc3 function=vmstat_update workqueue=a66da3ed req_cpu=3 cpu=3
     kworker/0:0-5     [000] d...   291.261389: workqueue_activate_work: work struct 82c7ecc3
     kworker/0:0-5     [000] d...   291.261391: insert_work <-__queue_work
     kworker/0:0-5     [000] d...   291.261409: <stack trace>
 => insert_work
 => __queue_work
 => __queue_delayed_work
 => queue_delayed_work_on
 => vmstat_shepherd
 => process_one_work
 => worker_thread
 => kthread
 => ret_from_fork
 => 0
     kworker/0:0-5     [000] d...   291.261416: timer_start: timer=44e12cfc function=delayed_work_timer_fn expires=4294966500 [timeout=79] cpu=0 idx=81 flags=D|I
     kworker/0:0-5     [000] ....   291.261419: workqueue_execute_end: work struct c92451b5
          <idle>-0     [003] dnh.   291.261422: sched_wakeup: comm=kworker/3:2 pid=74 prio=120 target_cpu=003
     kworker/0:0-5     [000] ....   291.261423: workqueue_execute_start: work struct 4d27c845: function vmstat_update
          <idle>-0     [003] d...   291.261431: sched_switch: prev_comm=swapper/3 prev_pid=0 prev_prio=120 prev_state=R ==> next_comm=kworker/3:2 next_pid=74 next_prio=120
     kworker/0:0-5     [000] d...   291.261431: timer_start: timer=2bc879ad function=delayed_work_timer_fn expires=4294966500 [timeout=79] cpu=0 idx=120 flags=D|I
     kworker/0:0-5     [000] ....   291.261434: workqueue_execute_end: work struct 4d27c845
     kworker/3:2-74    [003] ....   291.261437: workqueue_execute_start: work struct 82c7ecc3: function vmstat_update
     kworker/0:0-5     [000] d...   291.261442: sched_switch: prev_comm=kworker/0:0 prev_pid=5 prev_prio=120 prev_state=I ==> next_comm=swapper/0 next_pid=0 next_prio=120
     kworker/3:2-74    [003] d...   291.261445: timer_start: timer=c3470003 function=delayed_work_timer_fn expires=4294966591 [timeout=170] cpu=3 idx=79 flags=D|I
     kworker/3:2-74    [003] ....   291.261448: workqueue_execute_end: work struct 82c7ecc3
     kworker/3:2-74    [003] d...   291.261456: sched_switch: prev_comm=kworker/3:2 prev_pid=74 prev_prio=120 prev_state=I ==> next_comm=swapper/3 next_pid=0 next_prio=120
          <idle>-0     [000] dnh.   291.264018: sched_wakeup: comm=mosquitto pid=469 prio=120 target_cpu=000
          <idle>-0     [000] dnh.   291.264027: workqueue_queue_work: work struct=e3e4ea21 function=dbs_work_handler workqueue=0f1ce6da req_cpu=0 cpu=0
          <idle>-0     [000] dnh.   291.264029: workqueue_activate_work: work struct e3e4ea21
          <idle>-0     [000] dnh.   291.264031: insert_work <-__queue_work
          <idle>-0     [000] dnh.   291.264061: <stack trace>
 => insert_work
 => __queue_work
 => queue_work_on
 => dbs_irq_work
 => irq_work_run_list
 => irq_work_run
 => handle_IPI
 => bcm2836_arm_irqchip_handle_irq
 => __irq_svc
 => arch_cpu_idle
 => arch_cpu_idle
 => default_idle_call
 => do_idle
 => cpu_startup_entry
 => rest_init
 => start_kernel
          <idle>-0     [000] dnh.   291.264067: sched_wakeup: comm=kworker/0:0 pid=5 prio=120 target_cpu=000
          <idle>-0     [000] d...   291.264076: sched_switch: prev_comm=swapper/0 prev_pid=0 prev_prio=120 prev_state=R ==> next_comm=mosquitto next_pid=469 next_prio=120
       mosquitto-469   [000] d...   291.264118: sched_switch: prev_comm=mosquitto prev_pid=469 prev_prio=120 prev_state=S ==> next_comm=kworker/0:0 next_pid=5 next_prio=120
     kworker/0:0-5     [000] ....   291.264122: workqueue_execute_start: work struct e3e4ea21: function dbs_work_handler
     kworker/0:0-5     [000] ....   291.264135: workqueue_execute_end: work struct e3e4ea21
     kworker/0:0-5     [000] d...   291.264158: sched_switch: prev_comm=kworker/0:0 prev_pid=5 prev_prio=120 prev_state=I ==> next_comm=swapper/0 next_pid=0 next_prio=120
          <idle>-0     [000] d.h.   291.266197: __handle_irq_event_percpu: [+] irq: [56] handler: dwc_otg_common_irq+0x0/0x28 caller: (handle_irq_event_percpu) 
          <idle>-0     [000] d.h.   291.266202: __handle_irq_event_percpu: [+] irq: [56] handler: dwc_otg_pcd_irq+0x0/0x28 caller: (handle_irq_event_percpu) 
          <idle>-0     [000] d.h.   291.266206: __handle_irq_event_percpu: [+] irq: [56] handler: usb_hcd_irq+0x0/0x48 caller: (handle_irq_event_percpu) 
          <idle>-0     [000] d.h.   291.266322: __handle_irq_event_percpu: [+] irq: [56] handler: dwc_otg_common_irq+0x0/0x28 caller: (handle_irq_event_percpu) 
          <idle>-0     [000] d.h.   291.266326: __handle_irq_event_percpu: [+] irq: [56] handler: dwc_otg_pcd_irq+0x0/0x28 caller: (handle_irq_event_percpu) 
          <idle>-0     [000] d.h.   291.266329: __handle_irq_event_percpu: [+] irq: [56] handler: usb_hcd_irq+0x0/0x48 caller: (handle_irq_event_percpu) 
          <idle>-0     [001] d.s.   291.271253: timer_cancel: timer=207e6b2c
          <idle>-0     [001] ..s.   291.271256: timer_expire_entry: timer=207e6b2c function=brcmf_sdio_watchdog [brcmfmac] now=4294966422
          <idle>-0     [001] d.s.   291.271264: timer_start: timer=207e6b2c function=brcmf_sdio_watchdog [brcmfmac] expires=4294966423 [timeout=1] cpu=1 idx=22 flags=
          <idle>-0     [001] ..s.   291.271266: timer_expire_exit: timer=207e6b2c
          <idle>-0     [000] dnH.   291.271267: sched_wakeup: comm=brcmf_wdog/mmc1 pid=259 prio=120 target_cpu=000
          <idle>-0     [002] dnh.   291.271285: sched_wakeup: comm=rcu_sched pid=10 prio=120 target_cpu=002
          <idle>-0     [000] d...   291.271287: sched_switch: prev_comm=swapper/0 prev_pid=0 prev_prio=120 prev_state=R ==> next_comm=brcmf_wdog/mmc1 next_pid=259 next_prio=120
          <idle>-0     [002] d...   291.271298: sched_switch: prev_comm=swapper/2 prev_pid=0 prev_prio=120 prev_state=R ==> next_comm=rcu_sched next_pid=10 next_prio=120
 brcmf_wdog/mmc1-259   [000] d...   291.271299: sched_switch: prev_comm=brcmf_wdog/mmc1 prev_pid=259 prev_prio=120 prev_state=S ==> next_comm=swapper/0 next_pid=0 next_prio=120
       rcu_sched-10    [002] d...   291.271301: timer_cancel: timer=2e94b101
       rcu_sched-10    [002] ....   291.271310: timer_init: timer=2e94b101
       rcu_sched-10    [002] d...   291.271313: timer_start: timer=2e94b101 function=process_timeout expires=4294966423 [timeout=1] cpu=2 idx=0 flags=
       rcu_sched-10    [002] d...   291.271319: sched_switch: prev_comm=rcu_sched prev_pid=10 prev_prio=120 prev_state=I ==> next_comm=swapper/2 next_pid=0 next_prio=120
          <idle>-0     [000] d.h.   291.274196: __handle_irq_event_percpu: [+] irq: [56] handler: dwc_otg_common_irq+0x0/0x28 caller: (handle_irq_event_percpu) 
          <idle>-0     [000] d.h.   291.274200: __handle_irq_event_percpu: [+] irq: [56] handler: dwc_otg_pcd_irq+0x0/0x28 caller: (handle_irq_event_percpu) 
          <idle>-0     [000] d.h.   291.274204: __handle_irq_event_percpu: [+] irq: [56] handler: usb_hcd_irq+0x0/0x48 caller: (handle_irq_event_percpu) 
          <idle>-0     [000] d.h.   291.274322: __handle_irq_event_percpu: [+] irq: [56] handler: dwc_otg_common_irq+0x0/0x28 caller: (handle_irq_event_percpu) 
          <idle>-0     [000] d.h.   291.274326: __handle_irq_event_percpu: [+] irq: [56] handler: dwc_otg_pcd_irq+0x0/0x28 caller: (handle_irq_event_percpu) 
          <idle>-0     [000] d.h.   291.274330: __handle_irq_event_percpu: [+] irq: [56] handler: usb_hcd_irq+0x0/0x48 caller: (handle_irq_event_percpu) 
          <idle>-0     [000] d.h.   291.282195: __handle_irq_event_percpu: [+] irq: [56] handler: dwc_otg_common_irq+0x0/0x28 caller: (handle_irq_event_percpu) 
          <idle>-0     [000] d.h.   291.282200: __handle_irq_event_percpu: [+] irq: [56] handler: dwc_otg_pcd_irq+0x0/0x28 caller: (handle_irq_event_percpu) 
          <idle>-0     [000] d.h.   291.282205: __handle_irq_event_percpu: [+] irq: [56] handler: usb_hcd_irq+0x0/0x48 caller: (handle_irq_event_percpu) 
          <idle>-0     [000] d.h.   291.282322: __handle_irq_event_percpu: [+] irq: [56] handler: dwc_otg_common_irq+0x0/0x28 caller: (handle_irq_event_percpu) 
          <idle>-0     [000] d.h.   291.282326: __handle_irq_event_percpu: [+] irq: [56] handler: dwc_otg_pcd_irq+0x0/0x28 caller: (handle_irq_event_percpu) 
          <idle>-0     [000] d.h.   291.282329: __handle_irq_event_percpu: [+] irq: [56] handler: usb_hcd_irq+0x0/0x48 caller: (handle_irq_event_percpu) 
          <idle>-0     [000] d.h.   291.290194: __handle_irq_event_percpu: [+] irq: [56] handler: dwc_otg_common_irq+0x0/0x28 caller: (handle_irq_event_percpu) 
          <idle>-0     [000] d.h.   291.290199: __handle_irq_event_percpu: [+] irq: [56] handler: dwc_otg_pcd_irq+0x0/0x28 caller: (handle_irq_event_percpu) 
          <idle>-0     [000] d.h.   291.290202: __handle_irq_event_percpu: [+] irq: [56] handler: usb_hcd_irq+0x0/0x48 caller: (handle_irq_event_percpu) 
          <idle>-0     [000] d.h.   291.290321: __handle_irq_event_percpu: [+] irq: [56] handler: dwc_otg_common_irq+0x0/0x28 caller: (handle_irq_event_percpu) 
          <idle>-0     [000] d.h.   291.290326: __handle_irq_event_percpu: [+] irq: [56] handler: dwc_otg_pcd_irq+0x0/0x28 caller: (handle_irq_event_percpu) 
          <idle>-0     [000] d.h.   291.290329: __handle_irq_event_percpu: [+] irq: [56] handler: usb_hcd_irq+0x0/0x48 caller: (handle_irq_event_percpu) 
          <idle>-0     [002] d.s.   291.291249: timer_cancel: timer=2e94b101
          <idle>-0     [002] ..s.   291.291252: timer_expire_entry: timer=2e94b101 function=process_timeout now=4294966424
          <idle>-0     [001] d.s.   291.291252: timer_cancel: timer=207e6b2c
          <idle>-0     [001] ..s.   291.291254: timer_expire_entry: timer=207e6b2c function=brcmf_sdio_watchdog [brcmfmac] now=4294966424
          <idle>-0     [002] dns.   291.291258: sched_wakeup: comm=rcu_sched pid=10 prio=120 target_cpu=002
          <idle>-0     [001] d.s.   291.291260: timer_start: timer=207e6b2c function=brcmf_sdio_watchdog [brcmfmac] expires=4294966425 [timeout=1] cpu=1 idx=24 flags=
          <idle>-0     [002] .ns.   291.291261: timer_expire_exit: timer=2e94b101
          <idle>-0     [001] ..s.   291.291262: timer_expire_exit: timer=207e6b2c
          <idle>-0     [000] dnH.   291.291263: sched_wakeup: comm=brcmf_wdog/mmc1 pid=259 prio=120 target_cpu=000
          <idle>-0     [000] d...   291.291279: sched_switch: prev_comm=swapper/0 prev_pid=0 prev_prio=120 prev_state=R ==> next_comm=brcmf_wdog/mmc1 next_pid=259 next_prio=120
          <idle>-0     [002] d...   291.291285: sched_switch: prev_comm=swapper/2 prev_pid=0 prev_prio=120 prev_state=R ==> next_comm=rcu_sched next_pid=10 next_prio=120
 brcmf_wdog/mmc1-259   [000] d...   291.291288: timer_cancel: timer=207e6b2c
 brcmf_wdog/mmc1-259   [000] d...   291.291295: timer_start: timer=9e1bef99 function=bcm2835_mmc_timeout_timer expires=128 [timeout=1000] cpu=0 idx=130 flags=
       rcu_sched-10    [002] ....   291.291297: timer_init: timer=2e94b101
       rcu_sched-10    [002] d...   291.291299: timer_start: timer=2e94b101 function=process_timeout expires=4294966425 [timeout=1] cpu=2 idx=0 flags=
 brcmf_wdog/mmc1-259   [000] d.h.   291.291307: __handle_irq_event_percpu: [+] irq: [86] handler: bcm2835_mmc_irq+0x0/0x6ec caller: (handle_irq_event_percpu) 
       rcu_sched-10    [002] d...   291.291307: sched_switch: prev_comm=rcu_sched prev_pid=10 prev_prio=120 prev_state=I ==> next_comm=swapper/2 next_pid=0 next_prio=120
 brcmf_wdog/mmc1-259   [000] d.s.   291.291315: timer_cancel: timer=9e1bef99
 brcmf_wdog/mmc1-259   [000] d.s.   291.291320: sched_wakeup: comm=brcmf_wdog/mmc1 pid=259 prio=120 target_cpu=000
 brcmf_wdog/mmc1-259   [000] d...   291.291331: timer_start: timer=9e1bef99 function=bcm2835_mmc_timeout_timer expires=128 [timeout=1000] cpu=0 idx=131 flags=
 brcmf_wdog/mmc1-259   [000] d.h.   291.291341: __handle_irq_event_percpu: [+] irq: [86] handler: bcm2835_mmc_irq+0x0/0x6ec caller: (handle_irq_event_percpu) 
 brcmf_wdog/mmc1-259   [000] d.s.   291.291348: timer_cancel: timer=9e1bef99
 brcmf_wdog/mmc1-259   [000] d.s.   291.291352: sched_wakeup: comm=brcmf_wdog/mmc1 pid=259 prio=120 target_cpu=000
 brcmf_wdog/mmc1-259   [000] d...   291.291362: timer_start: timer=9e1bef99 function=bcm2835_mmc_timeout_timer expires=128 [timeout=1000] cpu=0 idx=131 flags=
 brcmf_wdog/mmc1-259   [000] d.h.   291.291371: __handle_irq_event_percpu: [+] irq: [86] handler: bcm2835_mmc_irq+0x0/0x6ec caller: (handle_irq_event_percpu) 
 brcmf_wdog/mmc1-259   [000] d.s.   291.291378: timer_cancel: timer=9e1bef99
 brcmf_wdog/mmc1-259   [000] d.s.   291.291382: sched_wakeup: comm=brcmf_wdog/mmc1 pid=259 prio=120 target_cpu=000
 brcmf_wdog/mmc1-259   [000] d...   291.291397: sched_switch: prev_comm=brcmf_wdog/mmc1 prev_pid=259 prev_prio=120 prev_state=S ==> next_comm=swapper/0 next_pid=0 next_prio=120
          <idle>-0     [000] d.h.   291.298196: __handle_irq_event_percpu: [+] irq: [56] handler: dwc_otg_common_irq+0x0/0x28 caller: (handle_irq_event_percpu) 
          <idle>-0     [000] d.h.   291.298200: __handle_irq_event_percpu: [+] irq: [56] handler: dwc_otg_pcd_irq+0x0/0x28 caller: (handle_irq_event_percpu) 
          <idle>-0     [000] d.h.   291.298204: __handle_irq_event_percpu: [+] irq: [56] handler: usb_hcd_irq+0x0/0x48 caller: (handle_irq_event_percpu) 
          <idle>-0     [000] d.h.   291.298322: __handle_irq_event_percpu: [+] irq: [56] handler: dwc_otg_common_irq+0x0/0x28 caller: (handle_irq_event_percpu) 
          <idle>-0     [000] d.h.   291.298326: __handle_irq_event_percpu: [+] irq: [56] handler: dwc_otg_pcd_irq+0x0/0x28 caller: (handle_irq_event_percpu) 
          <idle>-0     [000] d.h.   291.298332: __handle_irq_event_percpu: [+] irq: [56] handler: usb_hcd_irq+0x0/0x48 caller: (handle_irq_event_percpu) 
          <idle>-0     [000] d.h.   291.306196: __handle_irq_event_percpu: [+] irq: [56] handler: dwc_otg_common_irq+0x0/0x28 caller: (handle_irq_event_percpu) 
          <idle>-0     [000] d.h.   291.306201: __handle_irq_event_percpu: [+] irq: [56] handler: dwc_otg_pcd_irq+0x0/0x28 caller: (handle_irq_event_percpu) 
          <idle>-0     [000] d.h.   291.306204: __handle_irq_event_percpu: [+] irq: [56] handler: usb_hcd_irq+0x0/0x48 caller: (handle_irq_event_percpu) 
          <idle>-0     [000] d.h.   291.306322: __handle_irq_event_percpu: [+] irq: [56] handler: dwc_otg_common_irq+0x0/0x28 caller: (handle_irq_event_percpu) 
          <idle>-0     [000] d.h.   291.306326: __handle_irq_event_percpu: [+] irq: [56] handler: dwc_otg_pcd_irq+0x0/0x28 caller: (handle_irq_event_percpu) 
          <idle>-0     [000] d.h.   291.306329: __handle_irq_event_percpu: [+] irq: [56] handler: usb_hcd_irq+0x0/0x48 caller: (handle_irq_event_percpu) 
          <idle>-0     [000] d.s.   291.311252: timer_cancel: timer=1f04303e
          <idle>-0     [002] d.s.   291.311253: timer_cancel: timer=2e94b101
          <idle>-0     [000] ..s.   291.311254: timer_expire_entry: timer=1f04303e function=rh_timer_func now=4294966426
          <idle>-0     [002] ..s.   291.311255: timer_expire_entry: timer=2e94b101 function=process_timeout now=4294966426
          <idle>-0     [000] d.s.   291.311260: timer_start: timer=1f04303e function=rh_timer_func expires=4294966450 [timeout=24] cpu=0 idx=26 flags=
          <idle>-0     [002] dns.   291.311262: sched_wakeup: comm=rcu_sched pid=10 prio=120 target_cpu=002
          <idle>-0     [000] ..s.   291.311262: timer_expire_exit: timer=1f04303e
          <idle>-0     [002] .ns.   291.311264: timer_expire_exit: timer=2e94b101
          <idle>-0     [002] d...   291.311289: sched_switch: prev_comm=swapper/2 prev_pid=0 prev_prio=120 prev_state=R ==> next_comm=rcu_sched next_pid=10 next_prio=120
       rcu_sched-10    [002] ....   291.311301: timer_init: timer=2e94b101
       rcu_sched-10    [002] d...   291.311303: timer_start: timer=2e94b101 function=process_timeout expires=4294966427 [timeout=1] cpu=2 idx=0 flags=
       rcu_sched-10    [002] d...   291.311321: sched_switch: prev_comm=rcu_sched prev_pid=10 prev_prio=120 prev_state=I ==> next_comm=swapper/2 next_pid=0 next_prio=120
          <idle>-0     [000] d.h.   291.314195: __handle_irq_event_percpu: [+] irq: [56] handler: dwc_otg_common_irq+0x0/0x28 caller: (handle_irq_event_percpu) 
          <idle>-0     [000] d.h.   291.314200: __handle_irq_event_percpu: [+] irq: [56] handler: dwc_otg_pcd_irq+0x0/0x28 caller: (handle_irq_event_percpu) 
          <idle>-0     [000] d.h.   291.314203: __handle_irq_event_percpu: [+] irq: [56] handler: usb_hcd_irq+0x0/0x48 caller: (handle_irq_event_percpu) 
          <idle>-0     [000] d.h.   291.314322: __handle_irq_event_percpu: [+] irq: [56] handler: dwc_otg_common_irq+0x0/0x28 caller: (handle_irq_event_percpu) 
          <idle>-0     [000] d.h.   291.314326: __handle_irq_event_percpu: [+] irq: [56] handler: dwc_otg_pcd_irq+0x0/0x28 caller: (handle_irq_event_percpu) 
          <idle>-0     [000] d.h.   291.314329: __handle_irq_event_percpu: [+] irq: [56] handler: usb_hcd_irq+0x0/0x48 caller: (handle_irq_event_percpu) 
          <idle>-0     [000] d.h.   291.322196: __handle_irq_event_percpu: [+] irq: [56] handler: dwc_otg_common_irq+0x0/0x28 caller: (handle_irq_event_percpu) 
          <idle>-0     [000] d.h.   291.322200: __handle_irq_event_percpu: [+] irq: [56] handler: dwc_otg_pcd_irq+0x0/0x28 caller: (handle_irq_event_percpu) 
          <idle>-0     [000] d.h.   291.322204: __handle_irq_event_percpu: [+] irq: [56] handler: usb_hcd_irq+0x0/0x48 caller: (handle_irq_event_percpu) 
          <idle>-0     [000] d.h.   291.322322: __handle_irq_event_percpu: [+] irq: [56] handler: dwc_otg_common_irq+0x0/0x28 caller: (handle_irq_event_percpu) 
          <idle>-0     [000] d.h.   291.322326: __handle_irq_event_percpu: [+] irq: [56] handler: dwc_otg_pcd_irq+0x0/0x28 caller: (handle_irq_event_percpu) 
          <idle>-0     [000] d.h.   291.322329: __handle_irq_event_percpu: [+] irq: [56] handler: usb_hcd_irq+0x0/0x48 caller: (handle_irq_event_percpu) 
          <idle>-0     [000] d.h.   291.330195: __handle_irq_event_percpu: [+] irq: [56] handler: dwc_otg_common_irq+0x0/0x28 caller: (handle_irq_event_percpu) 
          <idle>-0     [000] d.h.   291.330199: __handle_irq_event_percpu: [+] irq: [56] handler: dwc_otg_pcd_irq+0x0/0x28 caller: (handle_irq_event_percpu) 
          <idle>-0     [000] d.h.   291.330202: __handle_irq_event_percpu: [+] irq: [56] handler: usb_hcd_irq+0x0/0x48 caller: (handle_irq_event_percpu) 
          <idle>-0     [000] d.h.   291.330322: __handle_irq_event_percpu: [+] irq: [56] handler: dwc_otg_common_irq+0x0/0x28 caller: (handle_irq_event_percpu) 
          <idle>-0     [000] d.h.   291.330326: __handle_irq_event_percpu: [+] irq: [56] handler: dwc_otg_pcd_irq+0x0/0x28 caller: (handle_irq_event_percpu) 
          <idle>-0     [000] d.h.   291.330329: __handle_irq_event_percpu: [+] irq: [56] handler: usb_hcd_irq+0x0/0x48 caller: (handle_irq_event_percpu) 
          <idle>-0     [002] d.s.   291.331254: timer_cancel: timer=2e94b101
          <idle>-0     [002] ..s.   291.331256: timer_expire_entry: timer=2e94b101 function=process_timeout now=4294966428
          <idle>-0     [002] dns.   291.331263: sched_wakeup: comm=rcu_sched pid=10 prio=120 target_cpu=002
          <idle>-0     [002] .ns.   291.331265: timer_expire_exit: timer=2e94b101
          <idle>-0     [002] d...   291.331289: sched_switch: prev_comm=swapper/2 prev_pid=0 prev_prio=120 prev_state=R ==> next_comm=rcu_sched next_pid=10 next_prio=120
       rcu_sched-10    [002] ....   291.331301: timer_init: timer=2e94b101
       rcu_sched-10    [002] d...   291.331303: timer_start: timer=2e94b101 function=process_timeout expires=4294966429 [timeout=1] cpu=2 idx=0 flags=
       rcu_sched-10    [002] d...   291.331309: sched_switch: prev_comm=rcu_sched prev_pid=10 prev_prio=120 prev_state=I ==> next_comm=swapper/2 next_pid=0 next_prio=120
          <idle>-0     [000] d.h.   291.333862: __handle_irq_event_percpu: [+] irq: [86] handler: bcm2835_mmc_irq+0x0/0x6ec caller: (handle_irq_event_percpu) 
          <idle>-0     [002] dnh.   291.333884: sched_wakeup: comm=irq/86-mmc1 pid=80 prio=49 target_cpu=002
          <idle>-0     [002] d...   291.333897: sched_switch: prev_comm=swapper/2 prev_pid=0 prev_prio=120 prev_state=R ==> next_comm=irq/86-mmc1 next_pid=80 next_prio=49
     irq/86-mmc1-80    [002] d...   291.333969: timer_start: timer=9e1bef99 function=bcm2835_mmc_timeout_timer expires=132 [timeout=1000] cpu=2 idx=131 flags=
          <idle>-0     [000] d.h.   291.333980: __handle_irq_event_percpu: [+] irq: [86] handler: bcm2835_mmc_irq+0x0/0x6ec caller: (handle_irq_event_percpu) 
     irq/86-mmc1-80    [002] d...   291.333985: sched_switch: prev_comm=irq/86-mmc1 prev_pid=80 prev_prio=49 prev_state=D ==> next_comm=swapper/2 next_pid=0 next_prio=120
          <idle>-0     [000] d.s.   291.333988: timer_cancel: timer=9e1bef99
          <idle>-0     [002] dnh.   291.333998: sched_wakeup: comm=irq/86-mmc1 pid=80 prio=49 target_cpu=002
          <idle>-0     [002] d...   291.334004: sched_switch: prev_comm=swapper/2 prev_pid=0 prev_prio=120 prev_state=R ==> next_comm=irq/86-mmc1 next_pid=80 next_prio=49
     irq/86-mmc1-80    [002] d.h.   291.334022: sched_wakeup: comm=systemd-journal pid=114 prio=120 target_cpu=002
     irq/86-mmc1-80    [002] d...   291.334036: timer_start: timer=9e1bef99 function=bcm2835_mmc_timeout_timer expires=132 [timeout=1000] cpu=2 idx=131 flags=
          <idle>-0     [000] d.h.   291.334053: __handle_irq_event_percpu: [+] irq: [86] handler: bcm2835_mmc_irq+0x0/0x6ec caller: (handle_irq_event_percpu) 
     irq/86-mmc1-80    [002] d...   291.334057: sched_switch: prev_comm=irq/86-mmc1 prev_pid=80 prev_prio=49 prev_state=D ==> next_comm=systemd-journal next_pid=114 next_prio=120
          <idle>-0     [000] d.s.   291.334064: timer_cancel: timer=9e1bef99
 systemd-journal-114   [002] dnh.   291.334073: sched_wakeup: comm=irq/86-mmc1 pid=80 prio=49 target_cpu=002
 systemd-journal-114   [002] d...   291.334084: sched_switch: prev_comm=systemd-journal prev_pid=114 prev_prio=120 prev_state=R ==> next_comm=irq/86-mmc1 next_pid=80 next_prio=49
     irq/86-mmc1-80    [002] d...   291.334092: timer_start: timer=9e1bef99 function=bcm2835_mmc_timeout_timer expires=132 [timeout=1000] cpu=2 idx=131 flags=
          <idle>-0     [000] d.h.   291.334110: __handle_irq_event_percpu: [+] irq: [86] handler: bcm2835_mmc_irq+0x0/0x6ec caller: (handle_irq_event_percpu) 
     irq/86-mmc1-80    [002] d...   291.334112: sched_switch: prev_comm=irq/86-mmc1 prev_pid=80 prev_prio=49 prev_state=D ==> next_comm=systemd-journal next_pid=114 next_prio=120
          <idle>-0     [000] d.h.   291.334118: __handle_irq_event_percpu: [+] irq: [86] handler: bcm2835_mmc_irq+0x0/0x6ec caller: (handle_irq_event_percpu) 
          <idle>-0     [000] d.s.   291.334125: timer_cancel: timer=9e1bef99
 systemd-journal-114   [002] dnh.   291.334134: sched_wakeup: comm=irq/86-mmc1 pid=80 prio=49 target_cpu=002
 systemd-journal-114   [002] d...   291.334162: sched_switch: prev_comm=systemd-journal prev_pid=114 prev_prio=120 prev_state=R ==> next_comm=irq/86-mmc1 next_pid=80 next_prio=49
     irq/86-mmc1-80    [002] d...   291.334168: workqueue_queue_work: work struct=15323760 function=brcmf_sdio_dataworker [brcmfmac] workqueue=6549a096 req_cpu=4 cpu=4294967295
     irq/86-mmc1-80    [002] d...   291.334170: workqueue_activate_work: work struct 15323760
     irq/86-mmc1-80    [002] d...   291.334171: insert_work <-__queue_work
     irq/86-mmc1-80    [002] d...   291.334204: <stack trace>
 => insert_work
 => __queue_work
 => queue_work_on
 => brcmf_sdio_isr
 => brcmf_sdiod_ib_irqhandler
 => process_sdio_pending_irqs
 => sdio_run_irqs
 => bcm2835_mmc_thread_irq
 => irq_thread_fn
 => irq_thread
 => kthread
 => ret_from_fork
 => 0
          <idle>-0     [001] dnh.   291.334216: sched_wakeup: comm=kworker/u8:1 pid=45 prio=120 target_cpu=001
     irq/86-mmc1-80    [002] d...   291.334223: sched_switch: prev_comm=irq/86-mmc1 prev_pid=80 prev_prio=49 prev_state=S ==> next_comm=systemd-journal next_pid=114 next_prio=120
          <idle>-0     [001] d...   291.334230: sched_switch: prev_comm=swapper/1 prev_pid=0 prev_prio=120 prev_state=R ==> next_comm=kworker/u8:1 next_pid=45 next_prio=120
    kworker/u8:1-45    [001] ....   291.334235: workqueue_execute_start: work struct 15323760: function brcmf_sdio_dataworker [brcmfmac]
    kworker/u8:1-45    [001] d...   291.334244: timer_start: timer=9e1bef99 function=bcm2835_mmc_timeout_timer expires=132 [timeout=1000] cpu=1 idx=131 flags=
          <idle>-0     [000] d.h.   291.334254: __handle_irq_event_percpu: [+] irq: [86] handler: bcm2835_mmc_irq+0x0/0x6ec caller: (handle_irq_event_percpu) 
          <idle>-0     [000] d.s.   291.334262: timer_cancel: timer=9e1bef99
    kworker/u8:1-45    [001] d...   291.334265: sched_switch: prev_comm=kworker/u8:1 prev_pid=45 prev_prio=120 prev_state=D ==> next_comm=swapper/1 next_pid=0 next_prio=120
          <idle>-0     [001] dnh.   291.334284: sched_wakeup: comm=kworker/u8:1 pid=45 prio=120 target_cpu=001
          <idle>-0     [001] d...   291.334295: sched_switch: prev_comm=swapper/1 prev_pid=0 prev_prio=120 prev_state=R ==> next_comm=kworker/u8:1 next_pid=45 next_prio=120
    kworker/u8:1-45    [001] d...   291.334307: sched_switch: prev_comm=kworker/u8:1 prev_pid=45 prev_prio=120 prev_state=D ==> next_comm=swapper/1 next_pid=0 next_prio=120
 systemd-journal-114   [002] d...   291.334365: sched_switch: prev_comm=systemd-journal prev_pid=114 prev_prio=120 prev_state=S ==> next_comm=swapper/2 next_pid=0 next_prio=120
          <idle>-0     [001] dnh.   291.337309: sched_wakeup: comm=kworker/u8:1 pid=45 prio=120 target_cpu=001
          <idle>-0     [001] d...   291.337324: sched_switch: prev_comm=swapper/1 prev_pid=0 prev_prio=120 prev_state=R ==> next_comm=kworker/u8:1 next_pid=45 next_prio=120
    kworker/u8:1-45    [001] d...   291.337330: timer_start: timer=9e1bef99 function=bcm2835_mmc_timeout_timer expires=132 [timeout=1000] cpu=1 idx=131 flags=
          <idle>-0     [000] d.h.   291.337340: __handle_irq_event_percpu: [+] irq: [86] handler: bcm2835_mmc_irq+0x0/0x6ec caller: (handle_irq_event_percpu) 
    kworker/u8:1-45    [001] d...   291.337340: sched_switch: prev_comm=kworker/u8:1 prev_pid=45 prev_prio=120 prev_state=D ==> next_comm=swapper/1 next_pid=0 next_prio=120
          <idle>-0     [000] d.s.   291.337347: timer_cancel: timer=9e1bef99
          <idle>-0     [001] dnh.   291.337357: sched_wakeup: comm=kworker/u8:1 pid=45 prio=120 target_cpu=001
          <idle>-0     [001] d...   291.337368: sched_switch: prev_comm=swapper/1 prev_pid=0 prev_prio=120 prev_state=R ==> next_comm=kworker/u8:1 next_pid=45 next_prio=120
    kworker/u8:1-45    [001] d...   291.337374: timer_start: timer=207e6b2c function=brcmf_sdio_watchdog [brcmfmac] expires=4294966429 [timeout=1] cpu=1 idx=26 flags=
    kworker/u8:1-45    [001] d...   291.337390: timer_start: timer=9e1bef99 function=bcm2835_mmc_timeout_timer expires=132 [timeout=1000] cpu=1 idx=131 flags=
          <idle>-0     [000] d.h.   291.337407: __handle_irq_event_percpu: [+] irq: [86] handler: bcm2835_mmc_irq+0x0/0x6ec caller: (handle_irq_event_percpu) 
    kworker/u8:1-45    [001] d...   291.337408: sched_switch: prev_comm=kworker/u8:1 prev_pid=45 prev_prio=120 prev_state=D ==> next_comm=swapper/1 next_pid=0 next_prio=120
          <idle>-0     [000] d.s.   291.337419: timer_cancel: timer=9e1bef99
          <idle>-0     [001] dnh.   291.337430: sched_wakeup: comm=kworker/u8:1 pid=45 prio=120 target_cpu=001
          <idle>-0     [001] d...   291.337442: sched_switch: prev_comm=swapper/1 prev_pid=0 prev_prio=120 prev_state=R ==> next_comm=kworker/u8:1 next_pid=45 next_prio=120
    kworker/u8:1-45    [001] d...   291.337457: timer_start: timer=9e1bef99 function=bcm2835_mmc_timeout_timer expires=132 [timeout=1000] cpu=1 idx=131 flags=
          <idle>-0     [000] d.h.   291.337474: __handle_irq_event_percpu: [+] irq: [86] handler: bcm2835_mmc_irq+0x0/0x6ec caller: (handle_irq_event_percpu) 
    kworker/u8:1-45    [001] d...   291.337474: sched_switch: prev_comm=kworker/u8:1 prev_pid=45 prev_prio=120 prev_state=D ==> next_comm=swapper/1 next_pid=0 next_prio=120
          <idle>-0     [000] d.s.   291.337484: timer_cancel: timer=9e1bef99
          <idle>-0     [001] dnh.   291.337494: sched_wakeup: comm=kworker/u8:1 pid=45 prio=120 target_cpu=001
          <idle>-0     [001] d...   291.337505: sched_switch: prev_comm=swapper/1 prev_pid=0 prev_prio=120 prev_state=R ==> next_comm=kworker/u8:1 next_pid=45 next_prio=120
    kworker/u8:1-45    [001] d...   291.337589: timer_start: timer=9e1bef99 function=bcm2835_mmc_timeout_timer expires=132 [timeout=1000] cpu=1 idx=131 flags=
          <idle>-0     [000] d.h.   291.337606: __handle_irq_event_percpu: [+] irq: [86] handler: bcm2835_mmc_irq+0x0/0x6ec caller: (handle_irq_event_percpu) 
    kworker/u8:1-45    [001] d...   291.337608: sched_switch: prev_comm=kworker/u8:1 prev_pid=45 prev_prio=120 prev_state=D ==> next_comm=swapper/1 next_pid=0 next_prio=120
          <idle>-0     [000] d.s.   291.337618: timer_cancel: timer=9e1bef99
          <idle>-0     [001] dnh.   291.337629: sched_wakeup: comm=kworker/u8:1 pid=45 prio=120 target_cpu=001
          <idle>-0     [001] d...   291.337640: sched_switch: prev_comm=swapper/1 prev_pid=0 prev_prio=120 prev_state=R ==> next_comm=kworker/u8:1 next_pid=45 next_prio=120
    kworker/u8:1-45    [001] ....   291.337649: workqueue_execute_end: work struct 15323760
    kworker/u8:1-45    [001] d...   291.337656: sched_switch: prev_comm=kworker/u8:1 prev_pid=45 prev_prio=120 prev_state=I ==> next_comm=swapper/1 next_pid=0 next_prio=120
          <idle>-0     [000] d.h.   291.338194: __handle_irq_event_percpu: [+] irq: [56] handler: dwc_otg_common_irq+0x0/0x28 caller: (handle_irq_event_percpu) 
          <idle>-0     [000] d.h.   291.338199: __handle_irq_event_percpu: [+] irq: [56] handler: dwc_otg_pcd_irq+0x0/0x28 caller: (handle_irq_event_percpu) 
          <idle>-0     [000] d.h.   291.338202: __handle_irq_event_percpu: [+] irq: [56] handler: usb_hcd_irq+0x0/0x48 caller: (handle_irq_event_percpu) 
          <idle>-0     [000] d.h.   291.338322: __handle_irq_event_percpu: [+] irq: [56] handler: dwc_otg_common_irq+0x0/0x28 caller: (handle_irq_event_percpu) 
          <idle>-0     [000] d.h.   291.338326: __handle_irq_event_percpu: [+] irq: [56] handler: dwc_otg_pcd_irq+0x0/0x28 caller: (handle_irq_event_percpu) 
          <idle>-0     [000] d.h.   291.338329: __handle_irq_event_percpu: [+] irq: [56] handler: usb_hcd_irq+0x0/0x48 caller: (handle_irq_event_percpu) 
          <idle>-0     [002] dnh.   291.341262: sched_wakeup: comm=systemd-journal pid=114 prio=120 target_cpu=002
          <idle>-0     [000] dnH.   291.341267: sched_wakeup: comm=in:imklog pid=421 prio=120 target_cpu=000
          <idle>-0     [000] d...   291.341289: sched_switch: prev_comm=swapper/0 prev_pid=0 prev_prio=120 prev_state=R ==> next_comm=in:imklog next_pid=421 next_prio=120
          <idle>-0     [002] d...   291.341289: sched_switch: prev_comm=swapper/2 prev_pid=0 prev_prio=120 prev_state=R ==> next_comm=systemd-journal next_pid=114 next_prio=120
          <idle>-0     [001] dnh.   291.341474: sched_wakeup: comm=rs:main Q:Reg pid=422 prio=120 target_cpu=001
          <idle>-0     [001] d...   291.341491: sched_switch: prev_comm=swapper/1 prev_pid=0 prev_prio=120 prev_state=R ==> next_comm=rs:main Q:Reg next_pid=422 next_prio=120
       in:imklog-421   [000] d...   291.341520: sched_switch: prev_comm=in:imklog prev_pid=421 prev_prio=120 prev_state=S ==> next_comm=swapper/0 next_pid=0 next_prio=120
          <idle>-0     [000] dnh.   291.341548: sched_wakeup: comm=in:imklog pid=421 prio=120 target_cpu=000
          <idle>-0     [000] d...   291.341560: sched_switch: prev_comm=swapper/0 prev_pid=0 prev_prio=120 prev_state=R ==> next_comm=in:imklog next_pid=421 next_prio=120
       in:imklog-421   [000] dnh.   291.341645: sched_wakeup: comm=jbd2/mmcblk0p2- pid=86 prio=120 target_cpu=000
       in:imklog-421   [000] d...   291.341655: sched_switch: prev_comm=in:imklog prev_pid=421 prev_prio=120 prev_state=R ==> next_comm=jbd2/mmcblk0p2- next_pid=86 next_prio=120
 jbd2/mmcblk0p2--86    [000] d...   291.341661: timer_cancel: timer=60cc7e1b
   rs:main Q:Reg-422   [001] d...   291.341701: timer_start: timer=60cc7e1b function=commit_timeout expires=4294966997 [timeout=568] cpu=1 idx=180 flags=
   rs:main Q:Reg-422   [001] d...   291.341784: sched_switch: prev_comm=rs:main Q:Reg prev_pid=422 prev_prio=120 prev_state=D ==> next_comm=swapper/1 next_pid=0 next_prio=120
