          <idle>-0     [000] dnh.   292.867393: sched_wakeup: comm=kworker/0:0 pid=5 prio=120 target_cpu=000
          <idle>-0     [000] d...   292.867408: sched_switch: prev_comm=swapper/0 prev_pid=0 prev_prio=120 prev_state=R ==> next_comm=mosquitto next_pid=469 next_prio=120
       mosquitto-469   [000] d...   292.867452: sched_switch: prev_comm=mosquitto prev_pid=469 prev_prio=120 prev_state=S ==> next_comm=kworker/0:0 next_pid=5 next_prio=120
     kworker/0:0-5     [000] ....   292.867460: workqueue_execute_start: work struct e3e4ea21: function dbs_work_handler
     kworker/0:0-5     [000] ....   292.867474: workqueue_execute_end: work struct e3e4ea21
     kworker/0:0-5     [000] d...   292.867506: sched_switch: prev_comm=kworker/0:0 prev_pid=5 prev_prio=120 prev_state=I ==> next_comm=swapper/0 next_pid=0 next_prio=120
          <idle>-0     [000] d.h.   292.874198: __handle_irq_event_percpu: [+] irq: [56] handler: dwc_otg_common_irq+0x0/0x28 caller: (handle_irq_event_percpu) 
          <idle>-0     [000] d.h.   292.874203: __handle_irq_event_percpu: [+] irq: [56] handler: dwc_otg_pcd_irq+0x0/0x28 caller: (handle_irq_event_percpu) 
          <idle>-0     [000] d.h.   292.874206: __handle_irq_event_percpu: [+] irq: [56] handler: usb_hcd_irq+0x0/0x48 caller: (handle_irq_event_percpu) 
          <idle>-0     [000] d.h.   292.874322: __handle_irq_event_percpu: [+] irq: [56] handler: dwc_otg_common_irq+0x0/0x28 caller: (handle_irq_event_percpu) 
          <idle>-0     [000] d.h.   292.874326: __handle_irq_event_percpu: [+] irq: [56] handler: dwc_otg_pcd_irq+0x0/0x28 caller: (handle_irq_event_percpu) 
          <idle>-0     [000] d.h.   292.874330: __handle_irq_event_percpu: [+] irq: [56] handler: usb_hcd_irq+0x0/0x48 caller: (handle_irq_event_percpu) 
          <idle>-0     [000] d.h.   292.882198: __handle_irq_event_percpu: [+] irq: [56] handler: dwc_otg_common_irq+0x0/0x28 caller: (handle_irq_event_percpu) 
          <idle>-0     [000] d.h.   292.882203: __handle_irq_event_percpu: [+] irq: [56] handler: dwc_otg_pcd_irq+0x0/0x28 caller: (handle_irq_event_percpu) 
          <idle>-0     [000] d.h.   292.882206: __handle_irq_event_percpu: [+] irq: [56] handler: usb_hcd_irq+0x0/0x48 caller: (handle_irq_event_percpu) 
          <idle>-0     [000] d.h.   292.882322: __handle_irq_event_percpu: [+] irq: [56] handler: dwc_otg_common_irq+0x0/0x28 caller: (handle_irq_event_percpu) 
          <idle>-0     [000] d.h.   292.882326: __handle_irq_event_percpu: [+] irq: [56] handler: dwc_otg_pcd_irq+0x0/0x28 caller: (handle_irq_event_percpu) 
          <idle>-0     [000] d.h.   292.882329: __handle_irq_event_percpu: [+] irq: [56] handler: usb_hcd_irq+0x0/0x48 caller: (handle_irq_event_percpu) 
          <idle>-0     [000] d.h.   292.890194: __handle_irq_event_percpu: [+] irq: [56] handler: dwc_otg_common_irq+0x0/0x28 caller: (handle_irq_event_percpu) 
          <idle>-0     [000] d.h.   292.890199: __handle_irq_event_percpu: [+] irq: [56] handler: dwc_otg_pcd_irq+0x0/0x28 caller: (handle_irq_event_percpu) 
          <idle>-0     [000] d.h.   292.890202: __handle_irq_event_percpu: [+] irq: [56] handler: usb_hcd_irq+0x0/0x48 caller: (handle_irq_event_percpu) 
          <idle>-0     [000] d.h.   292.890322: __handle_irq_event_percpu: [+] irq: [56] handler: dwc_otg_common_irq+0x0/0x28 caller: (handle_irq_event_percpu) 
          <idle>-0     [000] d.h.   292.890326: __handle_irq_event_percpu: [+] irq: [56] handler: dwc_otg_pcd_irq+0x0/0x28 caller: (handle_irq_event_percpu) 
          <idle>-0     [000] d.h.   292.890329: __handle_irq_event_percpu: [+] irq: [56] handler: usb_hcd_irq+0x0/0x48 caller: (handle_irq_event_percpu) 
          <idle>-0     [000] d.h.   292.895277: __handle_irq_event_percpu: [+] irq: [86] handler: bcm2835_mmc_irq+0x0/0x6ec caller: (handle_irq_event_percpu) 
          <idle>-0     [002] dnh.   292.895295: sched_wakeup: comm=irq/86-mmc1 pid=80 prio=49 target_cpu=002
          <idle>-0     [002] d...   292.895311: sched_switch: prev_comm=swapper/2 prev_pid=0 prev_prio=120 prev_state=R ==> next_comm=irq/86-mmc1 next_pid=80 next_prio=49
     irq/86-mmc1-80    [002] d...   292.895380: timer_start: timer=9e1bef99 function=bcm2835_mmc_timeout_timer expires=288 [timeout=1000] cpu=2 idx=133 flags=
          <idle>-0     [000] d.h.   292.895391: __handle_irq_event_percpu: [+] irq: [86] handler: bcm2835_mmc_irq+0x0/0x6ec caller: (handle_irq_event_percpu) 
     irq/86-mmc1-80    [002] d...   292.895396: sched_switch: prev_comm=irq/86-mmc1 prev_pid=80 prev_prio=49 prev_state=D ==> next_comm=swapper/2 next_pid=0 next_prio=120
          <idle>-0     [000] d.s.   292.895399: timer_cancel: timer=9e1bef99
          <idle>-0     [002] dnh.   292.895409: sched_wakeup: comm=irq/86-mmc1 pid=80 prio=49 target_cpu=002
          <idle>-0     [002] d...   292.895416: sched_switch: prev_comm=swapper/2 prev_pid=0 prev_prio=120 prev_state=R ==> next_comm=irq/86-mmc1 next_pid=80 next_prio=49
     irq/86-mmc1-80    [002] d...   292.895428: timer_start: timer=9e1bef99 function=bcm2835_mmc_timeout_timer expires=288 [timeout=1000] cpu=2 idx=133 flags=
          <idle>-0     [000] d.h.   292.895448: __handle_irq_event_percpu: [+] irq: [86] handler: bcm2835_mmc_irq+0x0/0x6ec caller: (handle_irq_event_percpu) 
     irq/86-mmc1-80    [002] d...   292.895449: sched_switch: prev_comm=irq/86-mmc1 prev_pid=80 prev_prio=49 prev_state=D ==> next_comm=swapper/2 next_pid=0 next_prio=120
          <idle>-0     [000] d.s.   292.895459: timer_cancel: timer=9e1bef99
          <idle>-0     [002] dnh.   292.895468: sched_wakeup: comm=irq/86-mmc1 pid=80 prio=49 target_cpu=002
          <idle>-0     [002] d...   292.895474: sched_switch: prev_comm=swapper/2 prev_pid=0 prev_prio=120 prev_state=R ==> next_comm=irq/86-mmc1 next_pid=80 next_prio=49
     irq/86-mmc1-80    [002] d...   292.895482: timer_start: timer=9e1bef99 function=bcm2835_mmc_timeout_timer expires=288 [timeout=1000] cpu=2 idx=133 flags=
          <idle>-0     [000] d.h.   292.895499: __handle_irq_event_percpu: [+] irq: [86] handler: bcm2835_mmc_irq+0x0/0x6ec caller: (handle_irq_event_percpu) 
     irq/86-mmc1-80    [002] d...   292.895500: sched_switch: prev_comm=irq/86-mmc1 prev_pid=80 prev_prio=49 prev_state=D ==> next_comm=swapper/2 next_pid=0 next_prio=120
          <idle>-0     [000] d.h.   292.895508: __handle_irq_event_percpu: [+] irq: [86] handler: bcm2835_mmc_irq+0x0/0x6ec caller: (handle_irq_event_percpu) 
          <idle>-0     [000] d.s.   292.895515: timer_cancel: timer=9e1bef99
          <idle>-0     [002] dnh.   292.895523: sched_wakeup: comm=irq/86-mmc1 pid=80 prio=49 target_cpu=002
          <idle>-0     [002] d...   292.895530: sched_switch: prev_comm=swapper/2 prev_pid=0 prev_prio=120 prev_state=R ==> next_comm=irq/86-mmc1 next_pid=80 next_prio=49
     irq/86-mmc1-80    [002] d...   292.895535: workqueue_queue_work: work struct=15323760 function=brcmf_sdio_dataworker [brcmfmac] workqueue=6549a096 req_cpu=4 cpu=4294967295
     irq/86-mmc1-80    [002] d...   292.895537: workqueue_activate_work: work struct 15323760
     irq/86-mmc1-80    [002] d...   292.895539: insert_work <-__queue_work
     irq/86-mmc1-80    [002] d...   292.895573: <stack trace>
 => insert_work
 => __queue_work
 => queue_work_on
 => brcmf_sdio_isr
 => brcmf_sdiod_ib_irqhandler
 => process_sdio_pending_irqs
 => sdio_run_irqs
 => bcm2835_mmc_thread_irq
 => irq_thread_fn
 => irq_thread
 => kthread
 => ret_from_fork
 => 0
          <idle>-0     [001] dnh.   292.895586: sched_wakeup: comm=kworker/u8:1 pid=45 prio=120 target_cpu=001
     irq/86-mmc1-80    [002] d...   292.895590: sched_switch: prev_comm=irq/86-mmc1 prev_pid=80 prev_prio=49 prev_state=S ==> next_comm=swapper/2 next_pid=0 next_prio=120
          <idle>-0     [001] d...   292.895600: sched_switch: prev_comm=swapper/1 prev_pid=0 prev_prio=120 prev_state=R ==> next_comm=kworker/u8:1 next_pid=45 next_prio=120
    kworker/u8:1-45    [001] ....   292.895606: workqueue_execute_start: work struct 15323760: function brcmf_sdio_dataworker [brcmfmac]
    kworker/u8:1-45    [001] d...   292.895616: timer_start: timer=9e1bef99 function=bcm2835_mmc_timeout_timer expires=288 [timeout=1000] cpu=1 idx=133 flags=
          <idle>-0     [000] d.h.   292.895627: __handle_irq_event_percpu: [+] irq: [86] handler: bcm2835_mmc_irq+0x0/0x6ec caller: (handle_irq_event_percpu) 
    kworker/u8:1-45    [001] d...   292.895628: sched_switch: prev_comm=kworker/u8:1 prev_pid=45 prev_prio=120 prev_state=D ==> next_comm=swapper/1 next_pid=0 next_prio=120
          <idle>-0     [000] d.s.   292.895635: timer_cancel: timer=9e1bef99
          <idle>-0     [001] dnh.   292.895646: sched_wakeup: comm=kworker/u8:1 pid=45 prio=120 target_cpu=001
          <idle>-0     [001] d...   292.895656: sched_switch: prev_comm=swapper/1 prev_pid=0 prev_prio=120 prev_state=R ==> next_comm=kworker/u8:1 next_pid=45 next_prio=120
    kworker/u8:1-45    [001] d...   292.895667: sched_switch: prev_comm=kworker/u8:1 prev_pid=45 prev_prio=120 prev_state=D ==> next_comm=swapper/1 next_pid=0 next_prio=120
          <idle>-0     [000] d.h.   292.898195: __handle_irq_event_percpu: [+] irq: [56] handler: dwc_otg_common_irq+0x0/0x28 caller: (handle_irq_event_percpu) 
          <idle>-0     [000] d.h.   292.898199: __handle_irq_event_percpu: [+] irq: [56] handler: dwc_otg_pcd_irq+0x0/0x28 caller: (handle_irq_event_percpu) 
          <idle>-0     [000] d.h.   292.898202: __handle_irq_event_percpu: [+] irq: [56] handler: usb_hcd_irq+0x0/0x48 caller: (handle_irq_event_percpu) 
          <idle>-0     [000] d.h.   292.898322: __handle_irq_event_percpu: [+] irq: [56] handler: dwc_otg_common_irq+0x0/0x28 caller: (handle_irq_event_percpu) 
          <idle>-0     [000] d.h.   292.898326: __handle_irq_event_percpu: [+] irq: [56] handler: dwc_otg_pcd_irq+0x0/0x28 caller: (handle_irq_event_percpu) 
          <idle>-0     [000] d.h.   292.898329: __handle_irq_event_percpu: [+] irq: [56] handler: usb_hcd_irq+0x0/0x48 caller: (handle_irq_event_percpu) 
          <idle>-0     [001] dnh.   292.898670: sched_wakeup: comm=kworker/u8:1 pid=45 prio=120 target_cpu=001
          <idle>-0     [001] d...   292.898683: sched_switch: prev_comm=swapper/1 prev_pid=0 prev_prio=120 prev_state=R ==> next_comm=kworker/u8:1 next_pid=45 next_prio=120
    kworker/u8:1-45    [001] d...   292.898690: timer_start: timer=9e1bef99 function=bcm2835_mmc_timeout_timer expires=288 [timeout=1000] cpu=1 idx=133 flags=
          <idle>-0     [000] d.h.   292.898701: __handle_irq_event_percpu: [+] irq: [86] handler: bcm2835_mmc_irq+0x0/0x6ec caller: (handle_irq_event_percpu) 
    kworker/u8:1-45    [001] d...   292.898701: sched_switch: prev_comm=kworker/u8:1 prev_pid=45 prev_prio=120 prev_state=D ==> next_comm=swapper/1 next_pid=0 next_prio=120
          <idle>-0     [000] d.s.   292.898708: timer_cancel: timer=9e1bef99
          <idle>-0     [001] dnh.   292.898718: sched_wakeup: comm=kworker/u8:1 pid=45 prio=120 target_cpu=001
          <idle>-0     [001] d...   292.898728: sched_switch: prev_comm=swapper/1 prev_pid=0 prev_prio=120 prev_state=R ==> next_comm=kworker/u8:1 next_pid=45 next_prio=120
    kworker/u8:1-45    [001] d...   292.898734: timer_start: timer=207e6b2c function=brcmf_sdio_watchdog [brcmfmac] expires=4294966585 [timeout=1] cpu=1 idx=53 flags=
    kworker/u8:1-45    [001] d...   292.898750: timer_start: timer=9e1bef99 function=bcm2835_mmc_timeout_timer expires=288 [timeout=1000] cpu=1 idx=133 flags=
          <idle>-0     [000] d.h.   292.898768: __handle_irq_event_percpu: [+] irq: [86] handler: bcm2835_mmc_irq+0x0/0x6ec caller: (handle_irq_event_percpu) 
    kworker/u8:1-45    [001] d...   292.898769: sched_switch: prev_comm=kworker/u8:1 prev_pid=45 prev_prio=120 prev_state=D ==> next_comm=swapper/1 next_pid=0 next_prio=120
          <idle>-0     [000] d.s.   292.898780: timer_cancel: timer=9e1bef99
          <idle>-0     [001] dnh.   292.898790: sched_wakeup: comm=kworker/u8:1 pid=45 prio=120 target_cpu=001
          <idle>-0     [001] d...   292.898801: sched_switch: prev_comm=swapper/1 prev_pid=0 prev_prio=120 prev_state=R ==> next_comm=kworker/u8:1 next_pid=45 next_prio=120
    kworker/u8:1-45    [001] d...   292.898818: timer_start: timer=9e1bef99 function=bcm2835_mmc_timeout_timer expires=288 [timeout=1000] cpu=1 idx=133 flags=
          <idle>-0     [000] d.h.   292.898835: __handle_irq_event_percpu: [+] irq: [86] handler: bcm2835_mmc_irq+0x0/0x6ec caller: (handle_irq_event_percpu) 
    kworker/u8:1-45    [001] d...   292.898836: sched_switch: prev_comm=kworker/u8:1 prev_pid=45 prev_prio=120 prev_state=D ==> next_comm=swapper/1 next_pid=0 next_prio=120
          <idle>-0     [000] d.s.   292.898847: timer_cancel: timer=9e1bef99
          <idle>-0     [001] dnh.   292.898857: sched_wakeup: comm=kworker/u8:1 pid=45 prio=120 target_cpu=001
          <idle>-0     [001] d...   292.898869: sched_switch: prev_comm=swapper/1 prev_pid=0 prev_prio=120 prev_state=R ==> next_comm=kworker/u8:1 next_pid=45 next_prio=120
    kworker/u8:1-45    [001] d.s.   292.898944: sched_wakeup: comm=sshd pid=1208 prio=120 target_cpu=001
    kworker/u8:1-45    [001] d.s.   292.898950: timer_start: timer=ff4b7ab5 function=tcp_delack_timer expires=4294966588 [timeout=4] cpu=1 idx=51 flags=
    kworker/u8:1-45    [001] d...   292.898965: timer_start: timer=9e1bef99 function=bcm2835_mmc_timeout_timer expires=288 [timeout=1000] cpu=1 idx=133 flags=
          <idle>-0     [000] d.h.   292.898983: __handle_irq_event_percpu: [+] irq: [86] handler: bcm2835_mmc_irq+0x0/0x6ec caller: (handle_irq_event_percpu) 
    kworker/u8:1-45    [001] d...   292.898986: sched_switch: prev_comm=kworker/u8:1 prev_pid=45 prev_prio=120 prev_state=D ==> next_comm=sshd next_pid=1208 next_prio=120
          <idle>-0     [000] d.s.   292.898996: timer_cancel: timer=9e1bef99
            sshd-1208  [001] d.h.   292.899007: sched_wakeup: comm=kworker/u8:1 pid=45 prio=120 target_cpu=001
            sshd-1208  [001] d...   292.899153: workqueue_queue_work: work struct=b14a9856 function=flush_to_ldisc workqueue=b404c34b req_cpu=4 cpu=4294967295
            sshd-1208  [001] d...   292.899155: workqueue_activate_work: work struct b14a9856
            sshd-1208  [001] d...   292.899157: insert_work <-__queue_work
            sshd-1208  [001] d...   292.899189: <stack trace>
 => insert_work
 => __queue_work
 => queue_work_on
 => tty_flip_buffer_push
 => pty_write
 => n_tty_write
 => tty_write
 => __vfs_write
 => vfs_write
 => ksys_write
 => sys_write
 => ret_fast_syscall
 => 0x7ef64220
          <idle>-0     [000] dnh.   292.899203: sched_wakeup: comm=kworker/u8:0 pid=7 prio=120 target_cpu=000
          <idle>-0     [000] d...   292.899217: sched_switch: prev_comm=swapper/0 prev_pid=0 prev_prio=120 prev_state=R ==> next_comm=kworker/u8:0 next_pid=7 next_prio=120
    kworker/u8:0-7     [000] ....   292.899223: workqueue_execute_start: work struct b14a9856: function flush_to_ldisc
            sshd-1208  [001] d...   292.899236: sched_switch: prev_comm=sshd prev_pid=1208 prev_prio=120 prev_state=S ==> next_comm=kworker/u8:1 next_pid=45 next_prio=120
    kworker/u8:0-7     [000] d...   292.899242: sched_wakeup: comm=bash pid=1238 prio=120 target_cpu=000
    kworker/u8:0-7     [000] ....   292.899248: workqueue_execute_end: work struct b14a9856
    kworker/u8:1-45    [001] ....   292.899249: workqueue_execute_end: work struct 15323760
    kworker/u8:0-7     [000] d...   292.899258: sched_switch: prev_comm=kworker/u8:0 prev_pid=7 prev_prio=120 prev_state=I ==> next_comm=bash next_pid=1238 next_prio=120
    kworker/u8:1-45    [001] d...   292.899279: sched_switch: prev_comm=kworker/u8:1 prev_pid=45 prev_prio=120 prev_state=I ==> next_comm=swapper/1 next_pid=0 next_prio=120
            bash-1238  [000] d...   292.899333: workqueue_queue_work: work struct=d6b0cc88 function=flush_to_ldisc workqueue=b404c34b req_cpu=4 cpu=4294967295
            bash-1238  [000] d...   292.899335: workqueue_activate_work: work struct d6b0cc88
            bash-1238  [000] d...   292.899337: insert_work <-__queue_work
            bash-1238  [000] d...   292.899361: <stack trace>
 => insert_work
 => __queue_work
 => queue_work_on
 => tty_flip_buffer_push
 => pty_write
 => n_tty_write
 => tty_write
 => __vfs_write
 => vfs_write
 => ksys_write
 => sys_write
 => ret_fast_syscall
 => 0x7ea29aa8
          <idle>-0     [001] dnh.   292.899372: sched_wakeup: comm=kworker/u8:1 pid=45 prio=120 target_cpu=001
          <idle>-0     [001] d...   292.899386: sched_switch: prev_comm=swapper/1 prev_pid=0 prev_prio=120 prev_state=R ==> next_comm=kworker/u8:1 next_pid=45 next_prio=120
    kworker/u8:1-45    [001] ....   292.899390: workqueue_execute_start: work struct d6b0cc88: function flush_to_ldisc
            bash-1238  [000] d...   292.899393: sched_switch: prev_comm=bash prev_pid=1238 prev_prio=120 prev_state=S ==> next_comm=swapper/0 next_pid=0 next_prio=120
    kworker/u8:1-45    [001] d...   292.899401: sched_wakeup: comm=sshd pid=1208 prio=120 target_cpu=001
    kworker/u8:1-45    [001] ....   292.899406: workqueue_execute_end: work struct d6b0cc88
    kworker/u8:1-45    [001] d...   292.899414: sched_switch: prev_comm=kworker/u8:1 prev_pid=45 prev_prio=120 prev_state=I ==> next_comm=sshd next_pid=1208 next_prio=120
            sshd-1208  [001] d...   292.899563: workqueue_queue_work: work struct=15323760 function=brcmf_sdio_dataworker [brcmfmac] workqueue=6549a096 req_cpu=4 cpu=4294967295
            sshd-1208  [001] d...   292.899567: workqueue_activate_work: work struct 15323760
            sshd-1208  [001] d...   292.899568: insert_work <-__queue_work
            sshd-1208  [001] d...   292.899630: <stack trace>
 => insert_work
 => __queue_work
 => queue_work_on
 => brcmf_sdio_bus_txdata
 => brcmf_proto_bcdc_txdata
 => brcmf_proto_bcdc_tx_queue_data
 => brcmf_netdev_start_xmit
 => dev_hard_start_xmit
 => sch_direct_xmit
 => __qdisc_run
 => __dev_queue_xmit
 => dev_queue_xmit
 => ip_finish_output2
 => ip_finish_output
 => ip_output
 => ip_local_out
 => __ip_queue_xmit
 => ip_queue_xmit
 => __tcp_transmit_skb
 => tcp_write_xmit
 => __tcp_push_pending_frames
 => tcp_push
 => tcp_sendmsg_locked
 => tcp_sendmsg
 => inet_sendmsg
 => sock_sendmsg
 => sock_write_iter
 => __vfs_write
 => vfs_write
 => ksys_write
 => sys_write
 => ret_fast_syscall
 => 0x7ef642c0
            sshd-1208  [001] d...   292.899639: sched_wakeup: comm=kworker/u8:1 pid=45 prio=120 target_cpu=001
            sshd-1208  [001] d...   292.899649: timer_cancel: timer=168ec138
            sshd-1208  [001] d...   292.899651: timer_start: timer=168ec138 function=tcp_write_timer expires=4294966607 [timeout=23] cpu=1 idx=7 flags=
            sshd-1208  [001] d...   292.899685: sched_switch: prev_comm=sshd prev_pid=1208 prev_prio=120 prev_state=S ==> next_comm=kworker/u8:1 next_pid=45 next_prio=120
    kworker/u8:1-45    [001] ....   292.899692: workqueue_execute_start: work struct 15323760: function brcmf_sdio_dataworker [brcmfmac]
    kworker/u8:1-45    [001] d...   292.899714: timer_start: timer=9e1bef99 function=bcm2835_mmc_timeout_timer expires=288 [timeout=1000] cpu=1 idx=133 flags=
          <idle>-0     [000] d.h.   292.899734: __handle_irq_event_percpu: [+] irq: [86] handler: bcm2835_mmc_irq+0x0/0x6ec caller: (handle_irq_event_percpu) 
    kworker/u8:1-45    [001] d...   292.899742: sched_switch: prev_comm=kworker/u8:1 prev_pid=45 prev_prio=120 prev_state=D ==> next_comm=swapper/1 next_pid=0 next_prio=120
          <idle>-0     [000] d.h.   292.899757: __handle_irq_event_percpu: [+] irq: [86] handler: bcm2835_mmc_irq+0x0/0x6ec caller: (handle_irq_event_percpu) 
          <idle>-0     [000] d.s.   292.899765: timer_cancel: timer=9e1bef99
          <idle>-0     [001] dnh.   292.899777: sched_wakeup: comm=kworker/u8:1 pid=45 prio=120 target_cpu=001
          <idle>-0     [001] d...   292.899789: sched_switch: prev_comm=swapper/1 prev_pid=0 prev_prio=120 prev_state=R ==> next_comm=kworker/u8:1 next_pid=45 next_prio=120
    kworker/u8:1-45    [001] ....   292.899802: workqueue_execute_end: work struct 15323760
    kworker/u8:1-45    [001] d...   292.899811: sched_switch: prev_comm=kworker/u8:1 prev_pid=45 prev_prio=120 prev_state=I ==> next_comm=swapper/1 next_pid=0 next_prio=120
          <idle>-0     [002] dnh.   292.901354: sched_wakeup: comm=in:imklog pid=421 prio=120 target_cpu=002
          <idle>-0     [002] dnh.   292.901365: sched_wakeup: comm=systemd-journal pid=114 prio=120 target_cpu=002
          <idle>-0     [002] d...   292.901394: sched_switch: prev_comm=swapper/2 prev_pid=0 prev_prio=120 prev_state=R ==> next_comm=in:imklog next_pid=421 next_prio=120
          <idle>-0     [001] dnh.   292.901537: sched_wakeup: comm=rs:main Q:Reg pid=422 prio=120 target_cpu=001
          <idle>-0     [001] d...   292.901550: sched_switch: prev_comm=swapper/1 prev_pid=0 prev_prio=120 prev_state=R ==> next_comm=rs:main Q:Reg next_pid=422 next_prio=120
       in:imklog-421   [002] d...   292.901651: sched_switch: prev_comm=in:imklog prev_pid=421 prev_prio=120 prev_state=S ==> next_comm=systemd-journal next_pid=114 next_prio=120
   rs:main Q:Reg-422   [001] d...   292.901923: sched_switch: prev_comm=rs:main Q:Reg prev_pid=422 prev_prio=120 prev_state=S ==> next_comm=swapper/1 next_pid=0 next_prio=120
          <idle>-0     [000] d.h.   292.903721: __handle_irq_event_percpu: [+] irq: [86] handler: bcm2835_mmc_irq+0x0/0x6ec caller: (handle_irq_event_percpu) 
 systemd-journal-114   [002] dnh.   292.903745: sched_wakeup: comm=irq/86-mmc1 pid=80 prio=49 target_cpu=002
 systemd-journal-114   [002] d...   292.903762: sched_switch: prev_comm=systemd-journal prev_pid=114 prev_prio=120 prev_state=R ==> next_comm=irq/86-mmc1 next_pid=80 next_prio=49
     irq/86-mmc1-80    [002] d...   292.903834: timer_start: timer=9e1bef99 function=bcm2835_mmc_timeout_timer expires=289 [timeout=1000] cpu=2 idx=133 flags=
          <idle>-0     [000] d.h.   292.903846: __handle_irq_event_percpu: [+] irq: [86] handler: bcm2835_mmc_irq+0x0/0x6ec caller: (handle_irq_event_percpu) 
     irq/86-mmc1-80    [002] d...   292.903853: sched_switch: prev_comm=irq/86-mmc1 prev_pid=80 prev_prio=49 prev_state=D ==> next_comm=systemd-journal next_pid=114 next_prio=120
          <idle>-0     [000] d.s.   292.903855: timer_cancel: timer=9e1bef99
 systemd-journal-114   [002] dnh.   292.903865: sched_wakeup: comm=irq/86-mmc1 pid=80 prio=49 target_cpu=002
 systemd-journal-114   [002] d...   292.903872: sched_switch: prev_comm=systemd-journal prev_pid=114 prev_prio=120 prev_state=R ==> next_comm=irq/86-mmc1 next_pid=80 next_prio=49
     irq/86-mmc1-80    [002] d...   292.903885: timer_start: timer=9e1bef99 function=bcm2835_mmc_timeout_timer expires=289 [timeout=1000] cpu=2 idx=133 flags=
          <idle>-0     [000] d.h.   292.903903: __handle_irq_event_percpu: [+] irq: [86] handler: bcm2835_mmc_irq+0x0/0x6ec caller: (handle_irq_event_percpu) 
     irq/86-mmc1-80    [002] d...   292.903906: sched_switch: prev_comm=irq/86-mmc1 prev_pid=80 prev_prio=49 prev_state=D ==> next_comm=systemd-journal next_pid=114 next_prio=120
          <idle>-0     [000] d.s.   292.903914: timer_cancel: timer=9e1bef99
 systemd-journal-114   [002] dnh.   292.903923: sched_wakeup: comm=irq/86-mmc1 pid=80 prio=49 target_cpu=002
 systemd-journal-114   [002] d...   292.903941: sched_switch: prev_comm=systemd-journal prev_pid=114 prev_prio=120 prev_state=R+ ==> next_comm=irq/86-mmc1 next_pid=80 next_prio=49
     irq/86-mmc1-80    [002] d...   292.903949: timer_start: timer=9e1bef99 function=bcm2835_mmc_timeout_timer expires=289 [timeout=1000] cpu=2 idx=133 flags=
          <idle>-0     [000] d.h.   292.903967: __handle_irq_event_percpu: [+] irq: [86] handler: bcm2835_mmc_irq+0x0/0x6ec caller: (handle_irq_event_percpu) 
     irq/86-mmc1-80    [002] d...   292.903969: sched_switch: prev_comm=irq/86-mmc1 prev_pid=80 prev_prio=49 prev_state=D ==> next_comm=systemd-journal next_pid=114 next_prio=120
          <idle>-0     [000] d.h.   292.903975: __handle_irq_event_percpu: [+] irq: [86] handler: bcm2835_mmc_irq+0x0/0x6ec caller: (handle_irq_event_percpu) 
          <idle>-0     [000] d.s.   292.903982: timer_cancel: timer=9e1bef99
 systemd-journal-114   [002] dnh.   292.903991: sched_wakeup: comm=irq/86-mmc1 pid=80 prio=49 target_cpu=002
 systemd-journal-114   [002] d...   292.904007: sched_switch: prev_comm=systemd-journal prev_pid=114 prev_prio=120 prev_state=R ==> next_comm=irq/86-mmc1 next_pid=80 next_prio=49
     irq/86-mmc1-80    [002] d...   292.904014: workqueue_queue_work: work struct=15323760 function=brcmf_sdio_dataworker [brcmfmac] workqueue=6549a096 req_cpu=4 cpu=4294967295
     irq/86-mmc1-80    [002] d...   292.904017: workqueue_activate_work: work struct 15323760
     irq/86-mmc1-80    [002] d...   292.904019: insert_work <-__queue_work
     irq/86-mmc1-80    [002] d...   292.904054: <stack trace>
 => insert_work
 => __queue_work
 => queue_work_on
 => brcmf_sdio_isr
 => brcmf_sdiod_ib_irqhandler
 => process_sdio_pending_irqs
 => sdio_run_irqs
 => bcm2835_mmc_thread_irq
 => irq_thread_fn
 => irq_thread
 => kthread
 => ret_from_fork
 => 0
          <idle>-0     [001] dnh.   292.904069: sched_wakeup: comm=kworker/u8:1 pid=45 prio=120 target_cpu=001
     irq/86-mmc1-80    [002] d...   292.904074: sched_switch: prev_comm=irq/86-mmc1 prev_pid=80 prev_prio=49 prev_state=S ==> next_comm=systemd-journal next_pid=114 next_prio=120
          <idle>-0     [001] d...   292.904077: sched_switch: prev_comm=swapper/1 prev_pid=0 prev_prio=120 prev_state=R ==> next_comm=kworker/u8:1 next_pid=45 next_prio=120
    kworker/u8:1-45    [001] ....   292.904083: workqueue_execute_start: work struct 15323760: function brcmf_sdio_dataworker [brcmfmac]
    kworker/u8:1-45    [001] d...   292.904092: timer_cancel: timer=207e6b2c
    kworker/u8:1-45    [001] d...   292.904094: timer_start: timer=207e6b2c function=brcmf_sdio_watchdog [brcmfmac] expires=4294966586 [timeout=1] cpu=1 idx=58 flags=
    kworker/u8:1-45    [001] d...   292.904109: timer_start: timer=9e1bef99 function=bcm2835_mmc_timeout_timer expires=289 [timeout=1000] cpu=1 idx=133 flags=
          <idle>-0     [000] d.h.   292.904127: __handle_irq_event_percpu: [+] irq: [86] handler: bcm2835_mmc_irq+0x0/0x6ec caller: (handle_irq_event_percpu) 
          <idle>-0     [000] d.s.   292.904140: timer_cancel: timer=9e1bef99
    kworker/u8:1-45    [001] d...   292.904141: sched_switch: prev_comm=kworker/u8:1 prev_pid=45 prev_prio=120 prev_state=D ==> next_comm=swapper/1 next_pid=0 next_prio=120
          <idle>-0     [001] dnh.   292.904162: sched_wakeup: comm=kworker/u8:1 pid=45 prio=120 target_cpu=001
          <idle>-0     [001] d...   292.904174: sched_switch: prev_comm=swapper/1 prev_pid=0 prev_prio=120 prev_state=R ==> next_comm=kworker/u8:1 next_pid=45 next_prio=120
    kworker/u8:1-45    [001] d...   292.904191: timer_start: timer=9e1bef99 function=bcm2835_mmc_timeout_timer expires=289 [timeout=1000] cpu=1 idx=133 flags=
          <idle>-0     [000] d.h.   292.904208: __handle_irq_event_percpu: [+] irq: [86] handler: bcm2835_mmc_irq+0x0/0x6ec caller: (handle_irq_event_percpu) 
    kworker/u8:1-45    [001] d...   292.904209: sched_switch: prev_comm=kworker/u8:1 prev_pid=45 prev_prio=120 prev_state=D ==> next_comm=swapper/1 next_pid=0 next_prio=120
          <idle>-0     [000] d.s.   292.904219: timer_cancel: timer=9e1bef99
          <idle>-0     [001] dnh.   292.904229: sched_wakeup: comm=kworker/u8:1 pid=45 prio=120 target_cpu=001
          <idle>-0     [001] d...   292.904240: sched_switch: prev_comm=swapper/1 prev_pid=0 prev_prio=120 prev_state=R ==> next_comm=kworker/u8:1 next_pid=45 next_prio=120
    kworker/u8:1-45    [001] d...   292.904326: timer_start: timer=9e1bef99 function=bcm2835_mmc_timeout_timer expires=289 [timeout=1000] cpu=1 idx=133 flags=
          <idle>-0     [000] d.h.   292.904344: __handle_irq_event_percpu: [+] irq: [86] handler: bcm2835_mmc_irq+0x0/0x6ec caller: (handle_irq_event_percpu) 
    kworker/u8:1-45    [001] d...   292.904345: sched_switch: prev_comm=kworker/u8:1 prev_pid=45 prev_prio=120 prev_state=D ==> next_comm=swapper/1 next_pid=0 next_prio=120
          <idle>-0     [000] d.s.   292.904356: timer_cancel: timer=9e1bef99
          <idle>-0     [001] dnh.   292.904367: sched_wakeup: comm=kworker/u8:1 pid=45 prio=120 target_cpu=001
          <idle>-0     [001] d...   292.904377: sched_switch: prev_comm=swapper/1 prev_pid=0 prev_prio=120 prev_state=R ==> next_comm=kworker/u8:1 next_pid=45 next_prio=120
    kworker/u8:1-45    [001] ....   292.904388: workqueue_execute_end: work struct 15323760
    kworker/u8:1-45    [001] d...   292.904396: sched_switch: prev_comm=kworker/u8:1 prev_pid=45 prev_prio=120 prev_state=I ==> next_comm=swapper/1 next_pid=0 next_prio=120
          <idle>-0     [000] d.h.   292.906195: __handle_irq_event_percpu: [+] irq: [56] handler: dwc_otg_common_irq+0x0/0x28 caller: (handle_irq_event_percpu) 
          <idle>-0     [000] d.h.   292.906202: __handle_irq_event_percpu: [+] irq: [56] handler: dwc_otg_pcd_irq+0x0/0x28 caller: (handle_irq_event_percpu) 
          <idle>-0     [000] d.h.   292.906206: __handle_irq_event_percpu: [+] irq: [56] handler: usb_hcd_irq+0x0/0x48 caller: (handle_irq_event_percpu) 
          <idle>-0     [000] d.h.   292.906323: __handle_irq_event_percpu: [+] irq: [56] handler: dwc_otg_common_irq+0x0/0x28 caller: (handle_irq_event_percpu) 
          <idle>-0     [000] d.h.   292.906328: __handle_irq_event_percpu: [+] irq: [56] handler: dwc_otg_pcd_irq+0x0/0x28 caller: (handle_irq_event_percpu) 
          <idle>-0     [000] d.h.   292.906331: __handle_irq_event_percpu: [+] irq: [56] handler: usb_hcd_irq+0x0/0x48 caller: (handle_irq_event_percpu) 
 systemd-journal-114   [002] d...   292.907116: sched_switch: prev_comm=systemd-journal prev_pid=114 prev_prio=120 prev_state=S ==> next_comm=swapper/2 next_pid=0 next_prio=120
          <idle>-0     [000] d.h.   292.911354: __handle_irq_event_percpu: [+] irq: [86] handler: bcm2835_mmc_irq+0x0/0x6ec caller: (handle_irq_event_percpu) 
          <idle>-0     [002] dnh.   292.911360: sched_wakeup: comm=in:imklog pid=421 prio=120 target_cpu=002
          <idle>-0     [002] dnh.   292.911370: sched_wakeup: comm=systemd-journal pid=114 prio=120 target_cpu=002
          <idle>-0     [002] dnH.   292.911391: sched_wakeup: comm=irq/86-mmc1 pid=80 prio=49 target_cpu=002
          <idle>-0     [002] dns.   292.911416: sched_wakeup: comm=rcu_sched pid=10 prio=120 target_cpu=002
          <idle>-0     [002] d...   292.911427: sched_switch: prev_comm=swapper/2 prev_pid=0 prev_prio=120 prev_state=R ==> next_comm=irq/86-mmc1 next_pid=80 next_prio=49
     irq/86-mmc1-80    [002] d...   292.911491: timer_start: timer=9e1bef99 function=bcm2835_mmc_timeout_timer expires=290 [timeout=1000] cpu=2 idx=133 flags=
          <idle>-0     [000] d.h.   292.911503: __handle_irq_event_percpu: [+] irq: [86] handler: bcm2835_mmc_irq+0x0/0x6ec caller: (handle_irq_event_percpu) 
     irq/86-mmc1-80    [002] d...   292.911507: sched_switch: prev_comm=irq/86-mmc1 prev_pid=80 prev_prio=49 prev_state=D ==> next_comm=in:imklog next_pid=421 next_prio=120
          <idle>-0     [000] d.s.   292.911511: timer_cancel: timer=9e1bef99
       in:imklog-421   [002] dnh.   292.911521: sched_wakeup: comm=irq/86-mmc1 pid=80 prio=49 target_cpu=002
       in:imklog-421   [002] d...   292.911531: sched_switch: prev_comm=in:imklog prev_pid=421 prev_prio=120 prev_state=R+ ==> next_comm=irq/86-mmc1 next_pid=80 next_prio=49
     irq/86-mmc1-80    [002] d...   292.911541: timer_start: timer=9e1bef99 function=bcm2835_mmc_timeout_timer expires=290 [timeout=1000] cpu=2 idx=133 flags=
          <idle>-0     [000] d.h.   292.911558: __handle_irq_event_percpu: [+] irq: [86] handler: bcm2835_mmc_irq+0x0/0x6ec caller: (handle_irq_event_percpu) 
     irq/86-mmc1-80    [002] d...   292.911560: sched_switch: prev_comm=irq/86-mmc1 prev_pid=80 prev_prio=49 prev_state=D ==> next_comm=rcu_sched next_pid=10 next_prio=120
          <idle>-0     [000] d.s.   292.911569: timer_cancel: timer=9e1bef99
       rcu_sched-10    [002] ....   292.911572: timer_init: timer=2e94b101
       rcu_sched-10    [002] dnh.   292.911572: sched_wakeup: comm=irq/86-mmc1 pid=80 prio=49 target_cpu=002
       rcu_sched-10    [002] dn..   292.911584: timer_start: timer=2e94b101 function=process_timeout expires=4294966587 [timeout=1] cpu=2 idx=0 flags=
       rcu_sched-10    [002] d...   292.911592: sched_switch: prev_comm=rcu_sched prev_pid=10 prev_prio=120 prev_state=I ==> next_comm=irq/86-mmc1 next_pid=80 next_prio=49
     irq/86-mmc1-80    [002] d...   292.911599: timer_start: timer=9e1bef99 function=bcm2835_mmc_timeout_timer expires=290 [timeout=1000] cpu=2 idx=133 flags=
          <idle>-0     [000] d.h.   292.911616: __handle_irq_event_percpu: [+] irq: [86] handler: bcm2835_mmc_irq+0x0/0x6ec caller: (handle_irq_event_percpu) 
     irq/86-mmc1-80    [002] d...   292.911618: sched_switch: prev_comm=irq/86-mmc1 prev_pid=80 prev_prio=49 prev_state=D ==> next_comm=in:imklog next_pid=421 next_prio=120
          <idle>-0     [000] d.h.   292.911624: __handle_irq_event_percpu: [+] irq: [86] handler: bcm2835_mmc_irq+0x0/0x6ec caller: (handle_irq_event_percpu) 
          <idle>-0     [000] d.s.   292.911631: timer_cancel: timer=9e1bef99
       in:imklog-421   [002] dnh.   292.911641: sched_wakeup: comm=irq/86-mmc1 pid=80 prio=49 target_cpu=002
       in:imklog-421   [002] d...   292.911731: sched_switch: prev_comm=in:imklog prev_pid=421 prev_prio=120 prev_state=R ==> next_comm=irq/86-mmc1 next_pid=80 next_prio=49
     irq/86-mmc1-80    [002] d...   292.911738: workqueue_queue_work: work struct=15323760 function=brcmf_sdio_dataworker [brcmfmac] workqueue=6549a096 req_cpu=4 cpu=4294967295
     irq/86-mmc1-80    [002] d...   292.911740: workqueue_activate_work: work struct 15323760
     irq/86-mmc1-80    [002] d...   292.911743: insert_work <-__queue_work
     irq/86-mmc1-80    [002] d...   292.911776: <stack trace>
 => insert_work
 => __queue_work
 => queue_work_on
 => brcmf_sdio_isr
 => brcmf_sdiod_ib_irqhandler
 => process_sdio_pending_irqs
 => sdio_run_irqs
 => bcm2835_mmc_thread_irq
 => irq_thread_fn
 => irq_thread
 => kthread
 => ret_from_fork
 => 0
          <idle>-0     [001] dnh.   292.911787: sched_wakeup: comm=kworker/u8:1 pid=45 prio=120 target_cpu=001
     irq/86-mmc1-80    [002] d...   292.911796: sched_switch: prev_comm=irq/86-mmc1 prev_pid=80 prev_prio=49 prev_state=S ==> next_comm=in:imklog next_pid=421 next_prio=120
          <idle>-0     [001] d...   292.911797: sched_switch: prev_comm=swapper/1 prev_pid=0 prev_prio=120 prev_state=R ==> next_comm=kworker/u8:1 next_pid=45 next_prio=120
    kworker/u8:1-45    [001] ....   292.911803: workqueue_execute_start: work struct 15323760: function brcmf_sdio_dataworker [brcmfmac]
    kworker/u8:1-45    [001] d...   292.911810: timer_cancel: timer=207e6b2c
    kworker/u8:1-45    [001] d...   292.911812: timer_start: timer=207e6b2c function=brcmf_sdio_watchdog [brcmfmac] expires=4294966587 [timeout=1] cpu=1 idx=59 flags=
    kworker/u8:1-45    [001] d...   292.911826: timer_start: timer=9e1bef99 function=bcm2835_mmc_timeout_timer expires=290 [timeout=1000] cpu=1 idx=133 flags=
          <idle>-0     [000] d.h.   292.911844: __handle_irq_event_percpu: [+] irq: [86] handler: bcm2835_mmc_irq+0x0/0x6ec caller: (handle_irq_event_percpu) 
          <idle>-0     [000] d.s.   292.911858: timer_cancel: timer=9e1bef99
    kworker/u8:1-45    [001] d...   292.911882: sched_switch: prev_comm=kworker/u8:1 prev_pid=45 prev_prio=120 prev_state=D ==> next_comm=systemd-journal next_pid=114 next_prio=120
 systemd-journal-114   [001] d.h.   292.911891: sched_wakeup: comm=kworker/u8:1 pid=45 prio=120 target_cpu=001
 systemd-journal-114   [001] d.h.   292.911896: sched_wakeup: comm=rs:main Q:Reg pid=422 prio=120 target_cpu=001
       in:imklog-421   [002] d...   292.912127: sched_switch: prev_comm=in:imklog prev_pid=421 prev_prio=120 prev_state=S ==> next_comm=rs:main Q:Reg next_pid=422 next_prio=120
   rs:main Q:Reg-422   [002] d...   292.912525: sched_switch: prev_comm=rs:main Q:Reg prev_pid=422 prev_prio=120 prev_state=S ==> next_comm=kworker/u8:1 next_pid=45 next_prio=120
    kworker/u8:1-45    [002] d...   292.912550: timer_start: timer=9e1bef99 function=bcm2835_mmc_timeout_timer expires=290 [timeout=1000] cpu=2 idx=133 flags=
          <idle>-0     [000] d.h.   292.912570: __handle_irq_event_percpu: [+] irq: [86] handler: bcm2835_mmc_irq+0x0/0x6ec caller: (handle_irq_event_percpu) 
    kworker/u8:1-45    [002] d...   292.912579: sched_switch: prev_comm=kworker/u8:1 prev_pid=45 prev_prio=120 prev_state=D ==> next_comm=swapper/2 next_pid=0 next_prio=120
          <idle>-0     [000] d.s.   292.912590: timer_cancel: timer=9e1bef99
          <idle>-0     [002] dnh.   292.912603: sched_wakeup: comm=kworker/u8:1 pid=45 prio=120 target_cpu=002
          <idle>-0     [002] d...   292.912611: sched_switch: prev_comm=swapper/2 prev_pid=0 prev_prio=120 prev_state=R ==> next_comm=kworker/u8:1 next_pid=45 next_prio=120
          <idle>-0     [000] d.h.   292.912615: __handle_irq_event_percpu: [+] irq: [86] handler: bcm2835_mmc_irq+0x0/0x6ec caller: (handle_irq_event_percpu) 
    kworker/u8:1-45    [002] dnh.   292.912632: sched_wakeup: comm=irq/86-mmc1 pid=80 prio=49 target_cpu=002
    kworker/u8:1-45    [002] d...   292.912701: sched_switch: prev_comm=kworker/u8:1 prev_pid=45 prev_prio=120 prev_state=R+ ==> next_comm=irq/86-mmc1 next_pid=80 next_prio=49
 systemd-journal-114   [001] d.h.   292.912702: sched_wakeup: comm=avahi-daemon pid=334 prio=120 target_cpu=001
     irq/86-mmc1-80    [002] d...   292.912767: timer_start: timer=9e1bef99 function=bcm2835_mmc_timeout_timer expires=290 [timeout=1000] cpu=2 idx=133 flags=
          <idle>-0     [000] d.h.   292.912779: __handle_irq_event_percpu: [+] irq: [86] handler: bcm2835_mmc_irq+0x0/0x6ec caller: (handle_irq_event_percpu) 
     irq/86-mmc1-80    [002] d...   292.912783: sched_switch: prev_comm=irq/86-mmc1 prev_pid=80 prev_prio=49 prev_state=D ==> next_comm=kworker/u8:1 next_pid=45 next_prio=120
          <idle>-0     [000] d.s.   292.912787: timer_cancel: timer=9e1bef99
    kworker/u8:1-45    [002] d...   292.912818: sched_switch: prev_comm=kworker/u8:1 prev_pid=45 prev_prio=120 prev_state=D ==> next_comm=avahi-daemon next_pid=334 next_prio=120
    avahi-daemon-334   [002] dnh.   292.912828: sched_wakeup: comm=irq/86-mmc1 pid=80 prio=49 target_cpu=002
    avahi-daemon-334   [002] d...   292.912837: sched_switch: prev_comm=avahi-daemon prev_pid=334 prev_prio=120 prev_state=R ==> next_comm=irq/86-mmc1 next_pid=80 next_prio=49
     irq/86-mmc1-80    [002] d...   292.912847: timer_start: timer=9e1bef99 function=bcm2835_mmc_timeout_timer expires=290 [timeout=1000] cpu=2 idx=133 flags=
          <idle>-0     [000] d.h.   292.912864: __handle_irq_event_percpu: [+] irq: [86] handler: bcm2835_mmc_irq+0x0/0x6ec caller: (handle_irq_event_percpu) 
     irq/86-mmc1-80    [002] d...   292.912867: sched_switch: prev_comm=irq/86-mmc1 prev_pid=80 prev_prio=49 prev_state=D ==> next_comm=avahi-daemon next_pid=334 next_prio=120
          <idle>-0     [000] d.s.   292.912874: timer_cancel: timer=9e1bef99
    avahi-daemon-334   [002] dnh.   292.912883: sched_wakeup: comm=irq/86-mmc1 pid=80 prio=49 target_cpu=002
    avahi-daemon-334   [002] d...   292.912915: sched_switch: prev_comm=avahi-daemon prev_pid=334 prev_prio=120 prev_state=R ==> next_comm=irq/86-mmc1 next_pid=80 next_prio=49
     irq/86-mmc1-80    [002] d...   292.912922: timer_start: timer=9e1bef99 function=bcm2835_mmc_timeout_timer expires=290 [timeout=1000] cpu=2 idx=133 flags=
          <idle>-0     [000] d.h.   292.912939: __handle_irq_event_percpu: [+] irq: [86] handler: bcm2835_mmc_irq+0x0/0x6ec caller: (handle_irq_event_percpu) 
     irq/86-mmc1-80    [002] d...   292.912942: sched_switch: prev_comm=irq/86-mmc1 prev_pid=80 prev_prio=49 prev_state=D ==> next_comm=avahi-daemon next_pid=334 next_prio=120
          <idle>-0     [000] d.h.   292.912947: __handle_irq_event_percpu: [+] irq: [86] handler: bcm2835_mmc_irq+0x0/0x6ec caller: (handle_irq_event_percpu) 
          <idle>-0     [000] d.s.   292.912954: timer_cancel: timer=9e1bef99
    avahi-daemon-334   [002] dnh.   292.912963: sched_wakeup: comm=irq/86-mmc1 pid=80 prio=49 target_cpu=002
    avahi-daemon-334   [002] d...   292.912982: sched_switch: prev_comm=avahi-daemon prev_pid=334 prev_prio=120 prev_state=R ==> next_comm=irq/86-mmc1 next_pid=80 next_prio=49
     irq/86-mmc1-80    [002] d...   292.912990: workqueue_queue_work: work struct=15323760 function=brcmf_sdio_dataworker [brcmfmac] workqueue=6549a096 req_cpu=4 cpu=4294967295
     irq/86-mmc1-80    [002] d...   292.912992: insert_work <-__queue_work
     irq/86-mmc1-80    [002] d...   292.913028: <stack trace>
 => insert_work
 => __queue_work
 => queue_work_on
 => brcmf_sdio_isr
 => brcmf_sdiod_ib_irqhandler
 => process_sdio_pending_irqs
 => sdio_run_irqs
 => bcm2835_mmc_thread_irq
 => irq_thread_fn
 => irq_thread
 => kthread
 => ret_from_fork
 => 0
     irq/86-mmc1-80    [002] d...   292.913041: sched_wakeup: comm=kworker/u8:1 pid=45 prio=120 target_cpu=002
          <idle>-0     [000] dnh.   292.913043: sched_wakeup: comm=kworker/u8:0 pid=7 prio=120 target_cpu=000
     irq/86-mmc1-80    [002] d...   292.913056: sched_switch: prev_comm=irq/86-mmc1 prev_pid=80 prev_prio=49 prev_state=S ==> next_comm=avahi-daemon next_pid=334 next_prio=120
          <idle>-0     [000] d...   292.913061: sched_switch: prev_comm=swapper/0 prev_pid=0 prev_prio=120 prev_state=R ==> next_comm=kworker/u8:0 next_pid=7 next_prio=120
    kworker/u8:0-7     [000] d...   292.913083: sched_switch: prev_comm=kworker/u8:0 prev_pid=7 prev_prio=120 prev_state=I ==> next_comm=swapper/0 next_pid=0 next_prio=120
    avahi-daemon-334   [002] d...   292.913346: sched_switch: prev_comm=avahi-daemon prev_pid=334 prev_prio=120 prev_state=S ==> next_comm=kworker/u8:1 next_pid=45 next_prio=120
    kworker/u8:1-45    [002] d...   292.913361: timer_start: timer=9e1bef99 function=bcm2835_mmc_timeout_timer expires=290 [timeout=1000] cpu=2 idx=133 flags=
          <idle>-0     [000] d.h.   292.913382: __handle_irq_event_percpu: [+] irq: [86] handler: bcm2835_mmc_irq+0x0/0x6ec caller: (handle_irq_event_percpu) 
    kworker/u8:1-45    [002] d...   292.913392: sched_switch: prev_comm=kworker/u8:1 prev_pid=45 prev_prio=120 prev_state=D ==> next_comm=swapper/2 next_pid=0 next_prio=120
          <idle>-0     [000] d.s.   292.913398: timer_cancel: timer=9e1bef99
          <idle>-0     [002] dnh.   292.913410: sched_wakeup: comm=kworker/u8:1 pid=45 prio=120 target_cpu=002
          <idle>-0     [002] d...   292.913418: sched_switch: prev_comm=swapper/2 prev_pid=0 prev_prio=120 prev_state=R ==> next_comm=kworker/u8:1 next_pid=45 next_prio=120
    kworker/u8:1-45    [002] d...   292.913431: timer_start: timer=9e1bef99 function=bcm2835_mmc_timeout_timer expires=290 [timeout=1000] cpu=2 idx=133 flags=
          <idle>-0     [000] d.h.   292.913449: __handle_irq_event_percpu: [+] irq: [86] handler: bcm2835_mmc_irq+0x0/0x6ec caller: (handle_irq_event_percpu) 
    kworker/u8:1-45    [002] d...   292.913451: sched_switch: prev_comm=kworker/u8:1 prev_pid=45 prev_prio=120 prev_state=D ==> next_comm=swapper/2 next_pid=0 next_prio=120
          <idle>-0     [000] d.s.   292.913468: timer_cancel: timer=9e1bef99
          <idle>-0     [002] dnh.   292.913478: sched_wakeup: comm=kworker/u8:1 pid=45 prio=120 target_cpu=002
          <idle>-0     [002] d...   292.913485: sched_switch: prev_comm=swapper/2 prev_pid=0 prev_prio=120 prev_state=R ==> next_comm=kworker/u8:1 next_pid=45 next_prio=120
    kworker/u8:1-45    [002] d.s.   292.913555: sched_wakeup: comm=avahi-daemon pid=334 prio=120 target_cpu=002
    kworker/u8:1-45    [002] d...   292.913574: timer_start: timer=9e1bef99 function=bcm2835_mmc_timeout_timer expires=290 [timeout=1000] cpu=2 idx=133 flags=
          <idle>-0     [000] d.h.   292.913591: __handle_irq_event_percpu: [+] irq: [86] handler: bcm2835_mmc_irq+0x0/0x6ec caller: (handle_irq_event_percpu) 
    kworker/u8:1-45    [002] d...   292.913594: sched_switch: prev_comm=kworker/u8:1 prev_pid=45 prev_prio=120 prev_state=D ==> next_comm=avahi-daemon next_pid=334 next_prio=120
          <idle>-0     [000] d.s.   292.913603: timer_cancel: timer=9e1bef99
    avahi-daemon-334   [002] d.h.   292.913613: sched_wakeup: comm=kworker/u8:1 pid=45 prio=120 target_cpu=002
    avahi-daemon-334   [002] d...   292.913833: sched_switch: prev_comm=avahi-daemon prev_pid=334 prev_prio=120 prev_state=S ==> next_comm=kworker/u8:1 next_pid=45 next_prio=120
    kworker/u8:1-45    [002] d...   292.913860: timer_start: timer=9e1bef99 function=bcm2835_mmc_timeout_timer expires=290 [timeout=1000] cpu=2 idx=133 flags=
          <idle>-0     [000] d.h.   292.913878: __handle_irq_event_percpu: [+] irq: [86] handler: bcm2835_mmc_irq+0x0/0x6ec caller: (handle_irq_event_percpu) 
          <idle>-0     [000] d.s.   292.913891: timer_cancel: timer=9e1bef99
    kworker/u8:1-45    [002] d...   292.913894: sched_switch: prev_comm=kworker/u8:1 prev_pid=45 prev_prio=120 prev_state=D ==> next_comm=swapper/2 next_pid=0 next_prio=120
          <idle>-0     [002] dnh.   292.913905: sched_wakeup: comm=kworker/u8:1 pid=45 prio=120 target_cpu=002
          <idle>-0     [002] d...   292.913911: sched_switch: prev_comm=swapper/2 prev_pid=0 prev_prio=120 prev_state=R ==> next_comm=kworker/u8:1 next_pid=45 next_prio=120
    kworker/u8:1-45    [002] ....   292.913920: workqueue_execute_end: work struct 15323760
    kworker/u8:1-45    [002] d...   292.913924: workqueue_activate_work: work struct 15323760
    kworker/u8:1-45    [002] ....   292.913931: workqueue_execute_start: work struct 15323760: function brcmf_sdio_dataworker [brcmfmac]
    kworker/u8:1-45    [002] ....   292.913933: workqueue_execute_end: work struct 15323760
    kworker/u8:1-45    [002] d...   292.913940: sched_switch: prev_comm=kworker/u8:1 prev_pid=45 prev_prio=120 prev_state=I ==> next_comm=swapper/2 next_pid=0 next_prio=120
          <idle>-0     [000] d.h.   292.914196: __handle_irq_event_percpu: [+] irq: [56] handler: dwc_otg_common_irq+0x0/0x28 caller: (handle_irq_event_percpu) 
          <idle>-0     [000] d.h.   292.914203: __handle_irq_event_percpu: [+] irq: [56] handler: dwc_otg_pcd_irq+0x0/0x28 caller: (handle_irq_event_percpu) 
          <idle>-0     [000] d.h.   292.914206: __handle_irq_event_percpu: [+] irq: [56] handler: usb_hcd_irq+0x0/0x48 caller: (handle_irq_event_percpu) 
          <idle>-0     [000] d.h.   292.914323: __handle_irq_event_percpu: [+] irq: [56] handler: dwc_otg_common_irq+0x0/0x28 caller: (handle_irq_event_percpu) 
          <idle>-0     [000] d.h.   292.914328: __handle_irq_event_percpu: [+] irq: [56] handler: dwc_otg_pcd_irq+0x0/0x28 caller: (handle_irq_event_percpu) 
          <idle>-0     [000] d.h.   292.914331: __handle_irq_event_percpu: [+] irq: [56] handler: usb_hcd_irq+0x0/0x48 caller: (handle_irq_event_percpu) 
 systemd-journal-114   [001] dnh.   292.916529: sched_wakeup: comm=thd pid=342 prio=120 target_cpu=001
 systemd-journal-114   [001] d...   292.916552: sched_switch: prev_comm=systemd-journal prev_pid=114 prev_prio=120 prev_state=R ==> next_comm=thd next_pid=342 next_prio=120
             thd-342   [001] d...   292.916596: sched_switch: prev_comm=thd prev_pid=342 prev_prio=120 prev_state=S ==> next_comm=systemd-journal next_pid=114 next_prio=120
 systemd-journal-114   [001] d...   292.917174: sched_switch: prev_comm=systemd-journal prev_pid=114 prev_prio=120 prev_state=S ==> next_comm=swapper/1 next_pid=0 next_prio=120
          <idle>-0     [002] dnh.   292.921363: sched_wakeup: comm=in:imklog pid=421 prio=120 target_cpu=002
          <idle>-0     [001] dnH.   292.921376: sched_wakeup: comm=systemd-journal pid=114 prio=120 target_cpu=001
          <idle>-0     [001] d...   292.921398: sched_switch: prev_comm=swapper/1 prev_pid=0 prev_prio=120 prev_state=R ==> next_comm=systemd-journal next_pid=114 next_prio=120
          <idle>-0     [002] d...   292.921400: sched_switch: prev_comm=swapper/2 prev_pid=0 prev_prio=120 prev_state=R ==> next_comm=in:imklog next_pid=421 next_prio=120
 systemd-journal-114   [001] d...   292.921412: sched_switch: prev_comm=systemd-journal prev_pid=114 prev_prio=120 prev_state=S ==> next_comm=swapper/1 next_pid=0 next_prio=120
       in:imklog-421   [002] d...   292.921552: sched_wakeup: comm=rs:main Q:Reg pid=422 prio=120 target_cpu=002
       in:imklog-421   [002] d...   292.921677: sched_switch: prev_comm=in:imklog prev_pid=421 prev_prio=120 prev_state=S ==> next_comm=rs:main Q:Reg next_pid=422 next_prio=120
   rs:main Q:Reg-422   [002] d...   292.922061: sched_switch: prev_comm=rs:main Q:Reg prev_pid=422 prev_prio=120 prev_state=S ==> next_comm=swapper/2 next_pid=0 next_prio=120
          <idle>-0     [000] d.h.   292.922197: __handle_irq_event_percpu: [+] irq: [56] handler: dwc_otg_common_irq+0x0/0x28 caller: (handle_irq_event_percpu) 
          <idle>-0     [000] d.h.   292.922202: __handle_irq_event_percpu: [+] irq: [56] handler: dwc_otg_pcd_irq+0x0/0x28 caller: (handle_irq_event_percpu) 
          <idle>-0     [000] d.h.   292.922205: __handle_irq_event_percpu: [+] irq: [56] handler: usb_hcd_irq+0x0/0x48 caller: (handle_irq_event_percpu) 
          <idle>-0     [000] d.h.   292.922323: __handle_irq_event_percpu: [+] irq: [56] handler: dwc_otg_common_irq+0x0/0x28 caller: (handle_irq_event_percpu) 
          <idle>-0     [000] d.h.   292.922327: __handle_irq_event_percpu: [+] irq: [56] handler: dwc_otg_pcd_irq+0x0/0x28 caller: (handle_irq_event_percpu) 
          <idle>-0     [000] d.h.   292.922330: __handle_irq_event_percpu: [+] irq: [56] handler: usb_hcd_irq+0x0/0x48 caller: (handle_irq_event_percpu) 
