          <idle>-0     [000] d.h.   292.338205: __handle_irq_event_percpu: [+] irq: [56] handler: usb_hcd_irq+0x0/0x48 caller: (handle_irq_event_percpu) 
          <idle>-0     [000] d.h.   292.338322: __handle_irq_event_percpu: [+] irq: [56] handler: dwc_otg_common_irq+0x0/0x28 caller: (handle_irq_event_percpu) 
          <idle>-0     [000] d.h.   292.338326: __handle_irq_event_percpu: [+] irq: [56] handler: dwc_otg_pcd_irq+0x0/0x28 caller: (handle_irq_event_percpu) 
          <idle>-0     [000] d.h.   292.338330: __handle_irq_event_percpu: [+] irq: [56] handler: usb_hcd_irq+0x0/0x48 caller: (handle_irq_event_percpu) 
          <idle>-0     [000] d.h.   292.346198: __handle_irq_event_percpu: [+] irq: [56] handler: dwc_otg_common_irq+0x0/0x28 caller: (handle_irq_event_percpu) 
          <idle>-0     [000] d.h.   292.346203: __handle_irq_event_percpu: [+] irq: [56] handler: dwc_otg_pcd_irq+0x0/0x28 caller: (handle_irq_event_percpu) 
          <idle>-0     [000] d.h.   292.346206: __handle_irq_event_percpu: [+] irq: [56] handler: usb_hcd_irq+0x0/0x48 caller: (handle_irq_event_percpu) 
          <idle>-0     [000] d.h.   292.346322: __handle_irq_event_percpu: [+] irq: [56] handler: dwc_otg_common_irq+0x0/0x28 caller: (handle_irq_event_percpu) 
          <idle>-0     [000] d.h.   292.346326: __handle_irq_event_percpu: [+] irq: [56] handler: dwc_otg_pcd_irq+0x0/0x28 caller: (handle_irq_event_percpu) 
          <idle>-0     [000] d.h.   292.346329: __handle_irq_event_percpu: [+] irq: [56] handler: usb_hcd_irq+0x0/0x48 caller: (handle_irq_event_percpu) 
          <idle>-0     [000] d.h.   292.354196: __handle_irq_event_percpu: [+] irq: [56] handler: dwc_otg_common_irq+0x0/0x28 caller: (handle_irq_event_percpu) 
          <idle>-0     [000] d.h.   292.354200: __handle_irq_event_percpu: [+] irq: [56] handler: dwc_otg_pcd_irq+0x0/0x28 caller: (handle_irq_event_percpu) 
          <idle>-0     [000] d.h.   292.354203: __handle_irq_event_percpu: [+] irq: [56] handler: usb_hcd_irq+0x0/0x48 caller: (handle_irq_event_percpu) 
          <idle>-0     [000] d.h.   292.354322: __handle_irq_event_percpu: [+] irq: [56] handler: dwc_otg_common_irq+0x0/0x28 caller: (handle_irq_event_percpu) 
          <idle>-0     [000] d.h.   292.354326: __handle_irq_event_percpu: [+] irq: [56] handler: dwc_otg_pcd_irq+0x0/0x28 caller: (handle_irq_event_percpu) 
          <idle>-0     [000] d.h.   292.354329: __handle_irq_event_percpu: [+] irq: [56] handler: usb_hcd_irq+0x0/0x48 caller: (handle_irq_event_percpu) 
          <idle>-0     [000] d.h.   292.362198: __handle_irq_event_percpu: [+] irq: [56] handler: dwc_otg_common_irq+0x0/0x28 caller: (handle_irq_event_percpu) 
          <idle>-0     [000] d.h.   292.362202: __handle_irq_event_percpu: [+] irq: [56] handler: dwc_otg_pcd_irq+0x0/0x28 caller: (handle_irq_event_percpu) 
          <idle>-0     [000] d.h.   292.362205: __handle_irq_event_percpu: [+] irq: [56] handler: usb_hcd_irq+0x0/0x48 caller: (handle_irq_event_percpu) 
          <idle>-0     [002] dnh.   292.362225: sched_wakeup: comm=rngd pid=576 prio=120 target_cpu=002
          <idle>-0     [002] d...   292.362237: sched_switch: prev_comm=swapper/2 prev_pid=0 prev_prio=120 prev_state=R ==> next_comm=rngd next_pid=576 next_prio=120
            rngd-576   [002] d...   292.362258: sched_switch: prev_comm=rngd prev_pid=576 prev_prio=120 prev_state=S ==> next_comm=swapper/2 next_pid=0 next_prio=120
          <idle>-0     [000] d.h.   292.362322: __handle_irq_event_percpu: [+] irq: [56] handler: dwc_otg_common_irq+0x0/0x28 caller: (handle_irq_event_percpu) 
          <idle>-0     [000] d.h.   292.362327: __handle_irq_event_percpu: [+] irq: [56] handler: dwc_otg_pcd_irq+0x0/0x28 caller: (handle_irq_event_percpu) 
          <idle>-0     [000] d.h.   292.362330: __handle_irq_event_percpu: [+] irq: [56] handler: usb_hcd_irq+0x0/0x48 caller: (handle_irq_event_percpu) 
          <idle>-0     [000] dnh.   292.366237: sched_wakeup: comm=mosquitto pid=469 prio=120 target_cpu=000
          <idle>-0     [000] dnh.   292.366245: workqueue_queue_work: work struct=e3e4ea21 function=dbs_work_handler workqueue=0f1ce6da req_cpu=0 cpu=0
          <idle>-0     [000] dnh.   292.366246: workqueue_activate_work: work struct e3e4ea21
          <idle>-0     [000] dnh.   292.366248: insert_work <-__queue_work
          <idle>-0     [000] dnh.   292.366276: <stack trace>
 => insert_work
 => __queue_work
 => queue_work_on
 => dbs_irq_work
 => irq_work_run_list
 => irq_work_run
 => handle_IPI
 => bcm2836_arm_irqchip_handle_irq
 => __irq_svc
 => arch_cpu_idle
 => arch_cpu_idle
 => default_idle_call
 => do_idle
 => cpu_startup_entry
 => rest_init
 => start_kernel
          <idle>-0     [000] dnh.   292.366282: sched_wakeup: comm=kworker/0:0 pid=5 prio=120 target_cpu=000
          <idle>-0     [000] d...   292.366296: sched_switch: prev_comm=swapper/0 prev_pid=0 prev_prio=120 prev_state=R ==> next_comm=mosquitto next_pid=469 next_prio=120
       mosquitto-469   [000] d...   292.366321: sched_switch: prev_comm=mosquitto prev_pid=469 prev_prio=120 prev_state=S ==> next_comm=kworker/0:0 next_pid=5 next_prio=120
     kworker/0:0-5     [000] ....   292.366326: workqueue_execute_start: work struct e3e4ea21: function dbs_work_handler
     kworker/0:0-5     [000] ....   292.366334: workqueue_execute_end: work struct e3e4ea21
     kworker/0:0-5     [000] d...   292.366356: sched_switch: prev_comm=kworker/0:0 prev_pid=5 prev_prio=120 prev_state=I ==> next_comm=swapper/0 next_pid=0 next_prio=120
          <idle>-0     [002] dnh.   292.367482: sched_wakeup: comm=lxpanel pid=992 prio=120 target_cpu=002
          <idle>-0     [002] d...   292.367496: sched_switch: prev_comm=swapper/2 prev_pid=0 prev_prio=120 prev_state=R ==> next_comm=lxpanel next_pid=992 next_prio=120
         lxpanel-992   [002] d...   292.367579: sched_switch: prev_comm=lxpanel prev_pid=992 prev_prio=120 prev_state=S ==> next_comm=swapper/2 next_pid=0 next_prio=120
          <idle>-0     [000] d.h.   292.370196: __handle_irq_event_percpu: [+] irq: [56] handler: dwc_otg_common_irq+0x0/0x28 caller: (handle_irq_event_percpu) 
          <idle>-0     [000] d.h.   292.370201: __handle_irq_event_percpu: [+] irq: [56] handler: dwc_otg_pcd_irq+0x0/0x28 caller: (handle_irq_event_percpu) 
          <idle>-0     [000] d.h.   292.370205: __handle_irq_event_percpu: [+] irq: [56] handler: usb_hcd_irq+0x0/0x48 caller: (handle_irq_event_percpu) 
          <idle>-0     [000] d.h.   292.370322: __handle_irq_event_percpu: [+] irq: [56] handler: dwc_otg_common_irq+0x0/0x28 caller: (handle_irq_event_percpu) 
          <idle>-0     [000] d.h.   292.370327: __handle_irq_event_percpu: [+] irq: [56] handler: dwc_otg_pcd_irq+0x0/0x28 caller: (handle_irq_event_percpu) 
          <idle>-0     [000] d.h.   292.370330: __handle_irq_event_percpu: [+] irq: [56] handler: usb_hcd_irq+0x0/0x48 caller: (handle_irq_event_percpu) 
          <idle>-0     [000] d.h.   292.378198: __handle_irq_event_percpu: [+] irq: [56] handler: dwc_otg_common_irq+0x0/0x28 caller: (handle_irq_event_percpu) 
          <idle>-0     [000] d.h.   292.378203: __handle_irq_event_percpu: [+] irq: [56] handler: dwc_otg_pcd_irq+0x0/0x28 caller: (handle_irq_event_percpu) 
          <idle>-0     [000] d.h.   292.378206: __handle_irq_event_percpu: [+] irq: [56] handler: usb_hcd_irq+0x0/0x48 caller: (handle_irq_event_percpu) 
          <idle>-0     [000] d.h.   292.378322: __handle_irq_event_percpu: [+] irq: [56] handler: dwc_otg_common_irq+0x0/0x28 caller: (handle_irq_event_percpu) 
          <idle>-0     [000] d.h.   292.378326: __handle_irq_event_percpu: [+] irq: [56] handler: dwc_otg_pcd_irq+0x0/0x28 caller: (handle_irq_event_percpu) 
          <idle>-0     [000] d.h.   292.378329: __handle_irq_event_percpu: [+] irq: [56] handler: usb_hcd_irq+0x0/0x48 caller: (handle_irq_event_percpu) 
          <idle>-0     [000] d.h.   292.386198: __handle_irq_event_percpu: [+] irq: [56] handler: dwc_otg_common_irq+0x0/0x28 caller: (handle_irq_event_percpu) 
          <idle>-0     [000] d.h.   292.386202: __handle_irq_event_percpu: [+] irq: [56] handler: dwc_otg_pcd_irq+0x0/0x28 caller: (handle_irq_event_percpu) 
          <idle>-0     [000] d.h.   292.386205: __handle_irq_event_percpu: [+] irq: [56] handler: usb_hcd_irq+0x0/0x48 caller: (handle_irq_event_percpu) 
          <idle>-0     [000] d.h.   292.386322: __handle_irq_event_percpu: [+] irq: [56] handler: dwc_otg_common_irq+0x0/0x28 caller: (handle_irq_event_percpu) 
          <idle>-0     [000] d.h.   292.386326: __handle_irq_event_percpu: [+] irq: [56] handler: dwc_otg_pcd_irq+0x0/0x28 caller: (handle_irq_event_percpu) 
          <idle>-0     [000] d.h.   292.386329: __handle_irq_event_percpu: [+] irq: [56] handler: usb_hcd_irq+0x0/0x48 caller: (handle_irq_event_percpu) 
          <idle>-0     [000] d.h.   292.394195: __handle_irq_event_percpu: [+] irq: [56] handler: dwc_otg_common_irq+0x0/0x28 caller: (handle_irq_event_percpu) 
          <idle>-0     [000] d.h.   292.394200: __handle_irq_event_percpu: [+] irq: [56] handler: dwc_otg_pcd_irq+0x0/0x28 caller: (handle_irq_event_percpu) 
          <idle>-0     [000] d.h.   292.394203: __handle_irq_event_percpu: [+] irq: [56] handler: usb_hcd_irq+0x0/0x48 caller: (handle_irq_event_percpu) 
          <idle>-0     [000] d.h.   292.394322: __handle_irq_event_percpu: [+] irq: [56] handler: dwc_otg_common_irq+0x0/0x28 caller: (handle_irq_event_percpu) 
          <idle>-0     [000] d.h.   292.394326: __handle_irq_event_percpu: [+] irq: [56] handler: dwc_otg_pcd_irq+0x0/0x28 caller: (handle_irq_event_percpu) 
          <idle>-0     [000] d.h.   292.394329: __handle_irq_event_percpu: [+] irq: [56] handler: usb_hcd_irq+0x0/0x48 caller: (handle_irq_event_percpu) 
          <idle>-0     [001] dnh.   292.399835: sched_wakeup: comm=sendmail-mta pid=1252 prio=120 target_cpu=001
          <idle>-0     [001] d...   292.399851: sched_switch: prev_comm=swapper/1 prev_pid=0 prev_prio=120 prev_state=R ==> next_comm=sendmail-mta next_pid=1252 next_prio=120
    sendmail-mta-1252  [001] d...   292.400188: sched_switch: prev_comm=sendmail-mta prev_pid=1252 prev_prio=120 prev_state=S ==> next_comm=swapper/1 next_pid=0 next_prio=120
          <idle>-0     [002] dnh.   292.401351: sched_wakeup: comm=rcu_sched pid=10 prio=120 target_cpu=002
          <idle>-0     [002] d...   292.401365: sched_switch: prev_comm=swapper/2 prev_pid=0 prev_prio=120 prev_state=R ==> next_comm=rcu_sched next_pid=10 next_prio=120
       rcu_sched-10    [002] ....   292.401377: timer_init: timer=2e94b101
       rcu_sched-10    [002] d...   292.401380: timer_start: timer=2e94b101 function=process_timeout expires=4294966536 [timeout=1] cpu=2 idx=0 flags=
       rcu_sched-10    [002] d...   292.401397: sched_switch: prev_comm=rcu_sched prev_pid=10 prev_prio=120 prev_state=I ==> next_comm=swapper/2 next_pid=0 next_prio=120
          <idle>-0     [000] d.h.   292.402195: __handle_irq_event_percpu: [+] irq: [56] handler: dwc_otg_common_irq+0x0/0x28 caller: (handle_irq_event_percpu) 
          <idle>-0     [000] d.h.   292.402199: __handle_irq_event_percpu: [+] irq: [56] handler: dwc_otg_pcd_irq+0x0/0x28 caller: (handle_irq_event_percpu) 
          <idle>-0     [000] d.h.   292.402203: __handle_irq_event_percpu: [+] irq: [56] handler: usb_hcd_irq+0x0/0x48 caller: (handle_irq_event_percpu) 
          <idle>-0     [000] d.h.   292.402322: __handle_irq_event_percpu: [+] irq: [56] handler: dwc_otg_common_irq+0x0/0x28 caller: (handle_irq_event_percpu) 
          <idle>-0     [000] d.h.   292.402326: __handle_irq_event_percpu: [+] irq: [56] handler: dwc_otg_pcd_irq+0x0/0x28 caller: (handle_irq_event_percpu) 
          <idle>-0     [000] d.h.   292.402329: __handle_irq_event_percpu: [+] irq: [56] handler: usb_hcd_irq+0x0/0x48 caller: (handle_irq_event_percpu) 
          <idle>-0     [000] d.h.   292.410195: __handle_irq_event_percpu: [+] irq: [56] handler: dwc_otg_common_irq+0x0/0x28 caller: (handle_irq_event_percpu) 
          <idle>-0     [000] d.h.   292.410199: __handle_irq_event_percpu: [+] irq: [56] handler: dwc_otg_pcd_irq+0x0/0x28 caller: (handle_irq_event_percpu) 
          <idle>-0     [000] d.h.   292.410202: __handle_irq_event_percpu: [+] irq: [56] handler: usb_hcd_irq+0x0/0x48 caller: (handle_irq_event_percpu) 
          <idle>-0     [000] d.h.   292.410322: __handle_irq_event_percpu: [+] irq: [56] handler: dwc_otg_common_irq+0x0/0x28 caller: (handle_irq_event_percpu) 
          <idle>-0     [000] d.h.   292.410326: __handle_irq_event_percpu: [+] irq: [56] handler: dwc_otg_pcd_irq+0x0/0x28 caller: (handle_irq_event_percpu) 
          <idle>-0     [000] d.h.   292.410329: __handle_irq_event_percpu: [+] irq: [56] handler: usb_hcd_irq+0x0/0x48 caller: (handle_irq_event_percpu) 
          <idle>-0     [002] d.s.   292.411318: timer_cancel: timer=b9027a57
          <idle>-0     [002] d.s.   292.411320: timer_expire_entry: timer=b9027a57 function=delayed_work_timer_fn now=4294966536
          <idle>-0     [002] d.s.   292.411323: workqueue_queue_work: work struct=ae17f56c function=get_values_poll [raspberrypi_hwmon] workqueue=0f1ce6da req_cpu=4 cpu=2
          <idle>-0     [002] d.s.   292.411325: workqueue_activate_work: work struct ae17f56c
          <idle>-0     [002] d.s.   292.411327: insert_work <-__queue_work
          <idle>-0     [002] d.s.   292.411361: <stack trace>
 => insert_work
 => __queue_work
 => delayed_work_timer_fn
 => call_timer_fn
 => expire_timers
 => run_timer_softirq
 => __do_softirq
 => irq_exit
 => __handle_domain_irq
 => bcm2836_arm_irqchip_handle_irq
 => __irq_svc
 => arch_cpu_idle
 => arch_cpu_idle
 => default_idle_call
 => do_idle
 => cpu_startup_entry
 => secondary_start_kernel
 => 0x001026ec
          <idle>-0     [002] dns.   292.411370: sched_wakeup: comm=kworker/2:3 pid=630 prio=120 target_cpu=002
          <idle>-0     [002] dns.   292.411373: timer_expire_exit: timer=b9027a57
          <idle>-0     [002] dns.   292.411378: timer_cancel: timer=3a04b060
          <idle>-0     [002] dns.   292.411380: timer_expire_entry: timer=3a04b060 function=delayed_work_timer_fn now=4294966536
          <idle>-0     [002] dns.   292.411382: workqueue_queue_work: work struct=5ec666f2 function=neigh_periodic_work workqueue=9077988a req_cpu=4 cpu=2
          <idle>-0     [002] dns.   292.411384: workqueue_activate_work: work struct 5ec666f2
          <idle>-0     [002] dns.   292.411386: insert_work <-__queue_work
          <idle>-0     [002] dns.   292.411414: <stack trace>
 => insert_work
 => __queue_work
 => delayed_work_timer_fn
 => call_timer_fn
 => expire_timers
 => run_timer_softirq
 => __do_softirq
 => irq_exit
 => __handle_domain_irq
 => bcm2836_arm_irqchip_handle_irq
 => __irq_svc
 => arch_cpu_idle
 => arch_cpu_idle
 => default_idle_call
 => do_idle
 => cpu_startup_entry
 => secondary_start_kernel
 => 0x001026ec
          <idle>-0     [002] dns.   292.411417: timer_expire_exit: timer=3a04b060
          <idle>-0     [002] dns.   292.411421: timer_cancel: timer=cb81f4b8
          <idle>-0     [002] dns.   292.411422: timer_expire_entry: timer=cb81f4b8 function=delayed_work_timer_fn now=4294966536
          <idle>-0     [002] dns.   292.411424: workqueue_queue_work: work struct=b4c2745c function=vmstat_update workqueue=a66da3ed req_cpu=2 cpu=2
          <idle>-0     [002] dns.   292.411426: workqueue_activate_work: work struct b4c2745c
          <idle>-0     [002] dns.   292.411428: insert_work <-__queue_work
          <idle>-0     [002] dns.   292.411456: <stack trace>
 => insert_work
 => __queue_work
 => delayed_work_timer_fn
 => call_timer_fn
 => expire_timers
 => run_timer_softirq
 => __do_softirq
 => irq_exit
 => __handle_domain_irq
 => bcm2836_arm_irqchip_handle_irq
 => __irq_svc
 => arch_cpu_idle
 => arch_cpu_idle
 => default_idle_call
 => do_idle
 => cpu_startup_entry
 => secondary_start_kernel
 => 0x001026ec
          <idle>-0     [002] dns.   292.411458: timer_expire_exit: timer=cb81f4b8
          <idle>-0     [002] d...   292.411483: sched_switch: prev_comm=swapper/2 prev_pid=0 prev_prio=120 prev_state=R ==> next_comm=kworker/2:3 next_pid=630 next_prio=120
     kworker/2:3-630   [002] ....   292.411489: workqueue_execute_start: work struct ae17f56c: function get_values_poll [raspberrypi_hwmon]
     kworker/2:3-630   [002] d.h.   292.411519: sched_wakeup: comm=kworker/2:3 pid=630 prio=120 target_cpu=002
     kworker/2:3-630   [002] ....   292.411524: timer_init: timer=00d3bc01
     kworker/2:3-630   [002] d...   292.411526: timer_start: timer=00d3bc01 function=process_timeout expires=359240 [timeout=360000] cpu=2 idx=0 flags=
          <idle>-0     [000] d.h.   292.411533: __handle_irq_event_percpu: [+] irq: [17] handler: bcm2835_mbox_irq+0x0/0xb0 caller: (handle_irq_event_percpu) 
     kworker/2:3-630   [002] d...   292.411533: timer_cancel: timer=00d3bc01
          <idle>-0     [000] d.h.   292.411540: sched_wakeup: comm=kworker/2:3 pid=630 prio=120 target_cpu=002
          <idle>-0     [000] d.h.   292.411544: workqueue_queue_work: work struct=eb01cf30 function=bcm2835_mbox_work_callback workqueue=0f1ce6da req_cpu=4 cpu=0
          <idle>-0     [000] d.h.   292.411546: workqueue_activate_work: work struct eb01cf30
          <idle>-0     [000] d.h.   292.411547: insert_work <-__queue_work
     kworker/2:3-630   [002] d...   292.411553: timer_start: timer=b9027a57 function=delayed_work_timer_fn expires=4294966736 [timeout=200] cpu=2 idx=97 flags=I
     kworker/2:3-630   [002] ....   292.411555: workqueue_execute_end: work struct ae17f56c
     kworker/2:3-630   [002] ....   292.411559: workqueue_execute_start: work struct 5ec666f2: function neigh_periodic_work
     kworker/2:3-630   [002] d...   292.411562: timer_start: timer=3a04b060 function=delayed_work_timer_fn expires=740 [timeout=1500] cpu=2 idx=179 flags=D|I
     kworker/2:3-630   [002] ....   292.411566: workqueue_execute_end: work struct 5ec666f2
     kworker/2:3-630   [002] ....   292.411568: workqueue_execute_start: work struct b4c2745c: function vmstat_update
     kworker/2:3-630   [002] d...   292.411575: timer_start: timer=cb81f4b8 function=delayed_work_timer_fn expires=4294966694 [timeout=158] cpu=2 idx=92 flags=D|I
     kworker/2:3-630   [002] ....   292.411577: workqueue_execute_end: work struct b4c2745c
          <idle>-0     [000] d.h.   292.411586: <stack trace>
 => insert_work
 => __queue_work
 => queue_work_on
 => bcm2835_mbox_irq
 => __handle_irq_event_percpu
 => handle_irq_event_percpu
 => handle_irq_event
 => handle_level_irq
 => generic_handle_irq
 => bcm2836_chained_handle_irq
 => generic_handle_irq
 => __handle_domain_irq
 => bcm2836_arm_irqchip_handle_irq
 => __irq_svc
 => arch_cpu_idle
 => arch_cpu_idle
 => default_idle_call
 => do_idle
 => cpu_startup_entry
 => rest_init
 => start_kernel
     kworker/2:3-630   [002] d...   292.411586: sched_switch: prev_comm=kworker/2:3 prev_pid=630 prev_prio=120 prev_state=I ==> next_comm=swapper/2 next_pid=0 next_prio=120
          <idle>-0     [000] dnh.   292.411593: sched_wakeup: comm=kworker/0:0 pid=5 prio=120 target_cpu=000
          <idle>-0     [000] d...   292.411609: sched_switch: prev_comm=swapper/0 prev_pid=0 prev_prio=120 prev_state=R ==> next_comm=kworker/0:0 next_pid=5 next_prio=120
     kworker/0:0-5     [000] ....   292.411614: workqueue_execute_start: work struct eb01cf30: function bcm2835_mbox_work_callback
     kworker/0:0-5     [000] ....   292.411616: bcm2835_mbox_work_callback <-process_one_work
     kworker/0:0-5     [000] ....   292.411631: <stack trace>
 => bcm2835_mbox_work_callback
 => process_one_work
 => worker_thread
 => kthread
 => ret_from_fork
 => 0
     kworker/0:0-5     [000] ....   292.411636: bcm2835_mbox_work_callback: current process : kworker/0:0 
     kworker/0:0-5     [000] ....   292.411640: bcm2835_mbox_work_callback: [+] in_interrupt:0x00000000, preempt_count : 0x00000000, stack : 0xb9e96000 
     kworker/0:0-5     [000] d...   292.411882: timer_start: timer=0022bf52 function=delayed_work_timer_fn expires=4294966546 [timeout=10] cpu=0 idx=3 flags=I
     kworker/0:0-5     [000] ....   292.411885: workqueue_execute_end: work struct eb01cf30
     kworker/0:0-5     [000] d...   292.411893: sched_switch: prev_comm=kworker/0:0 prev_pid=5 prev_prio=120 prev_state=I ==> next_comm=swapper/0 next_pid=0 next_prio=120
          <idle>-0     [000] d.h.   292.418196: __handle_irq_event_percpu: [+] irq: [56] handler: dwc_otg_common_irq+0x0/0x28 caller: (handle_irq_event_percpu) 
          <idle>-0     [000] d.h.   292.418201: __handle_irq_event_percpu: [+] irq: [56] handler: dwc_otg_pcd_irq+0x0/0x28 caller: (handle_irq_event_percpu) 
          <idle>-0     [000] d.h.   292.418204: __handle_irq_event_percpu: [+] irq: [56] handler: usb_hcd_irq+0x0/0x48 caller: (handle_irq_event_percpu) 
          <idle>-0     [000] d.h.   292.418322: __handle_irq_event_percpu: [+] irq: [56] handler: dwc_otg_common_irq+0x0/0x28 caller: (handle_irq_event_percpu) 
          <idle>-0     [000] d.h.   292.418326: __handle_irq_event_percpu: [+] irq: [56] handler: dwc_otg_pcd_irq+0x0/0x28 caller: (handle_irq_event_percpu) 
          <idle>-0     [000] d.h.   292.418330: __handle_irq_event_percpu: [+] irq: [56] handler: usb_hcd_irq+0x0/0x48 caller: (handle_irq_event_percpu) 
          <idle>-0     [002] dnH.   292.421326: sched_wakeup: comm=in:imklog pid=421 prio=120 target_cpu=002
          <idle>-0     [002] dnH.   292.421336: sched_wakeup: comm=systemd-journal pid=114 prio=120 target_cpu=002
          <idle>-0     [002] dns.   292.421339: timer_cancel: timer=2e94b101
          <idle>-0     [002] .ns.   292.421341: timer_expire_entry: timer=2e94b101 function=process_timeout now=4294966537
          <idle>-0     [002] dns.   292.421348: sched_wakeup: comm=rcu_sched pid=10 prio=120 target_cpu=002
          <idle>-0     [002] .ns.   292.421350: timer_expire_exit: timer=2e94b101
          <idle>-0     [002] d...   292.421370: sched_switch: prev_comm=swapper/2 prev_pid=0 prev_prio=120 prev_state=R ==> next_comm=in:imklog next_pid=421 next_prio=120
          <idle>-0     [001] dnh.   292.421571: sched_wakeup: comm=rs:main Q:Reg pid=422 prio=120 target_cpu=001
          <idle>-0     [001] d...   292.421580: sched_switch: prev_comm=swapper/1 prev_pid=0 prev_prio=120 prev_state=R ==> next_comm=rs:main Q:Reg next_pid=422 next_prio=120
       in:imklog-421   [002] d...   292.421764: sched_switch: prev_comm=in:imklog prev_pid=421 prev_prio=120 prev_state=S ==> next_comm=rcu_sched next_pid=10 next_prio=120
       rcu_sched-10    [002] ....   292.421782: timer_init: timer=2e94b101
       rcu_sched-10    [002] d...   292.421785: timer_start: timer=2e94b101 function=process_timeout expires=4294966538 [timeout=1] cpu=2 idx=0 flags=
       rcu_sched-10    [002] d...   292.421795: sched_switch: prev_comm=rcu_sched prev_pid=10 prev_prio=120 prev_state=I ==> next_comm=systemd-journal next_pid=114 next_prio=120
   rs:main Q:Reg-422   [001] d...   292.422125: sched_switch: prev_comm=rs:main Q:Reg prev_pid=422 prev_prio=120 prev_state=S ==> next_comm=swapper/1 next_pid=0 next_prio=120
          <idle>-0     [000] d.h.   292.426199: __handle_irq_event_percpu: [+] irq: [56] handler: dwc_otg_common_irq+0x0/0x28 caller: (handle_irq_event_percpu) 
 systemd-journal-114   [002] d...   292.426205: sched_switch: prev_comm=systemd-journal prev_pid=114 prev_prio=120 prev_state=S ==> next_comm=swapper/2 next_pid=0 next_prio=120
          <idle>-0     [000] d.h.   292.426207: __handle_irq_event_percpu: [+] irq: [56] handler: dwc_otg_pcd_irq+0x0/0x28 caller: (handle_irq_event_percpu) 
          <idle>-0     [000] d.h.   292.426211: __handle_irq_event_percpu: [+] irq: [56] handler: usb_hcd_irq+0x0/0x48 caller: (handle_irq_event_percpu) 
          <idle>-0     [000] d.h.   292.426323: __handle_irq_event_percpu: [+] irq: [56] handler: dwc_otg_common_irq+0x0/0x28 caller: (handle_irq_event_percpu) 
          <idle>-0     [000] d.h.   292.426327: __handle_irq_event_percpu: [+] irq: [56] handler: dwc_otg_pcd_irq+0x0/0x28 caller: (handle_irq_event_percpu) 
          <idle>-0     [000] d.h.   292.426331: __handle_irq_event_percpu: [+] irq: [56] handler: usb_hcd_irq+0x0/0x48 caller: (handle_irq_event_percpu) 
          <idle>-0     [000] d.h.   292.432195: __handle_irq_event_percpu: [+] irq: [56] handler: dwc_otg_common_irq+0x0/0x28 caller: (handle_irq_event_percpu) 
          <idle>-0     [000] d.h.   292.432199: __handle_irq_event_percpu: [+] irq: [56] handler: dwc_otg_pcd_irq+0x0/0x28 caller: (handle_irq_event_percpu) 
          <idle>-0     [000] d.h.   292.432202: __handle_irq_event_percpu: [+] irq: [56] handler: usb_hcd_irq+0x0/0x48 caller: (handle_irq_event_percpu) 
          <idle>-0     [000] d.h.   292.432322: __handle_irq_event_percpu: [+] irq: [56] handler: dwc_otg_common_irq+0x0/0x28 caller: (handle_irq_event_percpu) 
          <idle>-0     [000] d.h.   292.432326: __handle_irq_event_percpu: [+] irq: [56] handler: dwc_otg_pcd_irq+0x0/0x28 caller: (handle_irq_event_percpu) 
          <idle>-0     [000] d.h.   292.432329: __handle_irq_event_percpu: [+] irq: [56] handler: usb_hcd_irq+0x0/0x48 caller: (handle_irq_event_percpu) 
          <idle>-0     [000] d.h.   292.434195: __handle_irq_event_percpu: [+] irq: [56] handler: dwc_otg_common_irq+0x0/0x28 caller: (handle_irq_event_percpu) 
          <idle>-0     [000] d.h.   292.434199: __handle_irq_event_percpu: [+] irq: [56] handler: dwc_otg_pcd_irq+0x0/0x28 caller: (handle_irq_event_percpu) 
          <idle>-0     [000] d.h.   292.434202: __handle_irq_event_percpu: [+] irq: [56] handler: usb_hcd_irq+0x0/0x48 caller: (handle_irq_event_percpu) 
          <idle>-0     [000] d.h.   292.434322: __handle_irq_event_percpu: [+] irq: [56] handler: dwc_otg_common_irq+0x0/0x28 caller: (handle_irq_event_percpu) 
          <idle>-0     [000] d.h.   292.434326: __handle_irq_event_percpu: [+] irq: [56] handler: dwc_otg_pcd_irq+0x0/0x28 caller: (handle_irq_event_percpu) 
          <idle>-0     [000] d.h.   292.434329: __handle_irq_event_percpu: [+] irq: [56] handler: usb_hcd_irq+0x0/0x48 caller: (handle_irq_event_percpu) 
          <idle>-0     [002] d.s.   292.441322: timer_cancel: timer=2e94b101
          <idle>-0     [002] ..s.   292.441325: timer_expire_entry: timer=2e94b101 function=process_timeout now=4294966539
          <idle>-0     [002] dns.   292.441340: sched_wakeup: comm=rcu_sched pid=10 prio=120 target_cpu=002
          <idle>-0     [002] .ns.   292.441343: timer_expire_exit: timer=2e94b101
          <idle>-0     [002] d...   292.441365: sched_switch: prev_comm=swapper/2 prev_pid=0 prev_prio=120 prev_state=R ==> next_comm=rcu_sched next_pid=10 next_prio=120
       rcu_sched-10    [002] ....   292.441382: timer_init: timer=2e94b101
       rcu_sched-10    [002] d...   292.441385: timer_start: timer=2e94b101 function=process_timeout expires=4294966540 [timeout=1] cpu=2 idx=0 flags=
       rcu_sched-10    [002] d...   292.441393: sched_switch: prev_comm=rcu_sched prev_pid=10 prev_prio=120 prev_state=I ==> next_comm=swapper/2 next_pid=0 next_prio=120
          <idle>-0     [000] d.h.   292.442195: __handle_irq_event_percpu: [+] irq: [56] handler: dwc_otg_common_irq+0x0/0x28 caller: (handle_irq_event_percpu) 
          <idle>-0     [000] d.h.   292.442199: __handle_irq_event_percpu: [+] irq: [56] handler: dwc_otg_pcd_irq+0x0/0x28 caller: (handle_irq_event_percpu) 
          <idle>-0     [000] d.h.   292.442202: __handle_irq_event_percpu: [+] irq: [56] handler: usb_hcd_irq+0x0/0x48 caller: (handle_irq_event_percpu) 
          <idle>-0     [000] d.h.   292.442322: __handle_irq_event_percpu: [+] irq: [56] handler: dwc_otg_common_irq+0x0/0x28 caller: (handle_irq_event_percpu) 
          <idle>-0     [000] d.h.   292.442326: __handle_irq_event_percpu: [+] irq: [56] handler: dwc_otg_pcd_irq+0x0/0x28 caller: (handle_irq_event_percpu) 
          <idle>-0     [000] d.h.   292.442329: __handle_irq_event_percpu: [+] irq: [56] handler: usb_hcd_irq+0x0/0x48 caller: (handle_irq_event_percpu) 
          <idle>-0     [000] d.h.   292.450194: __handle_irq_event_percpu: [+] irq: [56] handler: dwc_otg_common_irq+0x0/0x28 caller: (handle_irq_event_percpu) 
          <idle>-0     [000] d.h.   292.450199: __handle_irq_event_percpu: [+] irq: [56] handler: dwc_otg_pcd_irq+0x0/0x28 caller: (handle_irq_event_percpu) 
          <idle>-0     [000] d.h.   292.450202: __handle_irq_event_percpu: [+] irq: [56] handler: usb_hcd_irq+0x0/0x48 caller: (handle_irq_event_percpu) 
          <idle>-0     [000] d.h.   292.450322: __handle_irq_event_percpu: [+] irq: [56] handler: dwc_otg_common_irq+0x0/0x28 caller: (handle_irq_event_percpu) 
          <idle>-0     [000] d.h.   292.450326: __handle_irq_event_percpu: [+] irq: [56] handler: dwc_otg_pcd_irq+0x0/0x28 caller: (handle_irq_event_percpu) 
          <idle>-0     [000] d.h.   292.450329: __handle_irq_event_percpu: [+] irq: [56] handler: usb_hcd_irq+0x0/0x48 caller: (handle_irq_event_percpu) 
          <idle>-0     [000] d.h.   292.458195: __handle_irq_event_percpu: [+] irq: [56] handler: dwc_otg_common_irq+0x0/0x28 caller: (handle_irq_event_percpu) 
          <idle>-0     [000] d.h.   292.458199: __handle_irq_event_percpu: [+] irq: [56] handler: dwc_otg_pcd_irq+0x0/0x28 caller: (handle_irq_event_percpu) 
          <idle>-0     [000] d.h.   292.458202: __handle_irq_event_percpu: [+] irq: [56] handler: usb_hcd_irq+0x0/0x48 caller: (handle_irq_event_percpu) 
          <idle>-0     [000] d.h.   292.458322: __handle_irq_event_percpu: [+] irq: [56] handler: dwc_otg_common_irq+0x0/0x28 caller: (handle_irq_event_percpu) 
          <idle>-0     [000] d.h.   292.458326: __handle_irq_event_percpu: [+] irq: [56] handler: dwc_otg_pcd_irq+0x0/0x28 caller: (handle_irq_event_percpu) 
          <idle>-0     [000] d.h.   292.458329: __handle_irq_event_percpu: [+] irq: [56] handler: usb_hcd_irq+0x0/0x48 caller: (handle_irq_event_percpu) 
          <idle>-0     [002] d.s.   292.461320: timer_cancel: timer=2e94b101
          <idle>-0     [002] ..s.   292.461322: timer_expire_entry: timer=2e94b101 function=process_timeout now=4294966541
          <idle>-0     [002] dns.   292.461329: sched_wakeup: comm=rcu_sched pid=10 prio=120 target_cpu=002
          <idle>-0     [002] .ns.   292.461332: timer_expire_exit: timer=2e94b101
          <idle>-0     [002] d...   292.461351: sched_switch: prev_comm=swapper/2 prev_pid=0 prev_prio=120 prev_state=R ==> next_comm=rcu_sched next_pid=10 next_prio=120
       rcu_sched-10    [002] ....   292.461364: timer_init: timer=2e94b101
       rcu_sched-10    [002] d...   292.461366: timer_start: timer=2e94b101 function=process_timeout expires=4294966542 [timeout=1] cpu=2 idx=0 flags=
       rcu_sched-10    [002] d...   292.461390: sched_switch: prev_comm=rcu_sched prev_pid=10 prev_prio=120 prev_state=I ==> next_comm=swapper/2 next_pid=0 next_prio=120
          <idle>-0     [000] d.h.   292.466195: __handle_irq_event_percpu: [+] irq: [56] handler: dwc_otg_common_irq+0x0/0x28 caller: (handle_irq_event_percpu) 
          <idle>-0     [000] d.h.   292.466199: __handle_irq_event_percpu: [+] irq: [56] handler: dwc_otg_pcd_irq+0x0/0x28 caller: (handle_irq_event_percpu) 
          <idle>-0     [000] d.h.   292.466202: __handle_irq_event_percpu: [+] irq: [56] handler: usb_hcd_irq+0x0/0x48 caller: (handle_irq_event_percpu) 
          <idle>-0     [000] d.h.   292.466321: __handle_irq_event_percpu: [+] irq: [56] handler: dwc_otg_common_irq+0x0/0x28 caller: (handle_irq_event_percpu) 
          <idle>-0     [000] d.h.   292.466326: __handle_irq_event_percpu: [+] irq: [56] handler: dwc_otg_pcd_irq+0x0/0x28 caller: (handle_irq_event_percpu) 
          <idle>-0     [000] d.h.   292.466329: __handle_irq_event_percpu: [+] irq: [56] handler: usb_hcd_irq+0x0/0x48 caller: (handle_irq_event_percpu) 
          <idle>-0     [000] dnh.   292.466429: sched_wakeup: comm=mosquitto pid=469 prio=120 target_cpu=000
          <idle>-0     [000] dnh.   292.466439: workqueue_queue_work: work struct=e3e4ea21 function=dbs_work_handler workqueue=0f1ce6da req_cpu=0 cpu=0
          <idle>-0     [000] dnh.   292.466442: workqueue_activate_work: work struct e3e4ea21
          <idle>-0     [000] dnh.   292.466444: insert_work <-__queue_work
          <idle>-0     [000] dnh.   292.466484: <stack trace>
 => insert_work
 => __queue_work
 => queue_work_on
 => dbs_irq_work
 => irq_work_run_list
 => irq_work_run
 => handle_IPI
 => bcm2836_arm_irqchip_handle_irq
 => __irq_svc
 => arch_cpu_idle
 => arch_cpu_idle
 => default_idle_call
 => do_idle
 => cpu_startup_entry
 => rest_init
 => start_kernel
          <idle>-0     [000] dnh.   292.466493: sched_wakeup: comm=kworker/0:0 pid=5 prio=120 target_cpu=000
          <idle>-0     [000] d...   292.466507: sched_switch: prev_comm=swapper/0 prev_pid=0 prev_prio=120 prev_state=R ==> next_comm=mosquitto next_pid=469 next_prio=120
       mosquitto-469   [000] d...   292.466547: sched_switch: prev_comm=mosquitto prev_pid=469 prev_prio=120 prev_state=S ==> next_comm=kworker/0:0 next_pid=5 next_prio=120
     kworker/0:0-5     [000] ....   292.466555: workqueue_execute_start: work struct e3e4ea21: function dbs_work_handler
     kworker/0:0-5     [000] ....   292.466571: workqueue_execute_end: work struct e3e4ea21
     kworker/0:0-5     [000] d...   292.466589: sched_switch: prev_comm=kworker/0:0 prev_pid=5 prev_prio=120 prev_state=I ==> next_comm=swapper/0 next_pid=0 next_prio=120
          <idle>-0     [000] dnh.   292.467591: sched_wakeup: comm=mysqld pid=817 prio=120 target_cpu=000
          <idle>-0     [000] d...   292.467604: sched_switch: prev_comm=swapper/0 prev_pid=0 prev_prio=120 prev_state=R ==> next_comm=mysqld next_pid=817 next_prio=120
          mysqld-817   [000] d...   292.467631: sched_switch: prev_comm=mysqld prev_pid=817 prev_prio=120 prev_state=S ==> next_comm=swapper/0 next_pid=0 next_prio=120
          <idle>-0     [002] dnh.   292.469890: sched_wakeup: comm=mysqld pid=808 prio=120 target_cpu=002
          <idle>-0     [002] dnh.   292.469901: sched_wakeup: comm=mysqld pid=778 prio=120 target_cpu=002
          <idle>-0     [002] d...   292.469911: sched_switch: prev_comm=swapper/2 prev_pid=0 prev_prio=120 prev_state=R ==> next_comm=mysqld next_pid=778 next_prio=120
          mysqld-778   [002] d...   292.469979: sched_switch: prev_comm=mysqld prev_pid=778 prev_prio=120 prev_state=S ==> next_comm=mysqld next_pid=808 next_prio=120
          mysqld-808   [002] dn..   292.470038: sched_wakeup: comm=mysqld pid=778 prio=120 target_cpu=002
          mysqld-808   [002] d...   292.470047: sched_switch: prev_comm=mysqld prev_pid=808 prev_prio=120 prev_state=R ==> next_comm=mysqld next_pid=778 next_prio=120
          mysqld-778   [002] d...   292.470063: sched_switch: prev_comm=mysqld prev_pid=778 prev_prio=120 prev_state=S ==> next_comm=mysqld next_pid=808 next_prio=120
          mysqld-808   [002] dn..   292.470076: sched_wakeup: comm=mysqld pid=778 prio=120 target_cpu=002
          mysqld-808   [002] d...   292.470082: sched_switch: prev_comm=mysqld prev_pid=808 prev_prio=120 prev_state=R ==> next_comm=mysqld next_pid=778 next_prio=120
          mysqld-778   [002] d...   292.470106: sched_switch: prev_comm=mysqld prev_pid=778 prev_prio=120 prev_state=S ==> next_comm=mysqld next_pid=808 next_prio=120
          mysqld-808   [002] d...   292.470133: sched_switch: prev_comm=mysqld prev_pid=808 prev_prio=120 prev_state=S ==> next_comm=swapper/2 next_pid=0 next_prio=120
          <idle>-0     [000] d.h.   292.474197: __handle_irq_event_percpu: [+] irq: [56] handler: dwc_otg_common_irq+0x0/0x28 caller: (handle_irq_event_percpu) 
          <idle>-0     [000] d.h.   292.474202: __handle_irq_event_percpu: [+] irq: [56] handler: dwc_otg_pcd_irq+0x0/0x28 caller: (handle_irq_event_percpu) 
          <idle>-0     [000] d.h.   292.474205: __handle_irq_event_percpu: [+] irq: [56] handler: usb_hcd_irq+0x0/0x48 caller: (handle_irq_event_percpu) 
          <idle>-0     [000] d.h.   292.474322: __handle_irq_event_percpu: [+] irq: [56] handler: dwc_otg_common_irq+0x0/0x28 caller: (handle_irq_event_percpu) 
          <idle>-0     [000] d.h.   292.474327: __handle_irq_event_percpu: [+] irq: [56] handler: dwc_otg_pcd_irq+0x0/0x28 caller: (handle_irq_event_percpu) 
          <idle>-0     [000] d.h.   292.474330: __handle_irq_event_percpu: [+] irq: [56] handler: usb_hcd_irq+0x0/0x48 caller: (handle_irq_event_percpu) 
          <idle>-0     [002] d.s.   292.481322: timer_cancel: timer=2e94b101
          <idle>-0     [002] ..s.   292.481325: timer_expire_entry: timer=2e94b101 function=process_timeout now=4294966543
          <idle>-0     [002] dns.   292.481332: sched_wakeup: comm=rcu_sched pid=10 prio=120 target_cpu=002
          <idle>-0     [002] .ns.   292.481335: timer_expire_exit: timer=2e94b101
          <idle>-0     [002] d...   292.481355: sched_switch: prev_comm=swapper/2 prev_pid=0 prev_prio=120 prev_state=R ==> next_comm=rcu_sched next_pid=10 next_prio=120
       rcu_sched-10    [002] d...   292.481371: sched_switch: prev_comm=rcu_sched prev_pid=10 prev_prio=120 prev_state=I ==> next_comm=swapper/2 next_pid=0 next_prio=120
          <idle>-0     [000] d.h.   292.482195: __handle_irq_event_percpu: [+] irq: [56] handler: dwc_otg_common_irq+0x0/0x28 caller: (handle_irq_event_percpu) 
          <idle>-0     [000] d.h.   292.482199: __handle_irq_event_percpu: [+] irq: [56] handler: dwc_otg_pcd_irq+0x0/0x28 caller: (handle_irq_event_percpu) 
          <idle>-0     [000] d.h.   292.482202: __handle_irq_event_percpu: [+] irq: [56] handler: usb_hcd_irq+0x0/0x48 caller: (handle_irq_event_percpu) 
          <idle>-0     [000] d.h.   292.482322: __handle_irq_event_percpu: [+] irq: [56] handler: dwc_otg_common_irq+0x0/0x28 caller: (handle_irq_event_percpu) 
          <idle>-0     [000] d.h.   292.482326: __handle_irq_event_percpu: [+] irq: [56] handler: dwc_otg_pcd_irq+0x0/0x28 caller: (handle_irq_event_percpu) 
          <idle>-0     [000] d.h.   292.482329: __handle_irq_event_percpu: [+] irq: [56] handler: usb_hcd_irq+0x0/0x48 caller: (handle_irq_event_percpu) 
          <idle>-0     [000] d.h.   292.490195: __handle_irq_event_percpu: [+] irq: [56] handler: dwc_otg_common_irq+0x0/0x28 caller: (handle_irq_event_percpu) 
          <idle>-0     [000] d.h.   292.490199: __handle_irq_event_percpu: [+] irq: [56] handler: dwc_otg_pcd_irq+0x0/0x28 caller: (handle_irq_event_percpu) 
          <idle>-0     [000] d.h.   292.490202: __handle_irq_event_percpu: [+] irq: [56] handler: usb_hcd_irq+0x0/0x48 caller: (handle_irq_event_percpu) 
          <idle>-0     [000] d.h.   292.490322: __handle_irq_event_percpu: [+] irq: [56] handler: dwc_otg_common_irq+0x0/0x28 caller: (handle_irq_event_percpu) 
          <idle>-0     [000] d.h.   292.490326: __handle_irq_event_percpu: [+] irq: [56] handler: dwc_otg_pcd_irq+0x0/0x28 caller: (handle_irq_event_percpu) 
          <idle>-0     [000] d.h.   292.490330: __handle_irq_event_percpu: [+] irq: [56] handler: usb_hcd_irq+0x0/0x48 caller: (handle_irq_event_percpu) 
          <idle>-0     [000] d.h.   292.496582: __handle_irq_event_percpu: [+] irq: [86] handler: bcm2835_mmc_irq+0x0/0x6ec caller: (handle_irq_event_percpu) 
          <idle>-0     [002] dnh.   292.496605: sched_wakeup: comm=irq/86-mmc1 pid=80 prio=49 target_cpu=002
          <idle>-0     [002] d...   292.496620: sched_switch: prev_comm=swapper/2 prev_pid=0 prev_prio=120 prev_state=R ==> next_comm=irq/86-mmc1 next_pid=80 next_prio=49
     irq/86-mmc1-80    [002] d...   292.496698: timer_start: timer=9e1bef99 function=bcm2835_mmc_timeout_timer expires=248 [timeout=1000] cpu=2 idx=131 flags=
          <idle>-0     [000] d.h.   292.496710: __handle_irq_event_percpu: [+] irq: [86] handler: bcm2835_mmc_irq+0x0/0x6ec caller: (handle_irq_event_percpu) 
     irq/86-mmc1-80    [002] d...   292.496716: sched_switch: prev_comm=irq/86-mmc1 prev_pid=80 prev_prio=49 prev_state=D ==> next_comm=swapper/2 next_pid=0 next_prio=120
          <idle>-0     [000] d.s.   292.496721: timer_cancel: timer=9e1bef99
          <idle>-0     [002] dnh.   292.496731: sched_wakeup: comm=irq/86-mmc1 pid=80 prio=49 target_cpu=002
          <idle>-0     [002] d...   292.496738: sched_switch: prev_comm=swapper/2 prev_pid=0 prev_prio=120 prev_state=R ==> next_comm=irq/86-mmc1 next_pid=80 next_prio=49
     irq/86-mmc1-80    [002] d...   292.496755: timer_start: timer=9e1bef99 function=bcm2835_mmc_timeout_timer expires=248 [timeout=1000] cpu=2 idx=132 flags=
          <idle>-0     [000] d.h.   292.496774: __handle_irq_event_percpu: [+] irq: [86] handler: bcm2835_mmc_irq+0x0/0x6ec caller: (handle_irq_event_percpu) 
     irq/86-mmc1-80    [002] d...   292.496775: sched_switch: prev_comm=irq/86-mmc1 prev_pid=80 prev_prio=49 prev_state=D ==> next_comm=swapper/2 next_pid=0 next_prio=120
          <idle>-0     [000] d.s.   292.496787: timer_cancel: timer=9e1bef99
          <idle>-0     [002] dnh.   292.496796: sched_wakeup: comm=irq/86-mmc1 pid=80 prio=49 target_cpu=002
          <idle>-0     [002] d...   292.496803: sched_switch: prev_comm=swapper/2 prev_pid=0 prev_prio=120 prev_state=R ==> next_comm=irq/86-mmc1 next_pid=80 next_prio=49
     irq/86-mmc1-80    [002] d...   292.496811: timer_start: timer=9e1bef99 function=bcm2835_mmc_timeout_timer expires=248 [timeout=1000] cpu=2 idx=132 flags=
          <idle>-0     [000] d.h.   292.496828: __handle_irq_event_percpu: [+] irq: [86] handler: bcm2835_mmc_irq+0x0/0x6ec caller: (handle_irq_event_percpu) 
     irq/86-mmc1-80    [002] d...   292.496828: sched_switch: prev_comm=irq/86-mmc1 prev_pid=80 prev_prio=49 prev_state=D ==> next_comm=swapper/2 next_pid=0 next_prio=120
          <idle>-0     [000] d.h.   292.496837: __handle_irq_event_percpu: [+] irq: [86] handler: bcm2835_mmc_irq+0x0/0x6ec caller: (handle_irq_event_percpu) 
          <idle>-0     [000] d.s.   292.496844: timer_cancel: timer=9e1bef99
          <idle>-0     [002] dnh.   292.496852: sched_wakeup: comm=irq/86-mmc1 pid=80 prio=49 target_cpu=002
          <idle>-0     [002] d...   292.496859: sched_switch: prev_comm=swapper/2 prev_pid=0 prev_prio=120 prev_state=R ==> next_comm=irq/86-mmc1 next_pid=80 next_prio=49
     irq/86-mmc1-80    [002] d...   292.496866: workqueue_queue_work: work struct=15323760 function=brcmf_sdio_dataworker [brcmfmac] workqueue=6549a096 req_cpu=4 cpu=4294967295
     irq/86-mmc1-80    [002] d...   292.496868: workqueue_activate_work: work struct 15323760
     irq/86-mmc1-80    [002] d...   292.496870: insert_work <-__queue_work
     irq/86-mmc1-80    [002] d...   292.496909: <stack trace>
 => insert_work
 => __queue_work
 => queue_work_on
 => brcmf_sdio_isr
 => brcmf_sdiod_ib_irqhandler
 => process_sdio_pending_irqs
 => sdio_run_irqs
 => bcm2835_mmc_thread_irq
 => irq_thread_fn
 => irq_thread
 => kthread
 => ret_from_fork
 => 0
          <idle>-0     [001] dnh.   292.496923: sched_wakeup: comm=kworker/u8:1 pid=45 prio=120 target_cpu=001
     irq/86-mmc1-80    [002] d...   292.496928: sched_switch: prev_comm=irq/86-mmc1 prev_pid=80 prev_prio=49 prev_state=S ==> next_comm=swapper/2 next_pid=0 next_prio=120
          <idle>-0     [001] d...   292.496938: sched_switch: prev_comm=swapper/1 prev_pid=0 prev_prio=120 prev_state=R ==> next_comm=kworker/u8:1 next_pid=45 next_prio=120
    kworker/u8:1-45    [001] ....   292.496947: workqueue_execute_start: work struct 15323760: function brcmf_sdio_dataworker [brcmfmac]
    kworker/u8:1-45    [001] d...   292.496959: timer_start: timer=9e1bef99 function=bcm2835_mmc_timeout_timer expires=248 [timeout=1000] cpu=1 idx=132 flags=
          <idle>-0     [000] d.h.   292.496970: __handle_irq_event_percpu: [+] irq: [86] handler: bcm2835_mmc_irq+0x0/0x6ec caller: (handle_irq_event_percpu) 
    kworker/u8:1-45    [001] d...   292.496972: sched_switch: prev_comm=kworker/u8:1 prev_pid=45 prev_prio=120 prev_state=D ==> next_comm=swapper/1 next_pid=0 next_prio=120
          <idle>-0     [000] d.s.   292.496978: timer_cancel: timer=9e1bef99
          <idle>-0     [001] dnh.   292.496991: sched_wakeup: comm=kworker/u8:1 pid=45 prio=120 target_cpu=001
          <idle>-0     [001] d...   292.497002: sched_switch: prev_comm=swapper/1 prev_pid=0 prev_prio=120 prev_state=R ==> next_comm=kworker/u8:1 next_pid=45 next_prio=120
    kworker/u8:1-45    [001] d...   292.497015: sched_switch: prev_comm=kworker/u8:1 prev_pid=45 prev_prio=120 prev_state=D ==> next_comm=swapper/1 next_pid=0 next_prio=120
          <idle>-0     [000] d.h.   292.498195: __handle_irq_event_percpu: [+] irq: [56] handler: dwc_otg_common_irq+0x0/0x28 caller: (handle_irq_event_percpu) 
          <idle>-0     [000] d.h.   292.498199: __handle_irq_event_percpu: [+] irq: [56] handler: dwc_otg_pcd_irq+0x0/0x28 caller: (handle_irq_event_percpu) 
          <idle>-0     [000] d.h.   292.498202: __handle_irq_event_percpu: [+] irq: [56] handler: usb_hcd_irq+0x0/0x48 caller: (handle_irq_event_percpu) 
          <idle>-0     [000] d.h.   292.498322: __handle_irq_event_percpu: [+] irq: [56] handler: dwc_otg_common_irq+0x0/0x28 caller: (handle_irq_event_percpu) 
          <idle>-0     [000] d.h.   292.498326: __handle_irq_event_percpu: [+] irq: [56] handler: dwc_otg_pcd_irq+0x0/0x28 caller: (handle_irq_event_percpu) 
          <idle>-0     [000] d.h.   292.498329: __handle_irq_event_percpu: [+] irq: [56] handler: usb_hcd_irq+0x0/0x48 caller: (handle_irq_event_percpu) 
          <idle>-0     [001] dnh.   292.500017: sched_wakeup: comm=kworker/u8:1 pid=45 prio=120 target_cpu=001
          <idle>-0     [001] d...   292.500029: sched_switch: prev_comm=swapper/1 prev_pid=0 prev_prio=120 prev_state=R ==> next_comm=kworker/u8:1 next_pid=45 next_prio=120
    kworker/u8:1-45    [001] d...   292.500036: timer_start: timer=9e1bef99 function=bcm2835_mmc_timeout_timer expires=248 [timeout=1000] cpu=1 idx=132 flags=
          <idle>-0     [000] d.h.   292.500047: __handle_irq_event_percpu: [+] irq: [86] handler: bcm2835_mmc_irq+0x0/0x6ec caller: (handle_irq_event_percpu) 
    kworker/u8:1-45    [001] d...   292.500047: sched_switch: prev_comm=kworker/u8:1 prev_pid=45 prev_prio=120 prev_state=D ==> next_comm=swapper/1 next_pid=0 next_prio=120
          <idle>-0     [000] d.s.   292.500054: timer_cancel: timer=9e1bef99
          <idle>-0     [001] dnh.   292.500065: sched_wakeup: comm=kworker/u8:1 pid=45 prio=120 target_cpu=001
          <idle>-0     [001] d...   292.500075: sched_switch: prev_comm=swapper/1 prev_pid=0 prev_prio=120 prev_state=R ==> next_comm=kworker/u8:1 next_pid=45 next_prio=120
    kworker/u8:1-45    [001] d...   292.500083: timer_start: timer=207e6b2c function=brcmf_sdio_watchdog [brcmfmac] expires=4294966545 [timeout=1] cpu=1 idx=34 flags=
    kworker/u8:1-45    [001] d...   292.500100: timer_start: timer=9e1bef99 function=bcm2835_mmc_timeout_timer expires=248 [timeout=1000] cpu=1 idx=132 flags=
          <idle>-0     [000] d.h.   292.500118: __handle_irq_event_percpu: [+] irq: [86] handler: bcm2835_mmc_irq+0x0/0x6ec caller: (handle_irq_event_percpu) 
    kworker/u8:1-45    [001] d...   292.500119: sched_switch: prev_comm=kworker/u8:1 prev_pid=45 prev_prio=120 prev_state=D ==> next_comm=swapper/1 next_pid=0 next_prio=120
          <idle>-0     [000] d.s.   292.500131: timer_cancel: timer=9e1bef99
          <idle>-0     [001] dnh.   292.500141: sched_wakeup: comm=kworker/u8:1 pid=45 prio=120 target_cpu=001
          <idle>-0     [001] d...   292.500152: sched_switch: prev_comm=swapper/1 prev_pid=0 prev_prio=120 prev_state=R ==> next_comm=kworker/u8:1 next_pid=45 next_prio=120
    kworker/u8:1-45    [001] d...   292.500169: timer_start: timer=9e1bef99 function=bcm2835_mmc_timeout_timer expires=248 [timeout=1000] cpu=1 idx=132 flags=
    kworker/u8:1-45    [001] d...   292.500186: sched_switch: prev_comm=kworker/u8:1 prev_pid=45 prev_prio=120 prev_state=D ==> next_comm=swapper/1 next_pid=0 next_prio=120
          <idle>-0     [000] d.h.   292.500186: __handle_irq_event_percpu: [+] irq: [86] handler: bcm2835_mmc_irq+0x0/0x6ec caller: (handle_irq_event_percpu) 
          <idle>-0     [000] d.s.   292.500197: timer_cancel: timer=9e1bef99
          <idle>-0     [001] dnh.   292.500207: sched_wakeup: comm=kworker/u8:1 pid=45 prio=120 target_cpu=001
          <idle>-0     [001] d...   292.500218: sched_switch: prev_comm=swapper/1 prev_pid=0 prev_prio=120 prev_state=R ==> next_comm=kworker/u8:1 next_pid=45 next_prio=120
    kworker/u8:1-45    [001] d.s.   292.500302: sched_wakeup: comm=sshd pid=1208 prio=120 target_cpu=001
    kworker/u8:1-45    [001] d.s.   292.500311: timer_start: timer=ff4b7ab5 function=tcp_delack_timer expires=4294966548 [timeout=4] cpu=1 idx=21 flags=
    kworker/u8:1-45    [001] d...   292.500328: timer_start: timer=9e1bef99 function=bcm2835_mmc_timeout_timer expires=248 [timeout=1000] cpu=1 idx=132 flags=
          <idle>-0     [000] d.h.   292.500345: __handle_irq_event_percpu: [+] irq: [86] handler: bcm2835_mmc_irq+0x0/0x6ec caller: (handle_irq_event_percpu) 
    kworker/u8:1-45    [001] d...   292.500349: sched_switch: prev_comm=kworker/u8:1 prev_pid=45 prev_prio=120 prev_state=D ==> next_comm=sshd next_pid=1208 next_prio=120
          <idle>-0     [000] d.s.   292.500358: timer_cancel: timer=9e1bef99
            sshd-1208  [001] dnh.   292.500369: sched_wakeup: comm=kworker/u8:1 pid=45 prio=120 target_cpu=001
            sshd-1208  [001] d...   292.500379: sched_switch: prev_comm=sshd prev_pid=1208 prev_prio=120 prev_state=R+ ==> next_comm=kworker/u8:1 next_pid=45 next_prio=120
    kworker/u8:1-45    [001] ....   292.500390: workqueue_execute_end: work struct 15323760
    kworker/u8:1-45    [001] d...   292.500398: sched_switch: prev_comm=kworker/u8:1 prev_pid=45 prev_prio=120 prev_state=I ==> next_comm=sshd next_pid=1208 next_prio=120
            sshd-1208  [001] d...   292.500550: workqueue_queue_work: work struct=b14a9856 function=flush_to_ldisc workqueue=b404c34b req_cpu=4 cpu=4294967295
