          <idle>-0     [000] d.h.   292.642329: __handle_irq_event_percpu: [+] irq: [56] handler: usb_hcd_irq+0x0/0x48 caller: (handle_irq_event_percpu) 
          <idle>-0     [000] d.h.   292.650195: __handle_irq_event_percpu: [+] irq: [56] handler: dwc_otg_common_irq+0x0/0x28 caller: (handle_irq_event_percpu) 
          <idle>-0     [000] d.h.   292.650199: __handle_irq_event_percpu: [+] irq: [56] handler: dwc_otg_pcd_irq+0x0/0x28 caller: (handle_irq_event_percpu) 
          <idle>-0     [000] d.h.   292.650202: __handle_irq_event_percpu: [+] irq: [56] handler: usb_hcd_irq+0x0/0x48 caller: (handle_irq_event_percpu) 
          <idle>-0     [000] d.h.   292.650322: __handle_irq_event_percpu: [+] irq: [56] handler: dwc_otg_common_irq+0x0/0x28 caller: (handle_irq_event_percpu) 
          <idle>-0     [000] d.h.   292.650326: __handle_irq_event_percpu: [+] irq: [56] handler: dwc_otg_pcd_irq+0x0/0x28 caller: (handle_irq_event_percpu) 
          <idle>-0     [000] d.h.   292.650329: __handle_irq_event_percpu: [+] irq: [56] handler: usb_hcd_irq+0x0/0x48 caller: (handle_irq_event_percpu) 
          <idle>-0     [000] dnh.   292.653406: sched_wakeup: comm=mysqld pid=777 prio=120 target_cpu=000
          <idle>-0     [000] d...   292.653423: sched_switch: prev_comm=swapper/0 prev_pid=0 prev_prio=120 prev_state=R ==> next_comm=mysqld next_pid=777 next_prio=120
          mysqld-777   [000] d...   292.653471: sched_switch: prev_comm=mysqld prev_pid=777 prev_prio=120 prev_state=S ==> next_comm=swapper/0 next_pid=0 next_prio=120
          <idle>-0     [000] dnh.   292.653978: sched_wakeup: comm=mysqld pid=773 prio=120 target_cpu=000
          <idle>-0     [000] dnh.   292.653989: sched_wakeup: comm=mysqld pid=771 prio=120 target_cpu=000
          <idle>-0     [000] dnh.   292.653998: sched_wakeup: comm=mysqld pid=768 prio=120 target_cpu=000
          <idle>-0     [000] d...   292.654011: sched_switch: prev_comm=swapper/0 prev_pid=0 prev_prio=120 prev_state=R ==> next_comm=mysqld next_pid=771 next_prio=120
          mysqld-771   [000] d...   292.654039: sched_switch: prev_comm=mysqld prev_pid=771 prev_prio=120 prev_state=S ==> next_comm=mysqld next_pid=773 next_prio=120
          mysqld-773   [000] d...   292.654065: sched_switch: prev_comm=mysqld prev_pid=773 prev_prio=120 prev_state=S ==> next_comm=mysqld next_pid=768 next_prio=120
          mysqld-768   [000] d...   292.654101: sched_switch: prev_comm=mysqld prev_pid=768 prev_prio=120 prev_state=S ==> next_comm=swapper/0 next_pid=0 next_prio=120
          <idle>-0     [000] dnh.   292.657596: sched_wakeup: comm=mysqld pid=772 prio=120 target_cpu=000
          <idle>-0     [000] dnh.   292.657606: sched_wakeup: comm=mysqld pid=770 prio=120 target_cpu=000
          <idle>-0     [000] d...   292.657620: sched_switch: prev_comm=swapper/0 prev_pid=0 prev_prio=120 prev_state=R ==> next_comm=mysqld next_pid=772 next_prio=120
          mysqld-772   [000] d...   292.657647: sched_switch: prev_comm=mysqld prev_pid=772 prev_prio=120 prev_state=S ==> next_comm=mysqld next_pid=770 next_prio=120
          mysqld-770   [000] d...   292.657682: sched_switch: prev_comm=mysqld prev_pid=770 prev_prio=120 prev_state=S ==> next_comm=swapper/0 next_pid=0 next_prio=120
          <idle>-0     [000] d.h.   292.658197: __handle_irq_event_percpu: [+] irq: [56] handler: dwc_otg_common_irq+0x0/0x28 caller: (handle_irq_event_percpu) 
          <idle>-0     [000] d.h.   292.658202: __handle_irq_event_percpu: [+] irq: [56] handler: dwc_otg_pcd_irq+0x0/0x28 caller: (handle_irq_event_percpu) 
          <idle>-0     [000] d.h.   292.658205: __handle_irq_event_percpu: [+] irq: [56] handler: usb_hcd_irq+0x0/0x48 caller: (handle_irq_event_percpu) 
          <idle>-0     [000] d.h.   292.658322: __handle_irq_event_percpu: [+] irq: [56] handler: dwc_otg_common_irq+0x0/0x28 caller: (handle_irq_event_percpu) 
          <idle>-0     [000] d.h.   292.658327: __handle_irq_event_percpu: [+] irq: [56] handler: dwc_otg_pcd_irq+0x0/0x28 caller: (handle_irq_event_percpu) 
          <idle>-0     [000] d.h.   292.658330: __handle_irq_event_percpu: [+] irq: [56] handler: usb_hcd_irq+0x0/0x48 caller: (handle_irq_event_percpu) 
          <idle>-0     [000] d.h.   292.666198: __handle_irq_event_percpu: [+] irq: [56] handler: dwc_otg_common_irq+0x0/0x28 caller: (handle_irq_event_percpu) 
          <idle>-0     [000] d.h.   292.666203: __handle_irq_event_percpu: [+] irq: [56] handler: dwc_otg_pcd_irq+0x0/0x28 caller: (handle_irq_event_percpu) 
          <idle>-0     [000] d.h.   292.666208: __handle_irq_event_percpu: [+] irq: [56] handler: usb_hcd_irq+0x0/0x48 caller: (handle_irq_event_percpu) 
          <idle>-0     [000] d.h.   292.666322: __handle_irq_event_percpu: [+] irq: [56] handler: dwc_otg_common_irq+0x0/0x28 caller: (handle_irq_event_percpu) 
          <idle>-0     [000] d.h.   292.666326: __handle_irq_event_percpu: [+] irq: [56] handler: dwc_otg_pcd_irq+0x0/0x28 caller: (handle_irq_event_percpu) 
          <idle>-0     [000] d.h.   292.666329: __handle_irq_event_percpu: [+] irq: [56] handler: usb_hcd_irq+0x0/0x48 caller: (handle_irq_event_percpu) 
          <idle>-0     [000] dnh.   292.666880: sched_wakeup: comm=mosquitto pid=469 prio=120 target_cpu=000
          <idle>-0     [000] dnh.   292.666890: workqueue_queue_work: work struct=e3e4ea21 function=dbs_work_handler workqueue=0f1ce6da req_cpu=0 cpu=0
          <idle>-0     [000] dnh.   292.666892: workqueue_activate_work: work struct e3e4ea21
          <idle>-0     [000] dnh.   292.666894: insert_work <-__queue_work
          <idle>-0     [000] dnh.   292.666930: <stack trace>
 => insert_work
 => __queue_work
 => queue_work_on
 => dbs_irq_work
 => irq_work_run_list
 => irq_work_run
 => handle_IPI
 => bcm2836_arm_irqchip_handle_irq
 => __irq_svc
 => arch_cpu_idle
 => arch_cpu_idle
 => default_idle_call
 => do_idle
 => cpu_startup_entry
 => rest_init
 => start_kernel
          <idle>-0     [000] dnh.   292.666937: sched_wakeup: comm=kworker/0:0 pid=5 prio=120 target_cpu=000
          <idle>-0     [000] d...   292.666953: sched_switch: prev_comm=swapper/0 prev_pid=0 prev_prio=120 prev_state=R ==> next_comm=mosquitto next_pid=469 next_prio=120
       mosquitto-469   [000] d...   292.666986: sched_switch: prev_comm=mosquitto prev_pid=469 prev_prio=120 prev_state=S ==> next_comm=kworker/0:0 next_pid=5 next_prio=120
     kworker/0:0-5     [000] ....   292.666991: workqueue_execute_start: work struct e3e4ea21: function dbs_work_handler
     kworker/0:0-5     [000] ....   292.667001: workqueue_execute_end: work struct e3e4ea21
     kworker/0:0-5     [000] d...   292.667032: sched_switch: prev_comm=kworker/0:0 prev_pid=5 prev_prio=120 prev_state=I ==> next_comm=swapper/0 next_pid=0 next_prio=120
          <idle>-0     [000] d.h.   292.674197: __handle_irq_event_percpu: [+] irq: [56] handler: dwc_otg_common_irq+0x0/0x28 caller: (handle_irq_event_percpu) 
          <idle>-0     [000] d.h.   292.674203: __handle_irq_event_percpu: [+] irq: [56] handler: dwc_otg_pcd_irq+0x0/0x28 caller: (handle_irq_event_percpu) 
          <idle>-0     [000] d.h.   292.674206: __handle_irq_event_percpu: [+] irq: [56] handler: usb_hcd_irq+0x0/0x48 caller: (handle_irq_event_percpu) 
          <idle>-0     [000] d.h.   292.674322: __handle_irq_event_percpu: [+] irq: [56] handler: dwc_otg_common_irq+0x0/0x28 caller: (handle_irq_event_percpu) 
          <idle>-0     [000] d.h.   292.674326: __handle_irq_event_percpu: [+] irq: [56] handler: dwc_otg_pcd_irq+0x0/0x28 caller: (handle_irq_event_percpu) 
          <idle>-0     [000] d.h.   292.674330: __handle_irq_event_percpu: [+] irq: [56] handler: usb_hcd_irq+0x0/0x48 caller: (handle_irq_event_percpu) 
          <idle>-0     [000] d.h.   292.682198: __handle_irq_event_percpu: [+] irq: [56] handler: dwc_otg_common_irq+0x0/0x28 caller: (handle_irq_event_percpu) 
          <idle>-0     [000] d.h.   292.682203: __handle_irq_event_percpu: [+] irq: [56] handler: dwc_otg_pcd_irq+0x0/0x28 caller: (handle_irq_event_percpu) 
          <idle>-0     [000] d.h.   292.682206: __handle_irq_event_percpu: [+] irq: [56] handler: usb_hcd_irq+0x0/0x48 caller: (handle_irq_event_percpu) 
          <idle>-0     [000] d.h.   292.682322: __handle_irq_event_percpu: [+] irq: [56] handler: dwc_otg_common_irq+0x0/0x28 caller: (handle_irq_event_percpu) 
          <idle>-0     [000] d.h.   292.682327: __handle_irq_event_percpu: [+] irq: [56] handler: dwc_otg_pcd_irq+0x0/0x28 caller: (handle_irq_event_percpu) 
          <idle>-0     [000] d.h.   292.682330: __handle_irq_event_percpu: [+] irq: [56] handler: usb_hcd_irq+0x0/0x48 caller: (handle_irq_event_percpu) 
          <idle>-0     [000] d.h.   292.688195: __handle_irq_event_percpu: [+] irq: [56] handler: dwc_otg_common_irq+0x0/0x28 caller: (handle_irq_event_percpu) 
          <idle>-0     [000] d.h.   292.688199: __handle_irq_event_percpu: [+] irq: [56] handler: dwc_otg_pcd_irq+0x0/0x28 caller: (handle_irq_event_percpu) 
          <idle>-0     [000] d.h.   292.688202: __handle_irq_event_percpu: [+] irq: [56] handler: usb_hcd_irq+0x0/0x48 caller: (handle_irq_event_percpu) 
          <idle>-0     [000] d.h.   292.688321: __handle_irq_event_percpu: [+] irq: [56] handler: dwc_otg_common_irq+0x0/0x28 caller: (handle_irq_event_percpu) 
          <idle>-0     [000] d.h.   292.688326: __handle_irq_event_percpu: [+] irq: [56] handler: dwc_otg_pcd_irq+0x0/0x28 caller: (handle_irq_event_percpu) 
          <idle>-0     [000] d.h.   292.688329: __handle_irq_event_percpu: [+] irq: [56] handler: usb_hcd_irq+0x0/0x48 caller: (handle_irq_event_percpu) 
          <idle>-0     [000] d.h.   292.690195: __handle_irq_event_percpu: [+] irq: [56] handler: dwc_otg_common_irq+0x0/0x28 caller: (handle_irq_event_percpu) 
          <idle>-0     [000] d.h.   292.690199: __handle_irq_event_percpu: [+] irq: [56] handler: dwc_otg_pcd_irq+0x0/0x28 caller: (handle_irq_event_percpu) 
          <idle>-0     [000] d.h.   292.690202: __handle_irq_event_percpu: [+] irq: [56] handler: usb_hcd_irq+0x0/0x48 caller: (handle_irq_event_percpu) 
          <idle>-0     [000] d.h.   292.690322: __handle_irq_event_percpu: [+] irq: [56] handler: dwc_otg_common_irq+0x0/0x28 caller: (handle_irq_event_percpu) 
          <idle>-0     [000] d.h.   292.690326: __handle_irq_event_percpu: [+] irq: [56] handler: dwc_otg_pcd_irq+0x0/0x28 caller: (handle_irq_event_percpu) 
          <idle>-0     [000] d.h.   292.690329: __handle_irq_event_percpu: [+] irq: [56] handler: usb_hcd_irq+0x0/0x48 caller: (handle_irq_event_percpu) 
          <idle>-0     [000] d.h.   292.698198: __handle_irq_event_percpu: [+] irq: [56] handler: dwc_otg_common_irq+0x0/0x28 caller: (handle_irq_event_percpu) 
          <idle>-0     [000] d.h.   292.698202: __handle_irq_event_percpu: [+] irq: [56] handler: dwc_otg_pcd_irq+0x0/0x28 caller: (handle_irq_event_percpu) 
          <idle>-0     [000] d.h.   292.698205: __handle_irq_event_percpu: [+] irq: [56] handler: usb_hcd_irq+0x0/0x48 caller: (handle_irq_event_percpu) 
          <idle>-0     [000] d.h.   292.698322: __handle_irq_event_percpu: [+] irq: [56] handler: dwc_otg_common_irq+0x0/0x28 caller: (handle_irq_event_percpu) 
          <idle>-0     [000] d.h.   292.698326: __handle_irq_event_percpu: [+] irq: [56] handler: dwc_otg_pcd_irq+0x0/0x28 caller: (handle_irq_event_percpu) 
          <idle>-0     [000] d.h.   292.698329: __handle_irq_event_percpu: [+] irq: [56] handler: usb_hcd_irq+0x0/0x48 caller: (handle_irq_event_percpu) 
          <idle>-0     [000] d.h.   292.706197: __handle_irq_event_percpu: [+] irq: [56] handler: dwc_otg_common_irq+0x0/0x28 caller: (handle_irq_event_percpu) 
          <idle>-0     [000] d.h.   292.706201: __handle_irq_event_percpu: [+] irq: [56] handler: dwc_otg_pcd_irq+0x0/0x28 caller: (handle_irq_event_percpu) 
          <idle>-0     [000] d.h.   292.706205: __handle_irq_event_percpu: [+] irq: [56] handler: usb_hcd_irq+0x0/0x48 caller: (handle_irq_event_percpu) 
          <idle>-0     [000] d.h.   292.706322: __handle_irq_event_percpu: [+] irq: [56] handler: dwc_otg_common_irq+0x0/0x28 caller: (handle_irq_event_percpu) 
          <idle>-0     [000] d.h.   292.706326: __handle_irq_event_percpu: [+] irq: [56] handler: dwc_otg_pcd_irq+0x0/0x28 caller: (handle_irq_event_percpu) 
          <idle>-0     [000] d.h.   292.706329: __handle_irq_event_percpu: [+] irq: [56] handler: usb_hcd_irq+0x0/0x48 caller: (handle_irq_event_percpu) 
          <idle>-0     [000] d.h.   292.709062: __handle_irq_event_percpu: [+] irq: [86] handler: bcm2835_mmc_irq+0x0/0x6ec caller: (handle_irq_event_percpu) 
          <idle>-0     [002] dnh.   292.709083: sched_wakeup: comm=irq/86-mmc1 pid=80 prio=49 target_cpu=002
          <idle>-0     [002] d...   292.709099: sched_switch: prev_comm=swapper/2 prev_pid=0 prev_prio=120 prev_state=R ==> next_comm=irq/86-mmc1 next_pid=80 next_prio=49
     irq/86-mmc1-80    [002] d...   292.709173: timer_start: timer=9e1bef99 function=bcm2835_mmc_timeout_timer expires=269 [timeout=1000] cpu=2 idx=132 flags=
          <idle>-0     [000] d.h.   292.709185: __handle_irq_event_percpu: [+] irq: [86] handler: bcm2835_mmc_irq+0x0/0x6ec caller: (handle_irq_event_percpu) 
          <idle>-0     [000] d.s.   292.709193: timer_cancel: timer=9e1bef99
     irq/86-mmc1-80    [002] d...   292.709207: sched_switch: prev_comm=irq/86-mmc1 prev_pid=80 prev_prio=49 prev_state=D ==> next_comm=swapper/2 next_pid=0 next_prio=120
          <idle>-0     [002] dnh.   292.709216: sched_wakeup: comm=irq/86-mmc1 pid=80 prio=49 target_cpu=002
          <idle>-0     [002] d...   292.709223: sched_switch: prev_comm=swapper/2 prev_pid=0 prev_prio=120 prev_state=R ==> next_comm=irq/86-mmc1 next_pid=80 next_prio=49
     irq/86-mmc1-80    [002] d...   292.709237: timer_start: timer=9e1bef99 function=bcm2835_mmc_timeout_timer expires=269 [timeout=1000] cpu=2 idx=133 flags=
          <idle>-0     [000] d.h.   292.709256: __handle_irq_event_percpu: [+] irq: [86] handler: bcm2835_mmc_irq+0x0/0x6ec caller: (handle_irq_event_percpu) 
     irq/86-mmc1-80    [002] d...   292.709256: sched_switch: prev_comm=irq/86-mmc1 prev_pid=80 prev_prio=49 prev_state=D ==> next_comm=swapper/2 next_pid=0 next_prio=120
          <idle>-0     [000] d.s.   292.709269: timer_cancel: timer=9e1bef99
          <idle>-0     [002] dnh.   292.709279: sched_wakeup: comm=irq/86-mmc1 pid=80 prio=49 target_cpu=002
          <idle>-0     [002] d...   292.709286: sched_switch: prev_comm=swapper/2 prev_pid=0 prev_prio=120 prev_state=R ==> next_comm=irq/86-mmc1 next_pid=80 next_prio=49
     irq/86-mmc1-80    [002] d...   292.709293: timer_start: timer=9e1bef99 function=bcm2835_mmc_timeout_timer expires=269 [timeout=1000] cpu=2 idx=133 flags=
          <idle>-0     [000] d.h.   292.709310: __handle_irq_event_percpu: [+] irq: [86] handler: bcm2835_mmc_irq+0x0/0x6ec caller: (handle_irq_event_percpu) 
     irq/86-mmc1-80    [002] d...   292.709311: sched_switch: prev_comm=irq/86-mmc1 prev_pid=80 prev_prio=49 prev_state=D ==> next_comm=swapper/2 next_pid=0 next_prio=120
          <idle>-0     [000] d.h.   292.709319: __handle_irq_event_percpu: [+] irq: [86] handler: bcm2835_mmc_irq+0x0/0x6ec caller: (handle_irq_event_percpu) 
          <idle>-0     [000] d.s.   292.709326: timer_cancel: timer=9e1bef99
          <idle>-0     [002] dnh.   292.709335: sched_wakeup: comm=irq/86-mmc1 pid=80 prio=49 target_cpu=002
          <idle>-0     [002] d...   292.709342: sched_switch: prev_comm=swapper/2 prev_pid=0 prev_prio=120 prev_state=R ==> next_comm=irq/86-mmc1 next_pid=80 next_prio=49
     irq/86-mmc1-80    [002] d...   292.709348: workqueue_queue_work: work struct=15323760 function=brcmf_sdio_dataworker [brcmfmac] workqueue=6549a096 req_cpu=4 cpu=4294967295
     irq/86-mmc1-80    [002] d...   292.709350: workqueue_activate_work: work struct 15323760
     irq/86-mmc1-80    [002] d...   292.709352: insert_work <-__queue_work
     irq/86-mmc1-80    [002] d...   292.709387: <stack trace>
 => insert_work
 => __queue_work
 => queue_work_on
 => brcmf_sdio_isr
 => brcmf_sdiod_ib_irqhandler
 => process_sdio_pending_irqs
 => sdio_run_irqs
 => bcm2835_mmc_thread_irq
 => irq_thread_fn
 => irq_thread
 => kthread
 => ret_from_fork
 => 0
          <idle>-0     [001] dnh.   292.709400: sched_wakeup: comm=kworker/u8:1 pid=45 prio=120 target_cpu=001
     irq/86-mmc1-80    [002] d...   292.709405: sched_switch: prev_comm=irq/86-mmc1 prev_pid=80 prev_prio=49 prev_state=S ==> next_comm=swapper/2 next_pid=0 next_prio=120
          <idle>-0     [001] d...   292.709414: sched_switch: prev_comm=swapper/1 prev_pid=0 prev_prio=120 prev_state=R ==> next_comm=kworker/u8:1 next_pid=45 next_prio=120
    kworker/u8:1-45    [001] ....   292.709421: workqueue_execute_start: work struct 15323760: function brcmf_sdio_dataworker [brcmfmac]
    kworker/u8:1-45    [001] d...   292.709432: timer_start: timer=9e1bef99 function=bcm2835_mmc_timeout_timer expires=269 [timeout=1000] cpu=1 idx=133 flags=
          <idle>-0     [000] d.h.   292.709443: __handle_irq_event_percpu: [+] irq: [86] handler: bcm2835_mmc_irq+0x0/0x6ec caller: (handle_irq_event_percpu) 
    kworker/u8:1-45    [001] d...   292.709447: sched_switch: prev_comm=kworker/u8:1 prev_pid=45 prev_prio=120 prev_state=D ==> next_comm=swapper/1 next_pid=0 next_prio=120
          <idle>-0     [000] d.s.   292.709451: timer_cancel: timer=9e1bef99
          <idle>-0     [001] dnh.   292.709464: sched_wakeup: comm=kworker/u8:1 pid=45 prio=120 target_cpu=001
          <idle>-0     [001] d...   292.709475: sched_switch: prev_comm=swapper/1 prev_pid=0 prev_prio=120 prev_state=R ==> next_comm=kworker/u8:1 next_pid=45 next_prio=120
    kworker/u8:1-45    [001] d...   292.709486: sched_switch: prev_comm=kworker/u8:1 prev_pid=45 prev_prio=120 prev_state=D ==> next_comm=swapper/1 next_pid=0 next_prio=120
          <idle>-0     [002] dnh.   292.711340: sched_wakeup: comm=in:imklog pid=421 prio=120 target_cpu=002
          <idle>-0     [002] dnh.   292.711350: sched_wakeup: comm=systemd-journal pid=114 prio=120 target_cpu=002
          <idle>-0     [002] d...   292.711379: sched_switch: prev_comm=swapper/2 prev_pid=0 prev_prio=120 prev_state=R ==> next_comm=in:imklog next_pid=421 next_prio=120
          <idle>-0     [001] dnh.   292.711534: sched_wakeup: comm=rs:main Q:Reg pid=422 prio=120 target_cpu=001
          <idle>-0     [001] d...   292.711544: sched_switch: prev_comm=swapper/1 prev_pid=0 prev_prio=120 prev_state=R ==> next_comm=rs:main Q:Reg next_pid=422 next_prio=120
       in:imklog-421   [002] d...   292.711569: sched_switch: prev_comm=in:imklog prev_pid=421 prev_prio=120 prev_state=S ==> next_comm=systemd-journal next_pid=114 next_prio=120
 systemd-journal-114   [002] dnh.   292.711584: sched_wakeup: comm=in:imklog pid=421 prio=120 target_cpu=002
 systemd-journal-114   [002] d...   292.711594: sched_switch: prev_comm=systemd-journal prev_pid=114 prev_prio=120 prev_state=R+ ==> next_comm=in:imklog next_pid=421 next_prio=120
       in:imklog-421   [002] d...   292.711698: sched_switch: prev_comm=in:imklog prev_pid=421 prev_prio=120 prev_state=S ==> next_comm=systemd-journal next_pid=114 next_prio=120
   rs:main Q:Reg-422   [001] d...   292.711926: sched_switch: prev_comm=rs:main Q:Reg prev_pid=422 prev_prio=120 prev_state=S ==> next_comm=swapper/1 next_pid=0 next_prio=120
          <idle>-0     [001] dnh.   292.712496: sched_wakeup: comm=kworker/u8:1 pid=45 prio=120 target_cpu=001
          <idle>-0     [001] d...   292.712513: sched_switch: prev_comm=swapper/1 prev_pid=0 prev_prio=120 prev_state=R ==> next_comm=kworker/u8:1 next_pid=45 next_prio=120
    kworker/u8:1-45    [001] d...   292.712523: timer_start: timer=9e1bef99 function=bcm2835_mmc_timeout_timer expires=270 [timeout=1000] cpu=1 idx=133 flags=
    kworker/u8:1-45    [001] d...   292.712536: sched_switch: prev_comm=kworker/u8:1 prev_pid=45 prev_prio=120 prev_state=D ==> next_comm=swapper/1 next_pid=0 next_prio=120
          <idle>-0     [000] d.h.   292.712538: __handle_irq_event_percpu: [+] irq: [86] handler: bcm2835_mmc_irq+0x0/0x6ec caller: (handle_irq_event_percpu) 
          <idle>-0     [000] d.s.   292.712547: timer_cancel: timer=9e1bef99
          <idle>-0     [001] dnh.   292.712558: sched_wakeup: comm=kworker/u8:1 pid=45 prio=120 target_cpu=001
          <idle>-0     [001] d...   292.712570: sched_switch: prev_comm=swapper/1 prev_pid=0 prev_prio=120 prev_state=R ==> next_comm=kworker/u8:1 next_pid=45 next_prio=120
    kworker/u8:1-45    [001] d...   292.712578: timer_start: timer=207e6b2c function=brcmf_sdio_watchdog [brcmfmac] expires=4294966567 [timeout=1] cpu=1 idx=23 flags=
    kworker/u8:1-45    [001] d...   292.712600: timer_start: timer=9e1bef99 function=bcm2835_mmc_timeout_timer expires=270 [timeout=1000] cpu=1 idx=133 flags=
          <idle>-0     [000] d.h.   292.712618: __handle_irq_event_percpu: [+] irq: [86] handler: bcm2835_mmc_irq+0x0/0x6ec caller: (handle_irq_event_percpu) 
    kworker/u8:1-45    [001] d...   292.712618: sched_switch: prev_comm=kworker/u8:1 prev_pid=45 prev_prio=120 prev_state=D ==> next_comm=swapper/1 next_pid=0 next_prio=120
          <idle>-0     [000] d.s.   292.712631: timer_cancel: timer=9e1bef99
          <idle>-0     [001] dnh.   292.712641: sched_wakeup: comm=kworker/u8:1 pid=45 prio=120 target_cpu=001
          <idle>-0     [001] d...   292.712652: sched_switch: prev_comm=swapper/1 prev_pid=0 prev_prio=120 prev_state=R ==> next_comm=kworker/u8:1 next_pid=45 next_prio=120
    kworker/u8:1-45    [001] d...   292.712672: timer_start: timer=9e1bef99 function=bcm2835_mmc_timeout_timer expires=270 [timeout=1000] cpu=1 idx=133 flags=
          <idle>-0     [000] d.h.   292.712690: __handle_irq_event_percpu: [+] irq: [86] handler: bcm2835_mmc_irq+0x0/0x6ec caller: (handle_irq_event_percpu) 
    kworker/u8:1-45    [001] d...   292.712691: sched_switch: prev_comm=kworker/u8:1 prev_pid=45 prev_prio=120 prev_state=D ==> next_comm=swapper/1 next_pid=0 next_prio=120
          <idle>-0     [000] d.s.   292.712702: timer_cancel: timer=9e1bef99
          <idle>-0     [001] dnh.   292.712711: sched_wakeup: comm=kworker/u8:1 pid=45 prio=120 target_cpu=001
          <idle>-0     [001] d...   292.712722: sched_switch: prev_comm=swapper/1 prev_pid=0 prev_prio=120 prev_state=R ==> next_comm=kworker/u8:1 next_pid=45 next_prio=120
    kworker/u8:1-45    [001] d.s.   292.712803: sched_wakeup: comm=sshd pid=1208 prio=120 target_cpu=001
    kworker/u8:1-45    [001] d.s.   292.712810: timer_start: timer=ff4b7ab5 function=tcp_delack_timer expires=4294966570 [timeout=4] cpu=1 idx=21 flags=
    kworker/u8:1-45    [001] d...   292.712827: timer_start: timer=9e1bef99 function=bcm2835_mmc_timeout_timer expires=270 [timeout=1000] cpu=1 idx=133 flags=
          <idle>-0     [000] d.h.   292.712845: __handle_irq_event_percpu: [+] irq: [86] handler: bcm2835_mmc_irq+0x0/0x6ec caller: (handle_irq_event_percpu) 
    kworker/u8:1-45    [001] d...   292.712848: sched_switch: prev_comm=kworker/u8:1 prev_pid=45 prev_prio=120 prev_state=D ==> next_comm=sshd next_pid=1208 next_prio=120
          <idle>-0     [000] d.s.   292.712858: timer_cancel: timer=9e1bef99
            sshd-1208  [001] d.h.   292.712868: sched_wakeup: comm=kworker/u8:1 pid=45 prio=120 target_cpu=001
            sshd-1208  [001] d...   292.713019: workqueue_queue_work: work struct=b14a9856 function=flush_to_ldisc workqueue=b404c34b req_cpu=4 cpu=4294967295
            sshd-1208  [001] d...   292.713022: workqueue_activate_work: work struct b14a9856
            sshd-1208  [001] d...   292.713025: insert_work <-__queue_work
            sshd-1208  [001] d...   292.713062: <stack trace>
 => insert_work
 => __queue_work
 => queue_work_on
 => tty_flip_buffer_push
 => pty_write
 => n_tty_write
 => tty_write
 => __vfs_write
 => vfs_write
 => ksys_write
 => sys_write
 => ret_fast_syscall
 => 0x7ef64220
          <idle>-0     [000] dnh.   292.713077: sched_wakeup: comm=kworker/u8:0 pid=7 prio=120 target_cpu=000
          <idle>-0     [000] d...   292.713093: sched_switch: prev_comm=swapper/0 prev_pid=0 prev_prio=120 prev_state=R ==> next_comm=kworker/u8:0 next_pid=7 next_prio=120
    kworker/u8:0-7     [000] ....   292.713102: workqueue_execute_start: work struct b14a9856: function flush_to_ldisc
            sshd-1208  [001] d...   292.713113: sched_switch: prev_comm=sshd prev_pid=1208 prev_prio=120 prev_state=S ==> next_comm=kworker/u8:1 next_pid=45 next_prio=120
    kworker/u8:0-7     [000] d...   292.713121: sched_wakeup: comm=bash pid=1238 prio=120 target_cpu=000
    kworker/u8:0-7     [000] ....   292.713126: workqueue_execute_end: work struct b14a9856
    kworker/u8:1-45    [001] ....   292.713127: workqueue_execute_end: work struct 15323760
    kworker/u8:0-7     [000] d...   292.713136: sched_switch: prev_comm=kworker/u8:0 prev_pid=7 prev_prio=120 prev_state=I ==> next_comm=bash next_pid=1238 next_prio=120
    kworker/u8:1-45    [001] d...   292.713151: sched_switch: prev_comm=kworker/u8:1 prev_pid=45 prev_prio=120 prev_state=I ==> next_comm=swapper/1 next_pid=0 next_prio=120
            bash-1238  [000] d...   292.713217: workqueue_queue_work: work struct=d6b0cc88 function=flush_to_ldisc workqueue=b404c34b req_cpu=4 cpu=4294967295
            bash-1238  [000] d...   292.713221: workqueue_activate_work: work struct d6b0cc88
            bash-1238  [000] d...   292.713223: insert_work <-__queue_work
            bash-1238  [000] d...   292.713249: <stack trace>
 => insert_work
 => __queue_work
 => queue_work_on
 => tty_flip_buffer_push
 => pty_write
 => n_tty_write
 => tty_write
 => __vfs_write
 => vfs_write
 => ksys_write
 => sys_write
 => ret_fast_syscall
 => 0x7ea29aa8
          <idle>-0     [001] dnh.   292.713261: sched_wakeup: comm=kworker/u8:1 pid=45 prio=120 target_cpu=001
          <idle>-0     [001] d...   292.713274: sched_switch: prev_comm=swapper/1 prev_pid=0 prev_prio=120 prev_state=R ==> next_comm=kworker/u8:1 next_pid=45 next_prio=120
    kworker/u8:1-45    [001] ....   292.713278: workqueue_execute_start: work struct d6b0cc88: function flush_to_ldisc
            bash-1238  [000] d...   292.713281: sched_switch: prev_comm=bash prev_pid=1238 prev_prio=120 prev_state=S ==> next_comm=swapper/0 next_pid=0 next_prio=120
    kworker/u8:1-45    [001] d...   292.713291: sched_wakeup: comm=sshd pid=1208 prio=120 target_cpu=001
    kworker/u8:1-45    [001] ....   292.713294: workqueue_execute_end: work struct d6b0cc88
    kworker/u8:1-45    [001] d...   292.713303: sched_switch: prev_comm=kworker/u8:1 prev_pid=45 prev_prio=120 prev_state=I ==> next_comm=sshd next_pid=1208 next_prio=120
            sshd-1208  [001] d...   292.713460: workqueue_queue_work: work struct=15323760 function=brcmf_sdio_dataworker [brcmfmac] workqueue=6549a096 req_cpu=4 cpu=4294967295
            sshd-1208  [001] d...   292.713462: workqueue_activate_work: work struct 15323760
            sshd-1208  [001] d...   292.713464: insert_work <-__queue_work
            sshd-1208  [001] d...   292.713527: <stack trace>
 => insert_work
 => __queue_work
 => queue_work_on
 => brcmf_sdio_bus_txdata
 => brcmf_proto_bcdc_txdata
 => brcmf_proto_bcdc_tx_queue_data
 => brcmf_netdev_start_xmit
 => dev_hard_start_xmit
 => sch_direct_xmit
 => __qdisc_run
 => __dev_queue_xmit
 => dev_queue_xmit
 => ip_finish_output2
 => ip_finish_output
 => ip_output
 => ip_local_out
 => __ip_queue_xmit
 => ip_queue_xmit
 => __tcp_transmit_skb
 => tcp_write_xmit
 => __tcp_push_pending_frames
 => tcp_push
 => tcp_sendmsg_locked
 => tcp_sendmsg
 => inet_sendmsg
 => sock_sendmsg
 => sock_write_iter
 => __vfs_write
 => vfs_write
 => ksys_write
 => sys_write
 => ret_fast_syscall
 => 0x7ef642c0
            sshd-1208  [001] dn..   292.713537: sched_wakeup: comm=kworker/u8:1 pid=45 prio=120 target_cpu=001
            sshd-1208  [001] dn..   292.713552: timer_cancel: timer=168ec138
            sshd-1208  [001] dn..   292.713554: timer_start: timer=168ec138 function=tcp_write_timer expires=4294966590 [timeout=24] cpu=1 idx=42 flags=
            sshd-1208  [001] d...   292.713571: sched_switch: prev_comm=sshd prev_pid=1208 prev_prio=120 prev_state=R ==> next_comm=kworker/u8:1 next_pid=45 next_prio=120
    kworker/u8:1-45    [001] ....   292.713576: workqueue_execute_start: work struct 15323760: function brcmf_sdio_dataworker [brcmfmac]
    kworker/u8:1-45    [001] d...   292.713600: timer_start: timer=9e1bef99 function=bcm2835_mmc_timeout_timer expires=270 [timeout=1000] cpu=1 idx=133 flags=
    kworker/u8:1-45    [001] d...   292.713621: sched_switch: prev_comm=kworker/u8:1 prev_pid=45 prev_prio=120 prev_state=D ==> next_comm=sshd next_pid=1208 next_prio=120
          <idle>-0     [000] d.h.   292.713622: __handle_irq_event_percpu: [+] irq: [86] handler: bcm2835_mmc_irq+0x0/0x6ec caller: (handle_irq_event_percpu) 
          <idle>-0     [000] d.h.   292.713647: __handle_irq_event_percpu: [+] irq: [86] handler: bcm2835_mmc_irq+0x0/0x6ec caller: (handle_irq_event_percpu) 
          <idle>-0     [000] d.s.   292.713655: timer_cancel: timer=9e1bef99
            sshd-1208  [001] d...   292.713663: sched_switch: prev_comm=sshd prev_pid=1208 prev_prio=120 prev_state=S ==> next_comm=swapper/1 next_pid=0 next_prio=120
          <idle>-0     [001] dnh.   292.713672: sched_wakeup: comm=kworker/u8:1 pid=45 prio=120 target_cpu=001
          <idle>-0     [001] d...   292.713678: sched_switch: prev_comm=swapper/1 prev_pid=0 prev_prio=120 prev_state=R ==> next_comm=kworker/u8:1 next_pid=45 next_prio=120
    kworker/u8:1-45    [001] ....   292.713694: workqueue_execute_end: work struct 15323760
    kworker/u8:1-45    [001] d...   292.713701: sched_switch: prev_comm=kworker/u8:1 prev_pid=45 prev_prio=120 prev_state=I ==> next_comm=swapper/1 next_pid=0 next_prio=120
          <idle>-0     [000] d.h.   292.714196: __handle_irq_event_percpu: [+] irq: [56] handler: dwc_otg_common_irq+0x0/0x28 caller: (handle_irq_event_percpu) 
          <idle>-0     [000] d.h.   292.714203: __handle_irq_event_percpu: [+] irq: [56] handler: dwc_otg_pcd_irq+0x0/0x28 caller: (handle_irq_event_percpu) 
          <idle>-0     [000] d.h.   292.714207: __handle_irq_event_percpu: [+] irq: [56] handler: usb_hcd_irq+0x0/0x48 caller: (handle_irq_event_percpu) 
 systemd-journal-114   [002] dnh.   292.714246: sched_wakeup: comm=rngd pid=576 prio=120 target_cpu=002
 systemd-journal-114   [002] d...   292.714263: sched_switch: prev_comm=systemd-journal prev_pid=114 prev_prio=120 prev_state=R+ ==> next_comm=rngd next_pid=576 next_prio=120
            rngd-576   [002] d...   292.714287: sched_switch: prev_comm=rngd prev_pid=576 prev_prio=120 prev_state=S ==> next_comm=systemd-journal next_pid=114 next_prio=120
          <idle>-0     [000] d.h.   292.714323: __handle_irq_event_percpu: [+] irq: [56] handler: dwc_otg_common_irq+0x0/0x28 caller: (handle_irq_event_percpu) 
          <idle>-0     [000] d.h.   292.714328: __handle_irq_event_percpu: [+] irq: [56] handler: dwc_otg_pcd_irq+0x0/0x28 caller: (handle_irq_event_percpu) 
          <idle>-0     [000] d.h.   292.714331: __handle_irq_event_percpu: [+] irq: [56] handler: usb_hcd_irq+0x0/0x48 caller: (handle_irq_event_percpu) 
 systemd-journal-114   [002] d...   292.714587: sched_switch: prev_comm=systemd-journal prev_pid=114 prev_prio=120 prev_state=S ==> next_comm=swapper/2 next_pid=0 next_prio=120
          <idle>-0     [000] d.h.   292.717571: __handle_irq_event_percpu: [+] irq: [86] handler: bcm2835_mmc_irq+0x0/0x6ec caller: (handle_irq_event_percpu) 
          <idle>-0     [002] dnh.   292.717591: sched_wakeup: comm=irq/86-mmc1 pid=80 prio=49 target_cpu=002
          <idle>-0     [002] d...   292.717602: sched_switch: prev_comm=swapper/2 prev_pid=0 prev_prio=120 prev_state=R ==> next_comm=irq/86-mmc1 next_pid=80 next_prio=49
     irq/86-mmc1-80    [002] d...   292.717674: timer_start: timer=9e1bef99 function=bcm2835_mmc_timeout_timer expires=270 [timeout=1000] cpu=2 idx=133 flags=
          <idle>-0     [000] d.h.   292.717685: __handle_irq_event_percpu: [+] irq: [86] handler: bcm2835_mmc_irq+0x0/0x6ec caller: (handle_irq_event_percpu) 
     irq/86-mmc1-80    [002] d...   292.717690: sched_switch: prev_comm=irq/86-mmc1 prev_pid=80 prev_prio=49 prev_state=D ==> next_comm=swapper/2 next_pid=0 next_prio=120
          <idle>-0     [000] d.s.   292.717693: timer_cancel: timer=9e1bef99
          <idle>-0     [002] dnh.   292.717703: sched_wakeup: comm=irq/86-mmc1 pid=80 prio=49 target_cpu=002
          <idle>-0     [002] d...   292.717710: sched_switch: prev_comm=swapper/2 prev_pid=0 prev_prio=120 prev_state=R ==> next_comm=irq/86-mmc1 next_pid=80 next_prio=49
     irq/86-mmc1-80    [002] d...   292.717720: timer_start: timer=9e1bef99 function=bcm2835_mmc_timeout_timer expires=270 [timeout=1000] cpu=2 idx=133 flags=
          <idle>-0     [000] d.h.   292.717738: __handle_irq_event_percpu: [+] irq: [86] handler: bcm2835_mmc_irq+0x0/0x6ec caller: (handle_irq_event_percpu) 
     irq/86-mmc1-80    [002] d...   292.717739: sched_switch: prev_comm=irq/86-mmc1 prev_pid=80 prev_prio=49 prev_state=D ==> next_comm=swapper/2 next_pid=0 next_prio=120
          <idle>-0     [000] d.s.   292.717748: timer_cancel: timer=9e1bef99
          <idle>-0     [002] dnh.   292.717757: sched_wakeup: comm=irq/86-mmc1 pid=80 prio=49 target_cpu=002
          <idle>-0     [002] d...   292.717764: sched_switch: prev_comm=swapper/2 prev_pid=0 prev_prio=120 prev_state=R ==> next_comm=irq/86-mmc1 next_pid=80 next_prio=49
     irq/86-mmc1-80    [002] d...   292.717771: timer_start: timer=9e1bef99 function=bcm2835_mmc_timeout_timer expires=270 [timeout=1000] cpu=2 idx=133 flags=
          <idle>-0     [000] d.h.   292.717788: __handle_irq_event_percpu: [+] irq: [86] handler: bcm2835_mmc_irq+0x0/0x6ec caller: (handle_irq_event_percpu) 
     irq/86-mmc1-80    [002] d...   292.717789: sched_switch: prev_comm=irq/86-mmc1 prev_pid=80 prev_prio=49 prev_state=D ==> next_comm=swapper/2 next_pid=0 next_prio=120
          <idle>-0     [000] d.h.   292.717797: __handle_irq_event_percpu: [+] irq: [86] handler: bcm2835_mmc_irq+0x0/0x6ec caller: (handle_irq_event_percpu) 
          <idle>-0     [000] d.s.   292.717803: timer_cancel: timer=9e1bef99
          <idle>-0     [002] dnh.   292.717812: sched_wakeup: comm=irq/86-mmc1 pid=80 prio=49 target_cpu=002
          <idle>-0     [002] d...   292.717819: sched_switch: prev_comm=swapper/2 prev_pid=0 prev_prio=120 prev_state=R ==> next_comm=irq/86-mmc1 next_pid=80 next_prio=49
     irq/86-mmc1-80    [002] d...   292.717824: workqueue_queue_work: work struct=15323760 function=brcmf_sdio_dataworker [brcmfmac] workqueue=6549a096 req_cpu=4 cpu=4294967295
     irq/86-mmc1-80    [002] d...   292.717826: workqueue_activate_work: work struct 15323760
     irq/86-mmc1-80    [002] d...   292.717828: insert_work <-__queue_work
     irq/86-mmc1-80    [002] d...   292.717867: <stack trace>
 => insert_work
 => __queue_work
 => queue_work_on
 => brcmf_sdio_isr
 => brcmf_sdiod_ib_irqhandler
 => process_sdio_pending_irqs
 => sdio_run_irqs
 => bcm2835_mmc_thread_irq
 => irq_thread_fn
 => irq_thread
 => kthread
 => ret_from_fork
 => 0
          <idle>-0     [001] dnh.   292.717878: sched_wakeup: comm=kworker/u8:1 pid=45 prio=120 target_cpu=001
     irq/86-mmc1-80    [002] d...   292.717884: sched_switch: prev_comm=irq/86-mmc1 prev_pid=80 prev_prio=49 prev_state=S ==> next_comm=swapper/2 next_pid=0 next_prio=120
          <idle>-0     [001] d...   292.717891: sched_switch: prev_comm=swapper/1 prev_pid=0 prev_prio=120 prev_state=R ==> next_comm=kworker/u8:1 next_pid=45 next_prio=120
    kworker/u8:1-45    [001] ....   292.717895: workqueue_execute_start: work struct 15323760: function brcmf_sdio_dataworker [brcmfmac]
    kworker/u8:1-45    [001] d...   292.717914: timer_start: timer=9e1bef99 function=bcm2835_mmc_timeout_timer expires=270 [timeout=1000] cpu=1 idx=133 flags=
          <idle>-0     [000] d.h.   292.717931: __handle_irq_event_percpu: [+] irq: [86] handler: bcm2835_mmc_irq+0x0/0x6ec caller: (handle_irq_event_percpu) 
    kworker/u8:1-45    [001] d...   292.717932: sched_switch: prev_comm=kworker/u8:1 prev_pid=45 prev_prio=120 prev_state=D ==> next_comm=swapper/1 next_pid=0 next_prio=120
          <idle>-0     [000] d.s.   292.717943: timer_cancel: timer=9e1bef99
          <idle>-0     [001] dnh.   292.717954: sched_wakeup: comm=kworker/u8:1 pid=45 prio=120 target_cpu=001
          <idle>-0     [001] d...   292.717965: sched_switch: prev_comm=swapper/1 prev_pid=0 prev_prio=120 prev_state=R ==> next_comm=kworker/u8:1 next_pid=45 next_prio=120
    kworker/u8:1-45    [001] d...   292.717978: timer_start: timer=9e1bef99 function=bcm2835_mmc_timeout_timer expires=270 [timeout=1000] cpu=1 idx=133 flags=
          <idle>-0     [000] d.h.   292.717995: __handle_irq_event_percpu: [+] irq: [86] handler: bcm2835_mmc_irq+0x0/0x6ec caller: (handle_irq_event_percpu) 
    kworker/u8:1-45    [001] d...   292.717996: sched_switch: prev_comm=kworker/u8:1 prev_pid=45 prev_prio=120 prev_state=D ==> next_comm=swapper/1 next_pid=0 next_prio=120
          <idle>-0     [000] d.s.   292.718006: timer_cancel: timer=9e1bef99
          <idle>-0     [001] dnh.   292.718016: sched_wakeup: comm=kworker/u8:1 pid=45 prio=120 target_cpu=001
          <idle>-0     [001] d...   292.718027: sched_switch: prev_comm=swapper/1 prev_pid=0 prev_prio=120 prev_state=R ==> next_comm=kworker/u8:1 next_pid=45 next_prio=120
    kworker/u8:1-45    [001] d...   292.718106: timer_start: timer=9e1bef99 function=bcm2835_mmc_timeout_timer expires=270 [timeout=1000] cpu=1 idx=133 flags=
          <idle>-0     [000] d.h.   292.718123: __handle_irq_event_percpu: [+] irq: [86] handler: bcm2835_mmc_irq+0x0/0x6ec caller: (handle_irq_event_percpu) 
    kworker/u8:1-45    [001] d...   292.718125: sched_switch: prev_comm=kworker/u8:1 prev_pid=45 prev_prio=120 prev_state=D ==> next_comm=swapper/1 next_pid=0 next_prio=120
          <idle>-0     [000] d.s.   292.718135: timer_cancel: timer=9e1bef99
          <idle>-0     [001] dnh.   292.718145: sched_wakeup: comm=kworker/u8:1 pid=45 prio=120 target_cpu=001
          <idle>-0     [001] d...   292.718157: sched_switch: prev_comm=swapper/1 prev_pid=0 prev_prio=120 prev_state=R ==> next_comm=kworker/u8:1 next_pid=45 next_prio=120
    kworker/u8:1-45    [001] ....   292.718166: workqueue_execute_end: work struct 15323760
    kworker/u8:1-45    [001] d...   292.718173: sched_switch: prev_comm=kworker/u8:1 prev_pid=45 prev_prio=120 prev_state=I ==> next_comm=swapper/1 next_pid=0 next_prio=120
          <idle>-0     [002] dnh.   292.721356: sched_wakeup: comm=in:imklog pid=421 prio=120 target_cpu=002
          <idle>-0     [002] dnh.   292.721365: sched_wakeup: comm=systemd-journal pid=114 prio=120 target_cpu=002
          <idle>-0     [002] dns.   292.721403: sched_wakeup: comm=rcu_sched pid=10 prio=120 target_cpu=002
          <idle>-0     [002] d...   292.721415: sched_switch: prev_comm=swapper/2 prev_pid=0 prev_prio=120 prev_state=R ==> next_comm=in:imklog next_pid=421 next_prio=120
          <idle>-0     [001] dnh.   292.721573: sched_wakeup: comm=rs:main Q:Reg pid=422 prio=120 target_cpu=001
          <idle>-0     [001] d...   292.721586: sched_switch: prev_comm=swapper/1 prev_pid=0 prev_prio=120 prev_state=R ==> next_comm=rs:main Q:Reg next_pid=422 next_prio=120
       in:imklog-421   [002] d...   292.721686: sched_switch: prev_comm=in:imklog prev_pid=421 prev_prio=120 prev_state=S ==> next_comm=rcu_sched next_pid=10 next_prio=120
       rcu_sched-10    [002] ....   292.721699: timer_init: timer=2e94b101
       rcu_sched-10    [002] d...   292.721703: timer_start: timer=2e94b101 function=process_timeout expires=4294966568 [timeout=1] cpu=2 idx=0 flags=
       rcu_sched-10    [002] d...   292.721713: sched_switch: prev_comm=rcu_sched prev_pid=10 prev_prio=120 prev_state=I ==> next_comm=systemd-journal next_pid=114 next_prio=120
   rs:main Q:Reg-422   [001] d...   292.722038: sched_switch: prev_comm=rs:main Q:Reg prev_pid=422 prev_prio=120 prev_state=S ==> next_comm=swapper/1 next_pid=0 next_prio=120
          <idle>-0     [000] d.h.   292.722199: __handle_irq_event_percpu: [+] irq: [56] handler: dwc_otg_common_irq+0x0/0x28 caller: (handle_irq_event_percpu) 
          <idle>-0     [000] d.h.   292.722206: __handle_irq_event_percpu: [+] irq: [56] handler: dwc_otg_pcd_irq+0x0/0x28 caller: (handle_irq_event_percpu) 
          <idle>-0     [000] d.h.   292.722210: __handle_irq_event_percpu: [+] irq: [56] handler: usb_hcd_irq+0x0/0x48 caller: (handle_irq_event_percpu) 
          <idle>-0     [000] d.h.   292.722323: __handle_irq_event_percpu: [+] irq: [56] handler: dwc_otg_common_irq+0x0/0x28 caller: (handle_irq_event_percpu) 
          <idle>-0     [000] d.h.   292.722328: __handle_irq_event_percpu: [+] irq: [56] handler: dwc_otg_pcd_irq+0x0/0x28 caller: (handle_irq_event_percpu) 
          <idle>-0     [000] d.h.   292.722331: __handle_irq_event_percpu: [+] irq: [56] handler: usb_hcd_irq+0x0/0x48 caller: (handle_irq_event_percpu) 
 systemd-journal-114   [002] d...   292.724334: sched_switch: prev_comm=systemd-journal prev_pid=114 prev_prio=120 prev_state=S ==> next_comm=swapper/2 next_pid=0 next_prio=120
          <idle>-0     [000] d.h.   292.730195: __handle_irq_event_percpu: [+] irq: [56] handler: dwc_otg_common_irq+0x0/0x28 caller: (handle_irq_event_percpu) 
          <idle>-0     [000] d.h.   292.730200: __handle_irq_event_percpu: [+] irq: [56] handler: dwc_otg_pcd_irq+0x0/0x28 caller: (handle_irq_event_percpu) 
          <idle>-0     [000] d.h.   292.730203: __handle_irq_event_percpu: [+] irq: [56] handler: usb_hcd_irq+0x0/0x48 caller: (handle_irq_event_percpu) 
          <idle>-0     [000] d.h.   292.730322: __handle_irq_event_percpu: [+] irq: [56] handler: dwc_otg_common_irq+0x0/0x28 caller: (handle_irq_event_percpu) 
          <idle>-0     [000] d.h.   292.730326: __handle_irq_event_percpu: [+] irq: [56] handler: dwc_otg_pcd_irq+0x0/0x28 caller: (handle_irq_event_percpu) 
          <idle>-0     [000] d.h.   292.730329: __handle_irq_event_percpu: [+] irq: [56] handler: usb_hcd_irq+0x0/0x48 caller: (handle_irq_event_percpu) 
          <idle>-0     [001] d.s.   292.731348: timer_cancel: timer=207e6b2c
          <idle>-0     [001] ..s.   292.731351: timer_expire_entry: timer=207e6b2c function=brcmf_sdio_watchdog [brcmfmac] now=4294966568
          <idle>-0     [001] d.s.   292.731362: timer_start: timer=207e6b2c function=brcmf_sdio_watchdog [brcmfmac] expires=4294966569 [timeout=1] cpu=1 idx=40 flags=
          <idle>-0     [001] ..s.   292.731365: timer_expire_exit: timer=207e6b2c
          <idle>-0     [000] dnh.   292.731369: sched_wakeup: comm=brcmf_wdog/mmc1 pid=259 prio=120 target_cpu=000
          <idle>-0     [000] d...   292.731386: sched_switch: prev_comm=swapper/0 prev_pid=0 prev_prio=120 prev_state=R ==> next_comm=brcmf_wdog/mmc1 next_pid=259 next_prio=120
 brcmf_wdog/mmc1-259   [000] d...   292.731402: sched_switch: prev_comm=brcmf_wdog/mmc1 prev_pid=259 prev_prio=120 prev_state=S ==> next_comm=swapper/0 next_pid=0 next_prio=120
          <idle>-0     [000] d.h.   292.738196: __handle_irq_event_percpu: [+] irq: [56] handler: dwc_otg_common_irq+0x0/0x28 caller: (handle_irq_event_percpu) 
          <idle>-0     [000] d.h.   292.738201: __handle_irq_event_percpu: [+] irq: [56] handler: dwc_otg_pcd_irq+0x0/0x28 caller: (handle_irq_event_percpu) 
          <idle>-0     [000] d.h.   292.738205: __handle_irq_event_percpu: [+] irq: [56] handler: usb_hcd_irq+0x0/0x48 caller: (handle_irq_event_percpu) 
          <idle>-0     [000] d.h.   292.738322: __handle_irq_event_percpu: [+] irq: [56] handler: dwc_otg_common_irq+0x0/0x28 caller: (handle_irq_event_percpu) 
          <idle>-0     [000] d.h.   292.738326: __handle_irq_event_percpu: [+] irq: [56] handler: dwc_otg_pcd_irq+0x0/0x28 caller: (handle_irq_event_percpu) 
          <idle>-0     [000] d.h.   292.738330: __handle_irq_event_percpu: [+] irq: [56] handler: usb_hcd_irq+0x0/0x48 caller: (handle_irq_event_percpu) 
          <idle>-0     [002] d.s.   292.741339: timer_cancel: timer=2e94b101
          <idle>-0     [002] ..s.   292.741342: timer_expire_entry: timer=2e94b101 function=process_timeout now=4294966569
          <idle>-0     [002] dns.   292.741350: sched_wakeup: comm=rcu_sched pid=10 prio=120 target_cpu=002
          <idle>-0     [002] .ns.   292.741353: timer_expire_exit: timer=2e94b101
          <idle>-0     [002] d...   292.741376: sched_switch: prev_comm=swapper/2 prev_pid=0 prev_prio=120 prev_state=R ==> next_comm=rcu_sched next_pid=10 next_prio=120
       rcu_sched-10    [002] ....   292.741395: timer_init: timer=2e94b101
       rcu_sched-10    [002] d...   292.741397: timer_start: timer=2e94b101 function=process_timeout expires=4294966570 [timeout=1] cpu=2 idx=0 flags=
       rcu_sched-10    [002] d...   292.741405: sched_switch: prev_comm=rcu_sched prev_pid=10 prev_prio=120 prev_state=I ==> next_comm=swapper/2 next_pid=0 next_prio=120
          <idle>-0     [000] d.h.   292.746195: __handle_irq_event_percpu: [+] irq: [56] handler: dwc_otg_common_irq+0x0/0x28 caller: (handle_irq_event_percpu) 
          <idle>-0     [000] d.h.   292.746202: __handle_irq_event_percpu: [+] irq: [56] handler: dwc_otg_pcd_irq+0x0/0x28 caller: (handle_irq_event_percpu) 
          <idle>-0     [000] d.h.   292.746206: __handle_irq_event_percpu: [+] irq: [56] handler: usb_hcd_irq+0x0/0x48 caller: (handle_irq_event_percpu) 
          <idle>-0     [000] d.h.   292.746321: __handle_irq_event_percpu: [+] irq: [56] handler: dwc_otg_common_irq+0x0/0x28 caller: (handle_irq_event_percpu) 
          <idle>-0     [000] d.h.   292.746326: __handle_irq_event_percpu: [+] irq: [56] handler: dwc_otg_pcd_irq+0x0/0x28 caller: (handle_irq_event_percpu) 
          <idle>-0     [000] d.h.   292.746329: __handle_irq_event_percpu: [+] irq: [56] handler: usb_hcd_irq+0x0/0x48 caller: (handle_irq_event_percpu) 
          <idle>-0     [001] d.s.   292.751339: timer_cancel: timer=207e6b2c
          <idle>-0     [001] ..s.   292.751341: timer_expire_entry: timer=207e6b2c function=brcmf_sdio_watchdog [brcmfmac] now=4294966570
          <idle>-0     [001] d.s.   292.751347: timer_start: timer=207e6b2c function=brcmf_sdio_watchdog [brcmfmac] expires=4294966571 [timeout=1] cpu=1 idx=42 flags=
          <idle>-0     [001] ..s.   292.751349: timer_expire_exit: timer=207e6b2c
          <idle>-0     [000] dnh.   292.751352: sched_wakeup: comm=brcmf_wdog/mmc1 pid=259 prio=120 target_cpu=000
          <idle>-0     [000] d...   292.751364: sched_switch: prev_comm=swapper/0 prev_pid=0 prev_prio=120 prev_state=R ==> next_comm=brcmf_wdog/mmc1 next_pid=259 next_prio=120
 brcmf_wdog/mmc1-259   [000] d...   292.751375: timer_cancel: timer=207e6b2c
 brcmf_wdog/mmc1-259   [000] d...   292.751383: timer_start: timer=9e1bef99 function=bcm2835_mmc_timeout_timer expires=274 [timeout=1000] cpu=0 idx=133 flags=
 brcmf_wdog/mmc1-259   [000] d.h.   292.751396: __handle_irq_event_percpu: [+] irq: [86] handler: bcm2835_mmc_irq+0x0/0x6ec caller: (handle_irq_event_percpu) 
 brcmf_wdog/mmc1-259   [000] d.s.   292.751404: timer_cancel: timer=9e1bef99
 brcmf_wdog/mmc1-259   [000] d.s.   292.751410: sched_wakeup: comm=brcmf_wdog/mmc1 pid=259 prio=120 target_cpu=000
 brcmf_wdog/mmc1-259   [000] d...   292.751423: timer_start: timer=9e1bef99 function=bcm2835_mmc_timeout_timer expires=274 [timeout=1000] cpu=0 idx=133 flags=
 brcmf_wdog/mmc1-259   [000] d.h.   292.751433: __handle_irq_event_percpu: [+] irq: [86] handler: bcm2835_mmc_irq+0x0/0x6ec caller: (handle_irq_event_percpu) 
 brcmf_wdog/mmc1-259   [000] d.s.   292.751440: timer_cancel: timer=9e1bef99
 brcmf_wdog/mmc1-259   [000] d.s.   292.751444: sched_wakeup: comm=brcmf_wdog/mmc1 pid=259 prio=120 target_cpu=000
 brcmf_wdog/mmc1-259   [000] d...   292.751453: timer_start: timer=9e1bef99 function=bcm2835_mmc_timeout_timer expires=274 [timeout=1000] cpu=0 idx=133 flags=
 brcmf_wdog/mmc1-259   [000] d.h.   292.751462: __handle_irq_event_percpu: [+] irq: [86] handler: bcm2835_mmc_irq+0x0/0x6ec caller: (handle_irq_event_percpu) 
 brcmf_wdog/mmc1-259   [000] d.s.   292.751470: timer_cancel: timer=9e1bef99
 brcmf_wdog/mmc1-259   [000] d.s.   292.751474: sched_wakeup: comm=brcmf_wdog/mmc1 pid=259 prio=120 target_cpu=000
 brcmf_wdog/mmc1-259   [000] d...   292.751489: sched_switch: prev_comm=brcmf_wdog/mmc1 prev_pid=259 prev_prio=120 prev_state=S ==> next_comm=swapper/0 next_pid=0 next_prio=120
          <idle>-0     [000] d.h.   292.754196: __handle_irq_event_percpu: [+] irq: [56] handler: dwc_otg_common_irq+0x0/0x28 caller: (handle_irq_event_percpu) 
          <idle>-0     [000] d.h.   292.754200: __handle_irq_event_percpu: [+] irq: [56] handler: dwc_otg_pcd_irq+0x0/0x28 caller: (handle_irq_event_percpu) 
          <idle>-0     [000] d.h.   292.754203: __handle_irq_event_percpu: [+] irq: [56] handler: usb_hcd_irq+0x0/0x48 caller: (handle_irq_event_percpu) 
          <idle>-0     [000] d.h.   292.754322: __handle_irq_event_percpu: [+] irq: [56] handler: dwc_otg_common_irq+0x0/0x28 caller: (handle_irq_event_percpu) 
          <idle>-0     [000] d.h.   292.754326: __handle_irq_event_percpu: [+] irq: [56] handler: dwc_otg_pcd_irq+0x0/0x28 caller: (handle_irq_event_percpu) 
          <idle>-0     [000] d.h.   292.754329: __handle_irq_event_percpu: [+] irq: [56] handler: usb_hcd_irq+0x0/0x48 caller: (handle_irq_event_percpu) 
          <idle>-0     [002] d.s.   292.761336: timer_cancel: timer=2e94b101
          <idle>-0     [001] d.s.   292.761338: timer_cancel: timer=ff4b7ab5
          <idle>-0     [002] ..s.   292.761339: timer_expire_entry: timer=2e94b101 function=process_timeout now=4294966571
          <idle>-0     [001] ..s.   292.761340: timer_expire_entry: timer=ff4b7ab5 function=tcp_delack_timer now=4294966571
          <idle>-0     [001] ..s.   292.761344: timer_expire_exit: timer=ff4b7ab5
